Lagrange multipliers initialized from zero
Optimizing 107 data and 16080 samples. Theta=0.200000 
CHI2 before optimization:   2.9027 
Execution time: 0.70 seconds
Minimization using L-BFGS-B successful (iterations:58)
CHI2 after optimization:   0.0586 
Fraction of effective frames:   0.0018 
Warm start
Optimizing 107 data and 16080 samples. Theta=0.297470 
CHI2 before optimization:   2.9027 
Execution time: 0.55 seconds
Minimization using L-BFGS-B successful (iterations:38)
CHI2 after optimization:   0.0601 
Fraction of effective frames:   0.0025 
Warm start
Optimizing 107 data and 16080 samples. Theta=0.442443 
CHI2 before optimization:   2.9027 
Execution time: 0.41 seconds
Minimization using L-BFGS-B successful (iterations:33)
CHI2 after optimization:   0.0628 
Fraction of effective frames:   0.0037 
Warm start
Optimizing 107 data and 16080 samples. Theta=0.658069 
CHI2 before optimization:   2.9027 
Execution time: 0.36 seconds
Minimization using L-BFGS-B successful (iterations:26)
CHI2 after optimization:   0.0670 
Fraction of effective frames:   0.0056 
Warm start
Optimizing 107 data and 16080 samples. Theta=0.978780 
CHI2 before optimization:   2.9027 
Execution time: 0.27 seconds
Minimization using L-BFGS-B successful (iterations:19)
CHI2 after optimization:   0.0728 
Fraction of effective frames:   0.0082 
Warm start
Optimizing 107 data and 16080 samples. Theta=1.455791 
CHI2 before optimization:   2.9027 
Execution time: 0.25 seconds
Minimization using L-BFGS-B successful (iterations:15)
CHI2 after optimization:   0.0809 
Fraction of effective frames:   0.0118 
Warm start
Optimizing 107 data and 16080 samples. Theta=2.165273 
CHI2 before optimization:   2.9027 
Execution time: 0.20 seconds
Minimization using L-BFGS-B successful (iterations:14)
CHI2 after optimization:   0.0924 
Fraction of effective frames:   0.0167 
Warm start
Optimizing 107 data and 16080 samples. Theta=3.220524 
CHI2 before optimization:   2.9027 
Execution time: 0.20 seconds
Minimization using L-BFGS-B successful (iterations:14)
CHI2 after optimization:   0.1095 
Fraction of effective frames:   0.0236 
Warm start
Optimizing 107 data and 16080 samples. Theta=4.790053 
CHI2 before optimization:   2.9027 
Execution time: 0.17 seconds
Minimization using L-BFGS-B successful (iterations:13)
CHI2 after optimization:   0.1357 
Fraction of effective frames:   0.0336 
Warm start
Optimizing 107 data and 16080 samples. Theta=7.124496 
CHI2 before optimization:   2.9027 
Execution time: 0.17 seconds
Minimization using L-BFGS-B successful (iterations:12)
CHI2 after optimization:   0.1786 
Fraction of effective frames:   0.0496 
Warm start
Optimizing 107 data and 16080 samples. Theta=10.596634 
CHI2 before optimization:   2.9027 
Execution time: 0.13 seconds
Minimization using L-BFGS-B successful (iterations:11)
CHI2 after optimization:   0.2499 
Fraction of effective frames:   0.0766 
Warm start
Optimizing 107 data and 16080 samples. Theta=15.760926 
CHI2 before optimization:   2.9027 
Execution time: 0.18 seconds
Minimization using L-BFGS-B successful (iterations:13)
CHI2 after optimization:   0.3645 
Fraction of effective frames:   0.1226 
Warm start
Optimizing 107 data and 16080 samples. Theta=23.442046 
CHI2 before optimization:   2.9027 
Execution time: 0.20 seconds
Minimization using L-BFGS-B successful (iterations:14)
CHI2 after optimization:   0.5351 
Fraction of effective frames:   0.1966 
Warm start
Optimizing 107 data and 16080 samples. Theta=34.866576 
CHI2 before optimization:   2.9027 
Execution time: 0.21 seconds
Minimization using L-BFGS-B successful (iterations:15)
CHI2 after optimization:   0.7733 
Fraction of effective frames:   0.3065 
Warm start
Optimizing 107 data and 16080 samples. Theta=51.858876 
CHI2 before optimization:   2.9027 
Execution time: 0.23 seconds
Minimization using L-BFGS-B successful (iterations:16)
CHI2 after optimization:   1.0924 
Fraction of effective frames:   0.4576 
Warm start
Optimizing 107 data and 16080 samples. Theta=77.132408 
CHI2 before optimization:   2.9027 
Execution time: 0.20 seconds
Minimization using L-BFGS-B successful (iterations:15)
CHI2 after optimization:   1.4748 
Fraction of effective frames:   0.6331 
Warm start
Optimizing 107 data and 16080 samples. Theta=114.723050 
CHI2 before optimization:   2.9027 
Execution time: 0.23 seconds
Minimization using L-BFGS-B successful (iterations:16)
CHI2 after optimization:   1.8559 
Fraction of effective frames:   0.7881 
Warm start
Optimizing 107 data and 16080 samples. Theta=170.633570 
CHI2 before optimization:   2.9027 
Execution time: 0.25 seconds
Minimization using L-BFGS-B successful (iterations:18)
CHI2 after optimization:   2.1762 
Fraction of effective frames:   0.8924 
Warm start
Optimizing 107 data and 16080 samples. Theta=253.792201 
CHI2 before optimization:   2.9027 
Execution time: 0.25 seconds
Minimization using L-BFGS-B successful (iterations:17)
CHI2 after optimization:   2.4129 
Fraction of effective frames:   0.9493 
Warm start
Optimizing 107 data and 16080 samples. Theta=377.478364 
CHI2 before optimization:   2.9027 
Execution time: 0.27 seconds
Minimization using L-BFGS-B successful (iterations:19)
CHI2 after optimization:   2.5758 
Fraction of effective frames:   0.9769 
Warm start
Optimizing 107 data and 16080 samples. Theta=561.443241 
CHI2 before optimization:   2.9027 
Execution time: 0.25 seconds
Minimization using L-BFGS-B successful (iterations:18)
CHI2 after optimization:   2.6851 
Fraction of effective frames:   0.9896 
Warm start
Optimizing 107 data and 16080 samples. Theta=835.063787 
CHI2 before optimization:   2.9027 
Execution time: 0.22 seconds
Minimization using L-BFGS-B successful (iterations:16)
CHI2 after optimization:   2.7576 
Fraction of effective frames:   0.9953 
Warm start
Optimizing 107 data and 16080 samples. Theta=1242.033884 
CHI2 before optimization:   2.9027 
Execution time: 0.23 seconds
Minimization using L-BFGS-B successful (iterations:15)
CHI2 after optimization:   2.8058 
Fraction of effective frames:   0.9979 
Warm start
Optimizing 107 data and 16080 samples. Theta=1847.341714 
CHI2 before optimization:   2.9027 
Execution time: 0.21 seconds
Minimization using L-BFGS-B successful (iterations:14)
CHI2 after optimization:   2.8378 
Fraction of effective frames:   0.9991 
Warm start
Optimizing 107 data and 16080 samples. Theta=2747.647592 
CHI2 before optimization:   2.9027 
Execution time: 0.21 seconds
Minimization using L-BFGS-B successful (iterations:13)
CHI2 after optimization:   2.8592 
Fraction of effective frames:   0.9996 
Warm start
Optimizing 107 data and 16080 samples. Theta=4086.719436 
CHI2 before optimization:   2.9027 
Execution time: 0.22 seconds
Minimization using L-BFGS-B successful (iterations:13)
CHI2 after optimization:   2.8735 
Fraction of effective frames:   0.9998 
Warm start
Optimizing 107 data and 16080 samples. Theta=6078.390765 
CHI2 before optimization:   2.9027 
Execution time: 0.22 seconds
Minimization using L-BFGS-B successful (iterations:11)
CHI2 after optimization:   2.8831 
Fraction of effective frames:   0.9999 
Warm start
Optimizing 107 data and 16080 samples. Theta=9040.707313 
CHI2 before optimization:   2.9027 
Execution time: 0.17 seconds
Minimization using L-BFGS-B successful (iterations:9)
CHI2 after optimization:   2.8894 
Fraction of effective frames:   1.0000 
Warm start
Optimizing 107 data and 16080 samples. Theta=13446.715073 
CHI2 before optimization:   2.9027 
Execution time: 0.15 seconds
Minimization using L-BFGS-B successful (iterations:9)
CHI2 after optimization:   2.8937 
Fraction of effective frames:   1.0000 
Warm start
Optimizing 107 data and 16080 samples. Theta=20000.000000 
CHI2 before optimization:   2.9027 
Execution time: 0.10 seconds
Minimization using L-BFGS-B successful (iterations:6)
CHI2 after optimization:   2.8963 
Fraction of effective frames:   1.0000 
