Lagrange multipliers initialized from zero
Optimizing 107 data and 16080 samples. Theta=0.200000 
CHI2 before optimization:   2.0580 
Execution time: 0.50 seconds
Minimization using L-BFGS-B successful (iterations:41)
CHI2 after optimization:   0.0471 
Fraction of effective frames:   0.0053 
Warm start
Optimizing 107 data and 16080 samples. Theta=0.297470 
CHI2 before optimization:   2.0580 
Execution time: 0.36 seconds
Minimization using L-BFGS-B successful (iterations:26)
CHI2 after optimization:   0.0495 
Fraction of effective frames:   0.0090 
Warm start
Optimizing 107 data and 16080 samples. Theta=0.442443 
CHI2 before optimization:   2.0580 
Execution time: 0.43 seconds
Minimization using L-BFGS-B successful (iterations:24)
CHI2 after optimization:   0.0530 
Fraction of effective frames:   0.0150 
Warm start
Optimizing 107 data and 16080 samples. Theta=0.658069 
CHI2 before optimization:   2.0580 
Execution time: 0.29 seconds
Minimization using L-BFGS-B successful (iterations:20)
CHI2 after optimization:   0.0573 
Fraction of effective frames:   0.0230 
Warm start
Optimizing 107 data and 16080 samples. Theta=0.978780 
CHI2 before optimization:   2.0580 
Execution time: 0.21 seconds
Minimization using L-BFGS-B successful (iterations:16)
CHI2 after optimization:   0.0623 
Fraction of effective frames:   0.0322 
Warm start
Optimizing 107 data and 16080 samples. Theta=1.455791 
CHI2 before optimization:   2.0580 
Execution time: 0.23 seconds
Minimization using L-BFGS-B successful (iterations:14)
CHI2 after optimization:   0.0681 
Fraction of effective frames:   0.0418 
Warm start
Optimizing 107 data and 16080 samples. Theta=2.165273 
CHI2 before optimization:   2.0580 
Execution time: 0.21 seconds
Minimization using L-BFGS-B successful (iterations:13)
CHI2 after optimization:   0.0754 
Fraction of effective frames:   0.0521 
Warm start
Optimizing 107 data and 16080 samples. Theta=3.220524 
CHI2 before optimization:   2.0580 
Execution time: 0.18 seconds
Minimization using L-BFGS-B successful (iterations:12)
CHI2 after optimization:   0.0864 
Fraction of effective frames:   0.0649 
Warm start
Optimizing 107 data and 16080 samples. Theta=4.790053 
CHI2 before optimization:   2.0580 
Execution time: 0.13 seconds
Minimization using L-BFGS-B successful (iterations:9)
CHI2 after optimization:   0.1046 
Fraction of effective frames:   0.0829 
Warm start
Optimizing 107 data and 16080 samples. Theta=7.124496 
CHI2 before optimization:   2.0580 
Execution time: 0.13 seconds
Minimization using L-BFGS-B successful (iterations:9)
CHI2 after optimization:   0.1359 
Fraction of effective frames:   0.1100 
Warm start
Optimizing 107 data and 16080 samples. Theta=10.596634 
CHI2 before optimization:   2.0580 
Execution time: 0.16 seconds
Minimization using L-BFGS-B successful (iterations:10)
CHI2 after optimization:   0.1905 
Fraction of effective frames:   0.1535 
Warm start
Optimizing 107 data and 16080 samples. Theta=15.760926 
CHI2 before optimization:   2.0580 
Execution time: 0.15 seconds
Minimization using L-BFGS-B successful (iterations:11)
CHI2 after optimization:   0.2807 
Fraction of effective frames:   0.2222 
Warm start
Optimizing 107 data and 16080 samples. Theta=23.442046 
CHI2 before optimization:   2.0580 
Execution time: 0.18 seconds
Minimization using L-BFGS-B successful (iterations:12)
CHI2 after optimization:   0.4155 
Fraction of effective frames:   0.3228 
Warm start
Optimizing 107 data and 16080 samples. Theta=34.866576 
CHI2 before optimization:   2.0580 
Execution time: 0.17 seconds
Minimization using L-BFGS-B successful (iterations:13)
CHI2 after optimization:   0.5935 
Fraction of effective frames:   0.4500 
Warm start
Optimizing 107 data and 16080 samples. Theta=51.858876 
CHI2 before optimization:   2.0580 
Execution time: 0.18 seconds
Minimization using L-BFGS-B successful (iterations:13)
CHI2 after optimization:   0.8104 
Fraction of effective frames:   0.5913 
Warm start
Optimizing 107 data and 16080 samples. Theta=77.132408 
CHI2 before optimization:   2.0580 
Execution time: 0.19 seconds
Minimization using L-BFGS-B successful (iterations:13)
CHI2 after optimization:   1.0598 
Fraction of effective frames:   0.7307 
Warm start
Optimizing 107 data and 16080 samples. Theta=114.723050 
CHI2 before optimization:   2.0580 
Execution time: 0.23 seconds
Minimization using L-BFGS-B successful (iterations:15)
CHI2 after optimization:   1.3137 
Fraction of effective frames:   0.8452 
Warm start
Optimizing 107 data and 16080 samples. Theta=170.633570 
CHI2 before optimization:   2.0580 
Execution time: 0.22 seconds
Minimization using L-BFGS-B successful (iterations:16)
CHI2 after optimization:   1.5365 
Fraction of effective frames:   0.9215 
Warm start
Optimizing 107 data and 16080 samples. Theta=253.792201 
CHI2 before optimization:   2.0580 
Execution time: 0.23 seconds
Minimization using L-BFGS-B successful (iterations:16)
CHI2 after optimization:   1.7053 
Fraction of effective frames:   0.9631 
Warm start
Optimizing 107 data and 16080 samples. Theta=377.478364 
CHI2 before optimization:   2.0580 
Execution time: 0.24 seconds
Minimization using L-BFGS-B successful (iterations:16)
CHI2 after optimization:   1.8229 
Fraction of effective frames:   0.9833 
Warm start
Optimizing 107 data and 16080 samples. Theta=561.443241 
CHI2 before optimization:   2.0580 
Execution time: 0.24 seconds
Minimization using L-BFGS-B successful (iterations:16)
CHI2 after optimization:   1.9017 
Fraction of effective frames:   0.9925 
Warm start
Optimizing 107 data and 16080 samples. Theta=835.063787 
CHI2 before optimization:   2.0580 
Execution time: 0.20 seconds
Minimization using L-BFGS-B successful (iterations:15)
CHI2 after optimization:   1.9539 
Fraction of effective frames:   0.9966 
Warm start
Optimizing 107 data and 16080 samples. Theta=1242.033884 
CHI2 before optimization:   2.0580 
Execution time: 0.22 seconds
Minimization using L-BFGS-B successful (iterations:15)
CHI2 after optimization:   1.9885 
Fraction of effective frames:   0.9985 
Warm start
Optimizing 107 data and 16080 samples. Theta=1847.341714 
CHI2 before optimization:   2.0580 
Execution time: 0.20 seconds
Minimization using L-BFGS-B successful (iterations:14)
CHI2 after optimization:   2.0115 
Fraction of effective frames:   0.9993 
Warm start
Optimizing 107 data and 16080 samples. Theta=2747.647592 
CHI2 before optimization:   2.0580 
Execution time: 0.18 seconds
Minimization using L-BFGS-B successful (iterations:13)
CHI2 after optimization:   2.0269 
Fraction of effective frames:   0.9997 
Warm start
Optimizing 107 data and 16080 samples. Theta=4086.719436 
CHI2 before optimization:   2.0580 
Execution time: 0.15 seconds
Minimization using L-BFGS-B successful (iterations:11)
CHI2 after optimization:   2.0372 
Fraction of effective frames:   0.9999 
Warm start
Optimizing 107 data and 16080 samples. Theta=6078.390765 
CHI2 before optimization:   2.0580 
Execution time: 0.14 seconds
Minimization using L-BFGS-B successful (iterations:10)
CHI2 after optimization:   2.0439 
Fraction of effective frames:   0.9999 
Warm start
Optimizing 107 data and 16080 samples. Theta=9040.707313 
CHI2 before optimization:   2.0580 
Execution time: 0.12 seconds
Minimization using L-BFGS-B successful (iterations:9)
CHI2 after optimization:   2.0484 
Fraction of effective frames:   1.0000 
Warm start
Optimizing 107 data and 16080 samples. Theta=13446.715073 
CHI2 before optimization:   2.0580 
Execution time: 0.12 seconds
Minimization using L-BFGS-B successful (iterations:7)
CHI2 after optimization:   2.0515 
Fraction of effective frames:   1.0000 
Warm start
Optimizing 107 data and 16080 samples. Theta=20000.000000 
CHI2 before optimization:   2.0580 
Execution time: 0.12 seconds
Minimization using L-BFGS-B successful (iterations:7)
CHI2 after optimization:   2.0536 
Fraction of effective frames:   1.0000 
