Lagrange multipliers initialized from zero
Optimizing 63 data and 16080 samples. Theta=0.200000 
CHI2 before optimization:  25.2527 
Execution time: 2.22 seconds
Minimization using L-BFGS-B successful (iterations:232)
CHI2 after optimization:   4.6792 
Fraction of effective frames:   0.0007 
Warm start
Optimizing 63 data and 16080 samples. Theta=0.297470 
CHI2 before optimization:  25.2527 
Execution time: 1.25 seconds
Minimization using L-BFGS-B successful (iterations:147)
CHI2 after optimization:   4.6795 
Fraction of effective frames:   0.0007 
Warm start
Optimizing 63 data and 16080 samples. Theta=0.442443 
CHI2 before optimization:  25.2527 
Execution time: 1.10 seconds
Minimization using L-BFGS-B successful (iterations:136)
CHI2 after optimization:   4.6797 
Fraction of effective frames:   0.0008 
Warm start
Optimizing 63 data and 16080 samples. Theta=0.658069 
CHI2 before optimization:  25.2527 
Execution time: 0.96 seconds
Minimization using L-BFGS-B successful (iterations:117)
CHI2 after optimization:   4.6803 
Fraction of effective frames:   0.0008 
Warm start
Optimizing 63 data and 16080 samples. Theta=0.978780 
CHI2 before optimization:  25.2527 
Execution time: 0.79 seconds
Minimization using L-BFGS-B successful (iterations:94)
CHI2 after optimization:   4.6814 
Fraction of effective frames:   0.0008 
Warm start
Optimizing 63 data and 16080 samples. Theta=1.455791 
CHI2 before optimization:  25.2527 
Execution time: 0.60 seconds
Minimization using L-BFGS-B successful (iterations:75)
CHI2 after optimization:   4.6838 
Fraction of effective frames:   0.0009 
Warm start
Optimizing 63 data and 16080 samples. Theta=2.165273 
CHI2 before optimization:  25.2527 
Execution time: 0.45 seconds
Minimization using L-BFGS-B successful (iterations:61)
CHI2 after optimization:   4.6890 
Fraction of effective frames:   0.0009 
Warm start
Optimizing 63 data and 16080 samples. Theta=3.220524 
CHI2 before optimization:  25.2527 
Execution time: 0.37 seconds
Minimization using L-BFGS-B successful (iterations:49)
CHI2 after optimization:   4.7001 
Fraction of effective frames:   0.0011 
Warm start
Optimizing 63 data and 16080 samples. Theta=4.790053 
CHI2 before optimization:  25.2527 
Execution time: 0.29 seconds
Minimization using L-BFGS-B successful (iterations:38)
CHI2 after optimization:   4.7245 
Fraction of effective frames:   0.0013 
Warm start
Optimizing 63 data and 16080 samples. Theta=7.124496 
CHI2 before optimization:  25.2527 
Execution time: 0.25 seconds
Minimization using L-BFGS-B successful (iterations:31)
CHI2 after optimization:   4.7782 
Fraction of effective frames:   0.0017 
Warm start
Optimizing 63 data and 16080 samples. Theta=10.596634 
CHI2 before optimization:  25.2527 
Execution time: 0.22 seconds
Minimization using L-BFGS-B successful (iterations:27)
CHI2 after optimization:   4.9048 
Fraction of effective frames:   0.0027 
Warm start
Optimizing 63 data and 16080 samples. Theta=15.760926 
CHI2 before optimization:  25.2527 
Execution time: 0.18 seconds
Minimization using L-BFGS-B successful (iterations:20)
CHI2 after optimization:   5.2322 
Fraction of effective frames:   0.0059 
Warm start
Optimizing 63 data and 16080 samples. Theta=23.442046 
CHI2 before optimization:  25.2527 
Execution time: 0.14 seconds
Minimization using L-BFGS-B successful (iterations:16)
CHI2 after optimization:   5.8793 
Fraction of effective frames:   0.0170 
Warm start
Optimizing 63 data and 16080 samples. Theta=34.866576 
CHI2 before optimization:  25.2527 
Execution time: 0.13 seconds
Minimization using L-BFGS-B successful (iterations:15)
CHI2 after optimization:   6.7649 
Fraction of effective frames:   0.0450 
Warm start
Optimizing 63 data and 16080 samples. Theta=51.858876 
CHI2 before optimization:  25.2527 
Execution time: 0.10 seconds
Minimization using L-BFGS-B successful (iterations:13)
CHI2 after optimization:   7.8156 
Fraction of effective frames:   0.0981 
Warm start
Optimizing 63 data and 16080 samples. Theta=77.132408 
CHI2 before optimization:  25.2527 
Execution time: 0.11 seconds
Minimization using L-BFGS-B successful (iterations:13)
CHI2 after optimization:   9.0373 
Fraction of effective frames:   0.1804 
Warm start
Optimizing 63 data and 16080 samples. Theta=114.723050 
CHI2 before optimization:  25.2527 
Execution time: 0.10 seconds
Minimization using L-BFGS-B successful (iterations:12)
CHI2 after optimization:  10.4592 
Fraction of effective frames:   0.2906 
Warm start
Optimizing 63 data and 16080 samples. Theta=170.633570 
CHI2 before optimization:  25.2527 
Execution time: 0.10 seconds
Minimization using L-BFGS-B successful (iterations:12)
CHI2 after optimization:  12.0903 
Fraction of effective frames:   0.4199 
Warm start
Optimizing 63 data and 16080 samples. Theta=253.792201 
CHI2 before optimization:  25.2527 
Execution time: 0.10 seconds
Minimization using L-BFGS-B successful (iterations:11)
CHI2 after optimization:  13.9610 
Fraction of effective frames:   0.5576 
Warm start
Optimizing 63 data and 16080 samples. Theta=377.478364 
CHI2 before optimization:  25.2527 
Execution time: 0.10 seconds
Minimization using L-BFGS-B successful (iterations:12)
CHI2 after optimization:  16.1502 
Fraction of effective frames:   0.6969 
Warm start
Optimizing 63 data and 16080 samples. Theta=561.443241 
CHI2 before optimization:  25.2527 
Execution time: 0.10 seconds
Minimization using L-BFGS-B successful (iterations:12)
CHI2 after optimization:  18.5666 
Fraction of effective frames:   0.8230 
Warm start
Optimizing 63 data and 16080 samples. Theta=835.063787 
CHI2 before optimization:  25.2527 
Execution time: 0.11 seconds
Minimization using L-BFGS-B successful (iterations:12)
CHI2 after optimization:  20.8056 
Fraction of effective frames:   0.9135 
Warm start
Optimizing 63 data and 16080 samples. Theta=1242.033884 
CHI2 before optimization:  25.2527 
Execution time: 0.10 seconds
Minimization using L-BFGS-B successful (iterations:12)
CHI2 after optimization:  22.4634 
Fraction of effective frames:   0.9625 
Warm start
Optimizing 63 data and 16080 samples. Theta=1847.341714 
CHI2 before optimization:  25.2527 
Execution time: 0.10 seconds
Minimization using L-BFGS-B successful (iterations:12)
CHI2 after optimization:  23.5197 
Fraction of effective frames:   0.9844 
Warm start
Optimizing 63 data and 16080 samples. Theta=2747.647592 
CHI2 before optimization:  25.2527 
Execution time: 0.10 seconds
Minimization using L-BFGS-B successful (iterations:11)
CHI2 after optimization:  24.1612 
Fraction of effective frames:   0.9935 
Warm start
Optimizing 63 data and 16080 samples. Theta=4086.719436 
CHI2 before optimization:  25.2527 
Execution time: 0.08 seconds
Minimization using L-BFGS-B successful (iterations:10)
CHI2 after optimization:  24.5527 
Fraction of effective frames:   0.9972 
Warm start
Optimizing 63 data and 16080 samples. Theta=6078.390765 
CHI2 before optimization:  25.2527 
Execution time: 0.09 seconds
Minimization using L-BFGS-B successful (iterations:10)
CHI2 after optimization:  24.7958 
Fraction of effective frames:   0.9988 
Warm start
Optimizing 63 data and 16080 samples. Theta=9040.707313 
CHI2 before optimization:  25.2527 
Execution time: 0.08 seconds
Minimization using L-BFGS-B successful (iterations:10)
CHI2 after optimization:  24.9533 
Fraction of effective frames:   0.9995 
Warm start
Optimizing 63 data and 16080 samples. Theta=13446.715073 
CHI2 before optimization:  25.2527 
Execution time: 0.08 seconds
Minimization using L-BFGS-B successful (iterations:10)
CHI2 after optimization:  25.0545 
Fraction of effective frames:   0.9998 
Warm start
Optimizing 63 data and 16080 samples. Theta=20000.000000 
CHI2 before optimization:  25.2527 
Execution time: 0.07 seconds
Minimization using L-BFGS-B successful (iterations:8)
CHI2 after optimization:  25.1183 
Fraction of effective frames:   0.9999 
