Lagrange multipliers initialized from zero
Optimizing 128 data and 16080 samples. Theta=0.200000 
CHI2 before optimization:   2.9153 
Execution time: 1.25 seconds
Minimization using L-BFGS-B successful (iterations:81)
CHI2 after optimization:   0.3423 
Fraction of effective frames:   0.0009 
Warm start
Optimizing 128 data and 16080 samples. Theta=0.297470 
CHI2 before optimization:   2.9153 
Execution time: 0.93 seconds
Minimization using L-BFGS-B successful (iterations:64)
CHI2 after optimization:   0.3425 
Fraction of effective frames:   0.0009 
Warm start
Optimizing 128 data and 16080 samples. Theta=0.442443 
CHI2 before optimization:   2.9153 
Execution time: 0.67 seconds
Minimization using L-BFGS-B successful (iterations:46)
CHI2 after optimization:   0.3430 
Fraction of effective frames:   0.0010 
Warm start
Optimizing 128 data and 16080 samples. Theta=0.658069 
CHI2 before optimization:   2.9153 
Execution time: 0.52 seconds
Minimization using L-BFGS-B successful (iterations:38)
CHI2 after optimization:   0.3442 
Fraction of effective frames:   0.0011 
Warm start
Optimizing 128 data and 16080 samples. Theta=0.978780 
CHI2 before optimization:   2.9153 
Execution time: 0.45 seconds
Minimization using L-BFGS-B successful (iterations:31)
CHI2 after optimization:   0.3469 
Fraction of effective frames:   0.0014 
Warm start
Optimizing 128 data and 16080 samples. Theta=1.455791 
CHI2 before optimization:   2.9153 
Execution time: 0.40 seconds
Minimization using L-BFGS-B successful (iterations:27)
CHI2 after optimization:   0.3531 
Fraction of effective frames:   0.0019 
Warm start
Optimizing 128 data and 16080 samples. Theta=2.165273 
CHI2 before optimization:   2.9153 
Execution time: 0.38 seconds
Minimization using L-BFGS-B successful (iterations:24)
CHI2 after optimization:   0.3670 
Fraction of effective frames:   0.0032 
Warm start
Optimizing 128 data and 16080 samples. Theta=3.220524 
CHI2 before optimization:   2.9153 
Execution time: 0.30 seconds
Minimization using L-BFGS-B successful (iterations:20)
CHI2 after optimization:   0.3966 
Fraction of effective frames:   0.0064 
Warm start
Optimizing 128 data and 16080 samples. Theta=4.790053 
CHI2 before optimization:   2.9153 
Execution time: 0.23 seconds
Minimization using L-BFGS-B successful (iterations:15)
CHI2 after optimization:   0.4492 
Fraction of effective frames:   0.0150 
Warm start
Optimizing 128 data and 16080 samples. Theta=7.124496 
CHI2 before optimization:   2.9153 
Execution time: 0.24 seconds
Minimization using L-BFGS-B successful (iterations:15)
CHI2 after optimization:   0.5243 
Fraction of effective frames:   0.0340 
Warm start
Optimizing 128 data and 16080 samples. Theta=10.596634 
CHI2 before optimization:   2.9153 
Execution time: 0.20 seconds
Minimization using L-BFGS-B successful (iterations:13)
CHI2 after optimization:   0.6195 
Fraction of effective frames:   0.0684 
Warm start
Optimizing 128 data and 16080 samples. Theta=15.760926 
CHI2 before optimization:   2.9153 
Execution time: 0.25 seconds
Minimization using L-BFGS-B successful (iterations:14)
CHI2 after optimization:   0.7376 
Fraction of effective frames:   0.1228 
Warm start
Optimizing 128 data and 16080 samples. Theta=23.442046 
CHI2 before optimization:   2.9153 
Execution time: 0.25 seconds
Minimization using L-BFGS-B successful (iterations:15)
CHI2 after optimization:   0.8854 
Fraction of effective frames:   0.2008 
Warm start
Optimizing 128 data and 16080 samples. Theta=34.866576 
CHI2 before optimization:   2.9153 
Execution time: 0.25 seconds
Minimization using L-BFGS-B successful (iterations:15)
CHI2 after optimization:   1.0753 
Fraction of effective frames:   0.3068 
Warm start
Optimizing 128 data and 16080 samples. Theta=51.858876 
CHI2 before optimization:   2.9153 
Execution time: 0.28 seconds
Minimization using L-BFGS-B successful (iterations:16)
CHI2 after optimization:   1.3220 
Fraction of effective frames:   0.4444 
Warm start
Optimizing 128 data and 16080 samples. Theta=77.132408 
CHI2 before optimization:   2.9153 
Execution time: 0.30 seconds
Minimization using L-BFGS-B successful (iterations:17)
CHI2 after optimization:   1.6302 
Fraction of effective frames:   0.6072 
Warm start
Optimizing 128 data and 16080 samples. Theta=114.723050 
CHI2 before optimization:   2.9153 
Execution time: 0.28 seconds
Minimization using L-BFGS-B successful (iterations:17)
CHI2 after optimization:   1.9689 
Fraction of effective frames:   0.7656 
Warm start
Optimizing 128 data and 16080 samples. Theta=170.633570 
CHI2 before optimization:   2.9153 
Execution time: 0.22 seconds
Minimization using L-BFGS-B successful (iterations:15)
CHI2 after optimization:   2.2737 
Fraction of effective frames:   0.8819 
Warm start
Optimizing 128 data and 16080 samples. Theta=253.792201 
CHI2 before optimization:   2.9153 
Execution time: 0.23 seconds
Minimization using L-BFGS-B successful (iterations:14)
CHI2 after optimization:   2.4996 
Fraction of effective frames:   0.9465 
Warm start
Optimizing 128 data and 16080 samples. Theta=377.478364 
CHI2 before optimization:   2.9153 
Execution time: 0.22 seconds
Minimization using L-BFGS-B successful (iterations:14)
CHI2 after optimization:   2.6485 
Fraction of effective frames:   0.9768 
Warm start
Optimizing 128 data and 16080 samples. Theta=561.443241 
CHI2 before optimization:   2.9153 
Execution time: 0.24 seconds
Minimization using L-BFGS-B successful (iterations:14)
CHI2 after optimization:   2.7429 
Fraction of effective frames:   0.9899 
Warm start
Optimizing 128 data and 16080 samples. Theta=835.063787 
CHI2 before optimization:   2.9153 
Execution time: 0.23 seconds
Minimization using L-BFGS-B successful (iterations:14)
CHI2 after optimization:   2.8029 
Fraction of effective frames:   0.9956 
Warm start
Optimizing 128 data and 16080 samples. Theta=1242.033884 
CHI2 before optimization:   2.9153 
Execution time: 0.23 seconds
Minimization using L-BFGS-B successful (iterations:13)
CHI2 after optimization:   2.8414 
Fraction of effective frames:   0.9981 
Warm start
Optimizing 128 data and 16080 samples. Theta=1847.341714 
CHI2 before optimization:   2.9153 
Execution time: 0.22 seconds
Minimization using L-BFGS-B successful (iterations:12)
CHI2 after optimization:   2.8663 
Fraction of effective frames:   0.9991 
Warm start
Optimizing 128 data and 16080 samples. Theta=2747.647592 
CHI2 before optimization:   2.9153 
Execution time: 0.18 seconds
Minimization using L-BFGS-B successful (iterations:12)
CHI2 after optimization:   2.8827 
Fraction of effective frames:   0.9996 
Warm start
Optimizing 128 data and 16080 samples. Theta=4086.719436 
CHI2 before optimization:   2.9153 
Execution time: 0.19 seconds
Minimization using L-BFGS-B successful (iterations:11)
CHI2 after optimization:   2.8935 
Fraction of effective frames:   0.9998 
Warm start
Optimizing 128 data and 16080 samples. Theta=6078.390765 
CHI2 before optimization:   2.9153 
Execution time: 0.17 seconds
Minimization using L-BFGS-B successful (iterations:10)
CHI2 after optimization:   2.9008 
Fraction of effective frames:   0.9999 
Warm start
Optimizing 128 data and 16080 samples. Theta=9040.707313 
CHI2 before optimization:   2.9153 
Execution time: 0.15 seconds
Minimization using L-BFGS-B successful (iterations:9)
CHI2 after optimization:   2.9056 
Fraction of effective frames:   1.0000 
Warm start
Optimizing 128 data and 16080 samples. Theta=13446.715073 
CHI2 before optimization:   2.9153 
Execution time: 0.14 seconds
Minimization using L-BFGS-B successful (iterations:8)
CHI2 after optimization:   2.9087 
Fraction of effective frames:   1.0000 
Warm start
Optimizing 128 data and 16080 samples. Theta=20000.000000 
CHI2 before optimization:   2.9153 
Execution time: 0.12 seconds
Minimization using L-BFGS-B successful (iterations:7)
CHI2 after optimization:   2.9109 
Fraction of effective frames:   1.0000 
