Lagrange multipliers initialized from zero
Optimizing 33 data and 16080 samples. Theta=0.200000 
CHI2 before optimization:  19.4702 
Execution time: 0.73 seconds
Minimization using L-BFGS-B successful (iterations:122)
CHI2 after optimization:   2.4816 
Fraction of effective frames:   0.0007 
Warm start
Optimizing 33 data and 16080 samples. Theta=0.297470 
CHI2 before optimization:  19.4702 
Execution time: 0.46 seconds
Minimization using L-BFGS-B successful (iterations:71)
CHI2 after optimization:   2.4819 
Fraction of effective frames:   0.0007 
Warm start
Optimizing 33 data and 16080 samples. Theta=0.442443 
CHI2 before optimization:  19.4702 
Execution time: 0.37 seconds
Minimization using L-BFGS-B successful (iterations:64)
CHI2 after optimization:   2.4824 
Fraction of effective frames:   0.0007 
Warm start
Optimizing 33 data and 16080 samples. Theta=0.658069 
CHI2 before optimization:  19.4702 
Execution time: 0.23 seconds
Minimization using L-BFGS-B successful (iterations:46)
CHI2 after optimization:   2.4833 
Fraction of effective frames:   0.0007 
Warm start
Optimizing 33 data and 16080 samples. Theta=0.978780 
CHI2 before optimization:  19.4702 
Execution time: 0.27 seconds
Minimization using L-BFGS-B successful (iterations:45)
CHI2 after optimization:   2.4845 
Fraction of effective frames:   0.0007 
Warm start
Optimizing 33 data and 16080 samples. Theta=1.455791 
CHI2 before optimization:  19.4702 
Execution time: 0.18 seconds
Minimization using L-BFGS-B successful (iterations:35)
CHI2 after optimization:   2.4869 
Fraction of effective frames:   0.0008 
Warm start
Optimizing 33 data and 16080 samples. Theta=2.165273 
CHI2 before optimization:  19.4702 
Execution time: 0.13 seconds
Minimization using L-BFGS-B successful (iterations:30)
CHI2 after optimization:   2.4920 
Fraction of effective frames:   0.0008 
Warm start
Optimizing 33 data and 16080 samples. Theta=3.220524 
CHI2 before optimization:  19.4702 
Execution time: 0.13 seconds
Minimization using L-BFGS-B successful (iterations:25)
CHI2 after optimization:   2.5052 
Fraction of effective frames:   0.0009 
Warm start
Optimizing 33 data and 16080 samples. Theta=4.790053 
CHI2 before optimization:  19.4702 
Execution time: 0.08 seconds
Minimization using L-BFGS-B successful (iterations:20)
CHI2 after optimization:   2.5548 
Fraction of effective frames:   0.0011 
Warm start
Optimizing 33 data and 16080 samples. Theta=7.124496 
CHI2 before optimization:  19.4702 
Execution time: 0.08 seconds
Minimization using L-BFGS-B successful (iterations:16)
CHI2 after optimization:   2.7472 
Fraction of effective frames:   0.0018 
Warm start
Optimizing 33 data and 16080 samples. Theta=10.596634 
CHI2 before optimization:  19.4702 
Execution time: 0.07 seconds
Minimization using L-BFGS-B successful (iterations:13)
CHI2 after optimization:   3.2459 
Fraction of effective frames:   0.0046 
Warm start
Optimizing 33 data and 16080 samples. Theta=15.760926 
CHI2 before optimization:  19.4702 
Execution time: 0.06 seconds
Minimization using L-BFGS-B successful (iterations:12)
CHI2 after optimization:   4.1092 
Fraction of effective frames:   0.0137 
Warm start
Optimizing 33 data and 16080 samples. Theta=23.442046 
CHI2 before optimization:  19.4702 
Execution time: 0.05 seconds
Minimization using L-BFGS-B successful (iterations:10)
CHI2 after optimization:   5.3511 
Fraction of effective frames:   0.0396 
Warm start
Optimizing 33 data and 16080 samples. Theta=34.866576 
CHI2 before optimization:  19.4702 
Execution time: 0.05 seconds
Minimization using L-BFGS-B successful (iterations:9)
CHI2 after optimization:   7.0313 
Fraction of effective frames:   0.1043 
Warm start
Optimizing 33 data and 16080 samples. Theta=51.858876 
CHI2 before optimization:  19.4702 
Execution time: 0.05 seconds
Minimization using L-BFGS-B successful (iterations:9)
CHI2 after optimization:   9.1465 
Fraction of effective frames:   0.2370 
Warm start
Optimizing 33 data and 16080 samples. Theta=77.132408 
CHI2 before optimization:  19.4702 
Execution time: 0.03 seconds
Minimization using L-BFGS-B successful (iterations:8)
CHI2 after optimization:  11.5291 
Fraction of effective frames:   0.4426 
Warm start
Optimizing 33 data and 16080 samples. Theta=114.723050 
CHI2 before optimization:  19.4702 
Execution time: 0.03 seconds
Minimization using L-BFGS-B successful (iterations:6)
CHI2 after optimization:  13.8251 
Fraction of effective frames:   0.6651 
Warm start
Optimizing 33 data and 16080 samples. Theta=170.633570 
CHI2 before optimization:  19.4702 
Execution time: 0.05 seconds
Minimization using L-BFGS-B successful (iterations:8)
CHI2 after optimization:  15.6644 
Fraction of effective frames:   0.8292 
Warm start
Optimizing 33 data and 16080 samples. Theta=253.792201 
CHI2 before optimization:  19.4702 
Execution time: 0.05 seconds
Minimization using L-BFGS-B successful (iterations:8)
CHI2 after optimization:  16.9519 
Fraction of effective frames:   0.9201 
Warm start
Optimizing 33 data and 16080 samples. Theta=377.478364 
CHI2 before optimization:  19.4702 
Execution time: 0.04 seconds
Minimization using L-BFGS-B successful (iterations:8)
CHI2 after optimization:  17.8043 
Fraction of effective frames:   0.9638 
Warm start
Optimizing 33 data and 16080 samples. Theta=561.443241 
CHI2 before optimization:  19.4702 
Execution time: 0.05 seconds
Minimization using L-BFGS-B successful (iterations:8)
CHI2 after optimization:  18.3634 
Fraction of effective frames:   0.9837 
Warm start
Optimizing 33 data and 16080 samples. Theta=835.063787 
CHI2 before optimization:  19.4702 
Execution time: 0.04 seconds
Minimization using L-BFGS-B successful (iterations:8)
CHI2 after optimization:  18.7320 
Fraction of effective frames:   0.9927 
Warm start
Optimizing 33 data and 16080 samples. Theta=1242.033884 
CHI2 before optimization:  19.4702 
Execution time: 0.05 seconds
Minimization using L-BFGS-B successful (iterations:7)
CHI2 after optimization:  18.9764 
Fraction of effective frames:   0.9967 
Warm start
Optimizing 33 data and 16080 samples. Theta=1847.341714 
CHI2 before optimization:  19.4702 
Execution time: 0.03 seconds
Minimization using L-BFGS-B successful (iterations:7)
CHI2 after optimization:  19.1393 
Fraction of effective frames:   0.9985 
Warm start
Optimizing 33 data and 16080 samples. Theta=2747.647592 
CHI2 before optimization:  19.4702 
Execution time: 0.03 seconds
Minimization using L-BFGS-B successful (iterations:6)
CHI2 after optimization:  19.2483 
Fraction of effective frames:   0.9993 
Warm start
Optimizing 33 data and 16080 samples. Theta=4086.719436 
CHI2 before optimization:  19.4702 
Execution time: 0.05 seconds
Minimization using L-BFGS-B successful (iterations:6)
CHI2 after optimization:  19.3212 
Fraction of effective frames:   0.9997 
Warm start
Optimizing 33 data and 16080 samples. Theta=6078.390765 
CHI2 before optimization:  19.4702 
Execution time: 0.03 seconds
Minimization using L-BFGS-B successful (iterations:6)
CHI2 after optimization:  19.3702 
Fraction of effective frames:   0.9999 
Warm start
Optimizing 33 data and 16080 samples. Theta=9040.707313 
CHI2 before optimization:  19.4702 
Execution time: 0.03 seconds
Minimization using L-BFGS-B successful (iterations:5)
CHI2 after optimization:  19.4031 
Fraction of effective frames:   0.9999 
Warm start
Optimizing 33 data and 16080 samples. Theta=13446.715073 
CHI2 before optimization:  19.4702 
Execution time: 0.03 seconds
Minimization using L-BFGS-B successful (iterations:5)
CHI2 after optimization:  19.4251 
Fraction of effective frames:   1.0000 
Warm start
Optimizing 33 data and 16080 samples. Theta=20000.000000 
CHI2 before optimization:  19.4702 
Execution time: 0.03 seconds
Minimization using L-BFGS-B successful (iterations:4)
CHI2 after optimization:  19.4398 
Fraction of effective frames:   1.0000 
