Lagrange multipliers initialized from zero
Optimizing 54 data and 16080 samples. Theta=0.200000 
CHI2 before optimization:  14.1232 
Execution time: 1.30 seconds
Minimization using L-BFGS-B successful (iterations:159)
CHI2 after optimization:   2.4008 
Fraction of effective frames:   0.0009 
Warm start
Optimizing 54 data and 16080 samples. Theta=0.297470 
CHI2 before optimization:  14.1232 
Execution time: 0.73 seconds
Minimization using L-BFGS-B successful (iterations:105)
CHI2 after optimization:   2.4009 
Fraction of effective frames:   0.0009 
Warm start
Optimizing 54 data and 16080 samples. Theta=0.442443 
CHI2 before optimization:  14.1232 
Execution time: 0.62 seconds
Minimization using L-BFGS-B successful (iterations:89)
CHI2 after optimization:   2.4011 
Fraction of effective frames:   0.0009 
Warm start
Optimizing 54 data and 16080 samples. Theta=0.658069 
CHI2 before optimization:  14.1232 
Execution time: 0.47 seconds
Minimization using L-BFGS-B successful (iterations:70)
CHI2 after optimization:   2.4015 
Fraction of effective frames:   0.0009 
Warm start
Optimizing 54 data and 16080 samples. Theta=0.978780 
CHI2 before optimization:  14.1232 
Execution time: 0.37 seconds
Minimization using L-BFGS-B successful (iterations:57)
CHI2 after optimization:   2.4026 
Fraction of effective frames:   0.0010 
Warm start
Optimizing 54 data and 16080 samples. Theta=1.455791 
CHI2 before optimization:  14.1232 
Execution time: 0.31 seconds
Minimization using L-BFGS-B successful (iterations:48)
CHI2 after optimization:   2.4052 
Fraction of effective frames:   0.0010 
Warm start
Optimizing 54 data and 16080 samples. Theta=2.165273 
CHI2 before optimization:  14.1232 
Execution time: 0.23 seconds
Minimization using L-BFGS-B successful (iterations:36)
CHI2 after optimization:   2.4121 
Fraction of effective frames:   0.0012 
Warm start
Optimizing 54 data and 16080 samples. Theta=3.220524 
CHI2 before optimization:  14.1232 
Execution time: 0.21 seconds
Minimization using L-BFGS-B successful (iterations:29)
CHI2 after optimization:   2.4307 
Fraction of effective frames:   0.0014 
Warm start
Optimizing 54 data and 16080 samples. Theta=4.790053 
CHI2 before optimization:  14.1232 
Execution time: 0.20 seconds
Minimization using L-BFGS-B successful (iterations:24)
CHI2 after optimization:   2.4751 
Fraction of effective frames:   0.0019 
Warm start
Optimizing 54 data and 16080 samples. Theta=7.124496 
CHI2 before optimization:  14.1232 
Execution time: 0.15 seconds
Minimization using L-BFGS-B successful (iterations:19)
CHI2 after optimization:   2.5749 
Fraction of effective frames:   0.0029 
Warm start
Optimizing 54 data and 16080 samples. Theta=10.596634 
CHI2 before optimization:  14.1232 
Execution time: 0.12 seconds
Minimization using L-BFGS-B successful (iterations:17)
CHI2 after optimization:   2.7970 
Fraction of effective frames:   0.0058 
Warm start
Optimizing 54 data and 16080 samples. Theta=15.760926 
CHI2 before optimization:  14.1232 
Execution time: 0.09 seconds
Minimization using L-BFGS-B successful (iterations:13)
CHI2 after optimization:   3.2236 
Fraction of effective frames:   0.0139 
Warm start
Optimizing 54 data and 16080 samples. Theta=23.442046 
CHI2 before optimization:  14.1232 
Execution time: 0.08 seconds
Minimization using L-BFGS-B successful (iterations:11)
CHI2 after optimization:   3.9154 
Fraction of effective frames:   0.0366 
Warm start
Optimizing 54 data and 16080 samples. Theta=34.866576 
CHI2 before optimization:  14.1232 
Execution time: 0.09 seconds
Minimization using L-BFGS-B successful (iterations:12)
CHI2 after optimization:   4.9034 
Fraction of effective frames:   0.0927 
Warm start
Optimizing 54 data and 16080 samples. Theta=51.858876 
CHI2 before optimization:  14.1232 
Execution time: 0.09 seconds
Minimization using L-BFGS-B successful (iterations:12)
CHI2 after optimization:   6.1599 
Fraction of effective frames:   0.2059 
Warm start
Optimizing 54 data and 16080 samples. Theta=77.132408 
CHI2 before optimization:  14.1232 
Execution time: 0.07 seconds
Minimization using L-BFGS-B successful (iterations:10)
CHI2 after optimization:   7.5770 
Fraction of effective frames:   0.3781 
Warm start
Optimizing 54 data and 16080 samples. Theta=114.723050 
CHI2 before optimization:  14.1232 
Execution time: 0.07 seconds
Minimization using L-BFGS-B successful (iterations:10)
CHI2 after optimization:   9.0109 
Fraction of effective frames:   0.5724 
Warm start
Optimizing 54 data and 16080 samples. Theta=170.633570 
CHI2 before optimization:  14.1232 
Execution time: 0.08 seconds
Minimization using L-BFGS-B successful (iterations:11)
CHI2 after optimization:  10.3619 
Fraction of effective frames:   0.7447 
Warm start
Optimizing 54 data and 16080 samples. Theta=253.792201 
CHI2 before optimization:  14.1232 
Execution time: 0.08 seconds
Minimization using L-BFGS-B successful (iterations:11)
CHI2 after optimization:  11.5252 
Fraction of effective frames:   0.8678 
Warm start
Optimizing 54 data and 16080 samples. Theta=377.478364 
CHI2 before optimization:  14.1232 
Execution time: 0.08 seconds
Minimization using L-BFGS-B successful (iterations:10)
CHI2 after optimization:  12.4048 
Fraction of effective frames:   0.9383 
Warm start
Optimizing 54 data and 16080 samples. Theta=561.443241 
CHI2 before optimization:  14.1232 
Execution time: 0.07 seconds
Minimization using L-BFGS-B successful (iterations:10)
CHI2 after optimization:  13.0041 
Fraction of effective frames:   0.9726 
Warm start
Optimizing 54 data and 16080 samples. Theta=835.063787 
CHI2 before optimization:  14.1232 
Execution time: 0.07 seconds
Minimization using L-BFGS-B successful (iterations:10)
CHI2 after optimization:  13.3935 
Fraction of effective frames:   0.9880 
Warm start
Optimizing 54 data and 16080 samples. Theta=1242.033884 
CHI2 before optimization:  14.1232 
Execution time: 0.07 seconds
Minimization using L-BFGS-B successful (iterations:10)
CHI2 after optimization:  13.6443 
Fraction of effective frames:   0.9947 
Warm start
Optimizing 54 data and 16080 samples. Theta=1847.341714 
CHI2 before optimization:  14.1232 
Execution time: 0.07 seconds
Minimization using L-BFGS-B successful (iterations:9)
CHI2 after optimization:  13.8069 
Fraction of effective frames:   0.9977 
Warm start
Optimizing 54 data and 16080 samples. Theta=2747.647592 
CHI2 before optimization:  14.1232 
Execution time: 0.07 seconds
Minimization using L-BFGS-B successful (iterations:9)
CHI2 after optimization:  13.9131 
Fraction of effective frames:   0.9990 
Warm start
Optimizing 54 data and 16080 samples. Theta=4086.719436 
CHI2 before optimization:  14.1232 
Execution time: 0.06 seconds
Minimization using L-BFGS-B successful (iterations:8)
CHI2 after optimization:  13.9834 
Fraction of effective frames:   0.9995 
Warm start
Optimizing 54 data and 16080 samples. Theta=6078.390765 
CHI2 before optimization:  14.1232 
Execution time: 0.06 seconds
Minimization using L-BFGS-B successful (iterations:8)
CHI2 after optimization:  14.0298 
Fraction of effective frames:   0.9998 
Warm start
Optimizing 54 data and 16080 samples. Theta=9040.707313 
CHI2 before optimization:  14.1232 
Execution time: 0.06 seconds
Minimization using L-BFGS-B successful (iterations:8)
CHI2 after optimization:  14.0607 
Fraction of effective frames:   0.9999 
Warm start
Optimizing 54 data and 16080 samples. Theta=13446.715073 
CHI2 before optimization:  14.1232 
Execution time: 0.06 seconds
Minimization using L-BFGS-B successful (iterations:8)
CHI2 after optimization:  14.0813 
Fraction of effective frames:   1.0000 
Warm start
Optimizing 54 data and 16080 samples. Theta=20000.000000 
CHI2 before optimization:  14.1232 
Execution time: 0.05 seconds
Minimization using L-BFGS-B successful (iterations:6)
CHI2 after optimization:  14.0944 
Fraction of effective frames:   1.0000 
