Lagrange multipliers initialized from zero
Optimizing 60 data and 16080 samples. Theta=0.200000 
CHI2 before optimization:  17.5107 
Execution time: 2.53 seconds
Minimization using L-BFGS-B successful (iterations:205)
CHI2 after optimization:   3.7708 
Fraction of effective frames:   0.0009 
Warm start
Optimizing 60 data and 16080 samples. Theta=0.297470 
CHI2 before optimization:  17.5107 
Execution time: 1.40 seconds
Minimization using L-BFGS-B successful (iterations:143)
CHI2 after optimization:   3.7709 
Fraction of effective frames:   0.0009 
Warm start
Optimizing 60 data and 16080 samples. Theta=0.442443 
CHI2 before optimization:  17.5107 
Execution time: 1.16 seconds
Minimization using L-BFGS-B successful (iterations:127)
CHI2 after optimization:   3.7710 
Fraction of effective frames:   0.0009 
Warm start
Optimizing 60 data and 16080 samples. Theta=0.658069 
CHI2 before optimization:  17.5107 
Execution time: 0.90 seconds
Minimization using L-BFGS-B successful (iterations:96)
CHI2 after optimization:   3.7714 
Fraction of effective frames:   0.0009 
Warm start
Optimizing 60 data and 16080 samples. Theta=0.978780 
CHI2 before optimization:  17.5107 
Execution time: 0.65 seconds
Minimization using L-BFGS-B successful (iterations:75)
CHI2 after optimization:   3.7721 
Fraction of effective frames:   0.0009 
Warm start
Optimizing 60 data and 16080 samples. Theta=1.455791 
CHI2 before optimization:  17.5107 
Execution time: 0.49 seconds
Minimization using L-BFGS-B successful (iterations:62)
CHI2 after optimization:   3.7735 
Fraction of effective frames:   0.0010 
Warm start
Optimizing 60 data and 16080 samples. Theta=2.165273 
CHI2 before optimization:  17.5107 
Execution time: 0.34 seconds
Minimization using L-BFGS-B successful (iterations:46)
CHI2 after optimization:   3.7770 
Fraction of effective frames:   0.0010 
Warm start
Optimizing 60 data and 16080 samples. Theta=3.220524 
CHI2 before optimization:  17.5107 
Execution time: 0.31 seconds
Minimization using L-BFGS-B successful (iterations:40)
CHI2 after optimization:   3.7857 
Fraction of effective frames:   0.0011 
Warm start
Optimizing 60 data and 16080 samples. Theta=4.790053 
CHI2 before optimization:  17.5107 
Execution time: 0.24 seconds
Minimization using L-BFGS-B successful (iterations:30)
CHI2 after optimization:   3.8085 
Fraction of effective frames:   0.0014 
Warm start
Optimizing 60 data and 16080 samples. Theta=7.124496 
CHI2 before optimization:  17.5107 
Execution time: 0.22 seconds
Minimization using L-BFGS-B successful (iterations:27)
CHI2 after optimization:   3.8707 
Fraction of effective frames:   0.0018 
Warm start
Optimizing 60 data and 16080 samples. Theta=10.596634 
CHI2 before optimization:  17.5107 
Execution time: 0.16 seconds
Minimization using L-BFGS-B successful (iterations:19)
CHI2 after optimization:   4.0457 
Fraction of effective frames:   0.0033 
Warm start
Optimizing 60 data and 16080 samples. Theta=15.760926 
CHI2 before optimization:  17.5107 
Execution time: 0.15 seconds
Minimization using L-BFGS-B successful (iterations:16)
CHI2 after optimization:   4.4591 
Fraction of effective frames:   0.0085 
Warm start
Optimizing 60 data and 16080 samples. Theta=23.442046 
CHI2 before optimization:  17.5107 
Execution time: 0.15 seconds
Minimization using L-BFGS-B successful (iterations:15)
CHI2 after optimization:   5.1641 
Fraction of effective frames:   0.0255 
Warm start
Optimizing 60 data and 16080 samples. Theta=34.866576 
CHI2 before optimization:  17.5107 
Execution time: 0.12 seconds
Minimization using L-BFGS-B successful (iterations:13)
CHI2 after optimization:   6.0998 
Fraction of effective frames:   0.0680 
Warm start
Optimizing 60 data and 16080 samples. Theta=51.858876 
CHI2 before optimization:  17.5107 
Execution time: 0.11 seconds
Minimization using L-BFGS-B successful (iterations:13)
CHI2 after optimization:   7.1925 
Fraction of effective frames:   0.1473 
Warm start
Optimizing 60 data and 16080 samples. Theta=77.132408 
CHI2 before optimization:  17.5107 
Execution time: 0.12 seconds
Minimization using L-BFGS-B successful (iterations:13)
CHI2 after optimization:   8.4378 
Fraction of effective frames:   0.2662 
Warm start
Optimizing 60 data and 16080 samples. Theta=114.723050 
CHI2 before optimization:  17.5107 
Execution time: 0.14 seconds
Minimization using L-BFGS-B successful (iterations:13)
CHI2 after optimization:   9.8890 
Fraction of effective frames:   0.4232 
Warm start
Optimizing 60 data and 16080 samples. Theta=170.633570 
CHI2 before optimization:  17.5107 
Execution time: 0.13 seconds
Minimization using L-BFGS-B successful (iterations:12)
CHI2 after optimization:  11.5402 
Fraction of effective frames:   0.6038 
Warm start
Optimizing 60 data and 16080 samples. Theta=253.792201 
CHI2 before optimization:  17.5107 
Execution time: 0.15 seconds
Minimization using L-BFGS-B successful (iterations:13)
CHI2 after optimization:  13.2205 
Fraction of effective frames:   0.7710 
Warm start
Optimizing 60 data and 16080 samples. Theta=377.478364 
CHI2 before optimization:  17.5107 
Execution time: 0.18 seconds
Minimization using L-BFGS-B successful (iterations:12)
CHI2 after optimization:  14.6498 
Fraction of effective frames:   0.8874 
Warm start
Optimizing 60 data and 16080 samples. Theta=561.443241 
CHI2 before optimization:  17.5107 
Execution time: 0.18 seconds
Minimization using L-BFGS-B successful (iterations:14)
CHI2 after optimization:  15.6711 
Fraction of effective frames:   0.9497 
Warm start
Optimizing 60 data and 16080 samples. Theta=835.063787 
CHI2 before optimization:  17.5107 
Execution time: 0.14 seconds
Minimization using L-BFGS-B successful (iterations:12)
CHI2 after optimization:  16.3324 
Fraction of effective frames:   0.9782 
Warm start
Optimizing 60 data and 16080 samples. Theta=1242.033884 
CHI2 before optimization:  17.5107 
Execution time: 0.12 seconds
Minimization using L-BFGS-B successful (iterations:10)
CHI2 after optimization:  16.7489 
Fraction of effective frames:   0.9906 
Warm start
Optimizing 60 data and 16080 samples. Theta=1847.341714 
CHI2 before optimization:  17.5107 
Execution time: 0.12 seconds
Minimization using L-BFGS-B successful (iterations:10)
CHI2 after optimization:  17.0129 
Fraction of effective frames:   0.9959 
Warm start
Optimizing 60 data and 16080 samples. Theta=2747.647592 
CHI2 before optimization:  17.5107 
Execution time: 0.11 seconds
Minimization using L-BFGS-B successful (iterations:9)
CHI2 after optimization:  17.1824 
Fraction of effective frames:   0.9982 
Warm start
Optimizing 60 data and 16080 samples. Theta=4086.719436 
CHI2 before optimization:  17.5107 
Execution time: 0.12 seconds
Minimization using L-BFGS-B successful (iterations:9)
CHI2 after optimization:  17.2930 
Fraction of effective frames:   0.9992 
Warm start
Optimizing 60 data and 16080 samples. Theta=6078.390765 
CHI2 before optimization:  17.5107 
Execution time: 0.11 seconds
Minimization using L-BFGS-B successful (iterations:8)
CHI2 after optimization:  17.3658 
Fraction of effective frames:   0.9996 
Warm start
Optimizing 60 data and 16080 samples. Theta=9040.707313 
CHI2 before optimization:  17.5107 
Execution time: 0.07 seconds
Minimization using L-BFGS-B successful (iterations:7)
CHI2 after optimization:  17.4140 
Fraction of effective frames:   0.9998 
Warm start
Optimizing 60 data and 16080 samples. Theta=13446.715073 
CHI2 before optimization:  17.5107 
Execution time: 0.07 seconds
Minimization using L-BFGS-B successful (iterations:7)
CHI2 after optimization:  17.4460 
Fraction of effective frames:   0.9999 
Warm start
Optimizing 60 data and 16080 samples. Theta=20000.000000 
CHI2 before optimization:  17.5107 
Execution time: 0.06 seconds
Minimization using L-BFGS-B successful (iterations:6)
CHI2 after optimization:  17.4670 
Fraction of effective frames:   1.0000 
