Lagrange multipliers initialized from zero
Optimizing 36 data and 16080 samples. Theta=0.200000 
CHI2 before optimization:  30.3418 
Execution time: 1.13 seconds
Minimization using L-BFGS-B successful (iterations:183)
CHI2 after optimization:   2.7153 
Fraction of effective frames:   0.0006 
Warm start
Optimizing 36 data and 16080 samples. Theta=0.297470 
CHI2 before optimization:  30.3418 
Execution time: 1.03 seconds
Minimization using L-BFGS-B successful (iterations:134)
CHI2 after optimization:   2.7157 
Fraction of effective frames:   0.0006 
Warm start
Optimizing 36 data and 16080 samples. Theta=0.442443 
CHI2 before optimization:  30.3418 
Execution time: 0.85 seconds
Minimization using L-BFGS-B successful (iterations:101)
CHI2 after optimization:   2.7163 
Fraction of effective frames:   0.0006 
Warm start
Optimizing 36 data and 16080 samples. Theta=0.658069 
CHI2 before optimization:  30.3418 
Execution time: 0.58 seconds
Minimization using L-BFGS-B successful (iterations:90)
CHI2 after optimization:   2.7176 
Fraction of effective frames:   0.0007 
Warm start
Optimizing 36 data and 16080 samples. Theta=0.978780 
CHI2 before optimization:  30.3418 
Execution time: 0.41 seconds
Minimization using L-BFGS-B successful (iterations:77)
CHI2 after optimization:   2.7206 
Fraction of effective frames:   0.0007 
Warm start
Optimizing 36 data and 16080 samples. Theta=1.455791 
CHI2 before optimization:  30.3418 
Execution time: 0.28 seconds
Minimization using L-BFGS-B successful (iterations:64)
CHI2 after optimization:   2.7280 
Fraction of effective frames:   0.0008 
Warm start
Optimizing 36 data and 16080 samples. Theta=2.165273 
CHI2 before optimization:  30.3418 
Execution time: 0.22 seconds
Minimization using L-BFGS-B successful (iterations:44)
CHI2 after optimization:   2.7479 
Fraction of effective frames:   0.0010 
Warm start
Optimizing 36 data and 16080 samples. Theta=3.220524 
CHI2 before optimization:  30.3418 
Execution time: 0.18 seconds
Minimization using L-BFGS-B successful (iterations:38)
CHI2 after optimization:   2.8063 
Fraction of effective frames:   0.0014 
Warm start
Optimizing 36 data and 16080 samples. Theta=4.790053 
CHI2 before optimization:  30.3418 
Execution time: 0.15 seconds
Minimization using L-BFGS-B successful (iterations:30)
CHI2 after optimization:   2.9659 
Fraction of effective frames:   0.0029 
Warm start
Optimizing 36 data and 16080 samples. Theta=7.124496 
CHI2 before optimization:  30.3418 
Execution time: 0.12 seconds
Minimization using L-BFGS-B successful (iterations:24)
CHI2 after optimization:   3.2920 
Fraction of effective frames:   0.0079 
Warm start
Optimizing 36 data and 16080 samples. Theta=10.596634 
CHI2 before optimization:  30.3418 
Execution time: 0.10 seconds
Minimization using L-BFGS-B successful (iterations:21)
CHI2 after optimization:   3.7737 
Fraction of effective frames:   0.0213 
Warm start
Optimizing 36 data and 16080 samples. Theta=15.760926 
CHI2 before optimization:  30.3418 
Execution time: 0.10 seconds
Minimization using L-BFGS-B successful (iterations:17)
CHI2 after optimization:   4.3437 
Fraction of effective frames:   0.0473 
Warm start
Optimizing 36 data and 16080 samples. Theta=23.442046 
CHI2 before optimization:  30.3418 
Execution time: 0.08 seconds
Minimization using L-BFGS-B successful (iterations:13)
CHI2 after optimization:   4.9408 
Fraction of effective frames:   0.0830 
Warm start
Optimizing 36 data and 16080 samples. Theta=34.866576 
CHI2 before optimization:  30.3418 
Execution time: 0.07 seconds
Minimization using L-BFGS-B successful (iterations:14)
CHI2 after optimization:   5.5887 
Fraction of effective frames:   0.1249 
Warm start
Optimizing 36 data and 16080 samples. Theta=51.858876 
CHI2 before optimization:  30.3418 
Execution time: 0.08 seconds
Minimization using L-BFGS-B successful (iterations:12)
CHI2 after optimization:   6.4052 
Fraction of effective frames:   0.1762 
Warm start
Optimizing 36 data and 16080 samples. Theta=77.132408 
CHI2 before optimization:  30.3418 
Execution time: 0.07 seconds
Minimization using L-BFGS-B successful (iterations:12)
CHI2 after optimization:   7.5783 
Fraction of effective frames:   0.2455 
Warm start
Optimizing 36 data and 16080 samples. Theta=114.723050 
CHI2 before optimization:  30.3418 
Execution time: 0.06 seconds
Minimization using L-BFGS-B successful (iterations:11)
CHI2 after optimization:   9.3167 
Fraction of effective frames:   0.3417 
Warm start
Optimizing 36 data and 16080 samples. Theta=170.633570 
CHI2 before optimization:  30.3418 
Execution time: 0.05 seconds
Minimization using L-BFGS-B successful (iterations:12)
CHI2 after optimization:  11.7567 
Fraction of effective frames:   0.4672 
Warm start
Optimizing 36 data and 16080 samples. Theta=253.792201 
CHI2 before optimization:  30.3418 
Execution time: 0.07 seconds
Minimization using L-BFGS-B successful (iterations:12)
CHI2 after optimization:  14.8769 
Fraction of effective frames:   0.6119 
Warm start
Optimizing 36 data and 16080 samples. Theta=377.478364 
CHI2 before optimization:  30.3418 
Execution time: 0.07 seconds
Minimization using L-BFGS-B successful (iterations:12)
CHI2 after optimization:  18.4657 
Fraction of effective frames:   0.7546 
Warm start
Optimizing 36 data and 16080 samples. Theta=561.443241 
CHI2 before optimization:  30.3418 
Execution time: 0.06 seconds
Minimization using L-BFGS-B successful (iterations:14)
CHI2 after optimization:  22.0487 
Fraction of effective frames:   0.8693 
Warm start
Optimizing 36 data and 16080 samples. Theta=835.063787 
CHI2 before optimization:  30.3418 
Execution time: 0.07 seconds
Minimization using L-BFGS-B successful (iterations:15)
CHI2 after optimization:  24.9651 
Fraction of effective frames:   0.9398 
Warm start
Optimizing 36 data and 16080 samples. Theta=1242.033884 
CHI2 before optimization:  30.3418 
Execution time: 0.07 seconds
Minimization using L-BFGS-B successful (iterations:14)
CHI2 after optimization:  26.9587 
Fraction of effective frames:   0.9742 
Warm start
Optimizing 36 data and 16080 samples. Theta=1847.341714 
CHI2 before optimization:  30.3418 
Execution time: 0.08 seconds
Minimization using L-BFGS-B successful (iterations:14)
CHI2 after optimization:  28.2078 
Fraction of effective frames:   0.9891 
Warm start
Optimizing 36 data and 16080 samples. Theta=2747.647592 
CHI2 before optimization:  30.3418 
Execution time: 0.07 seconds
Minimization using L-BFGS-B successful (iterations:14)
CHI2 after optimization:  28.9780 
Fraction of effective frames:   0.9954 
Warm start
Optimizing 36 data and 16080 samples. Theta=4086.719436 
CHI2 before optimization:  30.3418 
Execution time: 0.07 seconds
Minimization using L-BFGS-B successful (iterations:12)
CHI2 after optimization:  29.4564 
Fraction of effective frames:   0.9980 
Warm start
Optimizing 36 data and 16080 samples. Theta=6078.390765 
CHI2 before optimization:  30.3418 
Execution time: 0.07 seconds
Minimization using L-BFGS-B successful (iterations:12)
CHI2 after optimization:  29.7610 
Fraction of effective frames:   0.9991 
Warm start
Optimizing 36 data and 16080 samples. Theta=9040.707313 
CHI2 before optimization:  30.3418 
Execution time: 0.06 seconds
Minimization using L-BFGS-B successful (iterations:10)
CHI2 after optimization:  29.9572 
Fraction of effective frames:   0.9996 
Warm start
Optimizing 36 data and 16080 samples. Theta=13446.715073 
CHI2 before optimization:  30.3418 
Execution time: 0.06 seconds
Minimization using L-BFGS-B successful (iterations:10)
CHI2 after optimization:  30.0879 
Fraction of effective frames:   0.9998 
Warm start
Optimizing 36 data and 16080 samples. Theta=20000.000000 
CHI2 before optimization:  30.3418 
Execution time: 0.05 seconds
Minimization using L-BFGS-B successful (iterations:9)
CHI2 after optimization:  30.1756 
Fraction of effective frames:   0.9999 
