Lagrange multipliers initialized from zero
Optimizing 54 data and 16080 samples. Theta=0.200000 
CHI2 before optimization:  14.3964 
Execution time: 1.27 seconds
Minimization using L-BFGS-B successful (iterations:150)
CHI2 after optimization:   2.6005 
Fraction of effective frames:   0.0009 
Warm start
Optimizing 54 data and 16080 samples. Theta=0.297470 
CHI2 before optimization:  14.3964 
Execution time: 0.80 seconds
Minimization using L-BFGS-B successful (iterations:105)
CHI2 after optimization:   2.6006 
Fraction of effective frames:   0.0009 
Warm start
Optimizing 54 data and 16080 samples. Theta=0.442443 
CHI2 before optimization:  14.3964 
Execution time: 0.66 seconds
Minimization using L-BFGS-B successful (iterations:86)
CHI2 after optimization:   2.6009 
Fraction of effective frames:   0.0009 
Warm start
Optimizing 54 data and 16080 samples. Theta=0.658069 
CHI2 before optimization:  14.3964 
Execution time: 0.53 seconds
Minimization using L-BFGS-B successful (iterations:71)
CHI2 after optimization:   2.6015 
Fraction of effective frames:   0.0009 
Warm start
Optimizing 54 data and 16080 samples. Theta=0.978780 
CHI2 before optimization:  14.3964 
Execution time: 0.39 seconds
Minimization using L-BFGS-B successful (iterations:58)
CHI2 after optimization:   2.6029 
Fraction of effective frames:   0.0009 
Warm start
Optimizing 54 data and 16080 samples. Theta=1.455791 
CHI2 before optimization:  14.3964 
Execution time: 0.36 seconds
Minimization using L-BFGS-B successful (iterations:46)
CHI2 after optimization:   2.6059 
Fraction of effective frames:   0.0010 
Warm start
Optimizing 54 data and 16080 samples. Theta=2.165273 
CHI2 before optimization:  14.3964 
Execution time: 0.23 seconds
Minimization using L-BFGS-B successful (iterations:35)
CHI2 after optimization:   2.6124 
Fraction of effective frames:   0.0011 
Warm start
Optimizing 54 data and 16080 samples. Theta=3.220524 
CHI2 before optimization:  14.3964 
Execution time: 0.17 seconds
Minimization using L-BFGS-B successful (iterations:27)
CHI2 after optimization:   2.6289 
Fraction of effective frames:   0.0013 
Warm start
Optimizing 54 data and 16080 samples. Theta=4.790053 
CHI2 before optimization:  14.3964 
Execution time: 0.14 seconds
Minimization using L-BFGS-B successful (iterations:23)
CHI2 after optimization:   2.6709 
Fraction of effective frames:   0.0017 
Warm start
Optimizing 54 data and 16080 samples. Theta=7.124496 
CHI2 before optimization:  14.3964 
Execution time: 0.13 seconds
Minimization using L-BFGS-B successful (iterations:20)
CHI2 after optimization:   2.7709 
Fraction of effective frames:   0.0027 
Warm start
Optimizing 54 data and 16080 samples. Theta=10.596634 
CHI2 before optimization:  14.3964 
Execution time: 0.12 seconds
Minimization using L-BFGS-B successful (iterations:16)
CHI2 after optimization:   3.0013 
Fraction of effective frames:   0.0055 
Warm start
Optimizing 54 data and 16080 samples. Theta=15.760926 
CHI2 before optimization:  14.3964 
Execution time: 0.11 seconds
Minimization using L-BFGS-B successful (iterations:14)
CHI2 after optimization:   3.4386 
Fraction of effective frames:   0.0136 
Warm start
Optimizing 54 data and 16080 samples. Theta=23.442046 
CHI2 before optimization:  14.3964 
Execution time: 0.09 seconds
Minimization using L-BFGS-B successful (iterations:12)
CHI2 after optimization:   4.1212 
Fraction of effective frames:   0.0354 
Warm start
Optimizing 54 data and 16080 samples. Theta=34.866576 
CHI2 before optimization:  14.3964 
Execution time: 0.09 seconds
Minimization using L-BFGS-B successful (iterations:11)
CHI2 after optimization:   5.0718 
Fraction of effective frames:   0.0866 
Warm start
Optimizing 54 data and 16080 samples. Theta=51.858876 
CHI2 before optimization:  14.3964 
Execution time: 0.07 seconds
Minimization using L-BFGS-B successful (iterations:10)
CHI2 after optimization:   6.3014 
Fraction of effective frames:   0.1888 
Warm start
Optimizing 54 data and 16080 samples. Theta=77.132408 
CHI2 before optimization:  14.3964 
Execution time: 0.07 seconds
Minimization using L-BFGS-B successful (iterations:9)
CHI2 after optimization:   7.7854 
Fraction of effective frames:   0.3562 
Warm start
Optimizing 54 data and 16080 samples. Theta=114.723050 
CHI2 before optimization:  14.3964 
Execution time: 0.07 seconds
Minimization using L-BFGS-B successful (iterations:9)
CHI2 after optimization:   9.3806 
Fraction of effective frames:   0.5646 
Warm start
Optimizing 54 data and 16080 samples. Theta=170.633570 
CHI2 before optimization:  14.3964 
Execution time: 0.07 seconds
Minimization using L-BFGS-B successful (iterations:9)
CHI2 after optimization:  10.8525 
Fraction of effective frames:   0.7526 
Warm start
Optimizing 54 data and 16080 samples. Theta=253.792201 
CHI2 before optimization:  14.3964 
Execution time: 0.07 seconds
Minimization using L-BFGS-B successful (iterations:9)
CHI2 after optimization:  12.0189 
Fraction of effective frames:   0.8778 
Warm start
Optimizing 54 data and 16080 samples. Theta=377.478364 
CHI2 before optimization:  14.3964 
Execution time: 0.07 seconds
Minimization using L-BFGS-B successful (iterations:9)
CHI2 after optimization:  12.8389 
Fraction of effective frames:   0.9442 
Warm start
Optimizing 54 data and 16080 samples. Theta=561.443241 
CHI2 before optimization:  14.3964 
Execution time: 0.08 seconds
Minimization using L-BFGS-B successful (iterations:9)
CHI2 after optimization:  13.3792 
Fraction of effective frames:   0.9753 
Warm start
Optimizing 54 data and 16080 samples. Theta=835.063787 
CHI2 before optimization:  14.3964 
Execution time: 0.07 seconds
Minimization using L-BFGS-B successful (iterations:9)
CHI2 after optimization:  13.7286 
Fraction of effective frames:   0.9891 
Warm start
Optimizing 54 data and 16080 samples. Theta=1242.033884 
CHI2 before optimization:  14.3964 
Execution time: 0.08 seconds
Minimization using L-BFGS-B successful (iterations:9)
CHI2 after optimization:  13.9552 
Fraction of effective frames:   0.9952 
Warm start
Optimizing 54 data and 16080 samples. Theta=1847.341714 
CHI2 before optimization:  14.3964 
Execution time: 0.06 seconds
Minimization using L-BFGS-B successful (iterations:8)
CHI2 after optimization:  14.1034 
Fraction of effective frames:   0.9978 
Warm start
Optimizing 54 data and 16080 samples. Theta=2747.647592 
CHI2 before optimization:  14.3964 
Execution time: 0.06 seconds
Minimization using L-BFGS-B successful (iterations:7)
CHI2 after optimization:  14.2011 
Fraction of effective frames:   0.9990 
Warm start
Optimizing 54 data and 16080 samples. Theta=4086.719436 
CHI2 before optimization:  14.3964 
Execution time: 0.05 seconds
Minimization using L-BFGS-B successful (iterations:6)
CHI2 after optimization:  14.2659 
Fraction of effective frames:   0.9996 
Warm start
Optimizing 54 data and 16080 samples. Theta=6078.390765 
CHI2 before optimization:  14.3964 
Execution time: 0.04 seconds
Minimization using L-BFGS-B successful (iterations:5)
CHI2 after optimization:  14.3092 
Fraction of effective frames:   0.9998 
Warm start
Optimizing 54 data and 16080 samples. Theta=9040.707313 
CHI2 before optimization:  14.3964 
Execution time: 0.05 seconds
Minimization using L-BFGS-B successful (iterations:5)
CHI2 after optimization:  14.3380 
Fraction of effective frames:   0.9999 
Warm start
Optimizing 54 data and 16080 samples. Theta=13446.715073 
CHI2 before optimization:  14.3964 
Execution time: 0.04 seconds
Minimization using L-BFGS-B successful (iterations:5)
CHI2 after optimization:  14.3572 
Fraction of effective frames:   1.0000 
Warm start
Optimizing 54 data and 16080 samples. Theta=20000.000000 
CHI2 before optimization:  14.3964 
Execution time: 0.04 seconds
Minimization using L-BFGS-B successful (iterations:5)
CHI2 after optimization:  14.3701 
Fraction of effective frames:   1.0000 
