Lagrange multipliers initialized from zero
Optimizing 33 data and 16080 samples. Theta=0.200000 
CHI2 before optimization:  15.0612 
Execution time: 0.68 seconds
Minimization using L-BFGS-B successful (iterations:143)
CHI2 after optimization:   1.5518 
Fraction of effective frames:   0.0006 
Warm start
Optimizing 33 data and 16080 samples. Theta=0.297470 
CHI2 before optimization:  15.0612 
Execution time: 0.52 seconds
Minimization using L-BFGS-B successful (iterations:104)
CHI2 after optimization:   1.5521 
Fraction of effective frames:   0.0006 
Warm start
Optimizing 33 data and 16080 samples. Theta=0.442443 
CHI2 before optimization:  15.0612 
Execution time: 0.40 seconds
Minimization using L-BFGS-B successful (iterations:83)
CHI2 after optimization:   1.5527 
Fraction of effective frames:   0.0006 
Warm start
Optimizing 33 data and 16080 samples. Theta=0.658069 
CHI2 before optimization:  15.0612 
Execution time: 0.31 seconds
Minimization using L-BFGS-B successful (iterations:69)
CHI2 after optimization:   1.5546 
Fraction of effective frames:   0.0007 
Warm start
Optimizing 33 data and 16080 samples. Theta=0.978780 
CHI2 before optimization:  15.0612 
Execution time: 0.24 seconds
Minimization using L-BFGS-B successful (iterations:48)
CHI2 after optimization:   1.5604 
Fraction of effective frames:   0.0008 
Warm start
Optimizing 33 data and 16080 samples. Theta=1.455791 
CHI2 before optimization:  15.0612 
Execution time: 0.17 seconds
Minimization using L-BFGS-B successful (iterations:37)
CHI2 after optimization:   1.5769 
Fraction of effective frames:   0.0009 
Warm start
Optimizing 33 data and 16080 samples. Theta=2.165273 
CHI2 before optimization:  15.0612 
Execution time: 0.13 seconds
Minimization using L-BFGS-B successful (iterations:28)
CHI2 after optimization:   1.6154 
Fraction of effective frames:   0.0013 
Warm start
Optimizing 33 data and 16080 samples. Theta=3.220524 
CHI2 before optimization:  15.0612 
Execution time: 0.12 seconds
Minimization using L-BFGS-B successful (iterations:24)
CHI2 after optimization:   1.7022 
Fraction of effective frames:   0.0023 
Warm start
Optimizing 33 data and 16080 samples. Theta=4.790053 
CHI2 before optimization:  15.0612 
Execution time: 0.09 seconds
Minimization using L-BFGS-B successful (iterations:20)
CHI2 after optimization:   1.8872 
Fraction of effective frames:   0.0049 
Warm start
Optimizing 33 data and 16080 samples. Theta=7.124496 
CHI2 before optimization:  15.0612 
Execution time: 0.08 seconds
Minimization using L-BFGS-B successful (iterations:15)
CHI2 after optimization:   2.2218 
Fraction of effective frames:   0.0126 
Warm start
Optimizing 33 data and 16080 samples. Theta=10.596634 
CHI2 before optimization:  15.0612 
Execution time: 0.07 seconds
Minimization using L-BFGS-B successful (iterations:13)
CHI2 after optimization:   2.7323 
Fraction of effective frames:   0.0329 
Warm start
Optimizing 33 data and 16080 samples. Theta=15.760926 
CHI2 before optimization:  15.0612 
Execution time: 0.05 seconds
Minimization using L-BFGS-B successful (iterations:11)
CHI2 after optimization:   3.4011 
Fraction of effective frames:   0.0774 
Warm start
Optimizing 33 data and 16080 samples. Theta=23.442046 
CHI2 before optimization:  15.0612 
Execution time: 0.07 seconds
Minimization using L-BFGS-B successful (iterations:12)
CHI2 after optimization:   4.1872 
Fraction of effective frames:   0.1521 
Warm start
Optimizing 33 data and 16080 samples. Theta=34.866576 
CHI2 before optimization:  15.0612 
Execution time: 0.05 seconds
Minimization using L-BFGS-B successful (iterations:10)
CHI2 after optimization:   5.0794 
Fraction of effective frames:   0.2548 
Warm start
Optimizing 33 data and 16080 samples. Theta=51.858876 
CHI2 before optimization:  15.0612 
Execution time: 0.06 seconds
Minimization using L-BFGS-B successful (iterations:10)
CHI2 after optimization:   6.0984 
Fraction of effective frames:   0.3787 
Warm start
Optimizing 33 data and 16080 samples. Theta=77.132408 
CHI2 before optimization:  15.0612 
Execution time: 0.05 seconds
Minimization using L-BFGS-B successful (iterations:11)
CHI2 after optimization:   7.2961 
Fraction of effective frames:   0.5177 
Warm start
Optimizing 33 data and 16080 samples. Theta=114.723050 
CHI2 before optimization:  15.0612 
Execution time: 0.05 seconds
Minimization using L-BFGS-B successful (iterations:10)
CHI2 after optimization:   8.7039 
Fraction of effective frames:   0.6630 
Warm start
Optimizing 33 data and 16080 samples. Theta=170.633570 
CHI2 before optimization:  15.0612 
Execution time: 0.05 seconds
Minimization using L-BFGS-B successful (iterations:10)
CHI2 after optimization:  10.2460 
Fraction of effective frames:   0.7960 
Warm start
Optimizing 33 data and 16080 samples. Theta=253.792201 
CHI2 before optimization:  15.0612 
Execution time: 0.06 seconds
Minimization using L-BFGS-B successful (iterations:11)
CHI2 after optimization:  11.6923 
Fraction of effective frames:   0.8939 
Warm start
Optimizing 33 data and 16080 samples. Theta=377.478364 
CHI2 before optimization:  15.0612 
Execution time: 0.06 seconds
Minimization using L-BFGS-B successful (iterations:11)
CHI2 after optimization:  12.8284 
Fraction of effective frames:   0.9506 
Warm start
Optimizing 33 data and 16080 samples. Theta=561.443241 
CHI2 before optimization:  15.0612 
Execution time: 0.05 seconds
Minimization using L-BFGS-B successful (iterations:10)
CHI2 after optimization:  13.6102 
Fraction of effective frames:   0.9782 
Warm start
Optimizing 33 data and 16080 samples. Theta=835.063787 
CHI2 before optimization:  15.0612 
Execution time: 0.06 seconds
Minimization using L-BFGS-B successful (iterations:10)
CHI2 after optimization:  14.1176 
Fraction of effective frames:   0.9905 
Warm start
Optimizing 33 data and 16080 samples. Theta=1242.033884 
CHI2 before optimization:  15.0612 
Execution time: 0.05 seconds
Minimization using L-BFGS-B successful (iterations:9)
CHI2 after optimization:  14.4435 
Fraction of effective frames:   0.9958 
Warm start
Optimizing 33 data and 16080 samples. Theta=1847.341714 
CHI2 before optimization:  15.0612 
Execution time: 0.05 seconds
Minimization using L-BFGS-B successful (iterations:8)
CHI2 after optimization:  14.6537 
Fraction of effective frames:   0.9982 
Warm start
Optimizing 33 data and 16080 samples. Theta=2747.647592 
CHI2 before optimization:  15.0612 
Execution time: 0.05 seconds
Minimization using L-BFGS-B successful (iterations:8)
CHI2 after optimization:  14.7909 
Fraction of effective frames:   0.9992 
Warm start
Optimizing 33 data and 16080 samples. Theta=4086.719436 
CHI2 before optimization:  15.0612 
Execution time: 0.04 seconds
Minimization using L-BFGS-B successful (iterations:7)
CHI2 after optimization:  14.8812 
Fraction of effective frames:   0.9996 
Warm start
Optimizing 33 data and 16080 samples. Theta=6078.390765 
CHI2 before optimization:  15.0612 
Execution time: 0.03 seconds
Minimization using L-BFGS-B successful (iterations:6)
CHI2 after optimization:  14.9412 
Fraction of effective frames:   0.9998 
Warm start
Optimizing 33 data and 16080 samples. Theta=9040.707313 
CHI2 before optimization:  15.0612 
Execution time: 0.02 seconds
Minimization using L-BFGS-B successful (iterations:6)
CHI2 after optimization:  14.9809 
Fraction of effective frames:   0.9999 
Warm start
Optimizing 33 data and 16080 samples. Theta=13446.715073 
CHI2 before optimization:  15.0612 
Execution time: 0.04 seconds
Minimization using L-BFGS-B successful (iterations:6)
CHI2 after optimization:  15.0073 
Fraction of effective frames:   1.0000 
Warm start
Optimizing 33 data and 16080 samples. Theta=20000.000000 
CHI2 before optimization:  15.0612 
Execution time: 0.04 seconds
Minimization using L-BFGS-B successful (iterations:5)
CHI2 after optimization:  15.0250 
Fraction of effective frames:   1.0000 
