Lagrange multipliers initialized from zero
Optimizing 36 data and 16080 samples. Theta=0.200000 
CHI2 before optimization:  28.2585 
Execution time: 1.03 seconds
Minimization using L-BFGS-B successful (iterations:198)
CHI2 after optimization:   2.8539 
Fraction of effective frames:   0.0006 
Warm start
Optimizing 36 data and 16080 samples. Theta=0.297470 
CHI2 before optimization:  28.2585 
Execution time: 0.67 seconds
Minimization using L-BFGS-B successful (iterations:134)
CHI2 after optimization:   2.8542 
Fraction of effective frames:   0.0006 
Warm start
Optimizing 36 data and 16080 samples. Theta=0.442443 
CHI2 before optimization:  28.2585 
Execution time: 0.52 seconds
Minimization using L-BFGS-B successful (iterations:109)
CHI2 after optimization:   2.8548 
Fraction of effective frames:   0.0006 
Warm start
Optimizing 36 data and 16080 samples. Theta=0.658069 
CHI2 before optimization:  28.2585 
Execution time: 0.43 seconds
Minimization using L-BFGS-B successful (iterations:89)
CHI2 after optimization:   2.8559 
Fraction of effective frames:   0.0006 
Warm start
Optimizing 36 data and 16080 samples. Theta=0.978780 
CHI2 before optimization:  28.2585 
Execution time: 0.33 seconds
Minimization using L-BFGS-B successful (iterations:68)
CHI2 after optimization:   2.8584 
Fraction of effective frames:   0.0006 
Warm start
Optimizing 36 data and 16080 samples. Theta=1.455791 
CHI2 before optimization:  28.2585 
Execution time: 0.23 seconds
Minimization using L-BFGS-B successful (iterations:51)
CHI2 after optimization:   2.8637 
Fraction of effective frames:   0.0007 
Warm start
Optimizing 36 data and 16080 samples. Theta=2.165273 
CHI2 before optimization:  28.2585 
Execution time: 0.22 seconds
Minimization using L-BFGS-B successful (iterations:43)
CHI2 after optimization:   2.8756 
Fraction of effective frames:   0.0008 
Warm start
Optimizing 36 data and 16080 samples. Theta=3.220524 
CHI2 before optimization:  28.2585 
Execution time: 0.18 seconds
Minimization using L-BFGS-B successful (iterations:39)
CHI2 after optimization:   2.9092 
Fraction of effective frames:   0.0010 
Warm start
Optimizing 36 data and 16080 samples. Theta=4.790053 
CHI2 before optimization:  28.2585 
Execution time: 0.13 seconds
Minimization using L-BFGS-B successful (iterations:27)
CHI2 after optimization:   3.0081 
Fraction of effective frames:   0.0015 
Warm start
Optimizing 36 data and 16080 samples. Theta=7.124496 
CHI2 before optimization:  28.2585 
Execution time: 0.13 seconds
Minimization using L-BFGS-B successful (iterations:27)
CHI2 after optimization:   3.2597 
Fraction of effective frames:   0.0032 
Warm start
Optimizing 36 data and 16080 samples. Theta=10.596634 
CHI2 before optimization:  28.2585 
Execution time: 0.11 seconds
Minimization using L-BFGS-B successful (iterations:20)
CHI2 after optimization:   3.7676 
Fraction of effective frames:   0.0091 
Warm start
Optimizing 36 data and 16080 samples. Theta=15.760926 
CHI2 before optimization:  28.2585 
Execution time: 0.10 seconds
Minimization using L-BFGS-B successful (iterations:15)
CHI2 after optimization:   4.5172 
Fraction of effective frames:   0.0259 
Warm start
Optimizing 36 data and 16080 samples. Theta=23.442046 
CHI2 before optimization:  28.2585 
Execution time: 0.08 seconds
Minimization using L-BFGS-B successful (iterations:15)
CHI2 after optimization:   5.3814 
Fraction of effective frames:   0.0584 
Warm start
Optimizing 36 data and 16080 samples. Theta=34.866576 
CHI2 before optimization:  28.2585 
Execution time: 0.08 seconds
Minimization using L-BFGS-B successful (iterations:13)
CHI2 after optimization:   6.3242 
Fraction of effective frames:   0.1059 
Warm start
Optimizing 36 data and 16080 samples. Theta=51.858876 
CHI2 before optimization:  28.2585 
Execution time: 0.08 seconds
Minimization using L-BFGS-B successful (iterations:12)
CHI2 after optimization:   7.4243 
Fraction of effective frames:   0.1687 
Warm start
Optimizing 36 data and 16080 samples. Theta=77.132408 
CHI2 before optimization:  28.2585 
Execution time: 0.06 seconds
Minimization using L-BFGS-B successful (iterations:11)
CHI2 after optimization:   8.8229 
Fraction of effective frames:   0.2509 
Warm start
Optimizing 36 data and 16080 samples. Theta=114.723050 
CHI2 before optimization:  28.2585 
Execution time: 0.07 seconds
Minimization using L-BFGS-B successful (iterations:11)
CHI2 after optimization:  10.7291 
Fraction of effective frames:   0.3608 
Warm start
Optimizing 36 data and 16080 samples. Theta=170.633570 
CHI2 before optimization:  28.2585 
Execution time: 0.06 seconds
Minimization using L-BFGS-B successful (iterations:10)
CHI2 after optimization:  13.3322 
Fraction of effective frames:   0.5037 
Warm start
Optimizing 36 data and 16080 samples. Theta=253.792201 
CHI2 before optimization:  28.2585 
Execution time: 0.07 seconds
Minimization using L-BFGS-B successful (iterations:11)
CHI2 after optimization:  16.5799 
Fraction of effective frames:   0.6674 
Warm start
Optimizing 36 data and 16080 samples. Theta=377.478364 
CHI2 before optimization:  28.2585 
Execution time: 0.07 seconds
Minimization using L-BFGS-B successful (iterations:12)
CHI2 after optimization:  19.9725 
Fraction of effective frames:   0.8145 
Warm start
Optimizing 36 data and 16080 samples. Theta=561.443241 
CHI2 before optimization:  28.2585 
Execution time: 0.07 seconds
Minimization using L-BFGS-B successful (iterations:12)
CHI2 after optimization:  22.8074 
Fraction of effective frames:   0.9116 
Warm start
Optimizing 36 data and 16080 samples. Theta=835.063787 
CHI2 before optimization:  28.2585 
Execution time: 0.07 seconds
Minimization using L-BFGS-B successful (iterations:11)
CHI2 after optimization:  24.7847 
Fraction of effective frames:   0.9612 
Warm start
Optimizing 36 data and 16080 samples. Theta=1242.033884 
CHI2 before optimization:  28.2585 
Execution time: 0.05 seconds
Minimization using L-BFGS-B successful (iterations:11)
CHI2 after optimization:  26.0473 
Fraction of effective frames:   0.9834 
Warm start
Optimizing 36 data and 16080 samples. Theta=1847.341714 
CHI2 before optimization:  28.2585 
Execution time: 0.07 seconds
Minimization using L-BFGS-B successful (iterations:11)
CHI2 after optimization:  26.8366 
Fraction of effective frames:   0.9929 
Warm start
Optimizing 36 data and 16080 samples. Theta=2747.647592 
CHI2 before optimization:  28.2585 
Execution time: 0.07 seconds
Minimization using L-BFGS-B successful (iterations:11)
CHI2 after optimization:  27.3336 
Fraction of effective frames:   0.9969 
Warm start
Optimizing 36 data and 16080 samples. Theta=4086.719436 
CHI2 before optimization:  28.2585 
Execution time: 0.06 seconds
Minimization using L-BFGS-B successful (iterations:11)
CHI2 after optimization:  27.6511 
Fraction of effective frames:   0.9986 
Warm start
Optimizing 36 data and 16080 samples. Theta=6078.390765 
CHI2 before optimization:  28.2585 
Execution time: 0.07 seconds
Minimization using L-BFGS-B successful (iterations:10)
CHI2 after optimization:  27.8563 
Fraction of effective frames:   0.9994 
Warm start
Optimizing 36 data and 16080 samples. Theta=9040.707313 
CHI2 before optimization:  28.2585 
Execution time: 0.05 seconds
Minimization using L-BFGS-B successful (iterations:9)
CHI2 after optimization:  27.9915 
Fraction of effective frames:   0.9997 
Warm start
Optimizing 36 data and 16080 samples. Theta=13446.715073 
CHI2 before optimization:  28.2585 
Execution time: 0.04 seconds
Minimization using L-BFGS-B successful (iterations:8)
CHI2 after optimization:  28.0818 
Fraction of effective frames:   0.9999 
Warm start
Optimizing 36 data and 16080 samples. Theta=20000.000000 
CHI2 before optimization:  28.2585 
Execution time: 0.03 seconds
Minimization using L-BFGS-B successful (iterations:8)
CHI2 after optimization:  28.1398 
Fraction of effective frames:   0.9999 
