Lagrange multipliers initialized from zero
Optimizing 54 data and 16080 samples. Theta=0.200000 
CHI2 before optimization:   9.4916 
Execution time: 0.92 seconds
Minimization using L-BFGS-B successful (iterations:134)
CHI2 after optimization:   2.3358 
Fraction of effective frames:   0.0008 
Warm start
Optimizing 54 data and 16080 samples. Theta=0.297470 
CHI2 before optimization:   9.4916 
Execution time: 0.67 seconds
Minimization using L-BFGS-B successful (iterations:94)
CHI2 after optimization:   2.3360 
Fraction of effective frames:   0.0008 
Warm start
Optimizing 54 data and 16080 samples. Theta=0.442443 
CHI2 before optimization:   9.4916 
Execution time: 0.54 seconds
Minimization using L-BFGS-B successful (iterations:78)
CHI2 after optimization:   2.3364 
Fraction of effective frames:   0.0008 
Warm start
Optimizing 54 data and 16080 samples. Theta=0.658069 
CHI2 before optimization:   9.4916 
Execution time: 0.42 seconds
Minimization using L-BFGS-B successful (iterations:61)
CHI2 after optimization:   2.3372 
Fraction of effective frames:   0.0008 
Warm start
Optimizing 54 data and 16080 samples. Theta=0.978780 
CHI2 before optimization:   9.4916 
Execution time: 0.28 seconds
Minimization using L-BFGS-B successful (iterations:43)
CHI2 after optimization:   2.3389 
Fraction of effective frames:   0.0009 
Warm start
Optimizing 54 data and 16080 samples. Theta=1.455791 
CHI2 before optimization:   9.4916 
Execution time: 0.27 seconds
Minimization using L-BFGS-B successful (iterations:38)
CHI2 after optimization:   2.3425 
Fraction of effective frames:   0.0010 
Warm start
Optimizing 54 data and 16080 samples. Theta=2.165273 
CHI2 before optimization:   9.4916 
Execution time: 0.21 seconds
Minimization using L-BFGS-B successful (iterations:32)
CHI2 after optimization:   2.3516 
Fraction of effective frames:   0.0011 
Warm start
Optimizing 54 data and 16080 samples. Theta=3.220524 
CHI2 before optimization:   9.4916 
Execution time: 0.17 seconds
Minimization using L-BFGS-B successful (iterations:25)
CHI2 after optimization:   2.3771 
Fraction of effective frames:   0.0014 
Warm start
Optimizing 54 data and 16080 samples. Theta=4.790053 
CHI2 before optimization:   9.4916 
Execution time: 0.15 seconds
Minimization using L-BFGS-B successful (iterations:20)
CHI2 after optimization:   2.4524 
Fraction of effective frames:   0.0023 
Warm start
Optimizing 54 data and 16080 samples. Theta=7.124496 
CHI2 before optimization:   9.4916 
Execution time: 0.11 seconds
Minimization using L-BFGS-B successful (iterations:16)
CHI2 after optimization:   2.6476 
Fraction of effective frames:   0.0056 
Warm start
Optimizing 54 data and 16080 samples. Theta=10.596634 
CHI2 before optimization:   9.4916 
Execution time: 0.13 seconds
Minimization using L-BFGS-B successful (iterations:14)
CHI2 after optimization:   3.0001 
Fraction of effective frames:   0.0168 
Warm start
Optimizing 54 data and 16080 samples. Theta=15.760926 
CHI2 before optimization:   9.4916 
Execution time: 0.12 seconds
Minimization using L-BFGS-B successful (iterations:12)
CHI2 after optimization:   3.4826 
Fraction of effective frames:   0.0458 
Warm start
Optimizing 54 data and 16080 samples. Theta=23.442046 
CHI2 before optimization:   9.4916 
Execution time: 0.10 seconds
Minimization using L-BFGS-B successful (iterations:11)
CHI2 after optimization:   4.1119 
Fraction of effective frames:   0.1107 
Warm start
Optimizing 54 data and 16080 samples. Theta=34.866576 
CHI2 before optimization:   9.4916 
Execution time: 0.09 seconds
Minimization using L-BFGS-B successful (iterations:10)
CHI2 after optimization:   4.9145 
Fraction of effective frames:   0.2362 
Warm start
Optimizing 54 data and 16080 samples. Theta=51.858876 
CHI2 before optimization:   9.4916 
Execution time: 0.10 seconds
Minimization using L-BFGS-B successful (iterations:10)
CHI2 after optimization:   5.8424 
Fraction of effective frames:   0.4267 
Warm start
Optimizing 54 data and 16080 samples. Theta=77.132408 
CHI2 before optimization:   9.4916 
Execution time: 0.13 seconds
Minimization using L-BFGS-B successful (iterations:10)
CHI2 after optimization:   6.7677 
Fraction of effective frames:   0.6357 
Warm start
Optimizing 54 data and 16080 samples. Theta=114.723050 
CHI2 before optimization:   9.4916 
Execution time: 0.12 seconds
Minimization using L-BFGS-B successful (iterations:10)
CHI2 after optimization:   7.5596 
Fraction of effective frames:   0.8005 
Warm start
Optimizing 54 data and 16080 samples. Theta=170.633570 
CHI2 before optimization:   9.4916 
Execution time: 0.11 seconds
Minimization using L-BFGS-B successful (iterations:10)
CHI2 after optimization:   8.1614 
Fraction of effective frames:   0.9009 
Warm start
Optimizing 54 data and 16080 samples. Theta=253.792201 
CHI2 before optimization:   9.4916 
Execution time: 0.10 seconds
Minimization using L-BFGS-B successful (iterations:10)
CHI2 after optimization:   8.5883 
Fraction of effective frames:   0.9533 
Warm start
Optimizing 54 data and 16080 samples. Theta=377.478364 
CHI2 before optimization:   9.4916 
Execution time: 0.08 seconds
Minimization using L-BFGS-B successful (iterations:10)
CHI2 after optimization:   8.8817 
Fraction of effective frames:   0.9785 
Warm start
Optimizing 54 data and 16080 samples. Theta=561.443241 
CHI2 before optimization:   9.4916 
Execution time: 0.07 seconds
Minimization using L-BFGS-B successful (iterations:10)
CHI2 after optimization:   9.0808 
Fraction of effective frames:   0.9902 
Warm start
Optimizing 54 data and 16080 samples. Theta=835.063787 
CHI2 before optimization:   9.4916 
Execution time: 0.08 seconds
Minimization using L-BFGS-B successful (iterations:10)
CHI2 after optimization:   9.2151 
Fraction of effective frames:   0.9955 
Warm start
Optimizing 54 data and 16080 samples. Theta=1242.033884 
CHI2 before optimization:   9.4916 
Execution time: 0.08 seconds
Minimization using L-BFGS-B successful (iterations:9)
CHI2 after optimization:   9.3056 
Fraction of effective frames:   0.9980 
Warm start
Optimizing 54 data and 16080 samples. Theta=1847.341714 
CHI2 before optimization:   9.4916 
Execution time: 0.07 seconds
Minimization using L-BFGS-B successful (iterations:9)
CHI2 after optimization:   9.3665 
Fraction of effective frames:   0.9991 
Warm start
Optimizing 54 data and 16080 samples. Theta=2747.647592 
CHI2 before optimization:   9.4916 
Execution time: 0.06 seconds
Minimization using L-BFGS-B successful (iterations:8)
CHI2 after optimization:   9.4075 
Fraction of effective frames:   0.9996 
Warm start
Optimizing 54 data and 16080 samples. Theta=4086.719436 
CHI2 before optimization:   9.4916 
Execution time: 0.06 seconds
Minimization using L-BFGS-B successful (iterations:8)
CHI2 after optimization:   9.4351 
Fraction of effective frames:   0.9998 
Warm start
Optimizing 54 data and 16080 samples. Theta=6078.390765 
CHI2 before optimization:   9.4916 
Execution time: 0.05 seconds
Minimization using L-BFGS-B successful (iterations:7)
CHI2 after optimization:   9.4536 
Fraction of effective frames:   0.9999 
Warm start
Optimizing 54 data and 16080 samples. Theta=9040.707313 
CHI2 before optimization:   9.4916 
Execution time: 0.05 seconds
Minimization using L-BFGS-B successful (iterations:6)
CHI2 after optimization:   9.4659 
Fraction of effective frames:   1.0000 
Warm start
Optimizing 54 data and 16080 samples. Theta=13446.715073 
CHI2 before optimization:   9.4916 
Execution time: 0.05 seconds
Minimization using L-BFGS-B successful (iterations:6)
CHI2 after optimization:   9.4744 
Fraction of effective frames:   1.0000 
Warm start
Optimizing 54 data and 16080 samples. Theta=20000.000000 
CHI2 before optimization:   9.4916 
Execution time: 0.04 seconds
Minimization using L-BFGS-B successful (iterations:4)
CHI2 after optimization:   9.4794 
Fraction of effective frames:   1.0000 
