Lagrange multipliers initialized from zero
Optimizing 155 data and 16080 samples. Theta=0.200000 
CHI2 before optimization:   5.8324 
Execution time: 3.47 seconds
Minimization using L-BFGS-B successful (iterations:184)
CHI2 after optimization:   1.1347 
Fraction of effective frames:   0.0012 
Warm start
Optimizing 155 data and 16080 samples. Theta=0.297470 
CHI2 before optimization:   5.8324 
Execution time: 2.38 seconds
Minimization using L-BFGS-B successful (iterations:139)
CHI2 after optimization:   1.1348 
Fraction of effective frames:   0.0012 
Warm start
Optimizing 155 data and 16080 samples. Theta=0.442443 
CHI2 before optimization:   5.8324 
Execution time: 1.97 seconds
Minimization using L-BFGS-B successful (iterations:116)
CHI2 after optimization:   1.1350 
Fraction of effective frames:   0.0013 
Warm start
Optimizing 155 data and 16080 samples. Theta=0.658069 
CHI2 before optimization:   5.8324 
Execution time: 1.57 seconds
Minimization using L-BFGS-B successful (iterations:90)
CHI2 after optimization:   1.1354 
Fraction of effective frames:   0.0014 
Warm start
Optimizing 155 data and 16080 samples. Theta=0.978780 
CHI2 before optimization:   5.8324 
Execution time: 1.25 seconds
Minimization using L-BFGS-B successful (iterations:71)
CHI2 after optimization:   1.1361 
Fraction of effective frames:   0.0015 
Warm start
Optimizing 155 data and 16080 samples. Theta=1.455791 
CHI2 before optimization:   5.8324 
Execution time: 0.93 seconds
Minimization using L-BFGS-B successful (iterations:56)
CHI2 after optimization:   1.1374 
Fraction of effective frames:   0.0016 
Warm start
Optimizing 155 data and 16080 samples. Theta=2.165273 
CHI2 before optimization:   5.8324 
Execution time: 0.71 seconds
Minimization using L-BFGS-B successful (iterations:40)
CHI2 after optimization:   1.1397 
Fraction of effective frames:   0.0018 
Warm start
Optimizing 155 data and 16080 samples. Theta=3.220524 
CHI2 before optimization:   5.8324 
Execution time: 0.69 seconds
Minimization using L-BFGS-B successful (iterations:38)
CHI2 after optimization:   1.1444 
Fraction of effective frames:   0.0020 
Warm start
Optimizing 155 data and 16080 samples. Theta=4.790053 
CHI2 before optimization:   5.8324 
Execution time: 0.46 seconds
Minimization using L-BFGS-B successful (iterations:27)
CHI2 after optimization:   1.1561 
Fraction of effective frames:   0.0025 
Warm start
Optimizing 155 data and 16080 samples. Theta=7.124496 
CHI2 before optimization:   5.8324 
Execution time: 0.47 seconds
Minimization using L-BFGS-B successful (iterations:25)
CHI2 after optimization:   1.1866 
Fraction of effective frames:   0.0038 
Warm start
Optimizing 155 data and 16080 samples. Theta=10.596634 
CHI2 before optimization:   5.8324 
Execution time: 0.40 seconds
Minimization using L-BFGS-B successful (iterations:21)
CHI2 after optimization:   1.2601 
Fraction of effective frames:   0.0071 
Warm start
Optimizing 155 data and 16080 samples. Theta=15.760926 
CHI2 before optimization:   5.8324 
Execution time: 0.36 seconds
Minimization using L-BFGS-B successful (iterations:19)
CHI2 after optimization:   1.4006 
Fraction of effective frames:   0.0164 
Warm start
Optimizing 155 data and 16080 samples. Theta=23.442046 
CHI2 before optimization:   5.8324 
Execution time: 0.36 seconds
Minimization using L-BFGS-B successful (iterations:18)
CHI2 after optimization:   1.6135 
Fraction of effective frames:   0.0386 
Warm start
Optimizing 155 data and 16080 samples. Theta=34.866576 
CHI2 before optimization:   5.8324 
Execution time: 0.32 seconds
Minimization using L-BFGS-B successful (iterations:17)
CHI2 after optimization:   1.8999 
Fraction of effective frames:   0.0837 
Warm start
Optimizing 155 data and 16080 samples. Theta=51.858876 
CHI2 before optimization:   5.8324 
Execution time: 0.31 seconds
Minimization using L-BFGS-B successful (iterations:17)
CHI2 after optimization:   2.2688 
Fraction of effective frames:   0.1638 
Warm start
Optimizing 155 data and 16080 samples. Theta=77.132408 
CHI2 before optimization:   5.8324 
Execution time: 0.30 seconds
Minimization using L-BFGS-B successful (iterations:17)
CHI2 after optimization:   2.7366 
Fraction of effective frames:   0.2904 
Warm start
Optimizing 155 data and 16080 samples. Theta=114.723050 
CHI2 before optimization:   5.8324 
Execution time: 0.33 seconds
Minimization using L-BFGS-B successful (iterations:17)
CHI2 after optimization:   3.3016 
Fraction of effective frames:   0.4630 
Warm start
Optimizing 155 data and 16080 samples. Theta=170.633570 
CHI2 before optimization:   5.8324 
Execution time: 0.31 seconds
Minimization using L-BFGS-B successful (iterations:17)
CHI2 after optimization:   3.9161 
Fraction of effective frames:   0.6520 
Warm start
Optimizing 155 data and 16080 samples. Theta=253.792201 
CHI2 before optimization:   5.8324 
Execution time: 0.32 seconds
Minimization using L-BFGS-B successful (iterations:17)
CHI2 after optimization:   4.4917 
Fraction of effective frames:   0.8099 
Warm start
Optimizing 155 data and 16080 samples. Theta=377.478364 
CHI2 before optimization:   5.8324 
Execution time: 0.30 seconds
Minimization using L-BFGS-B successful (iterations:16)
CHI2 after optimization:   4.9463 
Fraction of effective frames:   0.9093 
Warm start
Optimizing 155 data and 16080 samples. Theta=561.443241 
CHI2 before optimization:   5.8324 
Execution time: 0.35 seconds
Minimization using L-BFGS-B successful (iterations:16)
CHI2 after optimization:   5.2598 
Fraction of effective frames:   0.9597 
Warm start
Optimizing 155 data and 16080 samples. Theta=835.063787 
CHI2 before optimization:   5.8324 
Execution time: 0.33 seconds
Minimization using L-BFGS-B successful (iterations:16)
CHI2 after optimization:   5.4623 
Fraction of effective frames:   0.9824 
Warm start
Optimizing 155 data and 16080 samples. Theta=1242.033884 
CHI2 before optimization:   5.8324 
Execution time: 0.33 seconds
Minimization using L-BFGS-B successful (iterations:15)
CHI2 after optimization:   5.5914 
Fraction of effective frames:   0.9923 
Warm start
Optimizing 155 data and 16080 samples. Theta=1847.341714 
CHI2 before optimization:   5.8324 
Execution time: 0.32 seconds
Minimization using L-BFGS-B successful (iterations:14)
CHI2 after optimization:   5.6741 
Fraction of effective frames:   0.9966 
Warm start
Optimizing 155 data and 16080 samples. Theta=2747.647592 
CHI2 before optimization:   5.8324 
Execution time: 0.27 seconds
Minimization using L-BFGS-B successful (iterations:13)
CHI2 after optimization:   5.7277 
Fraction of effective frames:   0.9985 
Warm start
Optimizing 155 data and 16080 samples. Theta=4086.719436 
CHI2 before optimization:   5.8324 
Execution time: 0.23 seconds
Minimization using L-BFGS-B successful (iterations:12)
CHI2 after optimization:   5.7627 
Fraction of effective frames:   0.9993 
Warm start
Optimizing 155 data and 16080 samples. Theta=6078.390765 
CHI2 before optimization:   5.8324 
Execution time: 0.24 seconds
Minimization using L-BFGS-B successful (iterations:11)
CHI2 after optimization:   5.7858 
Fraction of effective frames:   0.9997 
Warm start
Optimizing 155 data and 16080 samples. Theta=9040.707313 
CHI2 before optimization:   5.8324 
Execution time: 0.21 seconds
Minimization using L-BFGS-B successful (iterations:10)
CHI2 after optimization:   5.8012 
Fraction of effective frames:   0.9999 
Warm start
Optimizing 155 data and 16080 samples. Theta=13446.715073 
CHI2 before optimization:   5.8324 
Execution time: 0.17 seconds
Minimization using L-BFGS-B successful (iterations:8)
CHI2 after optimization:   5.8113 
Fraction of effective frames:   0.9999 
Warm start
Optimizing 155 data and 16080 samples. Theta=20000.000000 
CHI2 before optimization:   5.8324 
Execution time: 0.13 seconds
Minimization using L-BFGS-B successful (iterations:6)
CHI2 after optimization:   5.8185 
Fraction of effective frames:   1.0000 
