Lagrange multipliers initialized from zero
Optimizing 128 data and 16080 samples. Theta=0.200000 
CHI2 before optimization:   2.9288 
Execution time: 1.32 seconds
Minimization using L-BFGS-B successful (iterations:85)
CHI2 after optimization:   0.1128 
Fraction of effective frames:   0.0015 
Warm start
Optimizing 128 data and 16080 samples. Theta=0.297470 
CHI2 before optimization:   2.9288 
Execution time: 0.77 seconds
Minimization using L-BFGS-B successful (iterations:56)
CHI2 after optimization:   0.1133 
Fraction of effective frames:   0.0017 
Warm start
Optimizing 128 data and 16080 samples. Theta=0.442443 
CHI2 before optimization:   2.9288 
Execution time: 0.60 seconds
Minimization using L-BFGS-B successful (iterations:43)
CHI2 after optimization:   0.1144 
Fraction of effective frames:   0.0021 
Warm start
Optimizing 128 data and 16080 samples. Theta=0.658069 
CHI2 before optimization:   2.9288 
Execution time: 0.49 seconds
Minimization using L-BFGS-B successful (iterations:34)
CHI2 after optimization:   0.1171 
Fraction of effective frames:   0.0029 
Warm start
Optimizing 128 data and 16080 samples. Theta=0.978780 
CHI2 before optimization:   2.9288 
Execution time: 0.42 seconds
Minimization using L-BFGS-B successful (iterations:27)
CHI2 after optimization:   0.1229 
Fraction of effective frames:   0.0045 
Warm start
Optimizing 128 data and 16080 samples. Theta=1.455791 
CHI2 before optimization:   2.9288 
Execution time: 0.32 seconds
Minimization using L-BFGS-B successful (iterations:21)
CHI2 after optimization:   0.1340 
Fraction of effective frames:   0.0081 
Warm start
Optimizing 128 data and 16080 samples. Theta=2.165273 
CHI2 before optimization:   2.9288 
Execution time: 0.28 seconds
Minimization using L-BFGS-B successful (iterations:19)
CHI2 after optimization:   0.1521 
Fraction of effective frames:   0.0155 
Warm start
Optimizing 128 data and 16080 samples. Theta=3.220524 
CHI2 before optimization:   2.9288 
Execution time: 0.23 seconds
Minimization using L-BFGS-B successful (iterations:16)
CHI2 after optimization:   0.1786 
Fraction of effective frames:   0.0295 
Warm start
Optimizing 128 data and 16080 samples. Theta=4.790053 
CHI2 before optimization:   2.9288 
Execution time: 0.23 seconds
Minimization using L-BFGS-B successful (iterations:15)
CHI2 after optimization:   0.2155 
Fraction of effective frames:   0.0537 
Warm start
Optimizing 128 data and 16080 samples. Theta=7.124496 
CHI2 before optimization:   2.9288 
Execution time: 0.24 seconds
Minimization using L-BFGS-B successful (iterations:14)
CHI2 after optimization:   0.2635 
Fraction of effective frames:   0.0908 
Warm start
Optimizing 128 data and 16080 samples. Theta=10.596634 
CHI2 before optimization:   2.9288 
Execution time: 0.25 seconds
Minimization using L-BFGS-B successful (iterations:15)
CHI2 after optimization:   0.3225 
Fraction of effective frames:   0.1403 
Warm start
Optimizing 128 data and 16080 samples. Theta=15.760926 
CHI2 before optimization:   2.9288 
Execution time: 0.25 seconds
Minimization using L-BFGS-B successful (iterations:14)
CHI2 after optimization:   0.3920 
Fraction of effective frames:   0.1979 
Warm start
Optimizing 128 data and 16080 samples. Theta=23.442046 
CHI2 before optimization:   2.9288 
Execution time: 0.26 seconds
Minimization using L-BFGS-B successful (iterations:15)
CHI2 after optimization:   0.4764 
Fraction of effective frames:   0.2621 
Warm start
Optimizing 128 data and 16080 samples. Theta=34.866576 
CHI2 before optimization:   2.9288 
Execution time: 0.28 seconds
Minimization using L-BFGS-B successful (iterations:16)
CHI2 after optimization:   0.5876 
Fraction of effective frames:   0.3358 
Warm start
Optimizing 128 data and 16080 samples. Theta=51.858876 
CHI2 before optimization:   2.9288 
Execution time: 0.27 seconds
Minimization using L-BFGS-B successful (iterations:16)
CHI2 after optimization:   0.7458 
Fraction of effective frames:   0.4256 
Warm start
Optimizing 128 data and 16080 samples. Theta=77.132408 
CHI2 before optimization:   2.9288 
Execution time: 0.27 seconds
Minimization using L-BFGS-B successful (iterations:16)
CHI2 after optimization:   0.9764 
Fraction of effective frames:   0.5367 
Warm start
Optimizing 128 data and 16080 samples. Theta=114.723050 
CHI2 before optimization:   2.9288 
Execution time: 0.23 seconds
Minimization using L-BFGS-B successful (iterations:16)
CHI2 after optimization:   1.2952 
Fraction of effective frames:   0.6663 
Warm start
Optimizing 128 data and 16080 samples. Theta=170.633570 
CHI2 before optimization:   2.9288 
Execution time: 0.25 seconds
Minimization using L-BFGS-B successful (iterations:16)
CHI2 after optimization:   1.6784 
Fraction of effective frames:   0.7944 
Warm start
Optimizing 128 data and 16080 samples. Theta=253.792201 
CHI2 before optimization:   2.9288 
Execution time: 0.22 seconds
Minimization using L-BFGS-B successful (iterations:14)
CHI2 after optimization:   2.0532 
Fraction of effective frames:   0.8925 
Warm start
Optimizing 128 data and 16080 samples. Theta=377.478364 
CHI2 before optimization:   2.9288 
Execution time: 0.22 seconds
Minimization using L-BFGS-B successful (iterations:14)
CHI2 after optimization:   2.3502 
Fraction of effective frames:   0.9501 
Warm start
Optimizing 128 data and 16080 samples. Theta=561.443241 
CHI2 before optimization:   2.9288 
Execution time: 0.23 seconds
Minimization using L-BFGS-B successful (iterations:14)
CHI2 after optimization:   2.5546 
Fraction of effective frames:   0.9780 
Warm start
Optimizing 128 data and 16080 samples. Theta=835.063787 
CHI2 before optimization:   2.9288 
Execution time: 0.22 seconds
Minimization using L-BFGS-B successful (iterations:14)
CHI2 after optimization:   2.6868 
Fraction of effective frames:   0.9905 
Warm start
Optimizing 128 data and 16080 samples. Theta=1242.033884 
CHI2 before optimization:   2.9288 
Execution time: 0.22 seconds
Minimization using L-BFGS-B successful (iterations:13)
CHI2 after optimization:   2.7711 
Fraction of effective frames:   0.9958 
Warm start
Optimizing 128 data and 16080 samples. Theta=1847.341714 
CHI2 before optimization:   2.9288 
Execution time: 0.18 seconds
Minimization using L-BFGS-B successful (iterations:12)
CHI2 after optimization:   2.8252 
Fraction of effective frames:   0.9982 
Warm start
Optimizing 128 data and 16080 samples. Theta=2747.647592 
CHI2 before optimization:   2.9288 
Execution time: 0.20 seconds
Minimization using L-BFGS-B successful (iterations:12)
CHI2 after optimization:   2.8603 
Fraction of effective frames:   0.9992 
Warm start
Optimizing 128 data and 16080 samples. Theta=4086.719436 
CHI2 before optimization:   2.9288 
Execution time: 0.17 seconds
Minimization using L-BFGS-B successful (iterations:11)
CHI2 after optimization:   2.8833 
Fraction of effective frames:   0.9996 
Warm start
Optimizing 128 data and 16080 samples. Theta=6078.390765 
CHI2 before optimization:   2.9288 
Execution time: 0.16 seconds
Minimization using L-BFGS-B successful (iterations:10)
CHI2 after optimization:   2.8984 
Fraction of effective frames:   0.9998 
Warm start
Optimizing 128 data and 16080 samples. Theta=9040.707313 
CHI2 before optimization:   2.9288 
Execution time: 0.13 seconds
Minimization using L-BFGS-B successful (iterations:9)
CHI2 after optimization:   2.9085 
Fraction of effective frames:   0.9999 
Warm start
Optimizing 128 data and 16080 samples. Theta=13446.715073 
CHI2 before optimization:   2.9288 
Execution time: 0.11 seconds
Minimization using L-BFGS-B successful (iterations:7)
CHI2 after optimization:   2.9150 
Fraction of effective frames:   1.0000 
Warm start
Optimizing 128 data and 16080 samples. Theta=20000.000000 
CHI2 before optimization:   2.9288 
Execution time: 0.12 seconds
Minimization using L-BFGS-B successful (iterations:7)
CHI2 after optimization:   2.9196 
Fraction of effective frames:   1.0000 
