Lagrange multipliers initialized from zero
Optimizing 63 data and 16080 samples. Theta=0.200000 
CHI2 before optimization:  16.4602 
Execution time: 1.87 seconds
Minimization using L-BFGS-B successful (iterations:208)
CHI2 after optimization:   2.3013 
Fraction of effective frames:   0.0009 
Warm start
Optimizing 63 data and 16080 samples. Theta=0.297470 
CHI2 before optimization:  16.4602 
Execution time: 1.16 seconds
Minimization using L-BFGS-B successful (iterations:147)
CHI2 after optimization:   2.3014 
Fraction of effective frames:   0.0009 
Warm start
Optimizing 63 data and 16080 samples. Theta=0.442443 
CHI2 before optimization:  16.4602 
Execution time: 1.00 seconds
Minimization using L-BFGS-B successful (iterations:119)
CHI2 after optimization:   2.3016 
Fraction of effective frames:   0.0010 
Warm start
Optimizing 63 data and 16080 samples. Theta=0.658069 
CHI2 before optimization:  16.4602 
Execution time: 0.78 seconds
Minimization using L-BFGS-B successful (iterations:99)
CHI2 after optimization:   2.3022 
Fraction of effective frames:   0.0010 
Warm start
Optimizing 63 data and 16080 samples. Theta=0.978780 
CHI2 before optimization:  16.4602 
Execution time: 0.65 seconds
Minimization using L-BFGS-B successful (iterations:80)
CHI2 after optimization:   2.3034 
Fraction of effective frames:   0.0010 
Warm start
Optimizing 63 data and 16080 samples. Theta=1.455791 
CHI2 before optimization:  16.4602 
Execution time: 0.49 seconds
Minimization using L-BFGS-B successful (iterations:64)
CHI2 after optimization:   2.3060 
Fraction of effective frames:   0.0011 
Warm start
Optimizing 63 data and 16080 samples. Theta=2.165273 
CHI2 before optimization:  16.4602 
Execution time: 0.40 seconds
Minimization using L-BFGS-B successful (iterations:53)
CHI2 after optimization:   2.3118 
Fraction of effective frames:   0.0012 
Warm start
Optimizing 63 data and 16080 samples. Theta=3.220524 
CHI2 before optimization:  16.4602 
Execution time: 0.29 seconds
Minimization using L-BFGS-B successful (iterations:39)
CHI2 after optimization:   2.3260 
Fraction of effective frames:   0.0015 
Warm start
Optimizing 63 data and 16080 samples. Theta=4.790053 
CHI2 before optimization:  16.4602 
Execution time: 0.27 seconds
Minimization using L-BFGS-B successful (iterations:34)
CHI2 after optimization:   2.3622 
Fraction of effective frames:   0.0019 
Warm start
Optimizing 63 data and 16080 samples. Theta=7.124496 
CHI2 before optimization:  16.4602 
Execution time: 0.21 seconds
Minimization using L-BFGS-B successful (iterations:26)
CHI2 after optimization:   2.4584 
Fraction of effective frames:   0.0032 
Warm start
Optimizing 63 data and 16080 samples. Theta=10.596634 
CHI2 before optimization:  16.4602 
Execution time: 0.19 seconds
Minimization using L-BFGS-B successful (iterations:23)
CHI2 after optimization:   2.6846 
Fraction of effective frames:   0.0072 
Warm start
Optimizing 63 data and 16080 samples. Theta=15.760926 
CHI2 before optimization:  16.4602 
Execution time: 0.17 seconds
Minimization using L-BFGS-B successful (iterations:18)
CHI2 after optimization:   3.0691 
Fraction of effective frames:   0.0183 
Warm start
Optimizing 63 data and 16080 samples. Theta=23.442046 
CHI2 before optimization:  16.4602 
Execution time: 0.13 seconds
Minimization using L-BFGS-B successful (iterations:16)
CHI2 after optimization:   3.5937 
Fraction of effective frames:   0.0431 
Warm start
Optimizing 63 data and 16080 samples. Theta=34.866576 
CHI2 before optimization:  16.4602 
Execution time: 0.11 seconds
Minimization using L-BFGS-B successful (iterations:13)
CHI2 after optimization:   4.2444 
Fraction of effective frames:   0.0883 
Warm start
Optimizing 63 data and 16080 samples. Theta=51.858876 
CHI2 before optimization:  16.4602 
Execution time: 0.10 seconds
Minimization using L-BFGS-B successful (iterations:12)
CHI2 after optimization:   5.0278 
Fraction of effective frames:   0.1578 
Warm start
Optimizing 63 data and 16080 samples. Theta=77.132408 
CHI2 before optimization:  16.4602 
Execution time: 0.10 seconds
Minimization using L-BFGS-B successful (iterations:12)
CHI2 after optimization:   5.9823 
Fraction of effective frames:   0.2539 
Warm start
Optimizing 63 data and 16080 samples. Theta=114.723050 
CHI2 before optimization:  16.4602 
Execution time: 0.10 seconds
Minimization using L-BFGS-B successful (iterations:12)
CHI2 after optimization:   7.1775 
Fraction of effective frames:   0.3787 
Warm start
Optimizing 63 data and 16080 samples. Theta=170.633570 
CHI2 before optimization:  16.4602 
Execution time: 0.10 seconds
Minimization using L-BFGS-B successful (iterations:12)
CHI2 after optimization:   8.6835 
Fraction of effective frames:   0.5314 
Warm start
Optimizing 63 data and 16080 samples. Theta=253.792201 
CHI2 before optimization:  16.4602 
Execution time: 0.10 seconds
Minimization using L-BFGS-B successful (iterations:12)
CHI2 after optimization:  10.4474 
Fraction of effective frames:   0.6947 
Warm start
Optimizing 63 data and 16080 samples. Theta=377.478364 
CHI2 before optimization:  16.4602 
Execution time: 0.11 seconds
Minimization using L-BFGS-B successful (iterations:12)
CHI2 after optimization:  12.2077 
Fraction of effective frames:   0.8325 
Warm start
Optimizing 63 data and 16080 samples. Theta=561.443241 
CHI2 before optimization:  16.4602 
Execution time: 0.11 seconds
Minimization using L-BFGS-B successful (iterations:13)
CHI2 after optimization:  13.6499 
Fraction of effective frames:   0.9203 
Warm start
Optimizing 63 data and 16080 samples. Theta=835.063787 
CHI2 before optimization:  16.4602 
Execution time: 0.11 seconds
Minimization using L-BFGS-B successful (iterations:13)
CHI2 after optimization:  14.6586 
Fraction of effective frames:   0.9649 
Warm start
Optimizing 63 data and 16080 samples. Theta=1242.033884 
CHI2 before optimization:  16.4602 
Execution time: 0.11 seconds
Minimization using L-BFGS-B successful (iterations:13)
CHI2 after optimization:  15.3080 
Fraction of effective frames:   0.9849 
Warm start
Optimizing 63 data and 16080 samples. Theta=1847.341714 
CHI2 before optimization:  16.4602 
Execution time: 0.11 seconds
Minimization using L-BFGS-B successful (iterations:13)
CHI2 after optimization:  15.7167 
Fraction of effective frames:   0.9935 
Warm start
Optimizing 63 data and 16080 samples. Theta=2747.647592 
CHI2 before optimization:  16.4602 
Execution time: 0.11 seconds
Minimization using L-BFGS-B successful (iterations:12)
CHI2 after optimization:  15.9752 
Fraction of effective frames:   0.9972 
Warm start
Optimizing 63 data and 16080 samples. Theta=4086.719436 
CHI2 before optimization:  16.4602 
Execution time: 0.10 seconds
Minimization using L-BFGS-B successful (iterations:11)
CHI2 after optimization:  16.1411 
Fraction of effective frames:   0.9988 
Warm start
Optimizing 63 data and 16080 samples. Theta=6078.390765 
CHI2 before optimization:  16.4602 
Execution time: 0.08 seconds
Minimization using L-BFGS-B successful (iterations:10)
CHI2 after optimization:  16.2487 
Fraction of effective frames:   0.9994 
Warm start
Optimizing 63 data and 16080 samples. Theta=9040.707313 
CHI2 before optimization:  16.4602 
Execution time: 0.12 seconds
Minimization using L-BFGS-B successful (iterations:9)
CHI2 after optimization:  16.3197 
Fraction of effective frames:   0.9998 
Warm start
Optimizing 63 data and 16080 samples. Theta=13446.715073 
CHI2 before optimization:  16.4602 
Execution time: 0.07 seconds
Minimization using L-BFGS-B successful (iterations:8)
CHI2 after optimization:  16.3671 
Fraction of effective frames:   0.9999 
Warm start
Optimizing 63 data and 16080 samples. Theta=20000.000000 
CHI2 before optimization:  16.4602 
Execution time: 0.06 seconds
Minimization using L-BFGS-B successful (iterations:7)
CHI2 after optimization:  16.3967 
Fraction of effective frames:   0.9999 
