Lagrange multipliers initialized from zero
Optimizing 128 data and 16080 samples. Theta=0.200000 
CHI2 before optimization:   3.9813 
Execution time: 2.12 seconds
Minimization using L-BFGS-B successful (iterations:141)
CHI2 after optimization:   0.4139 
Fraction of effective frames:   0.0012 
Warm start
Optimizing 128 data and 16080 samples. Theta=0.297470 
CHI2 before optimization:   3.9813 
Execution time: 1.18 seconds
Minimization using L-BFGS-B successful (iterations:82)
CHI2 after optimization:   0.4140 
Fraction of effective frames:   0.0012 
Warm start
Optimizing 128 data and 16080 samples. Theta=0.442443 
CHI2 before optimization:   3.9813 
Execution time: 0.95 seconds
Minimization using L-BFGS-B successful (iterations:69)
CHI2 after optimization:   0.4142 
Fraction of effective frames:   0.0012 
Warm start
Optimizing 128 data and 16080 samples. Theta=0.658069 
CHI2 before optimization:   3.9813 
Execution time: 0.78 seconds
Minimization using L-BFGS-B successful (iterations:55)
CHI2 after optimization:   0.4147 
Fraction of effective frames:   0.0013 
Warm start
Optimizing 128 data and 16080 samples. Theta=0.978780 
CHI2 before optimization:   3.9813 
Execution time: 0.67 seconds
Minimization using L-BFGS-B successful (iterations:46)
CHI2 after optimization:   0.4163 
Fraction of effective frames:   0.0015 
Warm start
Optimizing 128 data and 16080 samples. Theta=1.455791 
CHI2 before optimization:   3.9813 
Execution time: 0.47 seconds
Minimization using L-BFGS-B successful (iterations:34)
CHI2 after optimization:   0.4205 
Fraction of effective frames:   0.0019 
Warm start
Optimizing 128 data and 16080 samples. Theta=2.165273 
CHI2 before optimization:   3.9813 
Execution time: 0.42 seconds
Minimization using L-BFGS-B successful (iterations:31)
CHI2 after optimization:   0.4314 
Fraction of effective frames:   0.0027 
Warm start
Optimizing 128 data and 16080 samples. Theta=3.220524 
CHI2 before optimization:   3.9813 
Execution time: 0.40 seconds
Minimization using L-BFGS-B successful (iterations:24)
CHI2 after optimization:   0.4575 
Fraction of effective frames:   0.0051 
Warm start
Optimizing 128 data and 16080 samples. Theta=4.790053 
CHI2 before optimization:   3.9813 
Execution time: 0.27 seconds
Minimization using L-BFGS-B successful (iterations:18)
CHI2 after optimization:   0.5096 
Fraction of effective frames:   0.0118 
Warm start
Optimizing 128 data and 16080 samples. Theta=7.124496 
CHI2 before optimization:   3.9813 
Execution time: 0.29 seconds
Minimization using L-BFGS-B successful (iterations:17)
CHI2 after optimization:   0.5915 
Fraction of effective frames:   0.0288 
Warm start
Optimizing 128 data and 16080 samples. Theta=10.596634 
CHI2 before optimization:   3.9813 
Execution time: 0.27 seconds
Minimization using L-BFGS-B successful (iterations:15)
CHI2 after optimization:   0.6974 
Fraction of effective frames:   0.0629 
Warm start
Optimizing 128 data and 16080 samples. Theta=15.760926 
CHI2 before optimization:   3.9813 
Execution time: 0.23 seconds
Minimization using L-BFGS-B successful (iterations:15)
CHI2 after optimization:   0.8172 
Fraction of effective frames:   0.1140 
Warm start
Optimizing 128 data and 16080 samples. Theta=23.442046 
CHI2 before optimization:   3.9813 
Execution time: 0.25 seconds
Minimization using L-BFGS-B successful (iterations:15)
CHI2 after optimization:   0.9508 
Fraction of effective frames:   0.1780 
Warm start
Optimizing 128 data and 16080 samples. Theta=34.866576 
CHI2 before optimization:   3.9813 
Execution time: 0.24 seconds
Minimization using L-BFGS-B successful (iterations:16)
CHI2 after optimization:   1.1104 
Fraction of effective frames:   0.2543 
Warm start
Optimizing 128 data and 16080 samples. Theta=51.858876 
CHI2 before optimization:   3.9813 
Execution time: 0.23 seconds
Minimization using L-BFGS-B successful (iterations:16)
CHI2 after optimization:   1.3190 
Fraction of effective frames:   0.3478 
Warm start
Optimizing 128 data and 16080 samples. Theta=77.132408 
CHI2 before optimization:   3.9813 
Execution time: 0.26 seconds
Minimization using L-BFGS-B successful (iterations:16)
CHI2 after optimization:   1.6083 
Fraction of effective frames:   0.4655 
Warm start
Optimizing 128 data and 16080 samples. Theta=114.723050 
CHI2 before optimization:   3.9813 
Execution time: 0.24 seconds
Minimization using L-BFGS-B successful (iterations:16)
CHI2 after optimization:   2.0014 
Fraction of effective frames:   0.6078 
Warm start
Optimizing 128 data and 16080 samples. Theta=170.633570 
CHI2 before optimization:   3.9813 
Execution time: 0.27 seconds
Minimization using L-BFGS-B successful (iterations:17)
CHI2 after optimization:   2.4743 
Fraction of effective frames:   0.7551 
Warm start
Optimizing 128 data and 16080 samples. Theta=253.792201 
CHI2 before optimization:   3.9813 
Execution time: 0.28 seconds
Minimization using L-BFGS-B successful (iterations:17)
CHI2 after optimization:   2.9363 
Fraction of effective frames:   0.8718 
Warm start
Optimizing 128 data and 16080 samples. Theta=377.478364 
CHI2 before optimization:   3.9813 
Execution time: 0.27 seconds
Minimization using L-BFGS-B successful (iterations:16)
CHI2 after optimization:   3.2988 
Fraction of effective frames:   0.9409 
Warm start
Optimizing 128 data and 16080 samples. Theta=561.443241 
CHI2 before optimization:   3.9813 
Execution time: 0.23 seconds
Minimization using L-BFGS-B successful (iterations:14)
CHI2 after optimization:   3.5443 
Fraction of effective frames:   0.9743 
Warm start
Optimizing 128 data and 16080 samples. Theta=835.063787 
CHI2 before optimization:   3.9813 
Execution time: 0.22 seconds
Minimization using L-BFGS-B successful (iterations:14)
CHI2 after optimization:   3.7006 
Fraction of effective frames:   0.9889 
Warm start
Optimizing 128 data and 16080 samples. Theta=1242.033884 
CHI2 before optimization:   3.9813 
Execution time: 0.23 seconds
Minimization using L-BFGS-B successful (iterations:14)
CHI2 after optimization:   3.7992 
Fraction of effective frames:   0.9952 
Warm start
Optimizing 128 data and 16080 samples. Theta=1847.341714 
CHI2 before optimization:   3.9813 
Execution time: 0.20 seconds
Minimization using L-BFGS-B successful (iterations:13)
CHI2 after optimization:   3.8621 
Fraction of effective frames:   0.9979 
Warm start
Optimizing 128 data and 16080 samples. Theta=2747.647592 
CHI2 before optimization:   3.9813 
Execution time: 0.22 seconds
Minimization using L-BFGS-B successful (iterations:13)
CHI2 after optimization:   3.9026 
Fraction of effective frames:   0.9991 
Warm start
Optimizing 128 data and 16080 samples. Theta=4086.719436 
CHI2 before optimization:   3.9813 
Execution time: 0.20 seconds
Minimization using L-BFGS-B successful (iterations:12)
CHI2 after optimization:   3.9291 
Fraction of effective frames:   0.9996 
Warm start
Optimizing 128 data and 16080 samples. Theta=6078.390765 
CHI2 before optimization:   3.9813 
Execution time: 0.17 seconds
Minimization using L-BFGS-B successful (iterations:10)
CHI2 after optimization:   3.9465 
Fraction of effective frames:   0.9998 
Warm start
Optimizing 128 data and 16080 samples. Theta=9040.707313 
CHI2 before optimization:   3.9813 
Execution time: 0.17 seconds
Minimization using L-BFGS-B successful (iterations:10)
CHI2 after optimization:   3.9580 
Fraction of effective frames:   0.9999 
Warm start
Optimizing 128 data and 16080 samples. Theta=13446.715073 
CHI2 before optimization:   3.9813 
Execution time: 0.15 seconds
Minimization using L-BFGS-B successful (iterations:8)
CHI2 after optimization:   3.9656 
Fraction of effective frames:   1.0000 
Warm start
Optimizing 128 data and 16080 samples. Theta=20000.000000 
CHI2 before optimization:   3.9813 
Execution time: 0.08 seconds
Minimization using L-BFGS-B successful (iterations:5)
CHI2 after optimization:   3.9708 
Fraction of effective frames:   1.0000 
