Lagrange multipliers initialized from zero
Optimizing 36 data and 16080 samples. Theta=0.200000 
CHI2 before optimization:  34.4960 
Execution time: 0.94 seconds
Minimization using L-BFGS-B successful (iterations:175)
CHI2 after optimization:   3.6258 
Fraction of effective frames:   0.0005 
Warm start
Optimizing 36 data and 16080 samples. Theta=0.297470 
CHI2 before optimization:  34.4960 
Execution time: 0.65 seconds
Minimization using L-BFGS-B successful (iterations:130)
CHI2 after optimization:   3.6261 
Fraction of effective frames:   0.0005 
Warm start
Optimizing 36 data and 16080 samples. Theta=0.442443 
CHI2 before optimization:  34.4960 
Execution time: 0.51 seconds
Minimization using L-BFGS-B successful (iterations:112)
CHI2 after optimization:   3.6266 
Fraction of effective frames:   0.0005 
Warm start
Optimizing 36 data and 16080 samples. Theta=0.658069 
CHI2 before optimization:  34.4960 
Execution time: 0.42 seconds
Minimization using L-BFGS-B successful (iterations:88)
CHI2 after optimization:   3.6279 
Fraction of effective frames:   0.0006 
Warm start
Optimizing 36 data and 16080 samples. Theta=0.978780 
CHI2 before optimization:  34.4960 
Execution time: 0.33 seconds
Minimization using L-BFGS-B successful (iterations:73)
CHI2 after optimization:   3.6307 
Fraction of effective frames:   0.0006 
Warm start
Optimizing 36 data and 16080 samples. Theta=1.455791 
CHI2 before optimization:  34.4960 
Execution time: 0.29 seconds
Minimization using L-BFGS-B successful (iterations:65)
CHI2 after optimization:   3.6366 
Fraction of effective frames:   0.0007 
Warm start
Optimizing 36 data and 16080 samples. Theta=2.165273 
CHI2 before optimization:  34.4960 
Execution time: 0.23 seconds
Minimization using L-BFGS-B successful (iterations:50)
CHI2 after optimization:   3.6512 
Fraction of effective frames:   0.0008 
Warm start
Optimizing 36 data and 16080 samples. Theta=3.220524 
CHI2 before optimization:  34.4960 
Execution time: 0.20 seconds
Minimization using L-BFGS-B successful (iterations:41)
CHI2 after optimization:   3.6873 
Fraction of effective frames:   0.0010 
Warm start
Optimizing 36 data and 16080 samples. Theta=4.790053 
CHI2 before optimization:  34.4960 
Execution time: 0.13 seconds
Minimization using L-BFGS-B successful (iterations:29)
CHI2 after optimization:   3.7764 
Fraction of effective frames:   0.0014 
Warm start
Optimizing 36 data and 16080 samples. Theta=7.124496 
CHI2 before optimization:  34.4960 
Execution time: 0.12 seconds
Minimization using L-BFGS-B successful (iterations:27)
CHI2 after optimization:   4.0025 
Fraction of effective frames:   0.0028 
Warm start
Optimizing 36 data and 16080 samples. Theta=10.596634 
CHI2 before optimization:  34.4960 
Execution time: 0.10 seconds
Minimization using L-BFGS-B successful (iterations:19)
CHI2 after optimization:   4.5065 
Fraction of effective frames:   0.0080 
Warm start
Optimizing 36 data and 16080 samples. Theta=15.760926 
CHI2 before optimization:  34.4960 
Execution time: 0.08 seconds
Minimization using L-BFGS-B successful (iterations:17)
CHI2 after optimization:   5.3058 
Fraction of effective frames:   0.0241 
Warm start
Optimizing 36 data and 16080 samples. Theta=23.442046 
CHI2 before optimization:  34.4960 
Execution time: 0.08 seconds
Minimization using L-BFGS-B successful (iterations:15)
CHI2 after optimization:   6.2397 
Fraction of effective frames:   0.0582 
Warm start
Optimizing 36 data and 16080 samples. Theta=34.866576 
CHI2 before optimization:  34.4960 
Execution time: 0.07 seconds
Minimization using L-BFGS-B successful (iterations:14)
CHI2 after optimization:   7.1585 
Fraction of effective frames:   0.1041 
Warm start
Optimizing 36 data and 16080 samples. Theta=51.858876 
CHI2 before optimization:  34.4960 
Execution time: 0.07 seconds
Minimization using L-BFGS-B successful (iterations:13)
CHI2 after optimization:   8.1330 
Fraction of effective frames:   0.1573 
Warm start
Optimizing 36 data and 16080 samples. Theta=77.132408 
CHI2 before optimization:  34.4960 
Execution time: 0.06 seconds
Minimization using L-BFGS-B successful (iterations:12)
CHI2 after optimization:   9.3749 
Fraction of effective frames:   0.2238 
Warm start
Optimizing 36 data and 16080 samples. Theta=114.723050 
CHI2 before optimization:  34.4960 
Execution time: 0.05 seconds
Minimization using L-BFGS-B successful (iterations:10)
CHI2 after optimization:  11.1262 
Fraction of effective frames:   0.3123 
Warm start
Optimizing 36 data and 16080 samples. Theta=170.633570 
CHI2 before optimization:  34.4960 
Execution time: 0.05 seconds
Minimization using L-BFGS-B successful (iterations:10)
CHI2 after optimization:  13.6167 
Fraction of effective frames:   0.4295 
Warm start
Optimizing 36 data and 16080 samples. Theta=253.792201 
CHI2 before optimization:  34.4960 
Execution time: 0.05 seconds
Minimization using L-BFGS-B successful (iterations:11)
CHI2 after optimization:  16.9550 
Fraction of effective frames:   0.5728 
Warm start
Optimizing 36 data and 16080 samples. Theta=377.478364 
CHI2 before optimization:  34.4960 
Execution time: 0.05 seconds
Minimization using L-BFGS-B successful (iterations:11)
CHI2 after optimization:  20.9757 
Fraction of effective frames:   0.7241 
Warm start
Optimizing 36 data and 16080 samples. Theta=561.443241 
CHI2 before optimization:  34.4960 
Execution time: 0.07 seconds
Minimization using L-BFGS-B successful (iterations:14)
CHI2 after optimization:  25.0792 
Fraction of effective frames:   0.8514 
Warm start
Optimizing 36 data and 16080 samples. Theta=835.063787 
CHI2 before optimization:  34.4960 
Execution time: 0.07 seconds
Minimization using L-BFGS-B successful (iterations:15)
CHI2 after optimization:  28.4598 
Fraction of effective frames:   0.9320 
Warm start
Optimizing 36 data and 16080 samples. Theta=1242.033884 
CHI2 before optimization:  34.4960 
Execution time: 0.07 seconds
Minimization using L-BFGS-B successful (iterations:15)
CHI2 after optimization:  30.7436 
Fraction of effective frames:   0.9713 
Warm start
Optimizing 36 data and 16080 samples. Theta=1847.341714 
CHI2 before optimization:  34.4960 
Execution time: 0.07 seconds
Minimization using L-BFGS-B successful (iterations:14)
CHI2 after optimization:  32.1506 
Fraction of effective frames:   0.9880 
Warm start
Optimizing 36 data and 16080 samples. Theta=2747.647592 
CHI2 before optimization:  34.4960 
Execution time: 0.07 seconds
Minimization using L-BFGS-B successful (iterations:14)
CHI2 after optimization:  33.0047 
Fraction of effective frames:   0.9949 
Warm start
Optimizing 36 data and 16080 samples. Theta=4086.719436 
CHI2 before optimization:  34.4960 
Execution time: 0.05 seconds
Minimization using L-BFGS-B successful (iterations:12)
CHI2 after optimization:  33.5321 
Fraction of effective frames:   0.9978 
Warm start
Optimizing 36 data and 16080 samples. Theta=6078.390765 
CHI2 before optimization:  34.4960 
Execution time: 0.07 seconds
Minimization using L-BFGS-B successful (iterations:12)
CHI2 after optimization:  33.8654 
Fraction of effective frames:   0.9990 
Warm start
Optimizing 36 data and 16080 samples. Theta=9040.707313 
CHI2 before optimization:  34.4960 
Execution time: 0.06 seconds
Minimization using L-BFGS-B successful (iterations:11)
CHI2 after optimization:  34.0795 
Fraction of effective frames:   0.9996 
Warm start
Optimizing 36 data and 16080 samples. Theta=13446.715073 
CHI2 before optimization:  34.4960 
Execution time: 0.05 seconds
Minimization using L-BFGS-B successful (iterations:10)
CHI2 after optimization:  34.2192 
Fraction of effective frames:   0.9998 
Warm start
Optimizing 36 data and 16080 samples. Theta=20000.000000 
CHI2 before optimization:  34.4960 
Execution time: 0.05 seconds
Minimization using L-BFGS-B successful (iterations:9)
CHI2 after optimization:  34.3123 
Fraction of effective frames:   0.9999 
