Lagrange multipliers initialized from zero
Optimizing 30 data and 16080 samples. Theta=0.200000 
CHI2 before optimization:  27.4816 
Execution time: 0.60 seconds
Minimization using L-BFGS-B successful (iterations:138)
CHI2 after optimization:   1.8025 
Fraction of effective frames:   0.0007 
Warm start
Optimizing 30 data and 16080 samples. Theta=0.297470 
CHI2 before optimization:  27.4816 
Execution time: 0.39 seconds
Minimization using L-BFGS-B successful (iterations:89)
CHI2 after optimization:   1.8031 
Fraction of effective frames:   0.0007 
Warm start
Optimizing 30 data and 16080 samples. Theta=0.442443 
CHI2 before optimization:  27.4816 
Execution time: 0.35 seconds
Minimization using L-BFGS-B successful (iterations:83)
CHI2 after optimization:   1.8039 
Fraction of effective frames:   0.0007 
Warm start
Optimizing 30 data and 16080 samples. Theta=0.658069 
CHI2 before optimization:  27.4816 
Execution time: 0.25 seconds
Minimization using L-BFGS-B successful (iterations:56)
CHI2 after optimization:   1.8060 
Fraction of effective frames:   0.0008 
Warm start
Optimizing 30 data and 16080 samples. Theta=0.978780 
CHI2 before optimization:  27.4816 
Execution time: 0.21 seconds
Minimization using L-BFGS-B successful (iterations:50)
CHI2 after optimization:   1.8123 
Fraction of effective frames:   0.0009 
Warm start
Optimizing 30 data and 16080 samples. Theta=1.455791 
CHI2 before optimization:  27.4816 
Execution time: 0.15 seconds
Minimization using L-BFGS-B successful (iterations:39)
CHI2 after optimization:   1.8282 
Fraction of effective frames:   0.0011 
Warm start
Optimizing 30 data and 16080 samples. Theta=2.165273 
CHI2 before optimization:  27.4816 
Execution time: 0.14 seconds
Minimization using L-BFGS-B successful (iterations:30)
CHI2 after optimization:   1.8617 
Fraction of effective frames:   0.0014 
Warm start
Optimizing 30 data and 16080 samples. Theta=3.220524 
CHI2 before optimization:  27.4816 
Execution time: 0.10 seconds
Minimization using L-BFGS-B successful (iterations:22)
CHI2 after optimization:   1.9307 
Fraction of effective frames:   0.0021 
Warm start
Optimizing 30 data and 16080 samples. Theta=4.790053 
CHI2 before optimization:  27.4816 
Execution time: 0.08 seconds
Minimization using L-BFGS-B successful (iterations:19)
CHI2 after optimization:   2.0749 
Fraction of effective frames:   0.0036 
Warm start
Optimizing 30 data and 16080 samples. Theta=7.124496 
CHI2 before optimization:  27.4816 
Execution time: 0.07 seconds
Minimization using L-BFGS-B successful (iterations:13)
CHI2 after optimization:   2.3487 
Fraction of effective frames:   0.0071 
Warm start
Optimizing 30 data and 16080 samples. Theta=10.596634 
CHI2 before optimization:  27.4816 
Execution time: 0.05 seconds
Minimization using L-BFGS-B successful (iterations:13)
CHI2 after optimization:   2.7973 
Fraction of effective frames:   0.0154 
Warm start
Optimizing 30 data and 16080 samples. Theta=15.760926 
CHI2 before optimization:  27.4816 
Execution time: 0.06 seconds
Minimization using L-BFGS-B successful (iterations:13)
CHI2 after optimization:   3.4789 
Fraction of effective frames:   0.0337 
Warm start
Optimizing 30 data and 16080 samples. Theta=23.442046 
CHI2 before optimization:  27.4816 
Execution time: 0.07 seconds
Minimization using L-BFGS-B successful (iterations:12)
CHI2 after optimization:   4.4827 
Fraction of effective frames:   0.0734 
Warm start
Optimizing 30 data and 16080 samples. Theta=34.866576 
CHI2 before optimization:  27.4816 
Execution time: 0.06 seconds
Minimization using L-BFGS-B successful (iterations:11)
CHI2 after optimization:   5.9209 
Fraction of effective frames:   0.1555 
Warm start
Optimizing 30 data and 16080 samples. Theta=51.858876 
CHI2 before optimization:  27.4816 
Execution time: 0.05 seconds
Minimization using L-BFGS-B successful (iterations:11)
CHI2 after optimization:   7.8445 
Fraction of effective frames:   0.3063 
Warm start
Optimizing 30 data and 16080 samples. Theta=77.132408 
CHI2 before optimization:  27.4816 
Execution time: 0.08 seconds
Minimization using L-BFGS-B successful (iterations:13)
CHI2 after optimization:  10.0081 
Fraction of effective frames:   0.5135 
Warm start
Optimizing 30 data and 16080 samples. Theta=114.723050 
CHI2 before optimization:  27.4816 
Execution time: 0.07 seconds
Minimization using L-BFGS-B successful (iterations:13)
CHI2 after optimization:  11.8866 
Fraction of effective frames:   0.6959 
Warm start
Optimizing 30 data and 16080 samples. Theta=170.633570 
CHI2 before optimization:  27.4816 
Execution time: 0.06 seconds
Minimization using L-BFGS-B successful (iterations:14)
CHI2 after optimization:  13.2800 
Fraction of effective frames:   0.8100 
Warm start
Optimizing 30 data and 16080 samples. Theta=253.792201 
CHI2 before optimization:  27.4816 
Execution time: 0.08 seconds
Minimization using L-BFGS-B successful (iterations:14)
CHI2 after optimization:  14.3374 
Fraction of effective frames:   0.8750 
Warm start
Optimizing 30 data and 16080 samples. Theta=377.478364 
CHI2 before optimization:  27.4816 
Execution time: 0.07 seconds
Minimization using L-BFGS-B successful (iterations:15)
CHI2 after optimization:  15.1931 
Fraction of effective frames:   0.9126 
Warm start
Optimizing 30 data and 16080 samples. Theta=561.443241 
CHI2 before optimization:  27.4816 
Execution time: 0.09 seconds
Minimization using L-BFGS-B successful (iterations:20)
CHI2 after optimization:  16.0059 
Fraction of effective frames:   0.9374 
Warm start
Optimizing 30 data and 16080 samples. Theta=835.063787 
CHI2 before optimization:  27.4816 
Execution time: 0.10 seconds
Minimization using L-BFGS-B successful (iterations:20)
CHI2 after optimization:  16.8132 
Fraction of effective frames:   0.9542 
Warm start
Optimizing 30 data and 16080 samples. Theta=1242.033884 
CHI2 before optimization:  27.4816 
Execution time: 0.12 seconds
Minimization using L-BFGS-B successful (iterations:21)
CHI2 after optimization:  17.7128 
Fraction of effective frames:   0.9670 
Warm start
Optimizing 30 data and 16080 samples. Theta=1847.341714 
CHI2 before optimization:  27.4816 
Execution time: 0.09 seconds
Minimization using L-BFGS-B successful (iterations:20)
CHI2 after optimization:  18.7668 
Fraction of effective frames:   0.9772 
Warm start
Optimizing 30 data and 16080 samples. Theta=2747.647592 
CHI2 before optimization:  27.4816 
Execution time: 0.08 seconds
Minimization using L-BFGS-B successful (iterations:20)
CHI2 after optimization:  19.9776 
Fraction of effective frames:   0.9851 
Warm start
Optimizing 30 data and 16080 samples. Theta=4086.719436 
CHI2 before optimization:  27.4816 
Execution time: 0.09 seconds
Minimization using L-BFGS-B successful (iterations:20)
CHI2 after optimization:  21.2977 
Fraction of effective frames:   0.9910 
Warm start
Optimizing 30 data and 16080 samples. Theta=6078.390765 
CHI2 before optimization:  27.4816 
Execution time: 0.07 seconds
Minimization using L-BFGS-B successful (iterations:19)
CHI2 after optimization:  22.5529 
Fraction of effective frames:   0.9948 
Warm start
Optimizing 30 data and 16080 samples. Theta=9040.707313 
CHI2 before optimization:  27.4816 
Execution time: 0.09 seconds
Minimization using L-BFGS-B successful (iterations:20)
CHI2 after optimization:  23.7552 
Fraction of effective frames:   0.9972 
Warm start
Optimizing 30 data and 16080 samples. Theta=13446.715073 
CHI2 before optimization:  27.4816 
Execution time: 0.08 seconds
Minimization using L-BFGS-B successful (iterations:19)
CHI2 after optimization:  24.7181 
Fraction of effective frames:   0.9986 
Warm start
Optimizing 30 data and 16080 samples. Theta=20000.000000 
CHI2 before optimization:  27.4816 
Execution time: 0.05 seconds
Minimization using L-BFGS-B successful (iterations:9)
CHI2 after optimization:  24.8786 
Fraction of effective frames:   0.9987 
