Lagrange multipliers initialized from zero
Optimizing 33 data and 16080 samples. Theta=0.200000 
CHI2 before optimization:  16.9941 
Execution time: 0.59 seconds
Minimization using L-BFGS-B successful (iterations:114)
CHI2 after optimization:   1.4497 
Fraction of effective frames:   0.0008 
Warm start
Optimizing 33 data and 16080 samples. Theta=0.297470 
CHI2 before optimization:  16.9941 
Execution time: 0.47 seconds
Minimization using L-BFGS-B successful (iterations:84)
CHI2 after optimization:   1.4501 
Fraction of effective frames:   0.0008 
Warm start
Optimizing 33 data and 16080 samples. Theta=0.442443 
CHI2 before optimization:  16.9941 
Execution time: 0.33 seconds
Minimization using L-BFGS-B successful (iterations:68)
CHI2 after optimization:   1.4511 
Fraction of effective frames:   0.0008 
Warm start
Optimizing 33 data and 16080 samples. Theta=0.658069 
CHI2 before optimization:  16.9941 
Execution time: 0.28 seconds
Minimization using L-BFGS-B successful (iterations:53)
CHI2 after optimization:   1.4531 
Fraction of effective frames:   0.0009 
Warm start
Optimizing 33 data and 16080 samples. Theta=0.978780 
CHI2 before optimization:  16.9941 
Execution time: 0.20 seconds
Minimization using L-BFGS-B successful (iterations:44)
CHI2 after optimization:   1.4571 
Fraction of effective frames:   0.0009 
Warm start
Optimizing 33 data and 16080 samples. Theta=1.455791 
CHI2 before optimization:  16.9941 
Execution time: 0.15 seconds
Minimization using L-BFGS-B successful (iterations:33)
CHI2 after optimization:   1.4653 
Fraction of effective frames:   0.0011 
Warm start
Optimizing 33 data and 16080 samples. Theta=2.165273 
CHI2 before optimization:  16.9941 
Execution time: 0.12 seconds
Minimization using L-BFGS-B successful (iterations:26)
CHI2 after optimization:   1.4847 
Fraction of effective frames:   0.0013 
Warm start
Optimizing 33 data and 16080 samples. Theta=3.220524 
CHI2 before optimization:  16.9941 
Execution time: 0.12 seconds
Minimization using L-BFGS-B successful (iterations:24)
CHI2 after optimization:   1.5351 
Fraction of effective frames:   0.0017 
Warm start
Optimizing 33 data and 16080 samples. Theta=4.790053 
CHI2 before optimization:  16.9941 
Execution time: 0.08 seconds
Minimization using L-BFGS-B successful (iterations:18)
CHI2 after optimization:   1.6585 
Fraction of effective frames:   0.0028 
Warm start
Optimizing 33 data and 16080 samples. Theta=7.124496 
CHI2 before optimization:  16.9941 
Execution time: 0.07 seconds
Minimization using L-BFGS-B successful (iterations:12)
CHI2 after optimization:   1.9072 
Fraction of effective frames:   0.0057 
Warm start
Optimizing 33 data and 16080 samples. Theta=10.596634 
CHI2 before optimization:  16.9941 
Execution time: 0.07 seconds
Minimization using L-BFGS-B successful (iterations:14)
CHI2 after optimization:   2.3244 
Fraction of effective frames:   0.0124 
Warm start
Optimizing 33 data and 16080 samples. Theta=15.760926 
CHI2 before optimization:  16.9941 
Execution time: 0.05 seconds
Minimization using L-BFGS-B successful (iterations:11)
CHI2 after optimization:   2.9605 
Fraction of effective frames:   0.0279 
Warm start
Optimizing 33 data and 16080 samples. Theta=23.442046 
CHI2 before optimization:  16.9941 
Execution time: 0.05 seconds
Minimization using L-BFGS-B successful (iterations:10)
CHI2 after optimization:   3.8908 
Fraction of effective frames:   0.0616 
Warm start
Optimizing 33 data and 16080 samples. Theta=34.866576 
CHI2 before optimization:  16.9941 
Execution time: 0.05 seconds
Minimization using L-BFGS-B successful (iterations:9)
CHI2 after optimization:   5.1918 
Fraction of effective frames:   0.1303 
Warm start
Optimizing 33 data and 16080 samples. Theta=51.858876 
CHI2 before optimization:  16.9941 
Execution time: 0.05 seconds
Minimization using L-BFGS-B successful (iterations:8)
CHI2 after optimization:   6.9147 
Fraction of effective frames:   0.2539 
Warm start
Optimizing 33 data and 16080 samples. Theta=77.132408 
CHI2 before optimization:  16.9941 
Execution time: 0.03 seconds
Minimization using L-BFGS-B successful (iterations:7)
CHI2 after optimization:   9.0374 
Fraction of effective frames:   0.4420 
Warm start
Optimizing 33 data and 16080 samples. Theta=114.723050 
CHI2 before optimization:  16.9941 
Execution time: 0.04 seconds
Minimization using L-BFGS-B successful (iterations:7)
CHI2 after optimization:  11.2997 
Fraction of effective frames:   0.6594 
Warm start
Optimizing 33 data and 16080 samples. Theta=170.633570 
CHI2 before optimization:  16.9941 
Execution time: 0.03 seconds
Minimization using L-BFGS-B successful (iterations:8)
CHI2 after optimization:  13.1992 
Fraction of effective frames:   0.8280 
Warm start
Optimizing 33 data and 16080 samples. Theta=253.792201 
CHI2 before optimization:  16.9941 
Execution time: 0.04 seconds
Minimization using L-BFGS-B successful (iterations:8)
CHI2 after optimization:  14.5121 
Fraction of effective frames:   0.9208 
Warm start
Optimizing 33 data and 16080 samples. Theta=377.478364 
CHI2 before optimization:  16.9941 
Execution time: 0.03 seconds
Minimization using L-BFGS-B successful (iterations:8)
CHI2 after optimization:  15.3622 
Fraction of effective frames:   0.9645 
Warm start
Optimizing 33 data and 16080 samples. Theta=561.443241 
CHI2 before optimization:  16.9941 
Execution time: 0.03 seconds
Minimization using L-BFGS-B successful (iterations:8)
CHI2 after optimization:  15.9128 
Fraction of effective frames:   0.9841 
Warm start
Optimizing 33 data and 16080 samples. Theta=835.063787 
CHI2 before optimization:  16.9941 
Execution time: 0.05 seconds
Minimization using L-BFGS-B successful (iterations:8)
CHI2 after optimization:  16.2738 
Fraction of effective frames:   0.9929 
Warm start
Optimizing 33 data and 16080 samples. Theta=1242.033884 
CHI2 before optimization:  16.9941 
Execution time: 0.05 seconds
Minimization using L-BFGS-B successful (iterations:8)
CHI2 after optimization:  16.5126 
Fraction of effective frames:   0.9968 
Warm start
Optimizing 33 data and 16080 samples. Theta=1847.341714 
CHI2 before optimization:  16.9941 
Execution time: 0.05 seconds
Minimization using L-BFGS-B successful (iterations:7)
CHI2 after optimization:  16.6717 
Fraction of effective frames:   0.9986 
Warm start
Optimizing 33 data and 16080 samples. Theta=2747.647592 
CHI2 before optimization:  16.9941 
Execution time: 0.03 seconds
Minimization using L-BFGS-B successful (iterations:7)
CHI2 after optimization:  16.7778 
Fraction of effective frames:   0.9993 
Warm start
Optimizing 33 data and 16080 samples. Theta=4086.719436 
CHI2 before optimization:  16.9941 
Execution time: 0.04 seconds
Minimization using L-BFGS-B successful (iterations:6)
CHI2 after optimization:  16.8491 
Fraction of effective frames:   0.9997 
Warm start
Optimizing 33 data and 16080 samples. Theta=6078.390765 
CHI2 before optimization:  16.9941 
Execution time: 0.03 seconds
Minimization using L-BFGS-B successful (iterations:6)
CHI2 after optimization:  16.8967 
Fraction of effective frames:   0.9999 
Warm start
Optimizing 33 data and 16080 samples. Theta=9040.707313 
CHI2 before optimization:  16.9941 
Execution time: 0.03 seconds
Minimization using L-BFGS-B successful (iterations:6)
CHI2 after optimization:  16.9287 
Fraction of effective frames:   0.9999 
Warm start
Optimizing 33 data and 16080 samples. Theta=13446.715073 
CHI2 before optimization:  16.9941 
Execution time: 0.03 seconds
Minimization using L-BFGS-B successful (iterations:5)
CHI2 after optimization:  16.9501 
Fraction of effective frames:   1.0000 
Warm start
Optimizing 33 data and 16080 samples. Theta=20000.000000 
CHI2 before optimization:  16.9941 
Execution time: 0.03 seconds
Minimization using L-BFGS-B successful (iterations:4)
CHI2 after optimization:  16.9644 
Fraction of effective frames:   1.0000 
