Lagrange multipliers initialized from zero
Optimizing 128 data and 16080 samples. Theta=0.200000 
CHI2 before optimization:   3.8162 
Execution time: 2.32 seconds
Minimization using L-BFGS-B successful (iterations:146)
CHI2 after optimization:   0.4685 
Fraction of effective frames:   0.0008 
Warm start
Optimizing 128 data and 16080 samples. Theta=0.297470 
CHI2 before optimization:   3.8162 
Execution time: 1.68 seconds
Minimization using L-BFGS-B successful (iterations:107)
CHI2 after optimization:   0.4685 
Fraction of effective frames:   0.0008 
Warm start
Optimizing 128 data and 16080 samples. Theta=0.442443 
CHI2 before optimization:   3.8162 
Execution time: 1.17 seconds
Minimization using L-BFGS-B successful (iterations:77)
CHI2 after optimization:   0.4686 
Fraction of effective frames:   0.0008 
Warm start
Optimizing 128 data and 16080 samples. Theta=0.658069 
CHI2 before optimization:   3.8162 
Execution time: 0.80 seconds
Minimization using L-BFGS-B successful (iterations:54)
CHI2 after optimization:   0.4689 
Fraction of effective frames:   0.0008 
Warm start
Optimizing 128 data and 16080 samples. Theta=0.978780 
CHI2 before optimization:   3.8162 
Execution time: 0.63 seconds
Minimization using L-BFGS-B successful (iterations:44)
CHI2 after optimization:   0.4694 
Fraction of effective frames:   0.0008 
Warm start
Optimizing 128 data and 16080 samples. Theta=1.455791 
CHI2 before optimization:   3.8162 
Execution time: 0.56 seconds
Minimization using L-BFGS-B successful (iterations:37)
CHI2 after optimization:   0.4707 
Fraction of effective frames:   0.0009 
Warm start
Optimizing 128 data and 16080 samples. Theta=2.165273 
CHI2 before optimization:   3.8162 
Execution time: 0.44 seconds
Minimization using L-BFGS-B successful (iterations:29)
CHI2 after optimization:   0.4741 
Fraction of effective frames:   0.0010 
Warm start
Optimizing 128 data and 16080 samples. Theta=3.220524 
CHI2 before optimization:   3.8162 
Execution time: 0.35 seconds
Minimization using L-BFGS-B successful (iterations:23)
CHI2 after optimization:   0.4846 
Fraction of effective frames:   0.0013 
Warm start
Optimizing 128 data and 16080 samples. Theta=4.790053 
CHI2 before optimization:   3.8162 
Execution time: 0.30 seconds
Minimization using L-BFGS-B successful (iterations:21)
CHI2 after optimization:   0.5162 
Fraction of effective frames:   0.0021 
Warm start
Optimizing 128 data and 16080 samples. Theta=7.124496 
CHI2 before optimization:   3.8162 
Execution time: 0.26 seconds
Minimization using L-BFGS-B successful (iterations:16)
CHI2 after optimization:   0.5902 
Fraction of effective frames:   0.0047 
Warm start
Optimizing 128 data and 16080 samples. Theta=10.596634 
CHI2 before optimization:   3.8162 
Execution time: 0.25 seconds
Minimization using L-BFGS-B successful (iterations:17)
CHI2 after optimization:   0.7213 
Fraction of effective frames:   0.0122 
Warm start
Optimizing 128 data and 16080 samples. Theta=15.760926 
CHI2 before optimization:   3.8162 
Execution time: 0.28 seconds
Minimization using L-BFGS-B successful (iterations:17)
CHI2 after optimization:   0.9188 
Fraction of effective frames:   0.0323 
Warm start
Optimizing 128 data and 16080 samples. Theta=23.442046 
CHI2 before optimization:   3.8162 
Execution time: 0.25 seconds
Minimization using L-BFGS-B successful (iterations:16)
CHI2 after optimization:   1.1935 
Fraction of effective frames:   0.0804 
Warm start
Optimizing 128 data and 16080 samples. Theta=34.866576 
CHI2 before optimization:   3.8162 
Execution time: 0.25 seconds
Minimization using L-BFGS-B successful (iterations:16)
CHI2 after optimization:   1.5548 
Fraction of effective frames:   0.1803 
Warm start
Optimizing 128 data and 16080 samples. Theta=51.858876 
CHI2 before optimization:   3.8162 
Execution time: 0.23 seconds
Minimization using L-BFGS-B successful (iterations:15)
CHI2 after optimization:   1.9990 
Fraction of effective frames:   0.3521 
Warm start
Optimizing 128 data and 16080 samples. Theta=77.132408 
CHI2 before optimization:   3.8162 
Execution time: 0.29 seconds
Minimization using L-BFGS-B successful (iterations:14)
CHI2 after optimization:   2.4858 
Fraction of effective frames:   0.5781 
Warm start
Optimizing 128 data and 16080 samples. Theta=114.723050 
CHI2 before optimization:   3.8162 
Execution time: 0.25 seconds
Minimization using L-BFGS-B successful (iterations:14)
CHI2 after optimization:   2.9116 
Fraction of effective frames:   0.7758 
Warm start
Optimizing 128 data and 16080 samples. Theta=170.633570 
CHI2 before optimization:   3.8162 
Execution time: 0.29 seconds
Minimization using L-BFGS-B successful (iterations:15)
CHI2 after optimization:   3.2126 
Fraction of effective frames:   0.8928 
Warm start
Optimizing 128 data and 16080 samples. Theta=253.792201 
CHI2 before optimization:   3.8162 
Execution time: 0.25 seconds
Minimization using L-BFGS-B successful (iterations:15)
CHI2 after optimization:   3.4117 
Fraction of effective frames:   0.9504 
Warm start
Optimizing 128 data and 16080 samples. Theta=377.478364 
CHI2 before optimization:   3.8162 
Execution time: 0.25 seconds
Minimization using L-BFGS-B successful (iterations:15)
CHI2 after optimization:   3.5440 
Fraction of effective frames:   0.9773 
Warm start
Optimizing 128 data and 16080 samples. Theta=561.443241 
CHI2 before optimization:   3.8162 
Execution time: 0.25 seconds
Minimization using L-BFGS-B successful (iterations:15)
CHI2 after optimization:   3.6328 
Fraction of effective frames:   0.9896 
Warm start
Optimizing 128 data and 16080 samples. Theta=835.063787 
CHI2 before optimization:   3.8162 
Execution time: 0.23 seconds
Minimization using L-BFGS-B successful (iterations:15)
CHI2 after optimization:   3.6925 
Fraction of effective frames:   0.9953 
Warm start
Optimizing 128 data and 16080 samples. Theta=1242.033884 
CHI2 before optimization:   3.8162 
Execution time: 0.20 seconds
Minimization using L-BFGS-B successful (iterations:13)
CHI2 after optimization:   3.7328 
Fraction of effective frames:   0.9979 
Warm start
Optimizing 128 data and 16080 samples. Theta=1847.341714 
CHI2 before optimization:   3.8162 
Execution time: 0.18 seconds
Minimization using L-BFGS-B successful (iterations:12)
CHI2 after optimization:   3.7601 
Fraction of effective frames:   0.9990 
Warm start
Optimizing 128 data and 16080 samples. Theta=2747.647592 
CHI2 before optimization:   3.8162 
Execution time: 0.20 seconds
Minimization using L-BFGS-B successful (iterations:11)
CHI2 after optimization:   3.7784 
Fraction of effective frames:   0.9996 
Warm start
Optimizing 128 data and 16080 samples. Theta=4086.719436 
CHI2 before optimization:   3.8162 
Execution time: 0.17 seconds
Minimization using L-BFGS-B successful (iterations:10)
CHI2 after optimization:   3.7907 
Fraction of effective frames:   0.9998 
Warm start
Optimizing 128 data and 16080 samples. Theta=6078.390765 
CHI2 before optimization:   3.8162 
Execution time: 0.18 seconds
Minimization using L-BFGS-B successful (iterations:10)
CHI2 after optimization:   3.7991 
Fraction of effective frames:   0.9999 
Warm start
Optimizing 128 data and 16080 samples. Theta=9040.707313 
CHI2 before optimization:   3.8162 
Execution time: 0.15 seconds
Minimization using L-BFGS-B successful (iterations:8)
CHI2 after optimization:   3.8046 
Fraction of effective frames:   1.0000 
Warm start
Optimizing 128 data and 16080 samples. Theta=13446.715073 
CHI2 before optimization:   3.8162 
Execution time: 0.13 seconds
Minimization using L-BFGS-B successful (iterations:6)
CHI2 after optimization:   3.8084 
Fraction of effective frames:   1.0000 
Warm start
Optimizing 128 data and 16080 samples. Theta=20000.000000 
CHI2 before optimization:   3.8162 
Execution time: 0.10 seconds
Minimization using L-BFGS-B successful (iterations:6)
CHI2 after optimization:   3.8109 
Fraction of effective frames:   1.0000 
