Lagrange multipliers initialized from zero
Optimizing 107 data and 16080 samples. Theta=0.200000 
CHI2 before optimization:   2.6376 
Execution time: 0.48 seconds
Minimization using L-BFGS-B successful (iterations:40)
CHI2 after optimization:   0.0409 
Fraction of effective frames:   0.0051 
Warm start
Optimizing 107 data and 16080 samples. Theta=0.297470 
CHI2 before optimization:   2.6376 
Execution time: 0.35 seconds
Minimization using L-BFGS-B successful (iterations:26)
CHI2 after optimization:   0.0431 
Fraction of effective frames:   0.0082 
Warm start
Optimizing 107 data and 16080 samples. Theta=0.442443 
CHI2 before optimization:   2.6376 
Execution time: 0.31 seconds
Minimization using L-BFGS-B successful (iterations:22)
CHI2 after optimization:   0.0461 
Fraction of effective frames:   0.0129 
Warm start
Optimizing 107 data and 16080 samples. Theta=0.658069 
CHI2 before optimization:   2.6376 
Execution time: 0.29 seconds
Minimization using L-BFGS-B successful (iterations:20)
CHI2 after optimization:   0.0500 
Fraction of effective frames:   0.0189 
Warm start
Optimizing 107 data and 16080 samples. Theta=0.978780 
CHI2 before optimization:   2.6376 
Execution time: 0.24 seconds
Minimization using L-BFGS-B successful (iterations:17)
CHI2 after optimization:   0.0548 
Fraction of effective frames:   0.0260 
Warm start
Optimizing 107 data and 16080 samples. Theta=1.455791 
CHI2 before optimization:   2.6376 
Execution time: 0.24 seconds
Minimization using L-BFGS-B successful (iterations:14)
CHI2 after optimization:   0.0608 
Fraction of effective frames:   0.0340 
Warm start
Optimizing 107 data and 16080 samples. Theta=2.165273 
CHI2 before optimization:   2.6376 
Execution time: 0.20 seconds
Minimization using L-BFGS-B successful (iterations:13)
CHI2 after optimization:   0.0687 
Fraction of effective frames:   0.0431 
Warm start
Optimizing 107 data and 16080 samples. Theta=3.220524 
CHI2 before optimization:   2.6376 
Execution time: 0.20 seconds
Minimization using L-BFGS-B successful (iterations:13)
CHI2 after optimization:   0.0797 
Fraction of effective frames:   0.0539 
Warm start
Optimizing 107 data and 16080 samples. Theta=4.790053 
CHI2 before optimization:   2.6376 
Execution time: 0.19 seconds
Minimization using L-BFGS-B successful (iterations:12)
CHI2 after optimization:   0.0959 
Fraction of effective frames:   0.0671 
Warm start
Optimizing 107 data and 16080 samples. Theta=7.124496 
CHI2 before optimization:   2.6376 
Execution time: 0.17 seconds
Minimization using L-BFGS-B successful (iterations:11)
CHI2 after optimization:   0.1217 
Fraction of effective frames:   0.0847 
Warm start
Optimizing 107 data and 16080 samples. Theta=10.596634 
CHI2 before optimization:   2.6376 
Execution time: 0.15 seconds
Minimization using L-BFGS-B successful (iterations:11)
CHI2 after optimization:   0.1653 
Fraction of effective frames:   0.1104 
Warm start
Optimizing 107 data and 16080 samples. Theta=15.760926 
CHI2 before optimization:   2.6376 
Execution time: 0.15 seconds
Minimization using L-BFGS-B successful (iterations:10)
CHI2 after optimization:   0.2409 
Fraction of effective frames:   0.1505 
Warm start
Optimizing 107 data and 16080 samples. Theta=23.442046 
CHI2 before optimization:   2.6376 
Execution time: 0.18 seconds
Minimization using L-BFGS-B successful (iterations:12)
CHI2 after optimization:   0.3708 
Fraction of effective frames:   0.2152 
Warm start
Optimizing 107 data and 16080 samples. Theta=34.866576 
CHI2 before optimization:   2.6376 
Execution time: 0.19 seconds
Minimization using L-BFGS-B successful (iterations:14)
CHI2 after optimization:   0.5815 
Fraction of effective frames:   0.3182 
Warm start
Optimizing 107 data and 16080 samples. Theta=51.858876 
CHI2 before optimization:   2.6376 
Execution time: 0.20 seconds
Minimization using L-BFGS-B successful (iterations:15)
CHI2 after optimization:   0.8887 
Fraction of effective frames:   0.4678 
Warm start
Optimizing 107 data and 16080 samples. Theta=77.132408 
CHI2 before optimization:   2.6376 
Execution time: 0.22 seconds
Minimization using L-BFGS-B successful (iterations:16)
CHI2 after optimization:   1.2634 
Fraction of effective frames:   0.6430 
Warm start
Optimizing 107 data and 16080 samples. Theta=114.723050 
CHI2 before optimization:   2.6376 
Execution time: 0.23 seconds
Minimization using L-BFGS-B successful (iterations:16)
CHI2 after optimization:   1.6341 
Fraction of effective frames:   0.7957 
Warm start
Optimizing 107 data and 16080 samples. Theta=170.633570 
CHI2 before optimization:   2.6376 
Execution time: 0.24 seconds
Minimization using L-BFGS-B successful (iterations:18)
CHI2 after optimization:   1.9417 
Fraction of effective frames:   0.8966 
Warm start
Optimizing 107 data and 16080 samples. Theta=253.792201 
CHI2 before optimization:   2.6376 
Execution time: 0.25 seconds
Minimization using L-BFGS-B successful (iterations:19)
CHI2 after optimization:   2.1683 
Fraction of effective frames:   0.9513 
Warm start
Optimizing 107 data and 16080 samples. Theta=377.478364 
CHI2 before optimization:   2.6376 
Execution time: 0.27 seconds
Minimization using L-BFGS-B successful (iterations:17)
CHI2 after optimization:   2.3247 
Fraction of effective frames:   0.9779 
Warm start
Optimizing 107 data and 16080 samples. Theta=561.443241 
CHI2 before optimization:   2.6376 
Execution time: 0.22 seconds
Minimization using L-BFGS-B successful (iterations:17)
CHI2 after optimization:   2.4293 
Fraction of effective frames:   0.9900 
Warm start
Optimizing 107 data and 16080 samples. Theta=835.063787 
CHI2 before optimization:   2.6376 
Execution time: 0.27 seconds
Minimization using L-BFGS-B successful (iterations:17)
CHI2 after optimization:   2.4987 
Fraction of effective frames:   0.9955 
Warm start
Optimizing 107 data and 16080 samples. Theta=1242.033884 
CHI2 before optimization:   2.6376 
Execution time: 0.21 seconds
Minimization using L-BFGS-B successful (iterations:15)
CHI2 after optimization:   2.5448 
Fraction of effective frames:   0.9980 
Warm start
Optimizing 107 data and 16080 samples. Theta=1847.341714 
CHI2 before optimization:   2.6376 
Execution time: 0.20 seconds
Minimization using L-BFGS-B successful (iterations:14)
CHI2 after optimization:   2.5754 
Fraction of effective frames:   0.9991 
Warm start
Optimizing 107 data and 16080 samples. Theta=2747.647592 
CHI2 before optimization:   2.6376 
Execution time: 0.18 seconds
Minimization using L-BFGS-B successful (iterations:12)
CHI2 after optimization:   2.5960 
Fraction of effective frames:   0.9996 
Warm start
Optimizing 107 data and 16080 samples. Theta=4086.719436 
CHI2 before optimization:   2.6376 
Execution time: 0.15 seconds
Minimization using L-BFGS-B successful (iterations:11)
CHI2 after optimization:   2.6098 
Fraction of effective frames:   0.9998 
Warm start
Optimizing 107 data and 16080 samples. Theta=6078.390765 
CHI2 before optimization:   2.6376 
Execution time: 0.16 seconds
Minimization using L-BFGS-B successful (iterations:11)
CHI2 after optimization:   2.6189 
Fraction of effective frames:   0.9999 
Warm start
Optimizing 107 data and 16080 samples. Theta=9040.707313 
CHI2 before optimization:   2.6376 
Execution time: 0.14 seconds
Minimization using L-BFGS-B successful (iterations:9)
CHI2 after optimization:   2.6251 
Fraction of effective frames:   1.0000 
Warm start
Optimizing 107 data and 16080 samples. Theta=13446.715073 
CHI2 before optimization:   2.6376 
Execution time: 0.10 seconds
Minimization using L-BFGS-B successful (iterations:6)
CHI2 after optimization:   2.6286 
Fraction of effective frames:   1.0000 
Warm start
Optimizing 107 data and 16080 samples. Theta=20000.000000 
CHI2 before optimization:   2.6376 
Execution time: 0.08 seconds
Minimization using L-BFGS-B successful (iterations:5)
CHI2 after optimization:   2.6316 
Fraction of effective frames:   1.0000 
