Lagrange multipliers initialized from zero
Optimizing 36 data and 16080 samples. Theta=0.200000 
CHI2 before optimization:  27.5173 
Execution time: 0.81 seconds
Minimization using L-BFGS-B successful (iterations:153)
CHI2 after optimization:   3.1302 
Fraction of effective frames:   0.0007 
Warm start
Optimizing 36 data and 16080 samples. Theta=0.297470 
CHI2 before optimization:  27.5173 
Execution time: 0.60 seconds
Minimization using L-BFGS-B successful (iterations:114)
CHI2 after optimization:   3.1302 
Fraction of effective frames:   0.0007 
Warm start
Optimizing 36 data and 16080 samples. Theta=0.442443 
CHI2 before optimization:  27.5173 
Execution time: 0.43 seconds
Minimization using L-BFGS-B successful (iterations:90)
CHI2 after optimization:   3.1304 
Fraction of effective frames:   0.0007 
Warm start
Optimizing 36 data and 16080 samples. Theta=0.658069 
CHI2 before optimization:  27.5173 
Execution time: 0.32 seconds
Minimization using L-BFGS-B successful (iterations:72)
CHI2 after optimization:   3.1310 
Fraction of effective frames:   0.0008 
Warm start
Optimizing 36 data and 16080 samples. Theta=0.978780 
CHI2 before optimization:  27.5173 
Execution time: 0.28 seconds
Minimization using L-BFGS-B successful (iterations:62)
CHI2 after optimization:   3.1324 
Fraction of effective frames:   0.0008 
Warm start
Optimizing 36 data and 16080 samples. Theta=1.455791 
CHI2 before optimization:  27.5173 
Execution time: 0.22 seconds
Minimization using L-BFGS-B successful (iterations:44)
CHI2 after optimization:   3.1365 
Fraction of effective frames:   0.0008 
Warm start
Optimizing 36 data and 16080 samples. Theta=2.165273 
CHI2 before optimization:  27.5173 
Execution time: 0.17 seconds
Minimization using L-BFGS-B successful (iterations:36)
CHI2 after optimization:   3.1479 
Fraction of effective frames:   0.0009 
Warm start
Optimizing 36 data and 16080 samples. Theta=3.220524 
CHI2 before optimization:  27.5173 
Execution time: 0.12 seconds
Minimization using L-BFGS-B successful (iterations:25)
CHI2 after optimization:   3.1778 
Fraction of effective frames:   0.0011 
Warm start
Optimizing 36 data and 16080 samples. Theta=4.790053 
CHI2 before optimization:  27.5173 
Execution time: 0.12 seconds
Minimization using L-BFGS-B successful (iterations:24)
CHI2 after optimization:   3.2569 
Fraction of effective frames:   0.0016 
Warm start
Optimizing 36 data and 16080 samples. Theta=7.124496 
CHI2 before optimization:  27.5173 
Execution time: 0.12 seconds
Minimization using L-BFGS-B successful (iterations:21)
CHI2 after optimization:   3.4533 
Fraction of effective frames:   0.0029 
Warm start
Optimizing 36 data and 16080 samples. Theta=10.596634 
CHI2 before optimization:  27.5173 
Execution time: 0.08 seconds
Minimization using L-BFGS-B successful (iterations:15)
CHI2 after optimization:   3.8334 
Fraction of effective frames:   0.0064 
Warm start
Optimizing 36 data and 16080 samples. Theta=15.760926 
CHI2 before optimization:  27.5173 
Execution time: 0.07 seconds
Minimization using L-BFGS-B successful (iterations:13)
CHI2 after optimization:   4.3883 
Fraction of effective frames:   0.0138 
Warm start
Optimizing 36 data and 16080 samples. Theta=23.442046 
CHI2 before optimization:  27.5173 
Execution time: 0.08 seconds
Minimization using L-BFGS-B successful (iterations:12)
CHI2 after optimization:   5.1526 
Fraction of effective frames:   0.0280 
Warm start
Optimizing 36 data and 16080 samples. Theta=34.866576 
CHI2 before optimization:  27.5173 
Execution time: 0.05 seconds
Minimization using L-BFGS-B successful (iterations:11)
CHI2 after optimization:   6.2632 
Fraction of effective frames:   0.0562 
Warm start
Optimizing 36 data and 16080 samples. Theta=51.858876 
CHI2 before optimization:  27.5173 
Execution time: 0.07 seconds
Minimization using L-BFGS-B successful (iterations:11)
CHI2 after optimization:   7.8712 
Fraction of effective frames:   0.1106 
Warm start
Optimizing 36 data and 16080 samples. Theta=77.132408 
CHI2 before optimization:  27.5173 
Execution time: 0.05 seconds
Minimization using L-BFGS-B successful (iterations:10)
CHI2 after optimization:  10.0949 
Fraction of effective frames:   0.2078 
Warm start
Optimizing 36 data and 16080 samples. Theta=114.723050 
CHI2 before optimization:  27.5173 
Execution time: 0.03 seconds
Minimization using L-BFGS-B successful (iterations:8)
CHI2 after optimization:  12.9754 
Fraction of effective frames:   0.3605 
Warm start
Optimizing 36 data and 16080 samples. Theta=170.633570 
CHI2 before optimization:  27.5173 
Execution time: 0.05 seconds
Minimization using L-BFGS-B successful (iterations:8)
CHI2 after optimization:  16.3507 
Fraction of effective frames:   0.5573 
Warm start
Optimizing 36 data and 16080 samples. Theta=253.792201 
CHI2 before optimization:  27.5173 
Execution time: 0.05 seconds
Minimization using L-BFGS-B successful (iterations:9)
CHI2 after optimization:  19.7154 
Fraction of effective frames:   0.7478 
Warm start
Optimizing 36 data and 16080 samples. Theta=377.478364 
CHI2 before optimization:  27.5173 
Execution time: 0.07 seconds
Minimization using L-BFGS-B successful (iterations:10)
CHI2 after optimization:  22.4436 
Fraction of effective frames:   0.8788 
Warm start
Optimizing 36 data and 16080 samples. Theta=561.443241 
CHI2 before optimization:  27.5173 
Execution time: 0.06 seconds
Minimization using L-BFGS-B successful (iterations:10)
CHI2 after optimization:  24.3138 
Fraction of effective frames:   0.9469 
Warm start
Optimizing 36 data and 16080 samples. Theta=835.063787 
CHI2 before optimization:  27.5173 
Execution time: 0.05 seconds
Minimization using L-BFGS-B successful (iterations:9)
CHI2 after optimization:  25.4918 
Fraction of effective frames:   0.9774 
Warm start
Optimizing 36 data and 16080 samples. Theta=1242.033884 
CHI2 before optimization:  27.5173 
Execution time: 0.05 seconds
Minimization using L-BFGS-B successful (iterations:9)
CHI2 after optimization:  26.2206 
Fraction of effective frames:   0.9903 
Warm start
Optimizing 36 data and 16080 samples. Theta=1847.341714 
CHI2 before optimization:  27.5173 
Execution time: 0.05 seconds
Minimization using L-BFGS-B successful (iterations:9)
CHI2 after optimization:  26.6761 
Fraction of effective frames:   0.9958 
Warm start
Optimizing 36 data and 16080 samples. Theta=2747.647592 
CHI2 before optimization:  27.5173 
Execution time: 0.04 seconds
Minimization using L-BFGS-B successful (iterations:8)
CHI2 after optimization:  26.9652 
Fraction of effective frames:   0.9982 
Warm start
Optimizing 36 data and 16080 samples. Theta=4086.719436 
CHI2 before optimization:  27.5173 
Execution time: 0.05 seconds
Minimization using L-BFGS-B successful (iterations:8)
CHI2 after optimization:  27.1524 
Fraction of effective frames:   0.9992 
Warm start
Optimizing 36 data and 16080 samples. Theta=6078.390765 
CHI2 before optimization:  27.5173 
Execution time: 0.03 seconds
Minimization using L-BFGS-B successful (iterations:7)
CHI2 after optimization:  27.2751 
Fraction of effective frames:   0.9996 
Warm start
Optimizing 36 data and 16080 samples. Theta=9040.707313 
CHI2 before optimization:  27.5173 
Execution time: 0.03 seconds
Minimization using L-BFGS-B successful (iterations:7)
CHI2 after optimization:  27.3558 
Fraction of effective frames:   0.9998 
Warm start
Optimizing 36 data and 16080 samples. Theta=13446.715073 
CHI2 before optimization:  27.5173 
Execution time: 0.04 seconds
Minimization using L-BFGS-B successful (iterations:5)
CHI2 after optimization:  27.4105 
Fraction of effective frames:   0.9999 
Warm start
Optimizing 36 data and 16080 samples. Theta=20000.000000 
CHI2 before optimization:  27.5173 
Execution time: 0.03 seconds
Minimization using L-BFGS-B successful (iterations:5)
CHI2 after optimization:  27.4460 
Fraction of effective frames:   1.0000 
