Lagrange multipliers initialized from zero
Optimizing 155 data and 16080 samples. Theta=0.200000 
CHI2 before optimization:   5.4073 
Execution time: 3.81 seconds
Minimization using L-BFGS-B successful (iterations:168)
CHI2 after optimization:   1.1855 
Fraction of effective frames:   0.0008 
Warm start
Optimizing 155 data and 16080 samples. Theta=0.297470 
CHI2 before optimization:   5.4073 
Execution time: 2.18 seconds
Minimization using L-BFGS-B successful (iterations:119)
CHI2 after optimization:   1.1856 
Fraction of effective frames:   0.0009 
Warm start
Optimizing 155 data and 16080 samples. Theta=0.442443 
CHI2 before optimization:   5.4073 
Execution time: 1.88 seconds
Minimization using L-BFGS-B successful (iterations:103)
CHI2 after optimization:   1.1856 
Fraction of effective frames:   0.0009 
Warm start
Optimizing 155 data and 16080 samples. Theta=0.658069 
CHI2 before optimization:   5.4073 
Execution time: 1.43 seconds
Minimization using L-BFGS-B successful (iterations:81)
CHI2 after optimization:   1.1858 
Fraction of effective frames:   0.0009 
Warm start
Optimizing 155 data and 16080 samples. Theta=0.978780 
CHI2 before optimization:   5.4073 
Execution time: 1.19 seconds
Minimization using L-BFGS-B successful (iterations:66)
CHI2 after optimization:   1.1862 
Fraction of effective frames:   0.0009 
Warm start
Optimizing 155 data and 16080 samples. Theta=1.455791 
CHI2 before optimization:   5.4073 
Execution time: 0.97 seconds
Minimization using L-BFGS-B successful (iterations:53)
CHI2 after optimization:   1.1871 
Fraction of effective frames:   0.0010 
Warm start
Optimizing 155 data and 16080 samples. Theta=2.165273 
CHI2 before optimization:   5.4073 
Execution time: 0.80 seconds
Minimization using L-BFGS-B successful (iterations:42)
CHI2 after optimization:   1.1895 
Fraction of effective frames:   0.0011 
Warm start
Optimizing 155 data and 16080 samples. Theta=3.220524 
CHI2 before optimization:   5.4073 
Execution time: 0.65 seconds
Minimization using L-BFGS-B successful (iterations:31)
CHI2 after optimization:   1.1953 
Fraction of effective frames:   0.0013 
Warm start
Optimizing 155 data and 16080 samples. Theta=4.790053 
CHI2 before optimization:   5.4073 
Execution time: 0.51 seconds
Minimization using L-BFGS-B successful (iterations:25)
CHI2 after optimization:   1.2093 
Fraction of effective frames:   0.0017 
Warm start
Optimizing 155 data and 16080 samples. Theta=7.124496 
CHI2 before optimization:   5.4073 
Execution time: 0.41 seconds
Minimization using L-BFGS-B successful (iterations:21)
CHI2 after optimization:   1.2426 
Fraction of effective frames:   0.0026 
Warm start
Optimizing 155 data and 16080 samples. Theta=10.596634 
CHI2 before optimization:   5.4073 
Execution time: 0.43 seconds
Minimization using L-BFGS-B successful (iterations:18)
CHI2 after optimization:   1.3210 
Fraction of effective frames:   0.0051 
Warm start
Optimizing 155 data and 16080 samples. Theta=15.760926 
CHI2 before optimization:   5.4073 
Execution time: 0.34 seconds
Minimization using L-BFGS-B successful (iterations:17)
CHI2 after optimization:   1.4815 
Fraction of effective frames:   0.0132 
Warm start
Optimizing 155 data and 16080 samples. Theta=23.442046 
CHI2 before optimization:   5.4073 
Execution time: 0.34 seconds
Minimization using L-BFGS-B successful (iterations:17)
CHI2 after optimization:   1.7332 
Fraction of effective frames:   0.0362 
Warm start
Optimizing 155 data and 16080 samples. Theta=34.866576 
CHI2 before optimization:   5.4073 
Execution time: 0.32 seconds
Minimization using L-BFGS-B successful (iterations:16)
CHI2 after optimization:   2.0689 
Fraction of effective frames:   0.0899 
Warm start
Optimizing 155 data and 16080 samples. Theta=51.858876 
CHI2 before optimization:   5.4073 
Execution time: 0.33 seconds
Minimization using L-BFGS-B successful (iterations:17)
CHI2 after optimization:   2.4858 
Fraction of effective frames:   0.1922 
Warm start
Optimizing 155 data and 16080 samples. Theta=77.132408 
CHI2 before optimization:   5.4073 
Execution time: 0.34 seconds
Minimization using L-BFGS-B successful (iterations:17)
CHI2 after optimization:   2.9778 
Fraction of effective frames:   0.3517 
Warm start
Optimizing 155 data and 16080 samples. Theta=114.723050 
CHI2 before optimization:   5.4073 
Execution time: 0.32 seconds
Minimization using L-BFGS-B successful (iterations:17)
CHI2 after optimization:   3.5147 
Fraction of effective frames:   0.5486 
Warm start
Optimizing 155 data and 16080 samples. Theta=170.633570 
CHI2 before optimization:   5.4073 
Execution time: 0.34 seconds
Minimization using L-BFGS-B successful (iterations:17)
CHI2 after optimization:   4.0326 
Fraction of effective frames:   0.7330 
Warm start
Optimizing 155 data and 16080 samples. Theta=253.792201 
CHI2 before optimization:   5.4073 
Execution time: 0.34 seconds
Minimization using L-BFGS-B successful (iterations:17)
CHI2 after optimization:   4.4658 
Fraction of effective frames:   0.8634 
Warm start
Optimizing 155 data and 16080 samples. Theta=377.478364 
CHI2 before optimization:   5.4073 
Execution time: 0.34 seconds
Minimization using L-BFGS-B successful (iterations:17)
CHI2 after optimization:   4.7837 
Fraction of effective frames:   0.9363 
Warm start
Optimizing 155 data and 16080 samples. Theta=561.443241 
CHI2 before optimization:   5.4073 
Execution time: 0.34 seconds
Minimization using L-BFGS-B successful (iterations:17)
CHI2 after optimization:   4.9984 
Fraction of effective frames:   0.9715 
Warm start
Optimizing 155 data and 16080 samples. Theta=835.063787 
CHI2 before optimization:   5.4073 
Execution time: 0.32 seconds
Minimization using L-BFGS-B successful (iterations:16)
CHI2 after optimization:   5.1388 
Fraction of effective frames:   0.9874 
Warm start
Optimizing 155 data and 16080 samples. Theta=1242.033884 
CHI2 before optimization:   5.4073 
Execution time: 0.30 seconds
Minimization using L-BFGS-B successful (iterations:15)
CHI2 after optimization:   5.2301 
Fraction of effective frames:   0.9944 
Warm start
Optimizing 155 data and 16080 samples. Theta=1847.341714 
CHI2 before optimization:   5.4073 
Execution time: 0.28 seconds
Minimization using L-BFGS-B successful (iterations:14)
CHI2 after optimization:   5.2898 
Fraction of effective frames:   0.9975 
Warm start
Optimizing 155 data and 16080 samples. Theta=2747.647592 
CHI2 before optimization:   5.4073 
Execution time: 0.27 seconds
Minimization using L-BFGS-B successful (iterations:13)
CHI2 after optimization:   5.3291 
Fraction of effective frames:   0.9989 
Warm start
Optimizing 155 data and 16080 samples. Theta=4086.719436 
CHI2 before optimization:   5.4073 
Execution time: 0.25 seconds
Minimization using L-BFGS-B successful (iterations:12)
CHI2 after optimization:   5.3550 
Fraction of effective frames:   0.9995 
Warm start
Optimizing 155 data and 16080 samples. Theta=6078.390765 
CHI2 before optimization:   5.4073 
Execution time: 0.24 seconds
Minimization using L-BFGS-B successful (iterations:11)
CHI2 after optimization:   5.3723 
Fraction of effective frames:   0.9998 
Warm start
Optimizing 155 data and 16080 samples. Theta=9040.707313 
CHI2 before optimization:   5.4073 
Execution time: 0.23 seconds
Minimization using L-BFGS-B successful (iterations:10)
CHI2 after optimization:   5.3838 
Fraction of effective frames:   0.9999 
Warm start
Optimizing 155 data and 16080 samples. Theta=13446.715073 
CHI2 before optimization:   5.4073 
Execution time: 0.17 seconds
Minimization using L-BFGS-B successful (iterations:8)
CHI2 after optimization:   5.3914 
Fraction of effective frames:   1.0000 
Warm start
Optimizing 155 data and 16080 samples. Theta=20000.000000 
CHI2 before optimization:   5.4073 
Execution time: 0.17 seconds
Minimization using L-BFGS-B successful (iterations:8)
CHI2 after optimization:   5.3966 
Fraction of effective frames:   1.0000 
