Lagrange multipliers initialized from zero
Optimizing 33 data and 16080 samples. Theta=0.200000 
CHI2 before optimization:  18.7637 
Execution time: 0.61 seconds
Minimization using L-BFGS-B successful (iterations:132)
CHI2 after optimization:   2.0643 
Fraction of effective frames:   0.0007 
Warm start
Optimizing 33 data and 16080 samples. Theta=0.297470 
CHI2 before optimization:  18.7637 
Execution time: 0.44 seconds
Minimization using L-BFGS-B successful (iterations:97)
CHI2 after optimization:   2.0645 
Fraction of effective frames:   0.0008 
Warm start
Optimizing 33 data and 16080 samples. Theta=0.442443 
CHI2 before optimization:  18.7637 
Execution time: 0.38 seconds
Minimization using L-BFGS-B successful (iterations:82)
CHI2 after optimization:   2.0652 
Fraction of effective frames:   0.0008 
Warm start
Optimizing 33 data and 16080 samples. Theta=0.658069 
CHI2 before optimization:  18.7637 
Execution time: 0.27 seconds
Minimization using L-BFGS-B successful (iterations:55)
CHI2 after optimization:   2.0669 
Fraction of effective frames:   0.0008 
Warm start
Optimizing 33 data and 16080 samples. Theta=0.978780 
CHI2 before optimization:  18.7637 
Execution time: 0.25 seconds
Minimization using L-BFGS-B successful (iterations:49)
CHI2 after optimization:   2.0713 
Fraction of effective frames:   0.0009 
Warm start
Optimizing 33 data and 16080 samples. Theta=1.455791 
CHI2 before optimization:  18.7637 
Execution time: 0.18 seconds
Minimization using L-BFGS-B successful (iterations:38)
CHI2 after optimization:   2.0817 
Fraction of effective frames:   0.0010 
Warm start
Optimizing 33 data and 16080 samples. Theta=2.165273 
CHI2 before optimization:  18.7637 
Execution time: 0.15 seconds
Minimization using L-BFGS-B successful (iterations:32)
CHI2 after optimization:   2.1054 
Fraction of effective frames:   0.0013 
Warm start
Optimizing 33 data and 16080 samples. Theta=3.220524 
CHI2 before optimization:  18.7637 
Execution time: 0.17 seconds
Minimization using L-BFGS-B successful (iterations:25)
CHI2 after optimization:   2.1627 
Fraction of effective frames:   0.0018 
Warm start
Optimizing 33 data and 16080 samples. Theta=4.790053 
CHI2 before optimization:  18.7637 
Execution time: 0.12 seconds
Minimization using L-BFGS-B successful (iterations:21)
CHI2 after optimization:   2.3073 
Fraction of effective frames:   0.0033 
Warm start
Optimizing 33 data and 16080 samples. Theta=7.124496 
CHI2 before optimization:  18.7637 
Execution time: 0.07 seconds
Minimization using L-BFGS-B successful (iterations:16)
CHI2 after optimization:   2.6200 
Fraction of effective frames:   0.0079 
Warm start
Optimizing 33 data and 16080 samples. Theta=10.596634 
CHI2 before optimization:  18.7637 
Execution time: 0.08 seconds
Minimization using L-BFGS-B successful (iterations:13)
CHI2 after optimization:   3.1338 
Fraction of effective frames:   0.0208 
Warm start
Optimizing 33 data and 16080 samples. Theta=15.760926 
CHI2 before optimization:  18.7637 
Execution time: 0.08 seconds
Minimization using L-BFGS-B successful (iterations:12)
CHI2 after optimization:   3.8131 
Fraction of effective frames:   0.0494 
Warm start
Optimizing 33 data and 16080 samples. Theta=23.442046 
CHI2 before optimization:  18.7637 
Execution time: 0.07 seconds
Minimization using L-BFGS-B successful (iterations:10)
CHI2 after optimization:   4.6353 
Fraction of effective frames:   0.1001 
Warm start
Optimizing 33 data and 16080 samples. Theta=34.866576 
CHI2 before optimization:  18.7637 
Execution time: 0.06 seconds
Minimization using L-BFGS-B successful (iterations:10)
CHI2 after optimization:   5.6194 
Fraction of effective frames:   0.1767 
Warm start
Optimizing 33 data and 16080 samples. Theta=51.858876 
CHI2 before optimization:  18.7637 
Execution time: 0.05 seconds
Minimization using L-BFGS-B successful (iterations:10)
CHI2 after optimization:   6.8034 
Fraction of effective frames:   0.2797 
Warm start
Optimizing 33 data and 16080 samples. Theta=77.132408 
CHI2 before optimization:  18.7637 
Execution time: 0.05 seconds
Minimization using L-BFGS-B successful (iterations:9)
CHI2 after optimization:   8.2740 
Fraction of effective frames:   0.4103 
Warm start
Optimizing 33 data and 16080 samples. Theta=114.723050 
CHI2 before optimization:  18.7637 
Execution time: 0.05 seconds
Minimization using L-BFGS-B successful (iterations:9)
CHI2 after optimization:  10.1120 
Fraction of effective frames:   0.5663 
Warm start
Optimizing 33 data and 16080 samples. Theta=170.633570 
CHI2 before optimization:  18.7637 
Execution time: 0.05 seconds
Minimization using L-BFGS-B successful (iterations:9)
CHI2 after optimization:  12.2365 
Fraction of effective frames:   0.7283 
Warm start
Optimizing 33 data and 16080 samples. Theta=253.792201 
CHI2 before optimization:  18.7637 
Execution time: 0.05 seconds
Minimization using L-BFGS-B successful (iterations:9)
CHI2 after optimization:  14.2828 
Fraction of effective frames:   0.8582 
Warm start
Optimizing 33 data and 16080 samples. Theta=377.478364 
CHI2 before optimization:  18.7637 
Execution time: 0.05 seconds
Minimization using L-BFGS-B successful (iterations:10)
CHI2 after optimization:  15.8664 
Fraction of effective frames:   0.9352 
Warm start
Optimizing 33 data and 16080 samples. Theta=561.443241 
CHI2 before optimization:  18.7637 
Execution time: 0.05 seconds
Minimization using L-BFGS-B successful (iterations:10)
CHI2 after optimization:  16.9197 
Fraction of effective frames:   0.9720 
Warm start
Optimizing 33 data and 16080 samples. Theta=835.063787 
CHI2 before optimization:  18.7637 
Execution time: 0.06 seconds
Minimization using L-BFGS-B successful (iterations:10)
CHI2 after optimization:  17.5826 
Fraction of effective frames:   0.9880 
Warm start
Optimizing 33 data and 16080 samples. Theta=1242.033884 
CHI2 before optimization:  18.7637 
Execution time: 0.06 seconds
Minimization using L-BFGS-B successful (iterations:10)
CHI2 after optimization:  17.9981 
Fraction of effective frames:   0.9948 
Warm start
Optimizing 33 data and 16080 samples. Theta=1847.341714 
CHI2 before optimization:  18.7637 
Execution time: 0.03 seconds
Minimization using L-BFGS-B successful (iterations:9)
CHI2 after optimization:  18.2621 
Fraction of effective frames:   0.9977 
Warm start
Optimizing 33 data and 16080 samples. Theta=2747.647592 
CHI2 before optimization:  18.7637 
Execution time: 0.04 seconds
Minimization using L-BFGS-B successful (iterations:8)
CHI2 after optimization:  18.4320 
Fraction of effective frames:   0.9990 
Warm start
Optimizing 33 data and 16080 samples. Theta=4086.719436 
CHI2 before optimization:  18.7637 
Execution time: 0.03 seconds
Minimization using L-BFGS-B successful (iterations:7)
CHI2 after optimization:  18.5434 
Fraction of effective frames:   0.9996 
Warm start
Optimizing 33 data and 16080 samples. Theta=6078.390765 
CHI2 before optimization:  18.7637 
Execution time: 0.03 seconds
Minimization using L-BFGS-B successful (iterations:7)
CHI2 after optimization:  18.6168 
Fraction of effective frames:   0.9998 
Warm start
Optimizing 33 data and 16080 samples. Theta=9040.707313 
CHI2 before optimization:  18.7637 
Execution time: 0.05 seconds
Minimization using L-BFGS-B successful (iterations:7)
CHI2 after optimization:  18.6655 
Fraction of effective frames:   0.9999 
Warm start
Optimizing 33 data and 16080 samples. Theta=13446.715073 
CHI2 before optimization:  18.7637 
Execution time: 0.03 seconds
Minimization using L-BFGS-B successful (iterations:5)
CHI2 after optimization:  18.6984 
Fraction of effective frames:   1.0000 
Warm start
Optimizing 33 data and 16080 samples. Theta=20000.000000 
CHI2 before optimization:  18.7637 
Execution time: 0.03 seconds
Minimization using L-BFGS-B successful (iterations:5)
CHI2 after optimization:  18.7199 
Fraction of effective frames:   1.0000 
