Lagrange multipliers initialized from zero
Optimizing 30 data and 16080 samples. Theta=0.200000 
CHI2 before optimization:  13.3537 
Execution time: 0.48 seconds
Minimization using L-BFGS-B successful (iterations:110)
CHI2 after optimization:   1.4053 
Fraction of effective frames:   0.0007 
Warm start
Optimizing 30 data and 16080 samples. Theta=0.297470 
CHI2 before optimization:  13.3537 
Execution time: 0.33 seconds
Minimization using L-BFGS-B successful (iterations:75)
CHI2 after optimization:   1.4055 
Fraction of effective frames:   0.0007 
Warm start
Optimizing 30 data and 16080 samples. Theta=0.442443 
CHI2 before optimization:  13.3537 
Execution time: 0.25 seconds
Minimization using L-BFGS-B successful (iterations:60)
CHI2 after optimization:   1.4060 
Fraction of effective frames:   0.0007 
Warm start
Optimizing 30 data and 16080 samples. Theta=0.658069 
CHI2 before optimization:  13.3537 
Execution time: 0.19 seconds
Minimization using L-BFGS-B successful (iterations:47)
CHI2 after optimization:   1.4075 
Fraction of effective frames:   0.0007 
Warm start
Optimizing 30 data and 16080 samples. Theta=0.978780 
CHI2 before optimization:  13.3537 
Execution time: 0.16 seconds
Minimization using L-BFGS-B successful (iterations:39)
CHI2 after optimization:   1.4115 
Fraction of effective frames:   0.0008 
Warm start
Optimizing 30 data and 16080 samples. Theta=1.455791 
CHI2 before optimization:  13.3537 
Execution time: 0.13 seconds
Minimization using L-BFGS-B successful (iterations:29)
CHI2 after optimization:   1.4222 
Fraction of effective frames:   0.0009 
Warm start
Optimizing 30 data and 16080 samples. Theta=2.165273 
CHI2 before optimization:  13.3537 
Execution time: 0.10 seconds
Minimization using L-BFGS-B successful (iterations:23)
CHI2 after optimization:   1.4519 
Fraction of effective frames:   0.0011 
Warm start
Optimizing 30 data and 16080 samples. Theta=3.220524 
CHI2 before optimization:  13.3537 
Execution time: 0.07 seconds
Minimization using L-BFGS-B successful (iterations:18)
CHI2 after optimization:   1.5283 
Fraction of effective frames:   0.0017 
Warm start
Optimizing 30 data and 16080 samples. Theta=4.790053 
CHI2 before optimization:  13.3537 
Execution time: 0.06 seconds
Minimization using L-BFGS-B successful (iterations:16)
CHI2 after optimization:   1.7016 
Fraction of effective frames:   0.0033 
Warm start
Optimizing 30 data and 16080 samples. Theta=7.124496 
CHI2 before optimization:  13.3537 
Execution time: 0.05 seconds
Minimization using L-BFGS-B successful (iterations:12)
CHI2 after optimization:   2.0378 
Fraction of effective frames:   0.0076 
Warm start
Optimizing 30 data and 16080 samples. Theta=10.596634 
CHI2 before optimization:  13.3537 
Execution time: 0.05 seconds
Minimization using L-BFGS-B successful (iterations:12)
CHI2 after optimization:   2.5942 
Fraction of effective frames:   0.0198 
Warm start
Optimizing 30 data and 16080 samples. Theta=15.760926 
CHI2 before optimization:  13.3537 
Execution time: 0.05 seconds
Minimization using L-BFGS-B successful (iterations:11)
CHI2 after optimization:   3.4048 
Fraction of effective frames:   0.0504 
Warm start
Optimizing 30 data and 16080 samples. Theta=23.442046 
CHI2 before optimization:  13.3537 
Execution time: 0.05 seconds
Minimization using L-BFGS-B successful (iterations:11)
CHI2 after optimization:   4.4934 
Fraction of effective frames:   0.1177 
Warm start
Optimizing 30 data and 16080 samples. Theta=34.866576 
CHI2 before optimization:  13.3537 
Execution time: 0.03 seconds
Minimization using L-BFGS-B successful (iterations:9)
CHI2 after optimization:   5.8942 
Fraction of effective frames:   0.2453 
Warm start
Optimizing 30 data and 16080 samples. Theta=51.858876 
CHI2 before optimization:  13.3537 
Execution time: 0.04 seconds
Minimization using L-BFGS-B successful (iterations:8)
CHI2 after optimization:   7.5937 
Fraction of effective frames:   0.4473 
Warm start
Optimizing 30 data and 16080 samples. Theta=77.132408 
CHI2 before optimization:  13.3537 
Execution time: 0.04 seconds
Minimization using L-BFGS-B successful (iterations:8)
CHI2 after optimization:   9.3209 
Fraction of effective frames:   0.6767 
Warm start
Optimizing 30 data and 16080 samples. Theta=114.723050 
CHI2 before optimization:  13.3537 
Execution time: 0.04 seconds
Minimization using L-BFGS-B successful (iterations:8)
CHI2 after optimization:  10.6504 
Fraction of effective frames:   0.8399 
Warm start
Optimizing 30 data and 16080 samples. Theta=170.633570 
CHI2 before optimization:  13.3537 
Execution time: 0.03 seconds
Minimization using L-BFGS-B successful (iterations:8)
CHI2 after optimization:  11.5264 
Fraction of effective frames:   0.9244 
Warm start
Optimizing 30 data and 16080 samples. Theta=253.792201 
CHI2 before optimization:  13.3537 
Execution time: 0.05 seconds
Minimization using L-BFGS-B successful (iterations:8)
CHI2 after optimization:  12.1049 
Fraction of effective frames:   0.9645 
Warm start
Optimizing 30 data and 16080 samples. Theta=377.478364 
CHI2 before optimization:  13.3537 
Execution time: 0.02 seconds
Minimization using L-BFGS-B successful (iterations:8)
CHI2 after optimization:  12.4979 
Fraction of effective frames:   0.9835 
Warm start
Optimizing 30 data and 16080 samples. Theta=561.443241 
CHI2 before optimization:  13.3537 
Execution time: 0.03 seconds
Minimization using L-BFGS-B successful (iterations:7)
CHI2 after optimization:  12.7683 
Fraction of effective frames:   0.9923 
Warm start
Optimizing 30 data and 16080 samples. Theta=835.063787 
CHI2 before optimization:  13.3537 
Execution time: 0.02 seconds
Minimization using L-BFGS-B successful (iterations:7)
CHI2 after optimization:  12.9547 
Fraction of effective frames:   0.9965 
Warm start
Optimizing 30 data and 16080 samples. Theta=1242.033884 
CHI2 before optimization:  13.3537 
Execution time: 0.05 seconds
Minimization using L-BFGS-B successful (iterations:7)
CHI2 after optimization:  13.0826 
Fraction of effective frames:   0.9984 
Warm start
Optimizing 30 data and 16080 samples. Theta=1847.341714 
CHI2 before optimization:  13.3537 
Execution time: 0.05 seconds
Minimization using L-BFGS-B successful (iterations:7)
CHI2 after optimization:  13.1701 
Fraction of effective frames:   0.9993 
Warm start
Optimizing 30 data and 16080 samples. Theta=2747.647592 
CHI2 before optimization:  13.3537 
Execution time: 0.03 seconds
Minimization using L-BFGS-B successful (iterations:6)
CHI2 after optimization:  13.2296 
Fraction of effective frames:   0.9997 
Warm start
Optimizing 30 data and 16080 samples. Theta=4086.719436 
CHI2 before optimization:  13.3537 
Execution time: 0.03 seconds
Minimization using L-BFGS-B successful (iterations:6)
CHI2 after optimization:  13.2699 
Fraction of effective frames:   0.9998 
Warm start
Optimizing 30 data and 16080 samples. Theta=6078.390765 
CHI2 before optimization:  13.3537 
Execution time: 0.04 seconds
Minimization using L-BFGS-B successful (iterations:5)
CHI2 after optimization:  13.2973 
Fraction of effective frames:   0.9999 
Warm start
Optimizing 30 data and 16080 samples. Theta=9040.707313 
CHI2 before optimization:  13.3537 
Execution time: 0.03 seconds
Minimization using L-BFGS-B successful (iterations:5)
CHI2 after optimization:  13.3157 
Fraction of effective frames:   1.0000 
Warm start
Optimizing 30 data and 16080 samples. Theta=13446.715073 
CHI2 before optimization:  13.3537 
Execution time: 0.03 seconds
Minimization using L-BFGS-B successful (iterations:4)
CHI2 after optimization:  13.3281 
Fraction of effective frames:   1.0000 
Warm start
Optimizing 30 data and 16080 samples. Theta=20000.000000 
CHI2 before optimization:  13.3537 
Execution time: 0.03 seconds
Minimization using L-BFGS-B successful (iterations:4)
CHI2 after optimization:  13.3365 
Fraction of effective frames:   1.0000 
