Lagrange multipliers initialized from zero
Optimizing 36 data and 16080 samples. Theta=0.200000 
CHI2 before optimization:  35.1432 
Execution time: 1.41 seconds
Minimization using L-BFGS-B successful (iterations:190)
CHI2 after optimization:   3.7638 
Fraction of effective frames:   0.0006 
Warm start
Optimizing 36 data and 16080 samples. Theta=0.297470 
CHI2 before optimization:  35.1432 
Execution time: 0.80 seconds
Minimization using L-BFGS-B successful (iterations:143)
CHI2 after optimization:   3.7640 
Fraction of effective frames:   0.0006 
Warm start
Optimizing 36 data and 16080 samples. Theta=0.442443 
CHI2 before optimization:  35.1432 
Execution time: 0.60 seconds
Minimization using L-BFGS-B successful (iterations:117)
CHI2 after optimization:   3.7645 
Fraction of effective frames:   0.0007 
Warm start
Optimizing 36 data and 16080 samples. Theta=0.658069 
CHI2 before optimization:  35.1432 
Execution time: 0.47 seconds
Minimization using L-BFGS-B successful (iterations:90)
CHI2 after optimization:   3.7657 
Fraction of effective frames:   0.0007 
Warm start
Optimizing 36 data and 16080 samples. Theta=0.978780 
CHI2 before optimization:  35.1432 
Execution time: 0.38 seconds
Minimization using L-BFGS-B successful (iterations:73)
CHI2 after optimization:   3.7686 
Fraction of effective frames:   0.0007 
Warm start
Optimizing 36 data and 16080 samples. Theta=1.455791 
CHI2 before optimization:  35.1432 
Execution time: 0.34 seconds
Minimization using L-BFGS-B successful (iterations:62)
CHI2 after optimization:   3.7756 
Fraction of effective frames:   0.0008 
Warm start
Optimizing 36 data and 16080 samples. Theta=2.165273 
CHI2 before optimization:  35.1432 
Execution time: 0.25 seconds
Minimization using L-BFGS-B successful (iterations:45)
CHI2 after optimization:   3.7921 
Fraction of effective frames:   0.0009 
Warm start
Optimizing 36 data and 16080 samples. Theta=3.220524 
CHI2 before optimization:  35.1432 
Execution time: 0.16 seconds
Minimization using L-BFGS-B successful (iterations:35)
CHI2 after optimization:   3.8318 
Fraction of effective frames:   0.0012 
Warm start
Optimizing 36 data and 16080 samples. Theta=4.790053 
CHI2 before optimization:  35.1432 
Execution time: 0.13 seconds
Minimization using L-BFGS-B successful (iterations:27)
CHI2 after optimization:   3.9338 
Fraction of effective frames:   0.0019 
Warm start
Optimizing 36 data and 16080 samples. Theta=7.124496 
CHI2 before optimization:  35.1432 
Execution time: 0.14 seconds
Minimization using L-BFGS-B successful (iterations:26)
CHI2 after optimization:   4.1830 
Fraction of effective frames:   0.0041 
Warm start
Optimizing 36 data and 16080 samples. Theta=10.596634 
CHI2 before optimization:  35.1432 
Execution time: 0.12 seconds
Minimization using L-BFGS-B successful (iterations:24)
CHI2 after optimization:   4.6696 
Fraction of effective frames:   0.0112 
Warm start
Optimizing 36 data and 16080 samples. Theta=15.760926 
CHI2 before optimization:  35.1432 
Execution time: 0.10 seconds
Minimization using L-BFGS-B successful (iterations:20)
CHI2 after optimization:   5.3724 
Fraction of effective frames:   0.0297 
Warm start
Optimizing 36 data and 16080 samples. Theta=23.442046 
CHI2 before optimization:  35.1432 
Execution time: 0.07 seconds
Minimization using L-BFGS-B successful (iterations:14)
CHI2 after optimization:   6.1698 
Fraction of effective frames:   0.0629 
Warm start
Optimizing 36 data and 16080 samples. Theta=34.866576 
CHI2 before optimization:  35.1432 
Execution time: 0.08 seconds
Minimization using L-BFGS-B successful (iterations:13)
CHI2 after optimization:   6.9879 
Fraction of effective frames:   0.1057 
Warm start
Optimizing 36 data and 16080 samples. Theta=51.858876 
CHI2 before optimization:  35.1432 
Execution time: 0.06 seconds
Minimization using L-BFGS-B successful (iterations:11)
CHI2 after optimization:   7.9040 
Fraction of effective frames:   0.1557 
Warm start
Optimizing 36 data and 16080 samples. Theta=77.132408 
CHI2 before optimization:  35.1432 
Execution time: 0.06 seconds
Minimization using L-BFGS-B successful (iterations:11)
CHI2 after optimization:   9.1069 
Fraction of effective frames:   0.2190 
Warm start
Optimizing 36 data and 16080 samples. Theta=114.723050 
CHI2 before optimization:  35.1432 
Execution time: 0.05 seconds
Minimization using L-BFGS-B successful (iterations:11)
CHI2 after optimization:  10.8493 
Fraction of effective frames:   0.3050 
Warm start
Optimizing 36 data and 16080 samples. Theta=170.633570 
CHI2 before optimization:  35.1432 
Execution time: 0.06 seconds
Minimization using L-BFGS-B successful (iterations:10)
CHI2 after optimization:  13.3644 
Fraction of effective frames:   0.4208 
Warm start
Optimizing 36 data and 16080 samples. Theta=253.792201 
CHI2 before optimization:  35.1432 
Execution time: 0.07 seconds
Minimization using L-BFGS-B successful (iterations:11)
CHI2 after optimization:  16.7390 
Fraction of effective frames:   0.5632 
Warm start
Optimizing 36 data and 16080 samples. Theta=377.478364 
CHI2 before optimization:  35.1432 
Execution time: 0.08 seconds
Minimization using L-BFGS-B successful (iterations:11)
CHI2 after optimization:  20.8021 
Fraction of effective frames:   0.7137 
Warm start
Optimizing 36 data and 16080 samples. Theta=561.443241 
CHI2 before optimization:  35.1432 
Execution time: 0.07 seconds
Minimization using L-BFGS-B successful (iterations:13)
CHI2 after optimization:  25.0093 
Fraction of effective frames:   0.8425 
Warm start
Optimizing 36 data and 16080 samples. Theta=835.063787 
CHI2 before optimization:  35.1432 
Execution time: 0.08 seconds
Minimization using L-BFGS-B successful (iterations:14)
CHI2 after optimization:  28.5635 
Fraction of effective frames:   0.9264 
Warm start
Optimizing 36 data and 16080 samples. Theta=1242.033884 
CHI2 before optimization:  35.1432 
Execution time: 0.08 seconds
Minimization using L-BFGS-B successful (iterations:14)
CHI2 after optimization:  31.0273 
Fraction of effective frames:   0.9685 
Warm start
Optimizing 36 data and 16080 samples. Theta=1847.341714 
CHI2 before optimization:  35.1432 
Execution time: 0.09 seconds
Minimization using L-BFGS-B successful (iterations:14)
CHI2 after optimization:  32.5677 
Fraction of effective frames:   0.9868 
Warm start
Optimizing 36 data and 16080 samples. Theta=2747.647592 
CHI2 before optimization:  35.1432 
Execution time: 0.08 seconds
Minimization using L-BFGS-B successful (iterations:13)
CHI2 after optimization:  33.5067 
Fraction of effective frames:   0.9944 
Warm start
Optimizing 36 data and 16080 samples. Theta=4086.719436 
CHI2 before optimization:  35.1432 
Execution time: 0.05 seconds
Minimization using L-BFGS-B successful (iterations:10)
CHI2 after optimization:  34.0881 
Fraction of effective frames:   0.9976 
Warm start
Optimizing 36 data and 16080 samples. Theta=6078.390765 
CHI2 before optimization:  35.1432 
Execution time: 0.05 seconds
Minimization using L-BFGS-B successful (iterations:11)
CHI2 after optimization:  34.4526 
Fraction of effective frames:   0.9990 
Warm start
Optimizing 36 data and 16080 samples. Theta=9040.707313 
CHI2 before optimization:  35.1432 
Execution time: 0.06 seconds
Minimization using L-BFGS-B successful (iterations:10)
CHI2 after optimization:  34.6878 
Fraction of effective frames:   0.9995 
Warm start
Optimizing 36 data and 16080 samples. Theta=13446.715073 
CHI2 before optimization:  35.1432 
Execution time: 0.05 seconds
Minimization using L-BFGS-B successful (iterations:10)
CHI2 after optimization:  34.8413 
Fraction of effective frames:   0.9998 
Warm start
Optimizing 36 data and 16080 samples. Theta=20000.000000 
CHI2 before optimization:  35.1432 
Execution time: 0.07 seconds
Minimization using L-BFGS-B successful (iterations:9)
CHI2 after optimization:  34.9406 
Fraction of effective frames:   0.9999 
