Lagrange multipliers initialized from zero
Optimizing 63 data and 16080 samples. Theta=0.200000 
CHI2 before optimization:  22.9002 
Execution time: 1.96 seconds
Minimization using L-BFGS-B successful (iterations:210)
CHI2 after optimization:   3.1545 
Fraction of effective frames:   0.0007 
Warm start
Optimizing 63 data and 16080 samples. Theta=0.297470 
CHI2 before optimization:  22.9002 
Execution time: 1.15 seconds
Minimization using L-BFGS-B successful (iterations:146)
CHI2 after optimization:   3.1546 
Fraction of effective frames:   0.0007 
Warm start
Optimizing 63 data and 16080 samples. Theta=0.442443 
CHI2 before optimization:  22.9002 
Execution time: 1.07 seconds
Minimization using L-BFGS-B successful (iterations:132)
CHI2 after optimization:   3.1549 
Fraction of effective frames:   0.0007 
Warm start
Optimizing 63 data and 16080 samples. Theta=0.658069 
CHI2 before optimization:  22.9002 
Execution time: 0.80 seconds
Minimization using L-BFGS-B successful (iterations:97)
CHI2 after optimization:   3.1553 
Fraction of effective frames:   0.0007 
Warm start
Optimizing 63 data and 16080 samples. Theta=0.978780 
CHI2 before optimization:  22.9002 
Execution time: 0.58 seconds
Minimization using L-BFGS-B successful (iterations:73)
CHI2 after optimization:   3.1565 
Fraction of effective frames:   0.0007 
Warm start
Optimizing 63 data and 16080 samples. Theta=1.455791 
CHI2 before optimization:  22.9002 
Execution time: 0.45 seconds
Minimization using L-BFGS-B successful (iterations:64)
CHI2 after optimization:   3.1588 
Fraction of effective frames:   0.0008 
Warm start
Optimizing 63 data and 16080 samples. Theta=2.165273 
CHI2 before optimization:  22.9002 
Execution time: 0.40 seconds
Minimization using L-BFGS-B successful (iterations:53)
CHI2 after optimization:   3.1644 
Fraction of effective frames:   0.0009 
Warm start
Optimizing 63 data and 16080 samples. Theta=3.220524 
CHI2 before optimization:  22.9002 
Execution time: 0.36 seconds
Minimization using L-BFGS-B successful (iterations:45)
CHI2 after optimization:   3.1774 
Fraction of effective frames:   0.0010 
Warm start
Optimizing 63 data and 16080 samples. Theta=4.790053 
CHI2 before optimization:  22.9002 
Execution time: 0.28 seconds
Minimization using L-BFGS-B successful (iterations:35)
CHI2 after optimization:   3.2051 
Fraction of effective frames:   0.0013 
Warm start
Optimizing 63 data and 16080 samples. Theta=7.124496 
CHI2 before optimization:  22.9002 
Execution time: 0.22 seconds
Minimization using L-BFGS-B successful (iterations:28)
CHI2 after optimization:   3.2687 
Fraction of effective frames:   0.0018 
Warm start
Optimizing 63 data and 16080 samples. Theta=10.596634 
CHI2 before optimization:  22.9002 
Execution time: 0.18 seconds
Minimization using L-BFGS-B successful (iterations:24)
CHI2 after optimization:   3.4410 
Fraction of effective frames:   0.0032 
Warm start
Optimizing 63 data and 16080 samples. Theta=15.760926 
CHI2 before optimization:  22.9002 
Execution time: 0.16 seconds
Minimization using L-BFGS-B successful (iterations:19)
CHI2 after optimization:   3.8543 
Fraction of effective frames:   0.0087 
Warm start
Optimizing 63 data and 16080 samples. Theta=23.442046 
CHI2 before optimization:  22.9002 
Execution time: 0.15 seconds
Minimization using L-BFGS-B successful (iterations:15)
CHI2 after optimization:   4.5260 
Fraction of effective frames:   0.0261 
Warm start
Optimizing 63 data and 16080 samples. Theta=34.866576 
CHI2 before optimization:  22.9002 
Execution time: 0.12 seconds
Minimization using L-BFGS-B successful (iterations:14)
CHI2 after optimization:   5.3609 
Fraction of effective frames:   0.0656 
Warm start
Optimizing 63 data and 16080 samples. Theta=51.858876 
CHI2 before optimization:  22.9002 
Execution time: 0.13 seconds
Minimization using L-BFGS-B successful (iterations:14)
CHI2 after optimization:   6.2890 
Fraction of effective frames:   0.1308 
Warm start
Optimizing 63 data and 16080 samples. Theta=77.132408 
CHI2 before optimization:  22.9002 
Execution time: 0.11 seconds
Minimization using L-BFGS-B successful (iterations:13)
CHI2 after optimization:   7.2982 
Fraction of effective frames:   0.2166 
Warm start
Optimizing 63 data and 16080 samples. Theta=114.723050 
CHI2 before optimization:  22.9002 
Execution time: 0.10 seconds
Minimization using L-BFGS-B successful (iterations:12)
CHI2 after optimization:   8.4251 
Fraction of effective frames:   0.3162 
Warm start
Optimizing 63 data and 16080 samples. Theta=170.633570 
CHI2 before optimization:  22.9002 
Execution time: 0.10 seconds
Minimization using L-BFGS-B successful (iterations:12)
CHI2 after optimization:   9.7834 
Fraction of effective frames:   0.4291 
Warm start
Optimizing 63 data and 16080 samples. Theta=253.792201 
CHI2 before optimization:  22.9002 
Execution time: 0.10 seconds
Minimization using L-BFGS-B successful (iterations:13)
CHI2 after optimization:  11.5144 
Fraction of effective frames:   0.5573 
Warm start
Optimizing 63 data and 16080 samples. Theta=377.478364 
CHI2 before optimization:  22.9002 
Execution time: 0.12 seconds
Minimization using L-BFGS-B successful (iterations:13)
CHI2 after optimization:  13.6811 
Fraction of effective frames:   0.6947 
Warm start
Optimizing 63 data and 16080 samples. Theta=561.443241 
CHI2 before optimization:  22.9002 
Execution time: 0.12 seconds
Minimization using L-BFGS-B successful (iterations:12)
CHI2 after optimization:  16.1110 
Fraction of effective frames:   0.8211 
Warm start
Optimizing 63 data and 16080 samples. Theta=835.063787 
CHI2 before optimization:  22.9002 
Execution time: 0.13 seconds
Minimization using L-BFGS-B successful (iterations:15)
CHI2 after optimization:  18.3702 
Fraction of effective frames:   0.9124 
Warm start
Optimizing 63 data and 16080 samples. Theta=1242.033884 
CHI2 before optimization:  22.9002 
Execution time: 0.12 seconds
Minimization using L-BFGS-B successful (iterations:14)
CHI2 after optimization:  20.0418 
Fraction of effective frames:   0.9618 
Warm start
Optimizing 63 data and 16080 samples. Theta=1847.341714 
CHI2 before optimization:  22.9002 
Execution time: 0.14 seconds
Minimization using L-BFGS-B successful (iterations:15)
CHI2 after optimization:  21.1166 
Fraction of effective frames:   0.9840 
Warm start
Optimizing 63 data and 16080 samples. Theta=2747.647592 
CHI2 before optimization:  22.9002 
Execution time: 0.12 seconds
Minimization using L-BFGS-B successful (iterations:14)
CHI2 after optimization:  21.7734 
Fraction of effective frames:   0.9933 
Warm start
Optimizing 63 data and 16080 samples. Theta=4086.719436 
CHI2 before optimization:  22.9002 
Execution time: 0.13 seconds
Minimization using L-BFGS-B successful (iterations:13)
CHI2 after optimization:  22.1758 
Fraction of effective frames:   0.9971 
Warm start
Optimizing 63 data and 16080 samples. Theta=6078.390765 
CHI2 before optimization:  22.9002 
Execution time: 0.11 seconds
Minimization using L-BFGS-B successful (iterations:12)
CHI2 after optimization:  22.4297 
Fraction of effective frames:   0.9988 
Warm start
Optimizing 63 data and 16080 samples. Theta=9040.707313 
CHI2 before optimization:  22.9002 
Execution time: 0.10 seconds
Minimization using L-BFGS-B successful (iterations:12)
CHI2 after optimization:  22.5891 
Fraction of effective frames:   0.9994 
Warm start
Optimizing 63 data and 16080 samples. Theta=13446.715073 
CHI2 before optimization:  22.9002 
Execution time: 0.10 seconds
Minimization using L-BFGS-B successful (iterations:11)
CHI2 after optimization:  22.6945 
Fraction of effective frames:   0.9998 
Warm start
Optimizing 63 data and 16080 samples. Theta=20000.000000 
CHI2 before optimization:  22.9002 
Execution time: 0.08 seconds
Minimization using L-BFGS-B successful (iterations:9)
CHI2 after optimization:  22.7617 
Fraction of effective frames:   0.9999 
