Lagrange multipliers initialized from zero
Optimizing 60 data and 16080 samples. Theta=0.200000 
CHI2 before optimization:  16.7539 
Execution time: 1.59 seconds
Minimization using L-BFGS-B successful (iterations:165)
CHI2 after optimization:   3.2230 
Fraction of effective frames:   0.0008 
Warm start
Optimizing 60 data and 16080 samples. Theta=0.297470 
CHI2 before optimization:  16.7539 
Execution time: 1.10 seconds
Minimization using L-BFGS-B successful (iterations:113)
CHI2 after optimization:   3.2231 
Fraction of effective frames:   0.0008 
Warm start
Optimizing 60 data and 16080 samples. Theta=0.442443 
CHI2 before optimization:  16.7539 
Execution time: 0.89 seconds
Minimization using L-BFGS-B successful (iterations:90)
CHI2 after optimization:   3.2233 
Fraction of effective frames:   0.0008 
Warm start
Optimizing 60 data and 16080 samples. Theta=0.658069 
CHI2 before optimization:  16.7539 
Execution time: 0.83 seconds
Minimization using L-BFGS-B successful (iterations:79)
CHI2 after optimization:   3.2237 
Fraction of effective frames:   0.0008 
Warm start
Optimizing 60 data and 16080 samples. Theta=0.978780 
CHI2 before optimization:  16.7539 
Execution time: 0.59 seconds
Minimization using L-BFGS-B successful (iterations:65)
CHI2 after optimization:   3.2245 
Fraction of effective frames:   0.0009 
Warm start
Optimizing 60 data and 16080 samples. Theta=1.455791 
CHI2 before optimization:  16.7539 
Execution time: 0.39 seconds
Minimization using L-BFGS-B successful (iterations:47)
CHI2 after optimization:   3.2263 
Fraction of effective frames:   0.0009 
Warm start
Optimizing 60 data and 16080 samples. Theta=2.165273 
CHI2 before optimization:  16.7539 
Execution time: 0.30 seconds
Minimization using L-BFGS-B successful (iterations:39)
CHI2 after optimization:   3.2311 
Fraction of effective frames:   0.0010 
Warm start
Optimizing 60 data and 16080 samples. Theta=3.220524 
CHI2 before optimization:  16.7539 
Execution time: 0.27 seconds
Minimization using L-BFGS-B successful (iterations:32)
CHI2 after optimization:   3.2443 
Fraction of effective frames:   0.0011 
Warm start
Optimizing 60 data and 16080 samples. Theta=4.790053 
CHI2 before optimization:  16.7539 
Execution time: 0.20 seconds
Minimization using L-BFGS-B successful (iterations:25)
CHI2 after optimization:   3.2790 
Fraction of effective frames:   0.0014 
Warm start
Optimizing 60 data and 16080 samples. Theta=7.124496 
CHI2 before optimization:  16.7539 
Execution time: 0.14 seconds
Minimization using L-BFGS-B successful (iterations:18)
CHI2 after optimization:   3.3577 
Fraction of effective frames:   0.0021 
Warm start
Optimizing 60 data and 16080 samples. Theta=10.596634 
CHI2 before optimization:  16.7539 
Execution time: 0.12 seconds
Minimization using L-BFGS-B successful (iterations:16)
CHI2 after optimization:   3.5336 
Fraction of effective frames:   0.0039 
Warm start
Optimizing 60 data and 16080 samples. Theta=15.760926 
CHI2 before optimization:  16.7539 
Execution time: 0.11 seconds
Minimization using L-BFGS-B successful (iterations:13)
CHI2 after optimization:   3.9226 
Fraction of effective frames:   0.0094 
Warm start
Optimizing 60 data and 16080 samples. Theta=23.442046 
CHI2 before optimization:  16.7539 
Execution time: 0.10 seconds
Minimization using L-BFGS-B successful (iterations:12)
CHI2 after optimization:   4.5772 
Fraction of effective frames:   0.0261 
Warm start
Optimizing 60 data and 16080 samples. Theta=34.866576 
CHI2 before optimization:  16.7539 
Execution time: 0.09 seconds
Minimization using L-BFGS-B successful (iterations:11)
CHI2 after optimization:   5.4398 
Fraction of effective frames:   0.0644 
Warm start
Optimizing 60 data and 16080 samples. Theta=51.858876 
CHI2 before optimization:  16.7539 
Execution time: 0.12 seconds
Minimization using L-BFGS-B successful (iterations:12)
CHI2 after optimization:   6.4993 
Fraction of effective frames:   0.1360 
Warm start
Optimizing 60 data and 16080 samples. Theta=77.132408 
CHI2 before optimization:  16.7539 
Execution time: 0.12 seconds
Minimization using L-BFGS-B successful (iterations:12)
CHI2 after optimization:   7.8146 
Fraction of effective frames:   0.2538 
Warm start
Optimizing 60 data and 16080 samples. Theta=114.723050 
CHI2 before optimization:  16.7539 
Execution time: 0.12 seconds
Minimization using L-BFGS-B successful (iterations:11)
CHI2 after optimization:   9.4029 
Fraction of effective frames:   0.4214 
Warm start
Optimizing 60 data and 16080 samples. Theta=170.633570 
CHI2 before optimization:  16.7539 
Execution time: 0.11 seconds
Minimization using L-BFGS-B successful (iterations:11)
CHI2 after optimization:  11.1599 
Fraction of effective frames:   0.6154 
Warm start
Optimizing 60 data and 16080 samples. Theta=253.792201 
CHI2 before optimization:  16.7539 
Execution time: 0.10 seconds
Minimization using L-BFGS-B successful (iterations:11)
CHI2 after optimization:  12.8425 
Fraction of effective frames:   0.7864 
Warm start
Optimizing 60 data and 16080 samples. Theta=377.478364 
CHI2 before optimization:  16.7539 
Execution time: 0.11 seconds
Minimization using L-BFGS-B successful (iterations:12)
CHI2 after optimization:  14.1901 
Fraction of effective frames:   0.8982 
Warm start
Optimizing 60 data and 16080 samples. Theta=561.443241 
CHI2 before optimization:  16.7539 
Execution time: 0.12 seconds
Minimization using L-BFGS-B successful (iterations:12)
CHI2 after optimization:  15.1141 
Fraction of effective frames:   0.9551 
Warm start
Optimizing 60 data and 16080 samples. Theta=835.063787 
CHI2 before optimization:  16.7539 
Execution time: 0.12 seconds
Minimization using L-BFGS-B successful (iterations:12)
CHI2 after optimization:  15.7026 
Fraction of effective frames:   0.9806 
Warm start
Optimizing 60 data and 16080 samples. Theta=1242.033884 
CHI2 before optimization:  16.7539 
Execution time: 0.12 seconds
Minimization using L-BFGS-B successful (iterations:12)
CHI2 after optimization:  16.0726 
Fraction of effective frames:   0.9916 
Warm start
Optimizing 60 data and 16080 samples. Theta=1847.341714 
CHI2 before optimization:  16.7539 
Execution time: 0.13 seconds
Minimization using L-BFGS-B successful (iterations:11)
CHI2 after optimization:  16.3077 
Fraction of effective frames:   0.9963 
Warm start
Optimizing 60 data and 16080 samples. Theta=2747.647592 
CHI2 before optimization:  16.7539 
Execution time: 0.12 seconds
Minimization using L-BFGS-B successful (iterations:10)
CHI2 after optimization:  16.4591 
Fraction of effective frames:   0.9984 
Warm start
Optimizing 60 data and 16080 samples. Theta=4086.719436 
CHI2 before optimization:  16.7539 
Execution time: 0.11 seconds
Minimization using L-BFGS-B successful (iterations:9)
CHI2 after optimization:  16.5581 
Fraction of effective frames:   0.9993 
Warm start
Optimizing 60 data and 16080 samples. Theta=6078.390765 
CHI2 before optimization:  16.7539 
Execution time: 0.11 seconds
Minimization using L-BFGS-B successful (iterations:9)
CHI2 after optimization:  16.6233 
Fraction of effective frames:   0.9997 
Warm start
Optimizing 60 data and 16080 samples. Theta=9040.707313 
CHI2 before optimization:  16.7539 
Execution time: 0.10 seconds
Minimization using L-BFGS-B successful (iterations:8)
CHI2 after optimization:  16.6666 
Fraction of effective frames:   0.9999 
Warm start
Optimizing 60 data and 16080 samples. Theta=13446.715073 
CHI2 before optimization:  16.7539 
Execution time: 0.08 seconds
Minimization using L-BFGS-B successful (iterations:7)
CHI2 after optimization:  16.6954 
Fraction of effective frames:   0.9999 
Warm start
Optimizing 60 data and 16080 samples. Theta=20000.000000 
CHI2 before optimization:  16.7539 
Execution time: 0.09 seconds
Minimization using L-BFGS-B successful (iterations:7)
CHI2 after optimization:  16.7146 
Fraction of effective frames:   1.0000 
