Lagrange multipliers initialized from zero
Optimizing 107 data and 16080 samples. Theta=0.200000 
CHI2 before optimization:   2.8152 
Execution time: 0.66 seconds
Minimization using L-BFGS-B successful (iterations:48)
CHI2 after optimization:   0.0585 
Fraction of effective frames:   0.0018 
Warm start
Optimizing 107 data and 16080 samples. Theta=0.297470 
CHI2 before optimization:   2.8152 
Execution time: 0.53 seconds
Minimization using L-BFGS-B successful (iterations:34)
CHI2 after optimization:   0.0599 
Fraction of effective frames:   0.0024 
Warm start
Optimizing 107 data and 16080 samples. Theta=0.442443 
CHI2 before optimization:   2.8152 
Execution time: 0.36 seconds
Minimization using L-BFGS-B successful (iterations:25)
CHI2 after optimization:   0.0625 
Fraction of effective frames:   0.0036 
Warm start
Optimizing 107 data and 16080 samples. Theta=0.658069 
CHI2 before optimization:   2.8152 
Execution time: 0.25 seconds
Minimization using L-BFGS-B successful (iterations:19)
CHI2 after optimization:   0.0664 
Fraction of effective frames:   0.0052 
Warm start
Optimizing 107 data and 16080 samples. Theta=0.978780 
CHI2 before optimization:   2.8152 
Execution time: 0.24 seconds
Minimization using L-BFGS-B successful (iterations:16)
CHI2 after optimization:   0.0717 
Fraction of effective frames:   0.0074 
Warm start
Optimizing 107 data and 16080 samples. Theta=1.455791 
CHI2 before optimization:   2.8152 
Execution time: 0.19 seconds
Minimization using L-BFGS-B successful (iterations:15)
CHI2 after optimization:   0.0793 
Fraction of effective frames:   0.0104 
Warm start
Optimizing 107 data and 16080 samples. Theta=2.165273 
CHI2 before optimization:   2.8152 
Execution time: 0.20 seconds
Minimization using L-BFGS-B successful (iterations:14)
CHI2 after optimization:   0.0906 
Fraction of effective frames:   0.0146 
Warm start
Optimizing 107 data and 16080 samples. Theta=3.220524 
CHI2 before optimization:   2.8152 
Execution time: 0.22 seconds
Minimization using L-BFGS-B successful (iterations:13)
CHI2 after optimization:   0.1081 
Fraction of effective frames:   0.0208 
Warm start
Optimizing 107 data and 16080 samples. Theta=4.790053 
CHI2 before optimization:   2.8152 
Execution time: 0.18 seconds
Minimization using L-BFGS-B successful (iterations:13)
CHI2 after optimization:   0.1365 
Fraction of effective frames:   0.0305 
Warm start
Optimizing 107 data and 16080 samples. Theta=7.124496 
CHI2 before optimization:   2.8152 
Execution time: 0.17 seconds
Minimization using L-BFGS-B successful (iterations:12)
CHI2 after optimization:   0.1837 
Fraction of effective frames:   0.0468 
Warm start
Optimizing 107 data and 16080 samples. Theta=10.596634 
CHI2 before optimization:   2.8152 
Execution time: 0.14 seconds
Minimization using L-BFGS-B successful (iterations:10)
CHI2 after optimization:   0.2624 
Fraction of effective frames:   0.0756 
Warm start
Optimizing 107 data and 16080 samples. Theta=15.760926 
CHI2 before optimization:   2.8152 
Execution time: 0.19 seconds
Minimization using L-BFGS-B successful (iterations:12)
CHI2 after optimization:   0.3876 
Fraction of effective frames:   0.1264 
Warm start
Optimizing 107 data and 16080 samples. Theta=23.442046 
CHI2 before optimization:   2.8152 
Execution time: 0.18 seconds
Minimization using L-BFGS-B successful (iterations:14)
CHI2 after optimization:   0.5706 
Fraction of effective frames:   0.2098 
Warm start
Optimizing 107 data and 16080 samples. Theta=34.866576 
CHI2 before optimization:   2.8152 
Execution time: 0.20 seconds
Minimization using L-BFGS-B successful (iterations:15)
CHI2 after optimization:   0.8151 
Fraction of effective frames:   0.3312 
Warm start
Optimizing 107 data and 16080 samples. Theta=51.858876 
CHI2 before optimization:   2.8152 
Execution time: 0.22 seconds
Minimization using L-BFGS-B successful (iterations:16)
CHI2 after optimization:   1.1218 
Fraction of effective frames:   0.4873 
Warm start
Optimizing 107 data and 16080 samples. Theta=77.132408 
CHI2 before optimization:   2.8152 
Execution time: 0.23 seconds
Minimization using L-BFGS-B successful (iterations:16)
CHI2 after optimization:   1.4702 
Fraction of effective frames:   0.6552 
Warm start
Optimizing 107 data and 16080 samples. Theta=114.723050 
CHI2 before optimization:   2.8152 
Execution time: 0.23 seconds
Minimization using L-BFGS-B successful (iterations:16)
CHI2 after optimization:   1.8165 
Fraction of effective frames:   0.7993 
Warm start
Optimizing 107 data and 16080 samples. Theta=170.633570 
CHI2 before optimization:   2.8152 
Execution time: 0.28 seconds
Minimization using L-BFGS-B successful (iterations:19)
CHI2 after optimization:   2.1127 
Fraction of effective frames:   0.8966 
Warm start
Optimizing 107 data and 16080 samples. Theta=253.792201 
CHI2 before optimization:   2.8152 
Execution time: 0.28 seconds
Minimization using L-BFGS-B successful (iterations:19)
CHI2 after optimization:   2.3370 
Fraction of effective frames:   0.9507 
Warm start
Optimizing 107 data and 16080 samples. Theta=377.478364 
CHI2 before optimization:   2.8152 
Execution time: 0.27 seconds
Minimization using L-BFGS-B successful (iterations:19)
CHI2 after optimization:   2.4944 
Fraction of effective frames:   0.9774 
Warm start
Optimizing 107 data and 16080 samples. Theta=561.443241 
CHI2 before optimization:   2.8152 
Execution time: 0.28 seconds
Minimization using L-BFGS-B successful (iterations:19)
CHI2 after optimization:   2.6008 
Fraction of effective frames:   0.9898 
Warm start
Optimizing 107 data and 16080 samples. Theta=835.063787 
CHI2 before optimization:   2.8152 
Execution time: 0.23 seconds
Minimization using L-BFGS-B successful (iterations:15)
CHI2 after optimization:   2.6719 
Fraction of effective frames:   0.9954 
Warm start
Optimizing 107 data and 16080 samples. Theta=1242.033884 
CHI2 before optimization:   2.8152 
Execution time: 0.22 seconds
Minimization using L-BFGS-B successful (iterations:15)
CHI2 after optimization:   2.7193 
Fraction of effective frames:   0.9979 
Warm start
Optimizing 107 data and 16080 samples. Theta=1847.341714 
CHI2 before optimization:   2.8152 
Execution time: 0.29 seconds
Minimization using L-BFGS-B successful (iterations:14)
CHI2 after optimization:   2.7509 
Fraction of effective frames:   0.9991 
Warm start
Optimizing 107 data and 16080 samples. Theta=2747.647592 
CHI2 before optimization:   2.8152 
Execution time: 0.24 seconds
Minimization using L-BFGS-B successful (iterations:13)
CHI2 after optimization:   2.7721 
Fraction of effective frames:   0.9996 
Warm start
Optimizing 107 data and 16080 samples. Theta=4086.719436 
CHI2 before optimization:   2.8152 
Execution time: 0.27 seconds
Minimization using L-BFGS-B successful (iterations:13)
CHI2 after optimization:   2.7863 
Fraction of effective frames:   0.9998 
Warm start
Optimizing 107 data and 16080 samples. Theta=6078.390765 
CHI2 before optimization:   2.8152 
Execution time: 0.38 seconds
Minimization using L-BFGS-B successful (iterations:10)
CHI2 after optimization:   2.7957 
Fraction of effective frames:   0.9999 
Warm start
Optimizing 107 data and 16080 samples. Theta=9040.707313 
CHI2 before optimization:   2.8152 
Execution time: 0.20 seconds
Minimization using L-BFGS-B successful (iterations:9)
CHI2 after optimization:   2.8020 
Fraction of effective frames:   1.0000 
Warm start
Optimizing 107 data and 16080 samples. Theta=13446.715073 
CHI2 before optimization:   2.8152 
Execution time: 0.20 seconds
Minimization using L-BFGS-B successful (iterations:9)
CHI2 after optimization:   2.8063 
Fraction of effective frames:   1.0000 
Warm start
Optimizing 107 data and 16080 samples. Theta=20000.000000 
CHI2 before optimization:   2.8152 
Execution time: 0.15 seconds
Minimization using L-BFGS-B successful (iterations:5)
CHI2 after optimization:   2.8088 
Fraction of effective frames:   1.0000 
