Lagrange multipliers initialized from zero
Optimizing 128 data and 16080 samples. Theta=0.200000 
CHI2 before optimization:   3.2736 
Execution time: 1.30 seconds
Minimization using L-BFGS-B successful (iterations:88)
CHI2 after optimization:   0.2131 
Fraction of effective frames:   0.0010 
Warm start
Optimizing 128 data and 16080 samples. Theta=0.297470 
CHI2 before optimization:   3.2736 
Execution time: 0.98 seconds
Minimization using L-BFGS-B successful (iterations:66)
CHI2 after optimization:   0.2133 
Fraction of effective frames:   0.0011 
Warm start
Optimizing 128 data and 16080 samples. Theta=0.442443 
CHI2 before optimization:   3.2736 
Execution time: 0.70 seconds
Minimization using L-BFGS-B successful (iterations:49)
CHI2 after optimization:   0.2139 
Fraction of effective frames:   0.0012 
Warm start
Optimizing 128 data and 16080 samples. Theta=0.658069 
CHI2 before optimization:   3.2736 
Execution time: 0.57 seconds
Minimization using L-BFGS-B successful (iterations:38)
CHI2 after optimization:   0.2152 
Fraction of effective frames:   0.0014 
Warm start
Optimizing 128 data and 16080 samples. Theta=0.978780 
CHI2 before optimization:   3.2736 
Execution time: 0.53 seconds
Minimization using L-BFGS-B successful (iterations:33)
CHI2 after optimization:   0.2181 
Fraction of effective frames:   0.0017 
Warm start
Optimizing 128 data and 16080 samples. Theta=1.455791 
CHI2 before optimization:   3.2736 
Execution time: 0.36 seconds
Minimization using L-BFGS-B successful (iterations:26)
CHI2 after optimization:   0.2251 
Fraction of effective frames:   0.0025 
Warm start
Optimizing 128 data and 16080 samples. Theta=2.165273 
CHI2 before optimization:   3.2736 
Execution time: 0.27 seconds
Minimization using L-BFGS-B successful (iterations:19)
CHI2 after optimization:   0.2414 
Fraction of effective frames:   0.0044 
Warm start
Optimizing 128 data and 16080 samples. Theta=3.220524 
CHI2 before optimization:   3.2736 
Execution time: 0.24 seconds
Minimization using L-BFGS-B successful (iterations:15)
CHI2 after optimization:   0.2713 
Fraction of effective frames:   0.0090 
Warm start
Optimizing 128 data and 16080 samples. Theta=4.790053 
CHI2 before optimization:   3.2736 
Execution time: 0.28 seconds
Minimization using L-BFGS-B successful (iterations:16)
CHI2 after optimization:   0.3169 
Fraction of effective frames:   0.0189 
Warm start
Optimizing 128 data and 16080 samples. Theta=7.124496 
CHI2 before optimization:   3.2736 
Execution time: 0.23 seconds
Minimization using L-BFGS-B successful (iterations:15)
CHI2 after optimization:   0.3800 
Fraction of effective frames:   0.0376 
Warm start
Optimizing 128 data and 16080 samples. Theta=10.596634 
CHI2 before optimization:   3.2736 
Execution time: 0.22 seconds
Minimization using L-BFGS-B successful (iterations:15)
CHI2 after optimization:   0.4616 
Fraction of effective frames:   0.0686 
Warm start
Optimizing 128 data and 16080 samples. Theta=15.760926 
CHI2 before optimization:   3.2736 
Execution time: 0.25 seconds
Minimization using L-BFGS-B successful (iterations:14)
CHI2 after optimization:   0.5635 
Fraction of effective frames:   0.1136 
Warm start
Optimizing 128 data and 16080 samples. Theta=23.442046 
CHI2 before optimization:   3.2736 
Execution time: 0.25 seconds
Minimization using L-BFGS-B successful (iterations:14)
CHI2 after optimization:   0.6921 
Fraction of effective frames:   0.1741 
Warm start
Optimizing 128 data and 16080 samples. Theta=34.866576 
CHI2 before optimization:   3.2736 
Execution time: 0.19 seconds
Minimization using L-BFGS-B successful (iterations:12)
CHI2 after optimization:   0.8631 
Fraction of effective frames:   0.2549 
Warm start
Optimizing 128 data and 16080 samples. Theta=51.858876 
CHI2 before optimization:   3.2736 
Execution time: 0.23 seconds
Minimization using L-BFGS-B successful (iterations:14)
CHI2 after optimization:   1.1001 
Fraction of effective frames:   0.3636 
Warm start
Optimizing 128 data and 16080 samples. Theta=77.132408 
CHI2 before optimization:   3.2736 
Execution time: 0.22 seconds
Minimization using L-BFGS-B successful (iterations:15)
CHI2 after optimization:   1.4278 
Fraction of effective frames:   0.5060 
Warm start
Optimizing 128 data and 16080 samples. Theta=114.723050 
CHI2 before optimization:   3.2736 
Execution time: 0.22 seconds
Minimization using L-BFGS-B successful (iterations:15)
CHI2 after optimization:   1.8422 
Fraction of effective frames:   0.6710 
Warm start
Optimizing 128 data and 16080 samples. Theta=170.633570 
CHI2 before optimization:   3.2736 
Execution time: 0.23 seconds
Minimization using L-BFGS-B successful (iterations:15)
CHI2 after optimization:   2.2768 
Fraction of effective frames:   0.8200 
Warm start
Optimizing 128 data and 16080 samples. Theta=253.792201 
CHI2 before optimization:   3.2736 
Execution time: 0.23 seconds
Minimization using L-BFGS-B successful (iterations:15)
CHI2 after optimization:   2.6332 
Fraction of effective frames:   0.9168 
Warm start
Optimizing 128 data and 16080 samples. Theta=377.478364 
CHI2 before optimization:   3.2736 
Execution time: 0.24 seconds
Minimization using L-BFGS-B successful (iterations:15)
CHI2 after optimization:   2.8730 
Fraction of effective frames:   0.9645 
Warm start
Optimizing 128 data and 16080 samples. Theta=561.443241 
CHI2 before optimization:   3.2736 
Execution time: 0.25 seconds
Minimization using L-BFGS-B successful (iterations:15)
CHI2 after optimization:   3.0214 
Fraction of effective frames:   0.9850 
Warm start
Optimizing 128 data and 16080 samples. Theta=835.063787 
CHI2 before optimization:   3.2736 
Execution time: 0.23 seconds
Minimization using L-BFGS-B successful (iterations:14)
CHI2 after optimization:   3.1122 
Fraction of effective frames:   0.9936 
Warm start
Optimizing 128 data and 16080 samples. Theta=1242.033884 
CHI2 before optimization:   3.2736 
Execution time: 0.22 seconds
Minimization using L-BFGS-B successful (iterations:13)
CHI2 after optimization:   3.1689 
Fraction of effective frames:   0.9972 
Warm start
Optimizing 128 data and 16080 samples. Theta=1847.341714 
CHI2 before optimization:   3.2736 
Execution time: 0.20 seconds
Minimization using L-BFGS-B successful (iterations:12)
CHI2 after optimization:   3.2050 
Fraction of effective frames:   0.9988 
Warm start
Optimizing 128 data and 16080 samples. Theta=2747.647592 
CHI2 before optimization:   3.2736 
Execution time: 0.17 seconds
Minimization using L-BFGS-B successful (iterations:11)
CHI2 after optimization:   3.2282 
Fraction of effective frames:   0.9995 
Warm start
Optimizing 128 data and 16080 samples. Theta=4086.719436 
CHI2 before optimization:   3.2736 
Execution time: 0.17 seconds
Minimization using L-BFGS-B successful (iterations:11)
CHI2 after optimization:   3.2434 
Fraction of effective frames:   0.9998 
Warm start
Optimizing 128 data and 16080 samples. Theta=6078.390765 
CHI2 before optimization:   3.2736 
Execution time: 0.13 seconds
Minimization using L-BFGS-B successful (iterations:9)
CHI2 after optimization:   3.2535 
Fraction of effective frames:   0.9999 
Warm start
Optimizing 128 data and 16080 samples. Theta=9040.707313 
CHI2 before optimization:   3.2736 
Execution time: 0.15 seconds
Minimization using L-BFGS-B successful (iterations:9)
CHI2 after optimization:   3.2601 
Fraction of effective frames:   1.0000 
Warm start
Optimizing 128 data and 16080 samples. Theta=13446.715073 
CHI2 before optimization:   3.2736 
Execution time: 0.12 seconds
Minimization using L-BFGS-B successful (iterations:7)
CHI2 after optimization:   3.2644 
Fraction of effective frames:   1.0000 
Warm start
Optimizing 128 data and 16080 samples. Theta=20000.000000 
CHI2 before optimization:   3.2736 
Execution time: 0.13 seconds
Minimization using L-BFGS-B successful (iterations:7)
CHI2 after optimization:   3.2675 
Fraction of effective frames:   1.0000 
