Lagrange multipliers initialized from zero
Optimizing 36 data and 16080 samples. Theta=0.200000 
CHI2 before optimization:  37.2232 
Execution time: 1.17 seconds
Minimization using L-BFGS-B successful (iterations:179)
CHI2 after optimization:   4.8945 
Fraction of effective frames:   0.0008 
Warm start
Optimizing 36 data and 16080 samples. Theta=0.297470 
CHI2 before optimization:  37.2232 
Execution time: 0.57 seconds
Minimization using L-BFGS-B successful (iterations:110)
CHI2 after optimization:   4.8946 
Fraction of effective frames:   0.0008 
Warm start
Optimizing 36 data and 16080 samples. Theta=0.442443 
CHI2 before optimization:  37.2232 
Execution time: 0.47 seconds
Minimization using L-BFGS-B successful (iterations:96)
CHI2 after optimization:   4.8948 
Fraction of effective frames:   0.0008 
Warm start
Optimizing 36 data and 16080 samples. Theta=0.658069 
CHI2 before optimization:  37.2232 
Execution time: 0.36 seconds
Minimization using L-BFGS-B successful (iterations:72)
CHI2 after optimization:   4.8953 
Fraction of effective frames:   0.0008 
Warm start
Optimizing 36 data and 16080 samples. Theta=0.978780 
CHI2 before optimization:  37.2232 
Execution time: 0.30 seconds
Minimization using L-BFGS-B successful (iterations:63)
CHI2 after optimization:   4.8967 
Fraction of effective frames:   0.0008 
Warm start
Optimizing 36 data and 16080 samples. Theta=1.455791 
CHI2 before optimization:  37.2232 
Execution time: 0.24 seconds
Minimization using L-BFGS-B successful (iterations:54)
CHI2 after optimization:   4.9003 
Fraction of effective frames:   0.0009 
Warm start
Optimizing 36 data and 16080 samples. Theta=2.165273 
CHI2 before optimization:  37.2232 
Execution time: 0.18 seconds
Minimization using L-BFGS-B successful (iterations:40)
CHI2 after optimization:   4.9088 
Fraction of effective frames:   0.0010 
Warm start
Optimizing 36 data and 16080 samples. Theta=3.220524 
CHI2 before optimization:  37.2232 
Execution time: 0.12 seconds
Minimization using L-BFGS-B successful (iterations:29)
CHI2 after optimization:   4.9266 
Fraction of effective frames:   0.0011 
Warm start
Optimizing 36 data and 16080 samples. Theta=4.790053 
CHI2 before optimization:  37.2232 
Execution time: 0.13 seconds
Minimization using L-BFGS-B successful (iterations:26)
CHI2 after optimization:   4.9688 
Fraction of effective frames:   0.0013 
Warm start
Optimizing 36 data and 16080 samples. Theta=7.124496 
CHI2 before optimization:  37.2232 
Execution time: 0.11 seconds
Minimization using L-BFGS-B successful (iterations:23)
CHI2 after optimization:   5.0728 
Fraction of effective frames:   0.0018 
Warm start
Optimizing 36 data and 16080 samples. Theta=10.596634 
CHI2 before optimization:  37.2232 
Execution time: 0.08 seconds
Minimization using L-BFGS-B successful (iterations:18)
CHI2 after optimization:   5.3316 
Fraction of effective frames:   0.0030 
Warm start
Optimizing 36 data and 16080 samples. Theta=15.760926 
CHI2 before optimization:  37.2232 
Execution time: 0.07 seconds
Minimization using L-BFGS-B successful (iterations:13)
CHI2 after optimization:   5.9189 
Fraction of effective frames:   0.0068 
Warm start
Optimizing 36 data and 16080 samples. Theta=23.442046 
CHI2 before optimization:  37.2232 
Execution time: 0.05 seconds
Minimization using L-BFGS-B successful (iterations:13)
CHI2 after optimization:   6.9152 
Fraction of effective frames:   0.0171 
Warm start
Optimizing 36 data and 16080 samples. Theta=34.866576 
CHI2 before optimization:  37.2232 
Execution time: 0.06 seconds
Minimization using L-BFGS-B successful (iterations:11)
CHI2 after optimization:   8.3065 
Fraction of effective frames:   0.0410 
Warm start
Optimizing 36 data and 16080 samples. Theta=51.858876 
CHI2 before optimization:  37.2232 
Execution time: 0.05 seconds
Minimization using L-BFGS-B successful (iterations:10)
CHI2 after optimization:  10.1395 
Fraction of effective frames:   0.0890 
Warm start
Optimizing 36 data and 16080 samples. Theta=77.132408 
CHI2 before optimization:  37.2232 
Execution time: 0.04 seconds
Minimization using L-BFGS-B successful (iterations:10)
CHI2 after optimization:  12.4689 
Fraction of effective frames:   0.1727 
Warm start
Optimizing 36 data and 16080 samples. Theta=114.723050 
CHI2 before optimization:  37.2232 
Execution time: 0.05 seconds
Minimization using L-BFGS-B successful (iterations:8)
CHI2 after optimization:  15.2836 
Fraction of effective frames:   0.2961 
Warm start
Optimizing 36 data and 16080 samples. Theta=170.633570 
CHI2 before optimization:  37.2232 
Execution time: 0.05 seconds
Minimization using L-BFGS-B successful (iterations:10)
CHI2 after optimization:  18.4910 
Fraction of effective frames:   0.4478 
Warm start
Optimizing 36 data and 16080 samples. Theta=253.792201 
CHI2 before optimization:  37.2232 
Execution time: 0.07 seconds
Minimization using L-BFGS-B successful (iterations:9)
CHI2 after optimization:  22.0349 
Fraction of effective frames:   0.6091 
Warm start
Optimizing 36 data and 16080 samples. Theta=377.478364 
CHI2 before optimization:  37.2232 
Execution time: 0.06 seconds
Minimization using L-BFGS-B successful (iterations:10)
CHI2 after optimization:  25.8076 
Fraction of effective frames:   0.7595 
Warm start
Optimizing 36 data and 16080 samples. Theta=561.443241 
CHI2 before optimization:  37.2232 
Execution time: 0.06 seconds
Minimization using L-BFGS-B successful (iterations:11)
CHI2 after optimization:  29.3881 
Fraction of effective frames:   0.8750 
Warm start
Optimizing 36 data and 16080 samples. Theta=835.063787 
CHI2 before optimization:  37.2232 
Execution time: 0.07 seconds
Minimization using L-BFGS-B successful (iterations:12)
CHI2 after optimization:  32.2039 
Fraction of effective frames:   0.9435 
Warm start
Optimizing 36 data and 16080 samples. Theta=1242.033884 
CHI2 before optimization:  37.2232 
Execution time: 0.07 seconds
Minimization using L-BFGS-B successful (iterations:11)
CHI2 after optimization:  34.0808 
Fraction of effective frames:   0.9760 
Warm start
Optimizing 36 data and 16080 samples. Theta=1847.341714 
CHI2 before optimization:  37.2232 
Execution time: 0.05 seconds
Minimization using L-BFGS-B successful (iterations:11)
CHI2 after optimization:  35.2429 
Fraction of effective frames:   0.9899 
Warm start
Optimizing 36 data and 16080 samples. Theta=2747.647592 
CHI2 before optimization:  37.2232 
Execution time: 0.05 seconds
Minimization using L-BFGS-B successful (iterations:11)
CHI2 after optimization:  35.9560 
Fraction of effective frames:   0.9957 
Warm start
Optimizing 36 data and 16080 samples. Theta=4086.719436 
CHI2 before optimization:  37.2232 
Execution time: 0.04 seconds
Minimization using L-BFGS-B successful (iterations:10)
CHI2 after optimization:  36.4004 
Fraction of effective frames:   0.9981 
Warm start
Optimizing 36 data and 16080 samples. Theta=6078.390765 
CHI2 before optimization:  37.2232 
Execution time: 0.05 seconds
Minimization using L-BFGS-B successful (iterations:10)
CHI2 after optimization:  36.6832 
Fraction of effective frames:   0.9992 
Warm start
Optimizing 36 data and 16080 samples. Theta=9040.707313 
CHI2 before optimization:  37.2232 
Execution time: 0.05 seconds
Minimization using L-BFGS-B successful (iterations:9)
CHI2 after optimization:  36.8651 
Fraction of effective frames:   0.9996 
Warm start
Optimizing 36 data and 16080 samples. Theta=13446.715073 
CHI2 before optimization:  37.2232 
Execution time: 0.07 seconds
Minimization using L-BFGS-B successful (iterations:8)
CHI2 after optimization:  36.9850 
Fraction of effective frames:   0.9998 
Warm start
Optimizing 36 data and 16080 samples. Theta=20000.000000 
CHI2 before optimization:  37.2232 
Execution time: 0.05 seconds
Minimization using L-BFGS-B successful (iterations:7)
CHI2 after optimization:  37.0649 
Fraction of effective frames:   0.9999 
