Lagrange multipliers initialized from zero
Optimizing 128 data and 16080 samples. Theta=0.200000 
CHI2 before optimization:   3.0600 
Execution time: 1.85 seconds
Minimization using L-BFGS-B successful (iterations:123)
CHI2 after optimization:   0.4784 
Fraction of effective frames:   0.0009 
Warm start
Optimizing 128 data and 16080 samples. Theta=0.297470 
CHI2 before optimization:   3.0600 
Execution time: 1.22 seconds
Minimization using L-BFGS-B successful (iterations:85)
CHI2 after optimization:   0.4785 
Fraction of effective frames:   0.0009 
Warm start
Optimizing 128 data and 16080 samples. Theta=0.442443 
CHI2 before optimization:   3.0600 
Execution time: 0.88 seconds
Minimization using L-BFGS-B successful (iterations:65)
CHI2 after optimization:   0.4787 
Fraction of effective frames:   0.0009 
Warm start
Optimizing 128 data and 16080 samples. Theta=0.658069 
CHI2 before optimization:   3.0600 
Execution time: 0.72 seconds
Minimization using L-BFGS-B successful (iterations:52)
CHI2 after optimization:   0.4791 
Fraction of effective frames:   0.0010 
Warm start
Optimizing 128 data and 16080 samples. Theta=0.978780 
CHI2 before optimization:   3.0600 
Execution time: 0.65 seconds
Minimization using L-BFGS-B successful (iterations:46)
CHI2 after optimization:   0.4800 
Fraction of effective frames:   0.0011 
Warm start
Optimizing 128 data and 16080 samples. Theta=1.455791 
CHI2 before optimization:   3.0600 
Execution time: 0.57 seconds
Minimization using L-BFGS-B successful (iterations:35)
CHI2 after optimization:   0.4822 
Fraction of effective frames:   0.0012 
Warm start
Optimizing 128 data and 16080 samples. Theta=2.165273 
CHI2 before optimization:   3.0600 
Execution time: 0.42 seconds
Minimization using L-BFGS-B successful (iterations:28)
CHI2 after optimization:   0.4879 
Fraction of effective frames:   0.0014 
Warm start
Optimizing 128 data and 16080 samples. Theta=3.220524 
CHI2 before optimization:   3.0600 
Execution time: 0.37 seconds
Minimization using L-BFGS-B successful (iterations:23)
CHI2 after optimization:   0.5032 
Fraction of effective frames:   0.0021 
Warm start
Optimizing 128 data and 16080 samples. Theta=4.790053 
CHI2 before optimization:   3.0600 
Execution time: 0.30 seconds
Minimization using L-BFGS-B successful (iterations:19)
CHI2 after optimization:   0.5421 
Fraction of effective frames:   0.0038 
Warm start
Optimizing 128 data and 16080 samples. Theta=7.124496 
CHI2 before optimization:   3.0600 
Execution time: 0.25 seconds
Minimization using L-BFGS-B successful (iterations:16)
CHI2 after optimization:   0.6226 
Fraction of effective frames:   0.0092 
Warm start
Optimizing 128 data and 16080 samples. Theta=10.596634 
CHI2 before optimization:   3.0600 
Execution time: 0.27 seconds
Minimization using L-BFGS-B successful (iterations:15)
CHI2 after optimization:   0.7549 
Fraction of effective frames:   0.0242 
Warm start
Optimizing 128 data and 16080 samples. Theta=15.760926 
CHI2 before optimization:   3.0600 
Execution time: 0.22 seconds
Minimization using L-BFGS-B successful (iterations:14)
CHI2 after optimization:   0.9451 
Fraction of effective frames:   0.0618 
Warm start
Optimizing 128 data and 16080 samples. Theta=23.442046 
CHI2 before optimization:   3.0600 
Execution time: 0.22 seconds
Minimization using L-BFGS-B successful (iterations:14)
CHI2 after optimization:   1.1985 
Fraction of effective frames:   0.1433 
Warm start
Optimizing 128 data and 16080 samples. Theta=34.866576 
CHI2 before optimization:   3.0600 
Execution time: 0.20 seconds
Minimization using L-BFGS-B successful (iterations:13)
CHI2 after optimization:   1.5138 
Fraction of effective frames:   0.2905 
Warm start
Optimizing 128 data and 16080 samples. Theta=51.858876 
CHI2 before optimization:   3.0600 
Execution time: 0.22 seconds
Minimization using L-BFGS-B successful (iterations:14)
CHI2 after optimization:   1.8716 
Fraction of effective frames:   0.4990 
Warm start
Optimizing 128 data and 16080 samples. Theta=77.132408 
CHI2 before optimization:   3.0600 
Execution time: 0.22 seconds
Minimization using L-BFGS-B successful (iterations:13)
CHI2 after optimization:   2.2139 
Fraction of effective frames:   0.7084 
Warm start
Optimizing 128 data and 16080 samples. Theta=114.723050 
CHI2 before optimization:   3.0600 
Execution time: 0.23 seconds
Minimization using L-BFGS-B successful (iterations:15)
CHI2 after optimization:   2.4812 
Fraction of effective frames:   0.8523 
Warm start
Optimizing 128 data and 16080 samples. Theta=170.633570 
CHI2 before optimization:   3.0600 
Execution time: 0.25 seconds
Minimization using L-BFGS-B successful (iterations:15)
CHI2 after optimization:   2.6675 
Fraction of effective frames:   0.9297 
Warm start
Optimizing 128 data and 16080 samples. Theta=253.792201 
CHI2 before optimization:   3.0600 
Execution time: 0.25 seconds
Minimization using L-BFGS-B successful (iterations:15)
CHI2 after optimization:   2.7938 
Fraction of effective frames:   0.9673 
Warm start
Optimizing 128 data and 16080 samples. Theta=377.478364 
CHI2 before optimization:   3.0600 
Execution time: 0.25 seconds
Minimization using L-BFGS-B successful (iterations:15)
CHI2 after optimization:   2.8796 
Fraction of effective frames:   0.9849 
Warm start
Optimizing 128 data and 16080 samples. Theta=561.443241 
CHI2 before optimization:   3.0600 
Execution time: 0.23 seconds
Minimization using L-BFGS-B successful (iterations:15)
CHI2 after optimization:   2.9379 
Fraction of effective frames:   0.9931 
Warm start
Optimizing 128 data and 16080 samples. Theta=835.063787 
CHI2 before optimization:   3.0600 
Execution time: 0.22 seconds
Minimization using L-BFGS-B successful (iterations:14)
CHI2 after optimization:   2.9774 
Fraction of effective frames:   0.9969 
Warm start
Optimizing 128 data and 16080 samples. Theta=1242.033884 
CHI2 before optimization:   3.0600 
Execution time: 0.20 seconds
Minimization using L-BFGS-B successful (iterations:12)
CHI2 after optimization:   3.0043 
Fraction of effective frames:   0.9986 
Warm start
Optimizing 128 data and 16080 samples. Theta=1847.341714 
CHI2 before optimization:   3.0600 
Execution time: 0.19 seconds
Minimization using L-BFGS-B successful (iterations:12)
CHI2 after optimization:   3.0224 
Fraction of effective frames:   0.9994 
Warm start
Optimizing 128 data and 16080 samples. Theta=2747.647592 
CHI2 before optimization:   3.0600 
Execution time: 0.22 seconds
Minimization using L-BFGS-B successful (iterations:12)
CHI2 after optimization:   3.0347 
Fraction of effective frames:   0.9997 
Warm start
Optimizing 128 data and 16080 samples. Theta=4086.719436 
CHI2 before optimization:   3.0600 
Execution time: 0.17 seconds
Minimization using L-BFGS-B successful (iterations:10)
CHI2 after optimization:   3.0429 
Fraction of effective frames:   0.9999 
Warm start
Optimizing 128 data and 16080 samples. Theta=6078.390765 
CHI2 before optimization:   3.0600 
Execution time: 0.12 seconds
Minimization using L-BFGS-B successful (iterations:8)
CHI2 after optimization:   3.0485 
Fraction of effective frames:   0.9999 
Warm start
Optimizing 128 data and 16080 samples. Theta=9040.707313 
CHI2 before optimization:   3.0600 
Execution time: 0.13 seconds
Minimization using L-BFGS-B successful (iterations:8)
CHI2 after optimization:   3.0523 
Fraction of effective frames:   1.0000 
Warm start
Optimizing 128 data and 16080 samples. Theta=13446.715073 
CHI2 before optimization:   3.0600 
Execution time: 0.11 seconds
Minimization using L-BFGS-B successful (iterations:6)
CHI2 after optimization:   3.0548 
Fraction of effective frames:   1.0000 
Warm start
Optimizing 128 data and 16080 samples. Theta=20000.000000 
CHI2 before optimization:   3.0600 
Execution time: 0.08 seconds
Minimization using L-BFGS-B successful (iterations:5)
CHI2 after optimization:   3.0564 
Fraction of effective frames:   1.0000 
