Lagrange multipliers initialized from zero
Optimizing 54 data and 16080 samples. Theta=0.200000 
CHI2 before optimization:  12.3205 
Execution time: 1.17 seconds
Minimization using L-BFGS-B successful (iterations:149)
CHI2 after optimization:   2.5122 
Fraction of effective frames:   0.0009 
Warm start
Optimizing 54 data and 16080 samples. Theta=0.297470 
CHI2 before optimization:  12.3205 
Execution time: 0.69 seconds
Minimization using L-BFGS-B successful (iterations:103)
CHI2 after optimization:   2.5124 
Fraction of effective frames:   0.0009 
Warm start
Optimizing 54 data and 16080 samples. Theta=0.442443 
CHI2 before optimization:  12.3205 
Execution time: 0.51 seconds
Minimization using L-BFGS-B successful (iterations:78)
CHI2 after optimization:   2.5129 
Fraction of effective frames:   0.0010 
Warm start
Optimizing 54 data and 16080 samples. Theta=0.658069 
CHI2 before optimization:  12.3205 
Execution time: 0.44 seconds
Minimization using L-BFGS-B successful (iterations:67)
CHI2 after optimization:   2.5138 
Fraction of effective frames:   0.0010 
Warm start
Optimizing 54 data and 16080 samples. Theta=0.978780 
CHI2 before optimization:  12.3205 
Execution time: 0.33 seconds
Minimization using L-BFGS-B successful (iterations:50)
CHI2 after optimization:   2.5158 
Fraction of effective frames:   0.0011 
Warm start
Optimizing 54 data and 16080 samples. Theta=1.455791 
CHI2 before optimization:  12.3205 
Execution time: 0.28 seconds
Minimization using L-BFGS-B successful (iterations:44)
CHI2 after optimization:   2.5203 
Fraction of effective frames:   0.0012 
Warm start
Optimizing 54 data and 16080 samples. Theta=2.165273 
CHI2 before optimization:  12.3205 
Execution time: 0.21 seconds
Minimization using L-BFGS-B successful (iterations:33)
CHI2 after optimization:   2.5291 
Fraction of effective frames:   0.0014 
Warm start
Optimizing 54 data and 16080 samples. Theta=3.220524 
CHI2 before optimization:  12.3205 
Execution time: 0.18 seconds
Minimization using L-BFGS-B successful (iterations:28)
CHI2 after optimization:   2.5465 
Fraction of effective frames:   0.0016 
Warm start
Optimizing 54 data and 16080 samples. Theta=4.790053 
CHI2 before optimization:  12.3205 
Execution time: 0.14 seconds
Minimization using L-BFGS-B successful (iterations:20)
CHI2 after optimization:   2.5882 
Fraction of effective frames:   0.0022 
Warm start
Optimizing 54 data and 16080 samples. Theta=7.124496 
CHI2 before optimization:  12.3205 
Execution time: 0.12 seconds
Minimization using L-BFGS-B successful (iterations:17)
CHI2 after optimization:   2.7093 
Fraction of effective frames:   0.0037 
Warm start
Optimizing 54 data and 16080 samples. Theta=10.596634 
CHI2 before optimization:  12.3205 
Execution time: 0.10 seconds
Minimization using L-BFGS-B successful (iterations:15)
CHI2 after optimization:   3.0029 
Fraction of effective frames:   0.0091 
Warm start
Optimizing 54 data and 16080 samples. Theta=15.760926 
CHI2 before optimization:  12.3205 
Execution time: 0.08 seconds
Minimization using L-BFGS-B successful (iterations:12)
CHI2 after optimization:   3.4841 
Fraction of effective frames:   0.0247 
Warm start
Optimizing 54 data and 16080 samples. Theta=23.442046 
CHI2 before optimization:  12.3205 
Execution time: 0.08 seconds
Minimization using L-BFGS-B successful (iterations:11)
CHI2 after optimization:   4.1373 
Fraction of effective frames:   0.0617 
Warm start
Optimizing 54 data and 16080 samples. Theta=34.866576 
CHI2 before optimization:  12.3205 
Execution time: 0.07 seconds
Minimization using L-BFGS-B successful (iterations:10)
CHI2 after optimization:   4.9790 
Fraction of effective frames:   0.1365 
Warm start
Optimizing 54 data and 16080 samples. Theta=51.858876 
CHI2 before optimization:  12.3205 
Execution time: 0.06 seconds
Minimization using L-BFGS-B successful (iterations:8)
CHI2 after optimization:   6.0125 
Fraction of effective frames:   0.2632 
Warm start
Optimizing 54 data and 16080 samples. Theta=77.132408 
CHI2 before optimization:  12.3205 
Execution time: 0.07 seconds
Minimization using L-BFGS-B successful (iterations:9)
CHI2 after optimization:   7.2108 
Fraction of effective frames:   0.4396 
Warm start
Optimizing 54 data and 16080 samples. Theta=114.723050 
CHI2 before optimization:  12.3205 
Execution time: 0.07 seconds
Minimization using L-BFGS-B successful (iterations:9)
CHI2 after optimization:   8.4908 
Fraction of effective frames:   0.6363 
Warm start
Optimizing 54 data and 16080 samples. Theta=170.633570 
CHI2 before optimization:  12.3205 
Execution time: 0.08 seconds
Minimization using L-BFGS-B successful (iterations:10)
CHI2 after optimization:   9.6853 
Fraction of effective frames:   0.8034 
Warm start
Optimizing 54 data and 16080 samples. Theta=253.792201 
CHI2 before optimization:  12.3205 
Execution time: 0.07 seconds
Minimization using L-BFGS-B successful (iterations:10)
CHI2 after optimization:  10.6153 
Fraction of effective frames:   0.9084 
Warm start
Optimizing 54 data and 16080 samples. Theta=377.478364 
CHI2 before optimization:  12.3205 
Execution time: 0.07 seconds
Minimization using L-BFGS-B successful (iterations:10)
CHI2 after optimization:  11.2376 
Fraction of effective frames:   0.9601 
Warm start
Optimizing 54 data and 16080 samples. Theta=561.443241 
CHI2 before optimization:  12.3205 
Execution time: 0.07 seconds
Minimization using L-BFGS-B successful (iterations:10)
CHI2 after optimization:  11.6280 
Fraction of effective frames:   0.9829 
Warm start
Optimizing 54 data and 16080 samples. Theta=835.063787 
CHI2 before optimization:  12.3205 
Execution time: 0.07 seconds
Minimization using L-BFGS-B successful (iterations:9)
CHI2 after optimization:  11.8717 
Fraction of effective frames:   0.9926 
Warm start
Optimizing 54 data and 16080 samples. Theta=1242.033884 
CHI2 before optimization:  12.3205 
Execution time: 0.07 seconds
Minimization using L-BFGS-B successful (iterations:9)
CHI2 after optimization:  12.0264 
Fraction of effective frames:   0.9968 
Warm start
Optimizing 54 data and 16080 samples. Theta=1847.341714 
CHI2 before optimization:  12.3205 
Execution time: 0.07 seconds
Minimization using L-BFGS-B successful (iterations:9)
CHI2 after optimization:  12.1262 
Fraction of effective frames:   0.9986 
Warm start
Optimizing 54 data and 16080 samples. Theta=2747.647592 
CHI2 before optimization:  12.3205 
Execution time: 0.06 seconds
Minimization using L-BFGS-B successful (iterations:8)
CHI2 after optimization:  12.1913 
Fraction of effective frames:   0.9994 
Warm start
Optimizing 54 data and 16080 samples. Theta=4086.719436 
CHI2 before optimization:  12.3205 
Execution time: 0.06 seconds
Minimization using L-BFGS-B successful (iterations:7)
CHI2 after optimization:  12.2343 
Fraction of effective frames:   0.9997 
Warm start
Optimizing 54 data and 16080 samples. Theta=6078.390765 
CHI2 before optimization:  12.3205 
Execution time: 0.05 seconds
Minimization using L-BFGS-B successful (iterations:7)
CHI2 after optimization:  12.2628 
Fraction of effective frames:   0.9999 
Warm start
Optimizing 54 data and 16080 samples. Theta=9040.707313 
CHI2 before optimization:  12.3205 
Execution time: 0.05 seconds
Minimization using L-BFGS-B successful (iterations:6)
CHI2 after optimization:  12.2819 
Fraction of effective frames:   0.9999 
Warm start
Optimizing 54 data and 16080 samples. Theta=13446.715073 
CHI2 before optimization:  12.3205 
Execution time: 0.05 seconds
Minimization using L-BFGS-B successful (iterations:5)
CHI2 after optimization:  12.2946 
Fraction of effective frames:   1.0000 
Warm start
Optimizing 54 data and 16080 samples. Theta=20000.000000 
CHI2 before optimization:  12.3205 
Execution time: 0.04 seconds
Minimization using L-BFGS-B successful (iterations:5)
CHI2 after optimization:  12.3032 
Fraction of effective frames:   1.0000 
