Lagrange multipliers initialized from zero
Optimizing 33 data and 16080 samples. Theta=0.200000 
CHI2 before optimization:  19.0884 
Execution time: 0.80 seconds
Minimization using L-BFGS-B successful (iterations:142)
CHI2 after optimization:   2.9686 
Fraction of effective frames:   0.0005 
Warm start
Optimizing 33 data and 16080 samples. Theta=0.297470 
CHI2 before optimization:  19.0884 
Execution time: 0.50 seconds
Minimization using L-BFGS-B successful (iterations:93)
CHI2 after optimization:   2.9688 
Fraction of effective frames:   0.0006 
Warm start
Optimizing 33 data and 16080 samples. Theta=0.442443 
CHI2 before optimization:  19.0884 
Execution time: 0.38 seconds
Minimization using L-BFGS-B successful (iterations:80)
CHI2 after optimization:   2.9693 
Fraction of effective frames:   0.0006 
Warm start
Optimizing 33 data and 16080 samples. Theta=0.658069 
CHI2 before optimization:  19.0884 
Execution time: 0.26 seconds
Minimization using L-BFGS-B successful (iterations:60)
CHI2 after optimization:   2.9708 
Fraction of effective frames:   0.0006 
Warm start
Optimizing 33 data and 16080 samples. Theta=0.978780 
CHI2 before optimization:  19.0884 
Execution time: 0.22 seconds
Minimization using L-BFGS-B successful (iterations:45)
CHI2 after optimization:   2.9742 
Fraction of effective frames:   0.0006 
Warm start
Optimizing 33 data and 16080 samples. Theta=1.455791 
CHI2 before optimization:  19.0884 
Execution time: 0.16 seconds
Minimization using L-BFGS-B successful (iterations:38)
CHI2 after optimization:   2.9811 
Fraction of effective frames:   0.0007 
Warm start
Optimizing 33 data and 16080 samples. Theta=2.165273 
CHI2 before optimization:  19.0884 
Execution time: 0.15 seconds
Minimization using L-BFGS-B successful (iterations:31)
CHI2 after optimization:   2.9959 
Fraction of effective frames:   0.0008 
Warm start
Optimizing 33 data and 16080 samples. Theta=3.220524 
CHI2 before optimization:  19.0884 
Execution time: 0.12 seconds
Minimization using L-BFGS-B successful (iterations:26)
CHI2 after optimization:   3.0360 
Fraction of effective frames:   0.0010 
Warm start
Optimizing 33 data and 16080 samples. Theta=4.790053 
CHI2 before optimization:  19.0884 
Execution time: 0.12 seconds
Minimization using L-BFGS-B successful (iterations:22)
CHI2 after optimization:   3.1421 
Fraction of effective frames:   0.0016 
Warm start
Optimizing 33 data and 16080 samples. Theta=7.124496 
CHI2 before optimization:  19.0884 
Execution time: 0.07 seconds
Minimization using L-BFGS-B successful (iterations:14)
CHI2 after optimization:   3.3836 
Fraction of effective frames:   0.0031 
Warm start
Optimizing 33 data and 16080 samples. Theta=10.596634 
CHI2 before optimization:  19.0884 
Execution time: 0.08 seconds
Minimization using L-BFGS-B successful (iterations:14)
CHI2 after optimization:   3.8569 
Fraction of effective frames:   0.0074 
Warm start
Optimizing 33 data and 16080 samples. Theta=15.760926 
CHI2 before optimization:  19.0884 
Execution time: 0.07 seconds
Minimization using L-BFGS-B successful (iterations:13)
CHI2 after optimization:   4.6466 
Fraction of effective frames:   0.0202 
Warm start
Optimizing 33 data and 16080 samples. Theta=23.442046 
CHI2 before optimization:  19.0884 
Execution time: 0.07 seconds
Minimization using L-BFGS-B successful (iterations:10)
CHI2 after optimization:   5.8105 
Fraction of effective frames:   0.0547 
Warm start
Optimizing 33 data and 16080 samples. Theta=34.866576 
CHI2 before optimization:  19.0884 
Execution time: 0.07 seconds
Minimization using L-BFGS-B successful (iterations:10)
CHI2 after optimization:   7.3185 
Fraction of effective frames:   0.1305 
Warm start
Optimizing 33 data and 16080 samples. Theta=51.858876 
CHI2 before optimization:  19.0884 
Execution time: 0.07 seconds
Minimization using L-BFGS-B successful (iterations:9)
CHI2 after optimization:   9.1114 
Fraction of effective frames:   0.2620 
Warm start
Optimizing 33 data and 16080 samples. Theta=77.132408 
CHI2 before optimization:  19.0884 
Execution time: 0.06 seconds
Minimization using L-BFGS-B successful (iterations:8)
CHI2 after optimization:  11.1761 
Fraction of effective frames:   0.4496 
Warm start
Optimizing 33 data and 16080 samples. Theta=114.723050 
CHI2 before optimization:  19.0884 
Execution time: 0.04 seconds
Minimization using L-BFGS-B successful (iterations:7)
CHI2 after optimization:  13.3469 
Fraction of effective frames:   0.6599 
Warm start
Optimizing 33 data and 16080 samples. Theta=170.633570 
CHI2 before optimization:  19.0884 
Execution time: 0.05 seconds
Minimization using L-BFGS-B successful (iterations:9)
CHI2 after optimization:  15.2137 
Fraction of effective frames:   0.8252 
Warm start
Optimizing 33 data and 16080 samples. Theta=253.792201 
CHI2 before optimization:  19.0884 
Execution time: 0.05 seconds
Minimization using L-BFGS-B successful (iterations:9)
CHI2 after optimization:  16.5417 
Fraction of effective frames:   0.9188 
Warm start
Optimizing 33 data and 16080 samples. Theta=377.478364 
CHI2 before optimization:  19.0884 
Execution time: 0.05 seconds
Minimization using L-BFGS-B successful (iterations:9)
CHI2 after optimization:  17.4148 
Fraction of effective frames:   0.9635 
Warm start
Optimizing 33 data and 16080 samples. Theta=561.443241 
CHI2 before optimization:  19.0884 
Execution time: 0.05 seconds
Minimization using L-BFGS-B successful (iterations:9)
CHI2 after optimization:  17.9826 
Fraction of effective frames:   0.9837 
Warm start
Optimizing 33 data and 16080 samples. Theta=835.063787 
CHI2 before optimization:  19.0884 
Execution time: 0.05 seconds
Minimization using L-BFGS-B successful (iterations:8)
CHI2 after optimization:  18.3540 
Fraction of effective frames:   0.9927 
Warm start
Optimizing 33 data and 16080 samples. Theta=1242.033884 
CHI2 before optimization:  19.0884 
Execution time: 0.03 seconds
Minimization using L-BFGS-B successful (iterations:7)
CHI2 after optimization:  18.5988 
Fraction of effective frames:   0.9967 
Warm start
Optimizing 33 data and 16080 samples. Theta=1847.341714 
CHI2 before optimization:  19.0884 
Execution time: 0.03 seconds
Minimization using L-BFGS-B successful (iterations:7)
CHI2 after optimization:  18.7610 
Fraction of effective frames:   0.9985 
Warm start
Optimizing 33 data and 16080 samples. Theta=2747.647592 
CHI2 before optimization:  19.0884 
Execution time: 0.04 seconds
Minimization using L-BFGS-B successful (iterations:6)
CHI2 after optimization:  18.8693 
Fraction of effective frames:   0.9993 
Warm start
Optimizing 33 data and 16080 samples. Theta=4086.719436 
CHI2 before optimization:  19.0884 
Execution time: 0.03 seconds
Minimization using L-BFGS-B successful (iterations:6)
CHI2 after optimization:  18.9415 
Fraction of effective frames:   0.9997 
Warm start
Optimizing 33 data and 16080 samples. Theta=6078.390765 
CHI2 before optimization:  19.0884 
Execution time: 0.02 seconds
Minimization using L-BFGS-B successful (iterations:6)
CHI2 after optimization:  18.9898 
Fraction of effective frames:   0.9999 
Warm start
Optimizing 33 data and 16080 samples. Theta=9040.707313 
CHI2 before optimization:  19.0884 
Execution time: 0.03 seconds
Minimization using L-BFGS-B successful (iterations:5)
CHI2 after optimization:  19.0223 
Fraction of effective frames:   0.9999 
Warm start
Optimizing 33 data and 16080 samples. Theta=13446.715073 
CHI2 before optimization:  19.0884 
Execution time: 0.03 seconds
Minimization using L-BFGS-B successful (iterations:5)
CHI2 after optimization:  19.0440 
Fraction of effective frames:   1.0000 
Warm start
Optimizing 33 data and 16080 samples. Theta=20000.000000 
CHI2 before optimization:  19.0884 
Execution time: 0.03 seconds
Minimization using L-BFGS-B successful (iterations:4)
CHI2 after optimization:  19.0583 
Fraction of effective frames:   1.0000 
