Lagrange multipliers initialized from zero
Optimizing 155 data and 16080 samples. Theta=0.200000 
CHI2 before optimization:   5.0173 
Execution time: 4.08 seconds
Minimization using L-BFGS-B successful (iterations:194)
CHI2 after optimization:   0.8287 
Fraction of effective frames:   0.0010 
Warm start
Optimizing 155 data and 16080 samples. Theta=0.297470 
CHI2 before optimization:   5.0173 
Execution time: 2.46 seconds
Minimization using L-BFGS-B successful (iterations:128)
CHI2 after optimization:   0.8288 
Fraction of effective frames:   0.0010 
Warm start
Optimizing 155 data and 16080 samples. Theta=0.442443 
CHI2 before optimization:   5.0173 
Execution time: 1.98 seconds
Minimization using L-BFGS-B successful (iterations:107)
CHI2 after optimization:   0.8289 
Fraction of effective frames:   0.0010 
Warm start
Optimizing 155 data and 16080 samples. Theta=0.658069 
CHI2 before optimization:   5.0173 
Execution time: 1.64 seconds
Minimization using L-BFGS-B successful (iterations:90)
CHI2 after optimization:   0.8291 
Fraction of effective frames:   0.0011 
Warm start
Optimizing 155 data and 16080 samples. Theta=0.978780 
CHI2 before optimization:   5.0173 
Execution time: 1.30 seconds
Minimization using L-BFGS-B successful (iterations:71)
CHI2 after optimization:   0.8297 
Fraction of effective frames:   0.0011 
Warm start
Optimizing 155 data and 16080 samples. Theta=1.455791 
CHI2 before optimization:   5.0173 
Execution time: 1.03 seconds
Minimization using L-BFGS-B successful (iterations:55)
CHI2 after optimization:   0.8311 
Fraction of effective frames:   0.0012 
Warm start
Optimizing 155 data and 16080 samples. Theta=2.165273 
CHI2 before optimization:   5.0173 
Execution time: 0.86 seconds
Minimization using L-BFGS-B successful (iterations:41)
CHI2 after optimization:   0.8343 
Fraction of effective frames:   0.0014 
Warm start
Optimizing 155 data and 16080 samples. Theta=3.220524 
CHI2 before optimization:   5.0173 
Execution time: 0.72 seconds
Minimization using L-BFGS-B successful (iterations:36)
CHI2 after optimization:   0.8419 
Fraction of effective frames:   0.0018 
Warm start
Optimizing 155 data and 16080 samples. Theta=4.790053 
CHI2 before optimization:   5.0173 
Execution time: 0.58 seconds
Minimization using L-BFGS-B successful (iterations:31)
CHI2 after optimization:   0.8595 
Fraction of effective frames:   0.0025 
Warm start
Optimizing 155 data and 16080 samples. Theta=7.124496 
CHI2 before optimization:   5.0173 
Execution time: 0.47 seconds
Minimization using L-BFGS-B successful (iterations:24)
CHI2 after optimization:   0.8999 
Fraction of effective frames:   0.0042 
Warm start
Optimizing 155 data and 16080 samples. Theta=10.596634 
CHI2 before optimization:   5.0173 
Execution time: 0.41 seconds
Minimization using L-BFGS-B successful (iterations:22)
CHI2 after optimization:   0.9799 
Fraction of effective frames:   0.0084 
Warm start
Optimizing 155 data and 16080 samples. Theta=15.760926 
CHI2 before optimization:   5.0173 
Execution time: 0.37 seconds
Minimization using L-BFGS-B successful (iterations:19)
CHI2 after optimization:   1.1136 
Fraction of effective frames:   0.0187 
Warm start
Optimizing 155 data and 16080 samples. Theta=23.442046 
CHI2 before optimization:   5.0173 
Execution time: 0.34 seconds
Minimization using L-BFGS-B successful (iterations:17)
CHI2 after optimization:   1.3193 
Fraction of effective frames:   0.0426 
Warm start
Optimizing 155 data and 16080 samples. Theta=34.866576 
CHI2 before optimization:   5.0173 
Execution time: 0.37 seconds
Minimization using L-BFGS-B successful (iterations:18)
CHI2 after optimization:   1.6147 
Fraction of effective frames:   0.0946 
Warm start
Optimizing 155 data and 16080 samples. Theta=51.858876 
CHI2 before optimization:   5.0173 
Execution time: 0.30 seconds
Minimization using L-BFGS-B successful (iterations:16)
CHI2 after optimization:   2.0020 
Fraction of effective frames:   0.1914 
Warm start
Optimizing 155 data and 16080 samples. Theta=77.132408 
CHI2 before optimization:   5.0173 
Execution time: 0.31 seconds
Minimization using L-BFGS-B successful (iterations:16)
CHI2 after optimization:   2.4744 
Fraction of effective frames:   0.3418 
Warm start
Optimizing 155 data and 16080 samples. Theta=114.723050 
CHI2 before optimization:   5.0173 
Execution time: 0.34 seconds
Minimization using L-BFGS-B successful (iterations:17)
CHI2 after optimization:   3.0071 
Fraction of effective frames:   0.5311 
Warm start
Optimizing 155 data and 16080 samples. Theta=170.633570 
CHI2 before optimization:   5.0173 
Execution time: 0.34 seconds
Minimization using L-BFGS-B successful (iterations:17)
CHI2 after optimization:   3.5421 
Fraction of effective frames:   0.7161 
Warm start
Optimizing 155 data and 16080 samples. Theta=253.792201 
CHI2 before optimization:   5.0173 
Execution time: 0.34 seconds
Minimization using L-BFGS-B successful (iterations:17)
CHI2 after optimization:   4.0047 
Fraction of effective frames:   0.8528 
Warm start
Optimizing 155 data and 16080 samples. Theta=377.478364 
CHI2 before optimization:   5.0173 
Execution time: 0.32 seconds
Minimization using L-BFGS-B successful (iterations:16)
CHI2 after optimization:   4.3504 
Fraction of effective frames:   0.9314 
Warm start
Optimizing 155 data and 16080 samples. Theta=561.443241 
CHI2 before optimization:   5.0173 
Execution time: 0.32 seconds
Minimization using L-BFGS-B successful (iterations:16)
CHI2 after optimization:   4.5839 
Fraction of effective frames:   0.9696 
Warm start
Optimizing 155 data and 16080 samples. Theta=835.063787 
CHI2 before optimization:   5.0173 
Execution time: 0.31 seconds
Minimization using L-BFGS-B successful (iterations:15)
CHI2 after optimization:   4.7351 
Fraction of effective frames:   0.9867 
Warm start
Optimizing 155 data and 16080 samples. Theta=1242.033884 
CHI2 before optimization:   5.0173 
Execution time: 0.30 seconds
Minimization using L-BFGS-B successful (iterations:15)
CHI2 after optimization:   4.8323 
Fraction of effective frames:   0.9941 
Warm start
Optimizing 155 data and 16080 samples. Theta=1847.341714 
CHI2 before optimization:   5.0173 
Execution time: 0.29 seconds
Minimization using L-BFGS-B successful (iterations:14)
CHI2 after optimization:   4.8952 
Fraction of effective frames:   0.9974 
Warm start
Optimizing 155 data and 16080 samples. Theta=2747.647592 
CHI2 before optimization:   5.0173 
Execution time: 0.25 seconds
Minimization using L-BFGS-B successful (iterations:12)
CHI2 after optimization:   4.9362 
Fraction of effective frames:   0.9988 
Warm start
Optimizing 155 data and 16080 samples. Theta=4086.719436 
CHI2 before optimization:   5.0173 
Execution time: 0.24 seconds
Minimization using L-BFGS-B successful (iterations:12)
CHI2 after optimization:   4.9632 
Fraction of effective frames:   0.9995 
Warm start
Optimizing 155 data and 16080 samples. Theta=6078.390765 
CHI2 before optimization:   5.0173 
Execution time: 0.20 seconds
Minimization using L-BFGS-B successful (iterations:10)
CHI2 after optimization:   4.9812 
Fraction of effective frames:   0.9998 
Warm start
Optimizing 155 data and 16080 samples. Theta=9040.707313 
CHI2 before optimization:   5.0173 
Execution time: 0.20 seconds
Minimization using L-BFGS-B successful (iterations:9)
CHI2 after optimization:   4.9931 
Fraction of effective frames:   0.9999 
Warm start
Optimizing 155 data and 16080 samples. Theta=13446.715073 
CHI2 before optimization:   5.0173 
Execution time: 0.20 seconds
Minimization using L-BFGS-B successful (iterations:9)
CHI2 after optimization:   5.0010 
Fraction of effective frames:   1.0000 
Warm start
Optimizing 155 data and 16080 samples. Theta=20000.000000 
CHI2 before optimization:   5.0173 
Execution time: 0.19 seconds
Minimization using L-BFGS-B successful (iterations:8)
CHI2 after optimization:   5.0063 
Fraction of effective frames:   1.0000 
