Lagrange multipliers initialized from zero
Optimizing 30 data and 16080 samples. Theta=0.200000 
CHI2 before optimization:  22.7227 
Execution time: 0.51 seconds
Minimization using L-BFGS-B successful (iterations:120)
CHI2 after optimization:   1.2985 
Fraction of effective frames:   0.0009 
Warm start
Optimizing 30 data and 16080 samples. Theta=0.297470 
CHI2 before optimization:  22.7227 
Execution time: 0.37 seconds
Minimization using L-BFGS-B successful (iterations:87)
CHI2 after optimization:   1.2989 
Fraction of effective frames:   0.0009 
Warm start
Optimizing 30 data and 16080 samples. Theta=0.442443 
CHI2 before optimization:  22.7227 
Execution time: 0.29 seconds
Minimization using L-BFGS-B successful (iterations:74)
CHI2 after optimization:   1.3000 
Fraction of effective frames:   0.0009 
Warm start
Optimizing 30 data and 16080 samples. Theta=0.658069 
CHI2 before optimization:  22.7227 
Execution time: 0.20 seconds
Minimization using L-BFGS-B successful (iterations:53)
CHI2 after optimization:   1.3028 
Fraction of effective frames:   0.0010 
Warm start
Optimizing 30 data and 16080 samples. Theta=0.978780 
CHI2 before optimization:  22.7227 
Execution time: 0.16 seconds
Minimization using L-BFGS-B successful (iterations:41)
CHI2 after optimization:   1.3107 
Fraction of effective frames:   0.0012 
Warm start
Optimizing 30 data and 16080 samples. Theta=1.455791 
CHI2 before optimization:  22.7227 
Execution time: 0.14 seconds
Minimization using L-BFGS-B successful (iterations:36)
CHI2 after optimization:   1.3307 
Fraction of effective frames:   0.0015 
Warm start
Optimizing 30 data and 16080 samples. Theta=2.165273 
CHI2 before optimization:  22.7227 
Execution time: 0.10 seconds
Minimization using L-BFGS-B successful (iterations:27)
CHI2 after optimization:   1.3756 
Fraction of effective frames:   0.0022 
Warm start
Optimizing 30 data and 16080 samples. Theta=3.220524 
CHI2 before optimization:  22.7227 
Execution time: 0.08 seconds
Minimization using L-BFGS-B successful (iterations:21)
CHI2 after optimization:   1.4712 
Fraction of effective frames:   0.0037 
Warm start
Optimizing 30 data and 16080 samples. Theta=4.790053 
CHI2 before optimization:  22.7227 
Execution time: 0.08 seconds
Minimization using L-BFGS-B successful (iterations:18)
CHI2 after optimization:   1.6558 
Fraction of effective frames:   0.0074 
Warm start
Optimizing 30 data and 16080 samples. Theta=7.124496 
CHI2 before optimization:  22.7227 
Execution time: 0.06 seconds
Minimization using L-BFGS-B successful (iterations:14)
CHI2 after optimization:   1.9647 
Fraction of effective frames:   0.0162 
Warm start
Optimizing 30 data and 16080 samples. Theta=10.596634 
CHI2 before optimization:  22.7227 
Execution time: 0.06 seconds
Minimization using L-BFGS-B successful (iterations:13)
CHI2 after optimization:   2.4337 
Fraction of effective frames:   0.0362 
Warm start
Optimizing 30 data and 16080 samples. Theta=15.760926 
CHI2 before optimization:  22.7227 
Execution time: 0.05 seconds
Minimization using L-BFGS-B successful (iterations:12)
CHI2 after optimization:   3.1127 
Fraction of effective frames:   0.0794 
Warm start
Optimizing 30 data and 16080 samples. Theta=23.442046 
CHI2 before optimization:  22.7227 
Execution time: 0.06 seconds
Minimization using L-BFGS-B successful (iterations:11)
CHI2 after optimization:   4.0517 
Fraction of effective frames:   0.1648 
Warm start
Optimizing 30 data and 16080 samples. Theta=34.866576 
CHI2 before optimization:  22.7227 
Execution time: 0.08 seconds
Minimization using L-BFGS-B successful (iterations:10)
CHI2 after optimization:   5.2492 
Fraction of effective frames:   0.3089 
Warm start
Optimizing 30 data and 16080 samples. Theta=51.858876 
CHI2 before optimization:  22.7227 
Execution time: 0.07 seconds
Minimization using L-BFGS-B successful (iterations:11)
CHI2 after optimization:   6.5878 
Fraction of effective frames:   0.4967 
Warm start
Optimizing 30 data and 16080 samples. Theta=77.132408 
CHI2 before optimization:  22.7227 
Execution time: 0.09 seconds
Minimization using L-BFGS-B successful (iterations:11)
CHI2 after optimization:   7.8269 
Fraction of effective frames:   0.6687 
Warm start
Optimizing 30 data and 16080 samples. Theta=114.723050 
CHI2 before optimization:  22.7227 
Execution time: 0.06 seconds
Minimization using L-BFGS-B successful (iterations:10)
CHI2 after optimization:   8.8138 
Fraction of effective frames:   0.7845 
Warm start
Optimizing 30 data and 16080 samples. Theta=170.633570 
CHI2 before optimization:  22.7227 
Execution time: 0.08 seconds
Minimization using L-BFGS-B successful (iterations:13)
CHI2 after optimization:   9.5818 
Fraction of effective frames:   0.8528 
Warm start
Optimizing 30 data and 16080 samples. Theta=253.792201 
CHI2 before optimization:  22.7227 
Execution time: 0.09 seconds
Minimization using L-BFGS-B successful (iterations:15)
CHI2 after optimization:  10.2364 
Fraction of effective frames:   0.8946 
Warm start
Optimizing 30 data and 16080 samples. Theta=377.478364 
CHI2 before optimization:  22.7227 
Execution time: 0.09 seconds
Minimization using L-BFGS-B successful (iterations:18)
CHI2 after optimization:  10.8599 
Fraction of effective frames:   0.9224 
Warm start
Optimizing 30 data and 16080 samples. Theta=561.443241 
CHI2 before optimization:  22.7227 
Execution time: 0.11 seconds
Minimization using L-BFGS-B successful (iterations:19)
CHI2 after optimization:  11.4867 
Fraction of effective frames:   0.9415 
Warm start
Optimizing 30 data and 16080 samples. Theta=835.063787 
CHI2 before optimization:  22.7227 
Execution time: 0.10 seconds
Minimization using L-BFGS-B successful (iterations:19)
CHI2 after optimization:  12.1826 
Fraction of effective frames:   0.9560 
Warm start
Optimizing 30 data and 16080 samples. Theta=1242.033884 
CHI2 before optimization:  22.7227 
Execution time: 0.11 seconds
Minimization using L-BFGS-B successful (iterations:20)
CHI2 after optimization:  13.0100 
Fraction of effective frames:   0.9677 
Warm start
Optimizing 30 data and 16080 samples. Theta=1847.341714 
CHI2 before optimization:  22.7227 
Execution time: 0.10 seconds
Minimization using L-BFGS-B successful (iterations:20)
CHI2 after optimization:  14.0193 
Fraction of effective frames:   0.9774 
Warm start
Optimizing 30 data and 16080 samples. Theta=2747.647592 
CHI2 before optimization:  22.7227 
Execution time: 0.12 seconds
Minimization using L-BFGS-B successful (iterations:20)
CHI2 after optimization:  15.2109 
Fraction of effective frames:   0.9852 
Warm start
Optimizing 30 data and 16080 samples. Theta=4086.719436 
CHI2 before optimization:  22.7227 
Execution time: 0.14 seconds
Minimization using L-BFGS-B successful (iterations:20)
CHI2 after optimization:  16.5060 
Fraction of effective frames:   0.9909 
Warm start
Optimizing 30 data and 16080 samples. Theta=6078.390765 
CHI2 before optimization:  22.7227 
Execution time: 0.10 seconds
Minimization using L-BFGS-B successful (iterations:20)
CHI2 after optimization:  17.7981 
Fraction of effective frames:   0.9948 
Warm start
Optimizing 30 data and 16080 samples. Theta=9040.707313 
CHI2 before optimization:  22.7227 
Execution time: 0.10 seconds
Minimization using L-BFGS-B successful (iterations:20)
CHI2 after optimization:  18.9743 
Fraction of effective frames:   0.9972 
Warm start
Optimizing 30 data and 16080 samples. Theta=13446.715073 
CHI2 before optimization:  22.7227 
Execution time: 0.07 seconds
Minimization using L-BFGS-B successful (iterations:19)
CHI2 after optimization:  19.9581 
Fraction of effective frames:   0.9986 
Warm start
Optimizing 30 data and 16080 samples. Theta=20000.000000 
CHI2 before optimization:  22.7227 
Execution time: 0.08 seconds
Minimization using L-BFGS-B successful (iterations:20)
CHI2 after optimization:  20.7344 
Fraction of effective frames:   0.9993 
