Lagrange multipliers initialized from zero
Optimizing 128 data and 16080 samples. Theta=0.200000 
CHI2 before optimization:   2.5455 
Execution time: 1.72 seconds
Minimization using L-BFGS-B successful (iterations:103)
CHI2 after optimization:   0.2380 
Fraction of effective frames:   0.0007 
Warm start
Optimizing 128 data and 16080 samples. Theta=0.297470 
CHI2 before optimization:   2.5455 
Execution time: 1.25 seconds
Minimization using L-BFGS-B successful (iterations:74)
CHI2 after optimization:   0.2382 
Fraction of effective frames:   0.0007 
Warm start
Optimizing 128 data and 16080 samples. Theta=0.442443 
CHI2 before optimization:   2.5455 
Execution time: 0.82 seconds
Minimization using L-BFGS-B successful (iterations:52)
CHI2 after optimization:   0.2385 
Fraction of effective frames:   0.0008 
Warm start
Optimizing 128 data and 16080 samples. Theta=0.658069 
CHI2 before optimization:   2.5455 
Execution time: 0.67 seconds
Minimization using L-BFGS-B successful (iterations:46)
CHI2 after optimization:   0.2392 
Fraction of effective frames:   0.0008 
Warm start
Optimizing 128 data and 16080 samples. Theta=0.978780 
CHI2 before optimization:   2.5455 
Execution time: 0.58 seconds
Minimization using L-BFGS-B successful (iterations:37)
CHI2 after optimization:   0.2409 
Fraction of effective frames:   0.0010 
Warm start
Optimizing 128 data and 16080 samples. Theta=1.455791 
CHI2 before optimization:   2.5455 
Execution time: 0.45 seconds
Minimization using L-BFGS-B successful (iterations:29)
CHI2 after optimization:   0.2456 
Fraction of effective frames:   0.0012 
Warm start
Optimizing 128 data and 16080 samples. Theta=2.165273 
CHI2 before optimization:   2.5455 
Execution time: 0.38 seconds
Minimization using L-BFGS-B successful (iterations:25)
CHI2 after optimization:   0.2579 
Fraction of effective frames:   0.0019 
Warm start
Optimizing 128 data and 16080 samples. Theta=3.220524 
CHI2 before optimization:   2.5455 
Execution time: 0.35 seconds
Minimization using L-BFGS-B successful (iterations:19)
CHI2 after optimization:   0.2856 
Fraction of effective frames:   0.0036 
Warm start
Optimizing 128 data and 16080 samples. Theta=4.790053 
CHI2 before optimization:   2.5455 
Execution time: 0.27 seconds
Minimization using L-BFGS-B successful (iterations:15)
CHI2 after optimization:   0.3354 
Fraction of effective frames:   0.0081 
Warm start
Optimizing 128 data and 16080 samples. Theta=7.124496 
CHI2 before optimization:   2.5455 
Execution time: 0.24 seconds
Minimization using L-BFGS-B successful (iterations:15)
CHI2 after optimization:   0.4127 
Fraction of effective frames:   0.0188 
Warm start
Optimizing 128 data and 16080 samples. Theta=10.596634 
CHI2 before optimization:   2.5455 
Execution time: 0.27 seconds
Minimization using L-BFGS-B successful (iterations:16)
CHI2 after optimization:   0.5256 
Fraction of effective frames:   0.0431 
Warm start
Optimizing 128 data and 16080 samples. Theta=15.760926 
CHI2 before optimization:   2.5455 
Execution time: 0.25 seconds
Minimization using L-BFGS-B successful (iterations:15)
CHI2 after optimization:   0.6838 
Fraction of effective frames:   0.0940 
Warm start
Optimizing 128 data and 16080 samples. Theta=23.442046 
CHI2 before optimization:   2.5455 
Execution time: 0.24 seconds
Minimization using L-BFGS-B successful (iterations:14)
CHI2 after optimization:   0.8944 
Fraction of effective frames:   0.1893 
Warm start
Optimizing 128 data and 16080 samples. Theta=34.866576 
CHI2 before optimization:   2.5455 
Execution time: 0.25 seconds
Minimization using L-BFGS-B successful (iterations:15)
CHI2 after optimization:   1.1574 
Fraction of effective frames:   0.3411 
Warm start
Optimizing 128 data and 16080 samples. Theta=51.858876 
CHI2 before optimization:   2.5455 
Execution time: 0.23 seconds
Minimization using L-BFGS-B successful (iterations:14)
CHI2 after optimization:   1.4596 
Fraction of effective frames:   0.5386 
Warm start
Optimizing 128 data and 16080 samples. Theta=77.132408 
CHI2 before optimization:   2.5455 
Execution time: 0.23 seconds
Minimization using L-BFGS-B successful (iterations:13)
CHI2 after optimization:   1.7559 
Fraction of effective frames:   0.7292 
Warm start
Optimizing 128 data and 16080 samples. Theta=114.723050 
CHI2 before optimization:   2.5455 
Execution time: 0.24 seconds
Minimization using L-BFGS-B successful (iterations:14)
CHI2 after optimization:   1.9953 
Fraction of effective frames:   0.8605 
Warm start
Optimizing 128 data and 16080 samples. Theta=170.633570 
CHI2 before optimization:   2.5455 
Execution time: 0.28 seconds
Minimization using L-BFGS-B successful (iterations:16)
CHI2 after optimization:   2.1682 
Fraction of effective frames:   0.9327 
Warm start
Optimizing 128 data and 16080 samples. Theta=253.792201 
CHI2 before optimization:   2.5455 
Execution time: 0.29 seconds
Minimization using L-BFGS-B successful (iterations:16)
CHI2 after optimization:   2.2883 
Fraction of effective frames:   0.9684 
Warm start
Optimizing 128 data and 16080 samples. Theta=377.478364 
CHI2 before optimization:   2.5455 
Execution time: 0.28 seconds
Minimization using L-BFGS-B successful (iterations:15)
CHI2 after optimization:   2.3708 
Fraction of effective frames:   0.9854 
Warm start
Optimizing 128 data and 16080 samples. Theta=561.443241 
CHI2 before optimization:   2.5455 
Execution time: 0.25 seconds
Minimization using L-BFGS-B successful (iterations:15)
CHI2 after optimization:   2.4271 
Fraction of effective frames:   0.9933 
Warm start
Optimizing 128 data and 16080 samples. Theta=835.063787 
CHI2 before optimization:   2.5455 
Execution time: 0.26 seconds
Minimization using L-BFGS-B successful (iterations:15)
CHI2 after optimization:   2.4655 
Fraction of effective frames:   0.9970 
Warm start
Optimizing 128 data and 16080 samples. Theta=1242.033884 
CHI2 before optimization:   2.5455 
Execution time: 0.24 seconds
Minimization using L-BFGS-B successful (iterations:13)
CHI2 after optimization:   2.4915 
Fraction of effective frames:   0.9986 
Warm start
Optimizing 128 data and 16080 samples. Theta=1847.341714 
CHI2 before optimization:   2.5455 
Execution time: 0.18 seconds
Minimization using L-BFGS-B successful (iterations:11)
CHI2 after optimization:   2.5090 
Fraction of effective frames:   0.9994 
Warm start
Optimizing 128 data and 16080 samples. Theta=2747.647592 
CHI2 before optimization:   2.5455 
Execution time: 0.18 seconds
Minimization using L-BFGS-B successful (iterations:11)
CHI2 after optimization:   2.5209 
Fraction of effective frames:   0.9997 
Warm start
Optimizing 128 data and 16080 samples. Theta=4086.719436 
CHI2 before optimization:   2.5455 
Execution time: 0.17 seconds
Minimization using L-BFGS-B successful (iterations:10)
CHI2 after optimization:   2.5290 
Fraction of effective frames:   0.9999 
Warm start
Optimizing 128 data and 16080 samples. Theta=6078.390765 
CHI2 before optimization:   2.5455 
Execution time: 0.17 seconds
Minimization using L-BFGS-B successful (iterations:9)
CHI2 after optimization:   2.5343 
Fraction of effective frames:   0.9999 
Warm start
Optimizing 128 data and 16080 samples. Theta=9040.707313 
CHI2 before optimization:   2.5455 
Execution time: 0.15 seconds
Minimization using L-BFGS-B successful (iterations:8)
CHI2 after optimization:   2.5380 
Fraction of effective frames:   1.0000 
Warm start
Optimizing 128 data and 16080 samples. Theta=13446.715073 
CHI2 before optimization:   2.5455 
Execution time: 0.12 seconds
Minimization using L-BFGS-B successful (iterations:6)
CHI2 after optimization:   2.5404 
Fraction of effective frames:   1.0000 
Warm start
Optimizing 128 data and 16080 samples. Theta=20000.000000 
CHI2 before optimization:   2.5455 
Execution time: 0.11 seconds
Minimization using L-BFGS-B successful (iterations:5)
CHI2 after optimization:   2.5420 
Fraction of effective frames:   1.0000 
