Lagrange multipliers initialized from zero
Optimizing 60 data and 16080 samples. Theta=0.200000 
CHI2 before optimization:  15.1585 
Execution time: 2.26 seconds
Minimization using L-BFGS-B successful (iterations:183)
CHI2 after optimization:   2.7487 
Fraction of effective frames:   0.0012 
Warm start
Optimizing 60 data and 16080 samples. Theta=0.297470 
CHI2 before optimization:  15.1585 
Execution time: 1.20 seconds
Minimization using L-BFGS-B successful (iterations:126)
CHI2 after optimization:   2.7489 
Fraction of effective frames:   0.0012 
Warm start
Optimizing 60 data and 16080 samples. Theta=0.442443 
CHI2 before optimization:  15.1585 
Execution time: 0.87 seconds
Minimization using L-BFGS-B successful (iterations:94)
CHI2 after optimization:   2.7492 
Fraction of effective frames:   0.0012 
Warm start
Optimizing 60 data and 16080 samples. Theta=0.658069 
CHI2 before optimization:  15.1585 
Execution time: 0.80 seconds
Minimization using L-BFGS-B successful (iterations:82)
CHI2 after optimization:   2.7497 
Fraction of effective frames:   0.0013 
Warm start
Optimizing 60 data and 16080 samples. Theta=0.978780 
CHI2 before optimization:  15.1585 
Execution time: 0.68 seconds
Minimization using L-BFGS-B successful (iterations:64)
CHI2 after optimization:   2.7508 
Fraction of effective frames:   0.0013 
Warm start
Optimizing 60 data and 16080 samples. Theta=1.455791 
CHI2 before optimization:  15.1585 
Execution time: 0.46 seconds
Minimization using L-BFGS-B successful (iterations:49)
CHI2 after optimization:   2.7535 
Fraction of effective frames:   0.0014 
Warm start
Optimizing 60 data and 16080 samples. Theta=2.165273 
CHI2 before optimization:  15.1585 
Execution time: 0.33 seconds
Minimization using L-BFGS-B successful (iterations:39)
CHI2 after optimization:   2.7598 
Fraction of effective frames:   0.0016 
Warm start
Optimizing 60 data and 16080 samples. Theta=3.220524 
CHI2 before optimization:  15.1585 
Execution time: 0.25 seconds
Minimization using L-BFGS-B successful (iterations:31)
CHI2 after optimization:   2.7738 
Fraction of effective frames:   0.0018 
Warm start
Optimizing 60 data and 16080 samples. Theta=4.790053 
CHI2 before optimization:  15.1585 
Execution time: 0.20 seconds
Minimization using L-BFGS-B successful (iterations:25)
CHI2 after optimization:   2.8055 
Fraction of effective frames:   0.0023 
Warm start
Optimizing 60 data and 16080 samples. Theta=7.124496 
CHI2 before optimization:  15.1585 
Execution time: 0.18 seconds
Minimization using L-BFGS-B successful (iterations:22)
CHI2 after optimization:   2.8824 
Fraction of effective frames:   0.0034 
Warm start
Optimizing 60 data and 16080 samples. Theta=10.596634 
CHI2 before optimization:  15.1585 
Execution time: 0.19 seconds
Minimization using L-BFGS-B successful (iterations:17)
CHI2 after optimization:   3.0675 
Fraction of effective frames:   0.0064 
Warm start
Optimizing 60 data and 16080 samples. Theta=15.760926 
CHI2 before optimization:  15.1585 
Execution time: 0.14 seconds
Minimization using L-BFGS-B successful (iterations:15)
CHI2 after optimization:   3.4435 
Fraction of effective frames:   0.0152 
Warm start
Optimizing 60 data and 16080 samples. Theta=23.442046 
CHI2 before optimization:  15.1585 
Execution time: 0.13 seconds
Minimization using L-BFGS-B successful (iterations:13)
CHI2 after optimization:   4.0383 
Fraction of effective frames:   0.0381 
Warm start
Optimizing 60 data and 16080 samples. Theta=34.866576 
CHI2 before optimization:  15.1585 
Execution time: 0.13 seconds
Minimization using L-BFGS-B successful (iterations:12)
CHI2 after optimization:   4.8352 
Fraction of effective frames:   0.0879 
Warm start
Optimizing 60 data and 16080 samples. Theta=51.858876 
CHI2 before optimization:  15.1585 
Execution time: 0.12 seconds
Minimization using L-BFGS-B successful (iterations:11)
CHI2 after optimization:   5.7927 
Fraction of effective frames:   0.1729 
Warm start
Optimizing 60 data and 16080 samples. Theta=77.132408 
CHI2 before optimization:  15.1585 
Execution time: 0.14 seconds
Minimization using L-BFGS-B successful (iterations:12)
CHI2 after optimization:   6.9137 
Fraction of effective frames:   0.2945 
Warm start
Optimizing 60 data and 16080 samples. Theta=114.723050 
CHI2 before optimization:  15.1585 
Execution time: 0.14 seconds
Minimization using L-BFGS-B successful (iterations:11)
CHI2 after optimization:   8.2572 
Fraction of effective frames:   0.4522 
Warm start
Optimizing 60 data and 16080 samples. Theta=170.633570 
CHI2 before optimization:  15.1585 
Execution time: 0.11 seconds
Minimization using L-BFGS-B successful (iterations:10)
CHI2 after optimization:   9.8139 
Fraction of effective frames:   0.6321 
Warm start
Optimizing 60 data and 16080 samples. Theta=253.792201 
CHI2 before optimization:  15.1585 
Execution time: 0.13 seconds
Minimization using L-BFGS-B successful (iterations:12)
CHI2 after optimization:  11.3791 
Fraction of effective frames:   0.7938 
Warm start
Optimizing 60 data and 16080 samples. Theta=377.478364 
CHI2 before optimization:  15.1585 
Execution time: 0.14 seconds
Minimization using L-BFGS-B successful (iterations:12)
CHI2 after optimization:  12.6656 
Fraction of effective frames:   0.9011 
Warm start
Optimizing 60 data and 16080 samples. Theta=561.443241 
CHI2 before optimization:  15.1585 
Execution time: 0.14 seconds
Minimization using L-BFGS-B successful (iterations:12)
CHI2 after optimization:  13.5590 
Fraction of effective frames:   0.9562 
Warm start
Optimizing 60 data and 16080 samples. Theta=835.063787 
CHI2 before optimization:  15.1585 
Execution time: 0.13 seconds
Minimization using L-BFGS-B successful (iterations:12)
CHI2 after optimization:  14.1315 
Fraction of effective frames:   0.9811 
Warm start
Optimizing 60 data and 16080 samples. Theta=1242.033884 
CHI2 before optimization:  15.1585 
Execution time: 0.14 seconds
Minimization using L-BFGS-B successful (iterations:12)
CHI2 after optimization:  14.4925 
Fraction of effective frames:   0.9918 
Warm start
Optimizing 60 data and 16080 samples. Theta=1847.341714 
CHI2 before optimization:  15.1585 
Execution time: 0.13 seconds
Minimization using L-BFGS-B successful (iterations:11)
CHI2 after optimization:  14.7222 
Fraction of effective frames:   0.9964 
Warm start
Optimizing 60 data and 16080 samples. Theta=2747.647592 
CHI2 before optimization:  15.1585 
Execution time: 0.12 seconds
Minimization using L-BFGS-B successful (iterations:10)
CHI2 after optimization:  14.8704 
Fraction of effective frames:   0.9984 
Warm start
Optimizing 60 data and 16080 samples. Theta=4086.719436 
CHI2 before optimization:  15.1585 
Execution time: 0.11 seconds
Minimization using L-BFGS-B successful (iterations:10)
CHI2 after optimization:  14.9672 
Fraction of effective frames:   0.9993 
Warm start
Optimizing 60 data and 16080 samples. Theta=6078.390765 
CHI2 before optimization:  15.1585 
Execution time: 0.11 seconds
Minimization using L-BFGS-B successful (iterations:9)
CHI2 after optimization:  15.0309 
Fraction of effective frames:   0.9997 
Warm start
Optimizing 60 data and 16080 samples. Theta=9040.707313 
CHI2 before optimization:  15.1585 
Execution time: 0.10 seconds
Minimization using L-BFGS-B successful (iterations:8)
CHI2 after optimization:  15.0733 
Fraction of effective frames:   0.9999 
Warm start
Optimizing 60 data and 16080 samples. Theta=13446.715073 
CHI2 before optimization:  15.1585 
Execution time: 0.08 seconds
Minimization using L-BFGS-B successful (iterations:6)
CHI2 after optimization:  15.1013 
Fraction of effective frames:   0.9999 
Warm start
Optimizing 60 data and 16080 samples. Theta=20000.000000 
CHI2 before optimization:  15.1585 
Execution time: 0.09 seconds
Minimization using L-BFGS-B successful (iterations:7)
CHI2 after optimization:  15.1202 
Fraction of effective frames:   1.0000 
