# Reading JCOUPLINGS data 
# Reading 12 experimental data from bme_reweight/exp_ccr_HCCH_loop_bme.dat 
# Reading 20100 calculated samples from bme_reweight/calc_ccr_HCCH_loop_bme.dat 
# Using linear averaging 
Initialized uniform weights 20100
# Using no scaling 
CHI2: 77.26756 
RMSD: 11.32036 
VIOLATIONS: 6 
# Reading RDC data 
# Reading 36 experimental data from bme_reweight/exp_rdc_bme.dat 
# Reading 20100 calculated samples from bme_reweight/calc_rdc_bme.dat 
# Using linear averaging 
# Slope= -0.4074; Offset=  0.0000; r2=  0.1537 
CHI2: 14.21055 
RMSD: 5.65453 
VIOLATIONS: 27 
# Reading JCOUPLINGS data 
# Reading 36 experimental data from bme_reweight/exp_j3_bme.dat 
# Reading 20100 calculated samples from bme_reweight/calc_j3_bme.dat 
# Using linear averaging 
# Using no scaling 
CHI2: 14.53195 
RMSD: 3.00327 
VIOLATIONS: 8 
Lagrange multipliers initialized from zero
Optimizing 84 data and 20100 samples. Theta=0.200000 
CHI2 before optimization:  23.3564 
Execution time: 5.37 seconds
Minimization using L-BFGS-B successful (iterations:292)
CHI2 after optimization:   4.2009 
Fraction of effective frames:   0.0007 
Lagrange multipliers initialized from zero
Optimizing 84 data and 20100 samples. Theta=0.297470 
CHI2 before optimization:  23.3564 
Execution time: 4.18 seconds
Minimization using L-BFGS-B successful (iterations:247)
CHI2 after optimization:   4.2009 
Fraction of effective frames:   0.0007 
Lagrange multipliers initialized from zero
Optimizing 84 data and 20100 samples. Theta=0.442443 
CHI2 before optimization:  23.3564 
Execution time: 2.93 seconds
Minimization using L-BFGS-B successful (iterations:191)
CHI2 after optimization:   4.2010 
Fraction of effective frames:   0.0007 
Lagrange multipliers initialized from zero
Optimizing 84 data and 20100 samples. Theta=0.658069 
CHI2 before optimization:  23.3564 
Execution time: 2.71 seconds
Minimization using L-BFGS-B successful (iterations:157)
CHI2 after optimization:   4.2014 
Fraction of effective frames:   0.0007 
Lagrange multipliers initialized from zero
Optimizing 84 data and 20100 samples. Theta=0.978780 
CHI2 before optimization:  23.3564 
Execution time: 2.04 seconds
Minimization using L-BFGS-B successful (iterations:137)
CHI2 after optimization:   4.2017 
Fraction of effective frames:   0.0007 
Lagrange multipliers initialized from zero
Optimizing 84 data and 20100 samples. Theta=1.455791 
CHI2 before optimization:  23.3564 
Execution time: 1.38 seconds
Minimization using L-BFGS-B successful (iterations:104)
CHI2 after optimization:   4.2030 
Fraction of effective frames:   0.0008 
Lagrange multipliers initialized from zero
Optimizing 84 data and 20100 samples. Theta=2.165273 
CHI2 before optimization:  23.3564 
Execution time: 1.31 seconds
Minimization using L-BFGS-B successful (iterations:90)
CHI2 after optimization:   4.2059 
Fraction of effective frames:   0.0008 
Lagrange multipliers initialized from zero
Optimizing 84 data and 20100 samples. Theta=3.220524 
CHI2 before optimization:  23.3564 
Execution time: 1.27 seconds
Minimization using L-BFGS-B successful (iterations:74)
CHI2 after optimization:   4.2127 
Fraction of effective frames:   0.0009 
Lagrange multipliers initialized from zero
Optimizing 84 data and 20100 samples. Theta=4.790053 
CHI2 before optimization:  23.3564 
Execution time: 0.99 seconds
Minimization using L-BFGS-B successful (iterations:57)
CHI2 after optimization:   4.2287 
Fraction of effective frames:   0.0011 
Lagrange multipliers initialized from zero
Optimizing 84 data and 20100 samples. Theta=7.124496 
CHI2 before optimization:  23.3564 
Execution time: 0.57 seconds
Minimization using L-BFGS-B successful (iterations:42)
CHI2 after optimization:   4.2698 
Fraction of effective frames:   0.0015 
Lagrange multipliers initialized from zero
Optimizing 84 data and 20100 samples. Theta=10.596634 
CHI2 before optimization:  23.3564 
Execution time: 0.50 seconds
Minimization using L-BFGS-B successful (iterations:36)
CHI2 after optimization:   4.3685 
Fraction of effective frames:   0.0023 
Lagrange multipliers initialized from zero
Optimizing 84 data and 20100 samples. Theta=15.760926 
CHI2 before optimization:  23.3564 
Execution time: 0.42 seconds
Minimization using L-BFGS-B successful (iterations:31)
CHI2 after optimization:   4.5933 
Fraction of effective frames:   0.0048 
Lagrange multipliers initialized from zero
Optimizing 84 data and 20100 samples. Theta=23.442046 
CHI2 before optimization:  23.3564 
Execution time: 0.31 seconds
Minimization using L-BFGS-B successful (iterations:22)
CHI2 after optimization:   5.0264 
Fraction of effective frames:   0.0122 
Lagrange multipliers initialized from zero
Optimizing 84 data and 20100 samples. Theta=34.866576 
CHI2 before optimization:  23.3564 
Execution time: 0.35 seconds
Minimization using L-BFGS-B successful (iterations:21)
CHI2 after optimization:   5.6544 
Fraction of effective frames:   0.0306 
Lagrange multipliers initialized from zero
Optimizing 84 data and 20100 samples. Theta=51.858876 
CHI2 before optimization:  23.3564 
Execution time: 0.34 seconds
Minimization using L-BFGS-B successful (iterations:18)
CHI2 after optimization:   6.4330 
Fraction of effective frames:   0.0661 
Lagrange multipliers initialized from zero
Optimizing 84 data and 20100 samples. Theta=77.132408 
CHI2 before optimization:  23.3564 
Execution time: 0.26 seconds
Minimization using L-BFGS-B successful (iterations:15)
CHI2 after optimization:   7.3765 
Fraction of effective frames:   0.1237 
Lagrange multipliers initialized from zero
Optimizing 84 data and 20100 samples. Theta=114.723050 
CHI2 before optimization:  23.3564 
Execution time: 0.24 seconds
Minimization using L-BFGS-B successful (iterations:14)
CHI2 after optimization:   8.5324 
Fraction of effective frames:   0.2071 
Lagrange multipliers initialized from zero
Optimizing 84 data and 20100 samples. Theta=170.633570 
CHI2 before optimization:  23.3564 
Execution time: 0.26 seconds
Minimization using L-BFGS-B successful (iterations:15)
CHI2 after optimization:   9.9682 
Fraction of effective frames:   0.3186 
Lagrange multipliers initialized from zero
Optimizing 84 data and 20100 samples. Theta=253.792201 
CHI2 before optimization:  23.3564 
Execution time: 0.30 seconds
Minimization using L-BFGS-B successful (iterations:17)
CHI2 after optimization:  11.7548 
Fraction of effective frames:   0.4569 
Lagrange multipliers initialized from zero
Optimizing 84 data and 20100 samples. Theta=377.478364 
CHI2 before optimization:  23.3564 
Execution time: 0.32 seconds
Minimization using L-BFGS-B successful (iterations:17)
CHI2 after optimization:  13.9180 
Fraction of effective frames:   0.6129 
Lagrange multipliers initialized from zero
Optimizing 84 data and 20100 samples. Theta=561.443241 
CHI2 before optimization:  23.3564 
Execution time: 0.32 seconds
Minimization using L-BFGS-B successful (iterations:18)
CHI2 after optimization:  16.3257 
Fraction of effective frames:   0.7643 
Lagrange multipliers initialized from zero
Optimizing 84 data and 20100 samples. Theta=835.063787 
CHI2 before optimization:  23.3564 
Execution time: 0.31 seconds
Minimization using L-BFGS-B successful (iterations:18)
CHI2 after optimization:  18.5955 
Fraction of effective frames:   0.8800 
Lagrange multipliers initialized from zero
Optimizing 84 data and 20100 samples. Theta=1242.033884 
CHI2 before optimization:  23.3564 
Execution time: 0.33 seconds
Minimization using L-BFGS-B successful (iterations:18)
CHI2 after optimization:  20.3314 
Fraction of effective frames:   0.9466 
Lagrange multipliers initialized from zero
Optimizing 84 data and 20100 samples. Theta=1847.341714 
CHI2 before optimization:  23.3564 
Execution time: 0.35 seconds
Minimization using L-BFGS-B successful (iterations:18)
CHI2 after optimization:  21.4629 
Fraction of effective frames:   0.9774 
Lagrange multipliers initialized from zero
Optimizing 84 data and 20100 samples. Theta=2747.647592 
CHI2 before optimization:  23.3564 
Execution time: 0.40 seconds
Minimization using L-BFGS-B successful (iterations:17)
CHI2 after optimization:  22.1589 
Fraction of effective frames:   0.9905 
Lagrange multipliers initialized from zero
Optimizing 84 data and 20100 samples. Theta=4086.719436 
CHI2 before optimization:  23.3564 
Execution time: 0.40 seconds
Minimization using L-BFGS-B successful (iterations:17)
CHI2 after optimization:  22.5881 
Fraction of effective frames:   0.9959 
Lagrange multipliers initialized from zero
Optimizing 84 data and 20100 samples. Theta=6078.390765 
CHI2 before optimization:  23.3564 
Execution time: 0.36 seconds
Minimization using L-BFGS-B successful (iterations:16)
CHI2 after optimization:  22.8565 
Fraction of effective frames:   0.9982 
Lagrange multipliers initialized from zero
Optimizing 84 data and 20100 samples. Theta=9040.707313 
CHI2 before optimization:  23.3564 
Execution time: 0.32 seconds
Minimization using L-BFGS-B successful (iterations:14)
CHI2 after optimization:  23.0282 
Fraction of effective frames:   0.9992 
Lagrange multipliers initialized from zero
Optimizing 84 data and 20100 samples. Theta=13446.715073 
CHI2 before optimization:  23.3564 
Execution time: 0.28 seconds
Minimization using L-BFGS-B successful (iterations:12)
CHI2 after optimization:  23.1406 
Fraction of effective frames:   0.9997 
Lagrange multipliers initialized from zero
Optimizing 84 data and 20100 samples. Theta=20000.000000 
CHI2 before optimization:  23.3564 
Execution time: 0.28 seconds
Minimization using L-BFGS-B successful (iterations:12)
CHI2 after optimization:  23.2129 
Fraction of effective frames:   0.9998 
