# Reading JCOUPLINGS data 
# Reading 12 experimental data from bme_reweight/exp_ccr_HCCH_loop_bme.dat 
# Reading 20100 calculated samples from bme_reweight/calc_ccr_HCCH_loop_bme.dat 
# Using linear averaging 
Initialized uniform weights 20100
# Using no scaling 
CHI2: 77.26756 
RMSD: 11.32036 
VIOLATIONS: 6 
# Reading RDC data 
# Reading 36 experimental data from bme_reweight/exp_rdc_bme.dat 
# Reading 20100 calculated samples from bme_reweight/calc_rdc_bme.dat 
# Using linear averaging 
# Slope= -0.4074; Offset=  0.0000; r2=  0.1537 
CHI2: 14.21055 
RMSD: 5.65453 
VIOLATIONS: 27 
Lagrange multipliers initialized from zero
Optimizing 48 data and 20100 samples. Theta=0.200000 
CHI2 before optimization:  29.9748 
Execution time: 2.32 seconds
Minimization using L-BFGS-B successful (iterations:192)
CHI2 after optimization:   4.2071 
Fraction of effective frames:   0.0004 
Lagrange multipliers initialized from zero
Optimizing 48 data and 20100 samples. Theta=0.297470 
CHI2 before optimization:  29.9748 
Execution time: 1.38 seconds
Minimization using L-BFGS-B successful (iterations:168)
CHI2 after optimization:   4.2072 
Fraction of effective frames:   0.0004 
Lagrange multipliers initialized from zero
Optimizing 48 data and 20100 samples. Theta=0.442443 
CHI2 before optimization:  29.9748 
Execution time: 0.97 seconds
Minimization using L-BFGS-B successful (iterations:134)
CHI2 after optimization:   4.2075 
Fraction of effective frames:   0.0004 
Lagrange multipliers initialized from zero
Optimizing 48 data and 20100 samples. Theta=0.658069 
CHI2 before optimization:  29.9748 
Execution time: 0.88 seconds
Minimization using L-BFGS-B successful (iterations:123)
CHI2 after optimization:   4.2081 
Fraction of effective frames:   0.0004 
Lagrange multipliers initialized from zero
Optimizing 48 data and 20100 samples. Theta=0.978780 
CHI2 before optimization:  29.9748 
Execution time: 0.65 seconds
Minimization using L-BFGS-B successful (iterations:95)
CHI2 after optimization:   4.2095 
Fraction of effective frames:   0.0005 
Lagrange multipliers initialized from zero
Optimizing 48 data and 20100 samples. Theta=1.455791 
CHI2 before optimization:  29.9748 
Execution time: 0.50 seconds
Minimization using L-BFGS-B successful (iterations:72)
CHI2 after optimization:   4.2127 
Fraction of effective frames:   0.0005 
Lagrange multipliers initialized from zero
Optimizing 48 data and 20100 samples. Theta=2.165273 
CHI2 before optimization:  29.9748 
Execution time: 0.47 seconds
Minimization using L-BFGS-B successful (iterations:62)
CHI2 after optimization:   4.2195 
Fraction of effective frames:   0.0005 
Lagrange multipliers initialized from zero
Optimizing 48 data and 20100 samples. Theta=3.220524 
CHI2 before optimization:  29.9748 
Execution time: 0.36 seconds
Minimization using L-BFGS-B successful (iterations:55)
CHI2 after optimization:   4.2369 
Fraction of effective frames:   0.0006 
Lagrange multipliers initialized from zero
Optimizing 48 data and 20100 samples. Theta=4.790053 
CHI2 before optimization:  29.9748 
Execution time: 0.26 seconds
Minimization using L-BFGS-B successful (iterations:40)
CHI2 after optimization:   4.2822 
Fraction of effective frames:   0.0008 
Lagrange multipliers initialized from zero
Optimizing 48 data and 20100 samples. Theta=7.124496 
CHI2 before optimization:  29.9748 
Execution time: 0.22 seconds
Minimization using L-BFGS-B successful (iterations:31)
CHI2 after optimization:   4.3877 
Fraction of effective frames:   0.0012 
Lagrange multipliers initialized from zero
Optimizing 48 data and 20100 samples. Theta=10.596634 
CHI2 before optimization:  29.9748 
Execution time: 0.17 seconds
Minimization using L-BFGS-B successful (iterations:26)
CHI2 after optimization:   4.6162 
Fraction of effective frames:   0.0023 
Lagrange multipliers initialized from zero
Optimizing 48 data and 20100 samples. Theta=15.760926 
CHI2 before optimization:  29.9748 
Execution time: 0.13 seconds
Minimization using L-BFGS-B successful (iterations:20)
CHI2 after optimization:   5.1050 
Fraction of effective frames:   0.0056 
Lagrange multipliers initialized from zero
Optimizing 48 data and 20100 samples. Theta=23.442046 
CHI2 before optimization:  29.9748 
Execution time: 0.12 seconds
Minimization using L-BFGS-B successful (iterations:16)
CHI2 after optimization:   5.9196 
Fraction of effective frames:   0.0154 
Lagrange multipliers initialized from zero
Optimizing 48 data and 20100 samples. Theta=34.866576 
CHI2 before optimization:  29.9748 
Execution time: 0.10 seconds
Minimization using L-BFGS-B successful (iterations:15)
CHI2 after optimization:   6.9916 
Fraction of effective frames:   0.0379 
Lagrange multipliers initialized from zero
Optimizing 48 data and 20100 samples. Theta=51.858876 
CHI2 before optimization:  29.9748 
Execution time: 0.08 seconds
Minimization using L-BFGS-B successful (iterations:12)
CHI2 after optimization:   8.3469 
Fraction of effective frames:   0.0813 
Lagrange multipliers initialized from zero
Optimizing 48 data and 20100 samples. Theta=77.132408 
CHI2 before optimization:  29.9748 
Execution time: 0.08 seconds
Minimization using L-BFGS-B successful (iterations:11)
CHI2 after optimization:  10.0776 
Fraction of effective frames:   0.1567 
Lagrange multipliers initialized from zero
Optimizing 48 data and 20100 samples. Theta=114.723050 
CHI2 before optimization:  29.9748 
Execution time: 0.10 seconds
Minimization using L-BFGS-B successful (iterations:11)
CHI2 after optimization:  12.2422 
Fraction of effective frames:   0.2722 
Lagrange multipliers initialized from zero
Optimizing 48 data and 20100 samples. Theta=170.633570 
CHI2 before optimization:  29.9748 
Execution time: 0.08 seconds
Minimization using L-BFGS-B successful (iterations:10)
CHI2 after optimization:  14.7862 
Fraction of effective frames:   0.4215 
Lagrange multipliers initialized from zero
Optimizing 48 data and 20100 samples. Theta=253.792201 
CHI2 before optimization:  29.9748 
Execution time: 0.08 seconds
Minimization using L-BFGS-B successful (iterations:12)
CHI2 after optimization:  17.6314 
Fraction of effective frames:   0.5859 
Lagrange multipliers initialized from zero
Optimizing 48 data and 20100 samples. Theta=377.478364 
CHI2 before optimization:  29.9748 
Execution time: 0.12 seconds
Minimization using L-BFGS-B successful (iterations:14)
CHI2 after optimization:  20.6666 
Fraction of effective frames:   0.7423 
Lagrange multipliers initialized from zero
Optimizing 48 data and 20100 samples. Theta=561.443241 
CHI2 before optimization:  29.9748 
Execution time: 0.12 seconds
Minimization using L-BFGS-B successful (iterations:14)
CHI2 after optimization:  23.5602 
Fraction of effective frames:   0.8646 
Lagrange multipliers initialized from zero
Optimizing 48 data and 20100 samples. Theta=835.063787 
CHI2 before optimization:  29.9748 
Execution time: 0.10 seconds
Minimization using L-BFGS-B successful (iterations:14)
CHI2 after optimization:  25.8538 
Fraction of effective frames:   0.9383 
Lagrange multipliers initialized from zero
Optimizing 48 data and 20100 samples. Theta=1242.033884 
CHI2 before optimization:  29.9748 
Execution time: 0.08 seconds
Minimization using L-BFGS-B successful (iterations:12)
CHI2 after optimization:  27.3936 
Fraction of effective frames:   0.9738 
Lagrange multipliers initialized from zero
Optimizing 48 data and 20100 samples. Theta=1847.341714 
CHI2 before optimization:  29.9748 
Execution time: 0.08 seconds
Minimization using L-BFGS-B successful (iterations:12)
CHI2 after optimization:  28.3491 
Fraction of effective frames:   0.9890 
Lagrange multipliers initialized from zero
Optimizing 48 data and 20100 samples. Theta=2747.647592 
CHI2 before optimization:  29.9748 
Execution time: 0.11 seconds
Minimization using L-BFGS-B successful (iterations:12)
CHI2 after optimization:  28.9352 
Fraction of effective frames:   0.9953 
Lagrange multipliers initialized from zero
Optimizing 48 data and 20100 samples. Theta=4086.719436 
CHI2 before optimization:  29.9748 
Execution time: 0.09 seconds
Minimization using L-BFGS-B successful (iterations:12)
CHI2 after optimization:  29.3003 
Fraction of effective frames:   0.9980 
Lagrange multipliers initialized from zero
Optimizing 48 data and 20100 samples. Theta=6078.390765 
CHI2 before optimization:  29.9748 
Execution time: 0.09 seconds
Minimization using L-BFGS-B successful (iterations:11)
CHI2 after optimization:  29.5327 
Fraction of effective frames:   0.9991 
Lagrange multipliers initialized from zero
Optimizing 48 data and 20100 samples. Theta=9040.707313 
CHI2 before optimization:  29.9748 
Execution time: 0.09 seconds
Minimization using L-BFGS-B successful (iterations:11)
CHI2 after optimization:  29.6825 
Fraction of effective frames:   0.9996 
Lagrange multipliers initialized from zero
Optimizing 48 data and 20100 samples. Theta=13446.715073 
CHI2 before optimization:  29.9748 
Execution time: 0.09 seconds
Minimization using L-BFGS-B successful (iterations:10)
CHI2 after optimization:  29.7808 
Fraction of effective frames:   0.9998 
Lagrange multipliers initialized from zero
Optimizing 48 data and 20100 samples. Theta=20000.000000 
CHI2 before optimization:  29.9748 
Execution time: 0.07 seconds
Minimization using L-BFGS-B successful (iterations:9)
CHI2 after optimization:  29.8455 
Fraction of effective frames:   0.9999 
