# Reading JCOUPLINGS data 
# Reading 8 experimental data from bme_reweight/exp_ccr_HCP_loop_bme.dat 
# Reading 20100 calculated samples from bme_reweight/calc_ccr_HCP_loop_bme.dat 
# Using linear averaging 
Initialized uniform weights 20100
# Using no scaling 
CHI2: 37.30535 
RMSD: 9.16172 
VIOLATIONS: 1 
# Reading JCOUPLINGS data 
# Reading 36 experimental data from bme_reweight/exp_j3_bme.dat 
# Reading 20100 calculated samples from bme_reweight/calc_j3_bme.dat 
# Using linear averaging 
# Using no scaling 
CHI2: 14.53195 
RMSD: 3.00327 
VIOLATIONS: 8 
Lagrange multipliers initialized from zero
Optimizing 44 data and 20100 samples. Theta=0.200000 
CHI2 before optimization:  18.6726 
Execution time: 1.40 seconds
Minimization using L-BFGS-B successful (iterations:166)
CHI2 after optimization:   1.9297 
Fraction of effective frames:   0.0006 
Lagrange multipliers initialized from zero
Optimizing 44 data and 20100 samples. Theta=0.297470 
CHI2 before optimization:  18.6726 
Execution time: 1.18 seconds
Minimization using L-BFGS-B successful (iterations:152)
CHI2 after optimization:   1.9298 
Fraction of effective frames:   0.0006 
Lagrange multipliers initialized from zero
Optimizing 44 data and 20100 samples. Theta=0.442443 
CHI2 before optimization:  18.6726 
Execution time: 0.83 seconds
Minimization using L-BFGS-B successful (iterations:116)
CHI2 after optimization:   1.9302 
Fraction of effective frames:   0.0006 
Lagrange multipliers initialized from zero
Optimizing 44 data and 20100 samples. Theta=0.658069 
CHI2 before optimization:  18.6726 
Execution time: 0.67 seconds
Minimization using L-BFGS-B successful (iterations:99)
CHI2 after optimization:   1.9310 
Fraction of effective frames:   0.0006 
Lagrange multipliers initialized from zero
Optimizing 44 data and 20100 samples. Theta=0.978780 
CHI2 before optimization:  18.6726 
Execution time: 0.54 seconds
Minimization using L-BFGS-B successful (iterations:77)
CHI2 after optimization:   1.9332 
Fraction of effective frames:   0.0006 
Lagrange multipliers initialized from zero
Optimizing 44 data and 20100 samples. Theta=1.455791 
CHI2 before optimization:  18.6726 
Execution time: 0.43 seconds
Minimization using L-BFGS-B successful (iterations:63)
CHI2 after optimization:   1.9389 
Fraction of effective frames:   0.0007 
Lagrange multipliers initialized from zero
Optimizing 44 data and 20100 samples. Theta=2.165273 
CHI2 before optimization:  18.6726 
Execution time: 0.29 seconds
Minimization using L-BFGS-B successful (iterations:45)
CHI2 after optimization:   1.9548 
Fraction of effective frames:   0.0009 
Lagrange multipliers initialized from zero
Optimizing 44 data and 20100 samples. Theta=3.220524 
CHI2 before optimization:  18.6726 
Execution time: 0.25 seconds
Minimization using L-BFGS-B successful (iterations:38)
CHI2 after optimization:   1.9974 
Fraction of effective frames:   0.0012 
Lagrange multipliers initialized from zero
Optimizing 44 data and 20100 samples. Theta=4.790053 
CHI2 before optimization:  18.6726 
Execution time: 0.20 seconds
Minimization using L-BFGS-B successful (iterations:28)
CHI2 after optimization:   2.0989 
Fraction of effective frames:   0.0021 
Lagrange multipliers initialized from zero
Optimizing 44 data and 20100 samples. Theta=7.124496 
CHI2 before optimization:  18.6726 
Execution time: 0.15 seconds
Minimization using L-BFGS-B successful (iterations:24)
CHI2 after optimization:   2.3187 
Fraction of effective frames:   0.0048 
Lagrange multipliers initialized from zero
Optimizing 44 data and 20100 samples. Theta=10.596634 
CHI2 before optimization:  18.6726 
Execution time: 0.12 seconds
Minimization using L-BFGS-B successful (iterations:19)
CHI2 after optimization:   2.7100 
Fraction of effective frames:   0.0127 
Lagrange multipliers initialized from zero
Optimizing 44 data and 20100 samples. Theta=15.760926 
CHI2 before optimization:  18.6726 
Execution time: 0.13 seconds
Minimization using L-BFGS-B successful (iterations:17)
CHI2 after optimization:   3.2655 
Fraction of effective frames:   0.0327 
Lagrange multipliers initialized from zero
Optimizing 44 data and 20100 samples. Theta=23.442046 
CHI2 before optimization:  18.6726 
Execution time: 0.11 seconds
Minimization using L-BFGS-B successful (iterations:14)
CHI2 after optimization:   3.9509 
Fraction of effective frames:   0.0718 
Lagrange multipliers initialized from zero
Optimizing 44 data and 20100 samples. Theta=34.866576 
CHI2 before optimization:  18.6726 
Execution time: 0.09 seconds
Minimization using L-BFGS-B successful (iterations:13)
CHI2 after optimization:   4.7354 
Fraction of effective frames:   0.1315 
Lagrange multipliers initialized from zero
Optimizing 44 data and 20100 samples. Theta=51.858876 
CHI2 before optimization:  18.6726 
Execution time: 0.10 seconds
Minimization using L-BFGS-B successful (iterations:14)
CHI2 after optimization:   5.6667 
Fraction of effective frames:   0.2131 
Lagrange multipliers initialized from zero
Optimizing 44 data and 20100 samples. Theta=77.132408 
CHI2 before optimization:  18.6726 
Execution time: 0.10 seconds
Minimization using L-BFGS-B successful (iterations:15)
CHI2 after optimization:   6.8161 
Fraction of effective frames:   0.3176 
Lagrange multipliers initialized from zero
Optimizing 44 data and 20100 samples. Theta=114.723050 
CHI2 before optimization:  18.6726 
Execution time: 0.10 seconds
Minimization using L-BFGS-B successful (iterations:14)
CHI2 after optimization:   8.2943 
Fraction of effective frames:   0.4485 
Lagrange multipliers initialized from zero
Optimizing 44 data and 20100 samples. Theta=170.633570 
CHI2 before optimization:  18.6726 
Execution time: 0.10 seconds
Minimization using L-BFGS-B successful (iterations:14)
CHI2 after optimization:  10.1646 
Fraction of effective frames:   0.6018 
Lagrange multipliers initialized from zero
Optimizing 44 data and 20100 samples. Theta=253.792201 
CHI2 before optimization:  18.6726 
Execution time: 0.10 seconds
Minimization using L-BFGS-B successful (iterations:14)
CHI2 after optimization:  12.3109 
Fraction of effective frames:   0.7559 
Lagrange multipliers initialized from zero
Optimizing 44 data and 20100 samples. Theta=377.478364 
CHI2 before optimization:  18.6726 
Execution time: 0.11 seconds
Minimization using L-BFGS-B successful (iterations:16)
CHI2 after optimization:  14.3493 
Fraction of effective frames:   0.8754 
Lagrange multipliers initialized from zero
Optimizing 44 data and 20100 samples. Theta=561.443241 
CHI2 before optimization:  18.6726 
Execution time: 0.10 seconds
Minimization using L-BFGS-B successful (iterations:14)
CHI2 after optimization:  15.8957 
Fraction of effective frames:   0.9439 
Lagrange multipliers initialized from zero
Optimizing 44 data and 20100 samples. Theta=835.063787 
CHI2 before optimization:  18.6726 
Execution time: 0.12 seconds
Minimization using L-BFGS-B successful (iterations:14)
CHI2 after optimization:  16.9124 
Fraction of effective frames:   0.9759 
Lagrange multipliers initialized from zero
Optimizing 44 data and 20100 samples. Theta=1242.033884 
CHI2 before optimization:  18.6726 
Execution time: 0.10 seconds
Minimization using L-BFGS-B successful (iterations:13)
CHI2 after optimization:  17.5471 
Fraction of effective frames:   0.9897 
Lagrange multipliers initialized from zero
Optimizing 44 data and 20100 samples. Theta=1847.341714 
CHI2 before optimization:  18.6726 
Execution time: 0.08 seconds
Minimization using L-BFGS-B successful (iterations:12)
CHI2 after optimization:  17.9436 
Fraction of effective frames:   0.9956 
Lagrange multipliers initialized from zero
Optimizing 44 data and 20100 samples. Theta=2747.647592 
CHI2 before optimization:  18.6726 
Execution time: 0.08 seconds
Minimization using L-BFGS-B successful (iterations:12)
CHI2 after optimization:  18.1948 
Fraction of effective frames:   0.9981 
Lagrange multipliers initialized from zero
Optimizing 44 data and 20100 samples. Theta=4086.719436 
CHI2 before optimization:  18.6726 
Execution time: 0.08 seconds
Minimization using L-BFGS-B successful (iterations:11)
CHI2 after optimization:  18.3573 
Fraction of effective frames:   0.9991 
Lagrange multipliers initialized from zero
Optimizing 44 data and 20100 samples. Theta=6078.390765 
CHI2 before optimization:  18.6726 
Execution time: 0.07 seconds
Minimization using L-BFGS-B successful (iterations:10)
CHI2 after optimization:  18.4633 
Fraction of effective frames:   0.9996 
Lagrange multipliers initialized from zero
Optimizing 44 data and 20100 samples. Theta=9040.707313 
CHI2 before optimization:  18.6726 
Execution time: 0.07 seconds
Minimization using L-BFGS-B successful (iterations:9)
CHI2 after optimization:  18.5332 
Fraction of effective frames:   0.9998 
Lagrange multipliers initialized from zero
Optimizing 44 data and 20100 samples. Theta=13446.715073 
CHI2 before optimization:  18.6726 
Execution time: 0.07 seconds
Minimization using L-BFGS-B successful (iterations:8)
CHI2 after optimization:  18.5795 
Fraction of effective frames:   0.9999 
Lagrange multipliers initialized from zero
Optimizing 44 data and 20100 samples. Theta=20000.000000 
CHI2 before optimization:  18.6726 
Execution time: 0.06 seconds
Minimization using L-BFGS-B successful (iterations:8)
CHI2 after optimization:  18.6102 
Fraction of effective frames:   1.0000 
