# Reading JCOUPLINGS data 
# Reading 8 experimental data from bme_reweight/exp_ccr_HCP_loop_bme.dat 
# Reading 20100 calculated samples from bme_reweight/calc_ccr_HCP_loop_bme.dat 
# Using linear averaging 
Initialized uniform weights 20100
# Using no scaling 
CHI2: 37.30535 
RMSD: 9.16172 
VIOLATIONS: 1 
# Reading RDC data 
# Reading 36 experimental data from bme_reweight/exp_rdc_bme.dat 
# Reading 20100 calculated samples from bme_reweight/calc_rdc_bme.dat 
# Using linear averaging 
# Slope= -0.4074; Offset=  0.0000; r2=  0.1537 
CHI2: 14.21055 
RMSD: 5.65453 
VIOLATIONS: 27 
Lagrange multipliers initialized from zero
Optimizing 44 data and 20100 samples. Theta=0.200000 
CHI2 before optimization:  18.4096 
Execution time: 1.52 seconds
Minimization using L-BFGS-B successful (iterations:152)
CHI2 after optimization:   2.9423 
Fraction of effective frames:   0.0006 
Lagrange multipliers initialized from zero
Optimizing 44 data and 20100 samples. Theta=0.297470 
CHI2 before optimization:  18.4096 
Execution time: 1.05 seconds
Minimization using L-BFGS-B successful (iterations:126)
CHI2 after optimization:   2.9425 
Fraction of effective frames:   0.0006 
Lagrange multipliers initialized from zero
Optimizing 44 data and 20100 samples. Theta=0.442443 
CHI2 before optimization:  18.4096 
Execution time: 0.68 seconds
Minimization using L-BFGS-B successful (iterations:103)
CHI2 after optimization:   2.9429 
Fraction of effective frames:   0.0006 
Lagrange multipliers initialized from zero
Optimizing 44 data and 20100 samples. Theta=0.658069 
CHI2 before optimization:  18.4096 
Execution time: 0.70 seconds
Minimization using L-BFGS-B successful (iterations:95)
CHI2 after optimization:   2.9436 
Fraction of effective frames:   0.0007 
Lagrange multipliers initialized from zero
Optimizing 44 data and 20100 samples. Theta=0.978780 
CHI2 before optimization:  18.4096 
Execution time: 0.52 seconds
Minimization using L-BFGS-B successful (iterations:70)
CHI2 after optimization:   2.9456 
Fraction of effective frames:   0.0007 
Lagrange multipliers initialized from zero
Optimizing 44 data and 20100 samples. Theta=1.455791 
CHI2 before optimization:  18.4096 
Execution time: 0.35 seconds
Minimization using L-BFGS-B successful (iterations:53)
CHI2 after optimization:   2.9497 
Fraction of effective frames:   0.0007 
Lagrange multipliers initialized from zero
Optimizing 44 data and 20100 samples. Theta=2.165273 
CHI2 before optimization:  18.4096 
Execution time: 0.30 seconds
Minimization using L-BFGS-B successful (iterations:45)
CHI2 after optimization:   2.9587 
Fraction of effective frames:   0.0008 
Lagrange multipliers initialized from zero
Optimizing 44 data and 20100 samples. Theta=3.220524 
CHI2 before optimization:  18.4096 
Execution time: 0.23 seconds
Minimization using L-BFGS-B successful (iterations:35)
CHI2 after optimization:   2.9795 
Fraction of effective frames:   0.0010 
Lagrange multipliers initialized from zero
Optimizing 44 data and 20100 samples. Theta=4.790053 
CHI2 before optimization:  18.4096 
Execution time: 0.20 seconds
Minimization using L-BFGS-B successful (iterations:29)
CHI2 after optimization:   3.0315 
Fraction of effective frames:   0.0013 
Lagrange multipliers initialized from zero
Optimizing 44 data and 20100 samples. Theta=7.124496 
CHI2 before optimization:  18.4096 
Execution time: 0.17 seconds
Minimization using L-BFGS-B successful (iterations:24)
CHI2 after optimization:   3.1612 
Fraction of effective frames:   0.0021 
Lagrange multipliers initialized from zero
Optimizing 44 data and 20100 samples. Theta=10.596634 
CHI2 before optimization:  18.4096 
Execution time: 0.13 seconds
Minimization using L-BFGS-B successful (iterations:20)
CHI2 after optimization:   3.4454 
Fraction of effective frames:   0.0043 
Lagrange multipliers initialized from zero
Optimizing 44 data and 20100 samples. Theta=15.760926 
CHI2 before optimization:  18.4096 
Execution time: 0.10 seconds
Minimization using L-BFGS-B successful (iterations:15)
CHI2 after optimization:   3.9665 
Fraction of effective frames:   0.0104 
Lagrange multipliers initialized from zero
Optimizing 44 data and 20100 samples. Theta=23.442046 
CHI2 before optimization:  18.4096 
Execution time: 0.08 seconds
Minimization using L-BFGS-B successful (iterations:14)
CHI2 after optimization:   4.8139 
Fraction of effective frames:   0.0271 
Lagrange multipliers initialized from zero
Optimizing 44 data and 20100 samples. Theta=34.866576 
CHI2 before optimization:  18.4096 
Execution time: 0.08 seconds
Minimization using L-BFGS-B successful (iterations:12)
CHI2 after optimization:   6.0509 
Fraction of effective frames:   0.0700 
Lagrange multipliers initialized from zero
Optimizing 44 data and 20100 samples. Theta=51.858876 
CHI2 before optimization:  18.4096 
Execution time: 0.08 seconds
Minimization using L-BFGS-B successful (iterations:11)
CHI2 after optimization:   7.6801 
Fraction of effective frames:   0.1624 
Lagrange multipliers initialized from zero
Optimizing 44 data and 20100 samples. Theta=77.132408 
CHI2 before optimization:  18.4096 
Execution time: 0.08 seconds
Minimization using L-BFGS-B successful (iterations:10)
CHI2 after optimization:   9.6673 
Fraction of effective frames:   0.3244 
Lagrange multipliers initialized from zero
Optimizing 44 data and 20100 samples. Theta=114.723050 
CHI2 before optimization:  18.4096 
Execution time: 0.08 seconds
Minimization using L-BFGS-B successful (iterations:11)
CHI2 after optimization:  11.8450 
Fraction of effective frames:   0.5415 
Lagrange multipliers initialized from zero
Optimizing 44 data and 20100 samples. Theta=170.633570 
CHI2 before optimization:  18.4096 
Execution time: 0.08 seconds
Minimization using L-BFGS-B successful (iterations:11)
CHI2 after optimization:  13.8302 
Fraction of effective frames:   0.7429 
Lagrange multipliers initialized from zero
Optimizing 44 data and 20100 samples. Theta=253.792201 
CHI2 before optimization:  18.4096 
Execution time: 0.08 seconds
Minimization using L-BFGS-B successful (iterations:11)
CHI2 after optimization:  15.3361 
Fraction of effective frames:   0.8736 
Lagrange multipliers initialized from zero
Optimizing 44 data and 20100 samples. Theta=377.478364 
CHI2 before optimization:  18.4096 
Execution time: 0.07 seconds
Minimization using L-BFGS-B successful (iterations:10)
CHI2 after optimization:  16.3686 
Fraction of effective frames:   0.9415 
Lagrange multipliers initialized from zero
Optimizing 44 data and 20100 samples. Theta=561.443241 
CHI2 before optimization:  18.4096 
Execution time: 0.07 seconds
Minimization using L-BFGS-B successful (iterations:10)
CHI2 after optimization:  17.0538 
Fraction of effective frames:   0.9735 
Lagrange multipliers initialized from zero
Optimizing 44 data and 20100 samples. Theta=835.063787 
CHI2 before optimization:  18.4096 
Execution time: 0.07 seconds
Minimization using L-BFGS-B successful (iterations:9)
CHI2 after optimization:  17.5065 
Fraction of effective frames:   0.9881 
Lagrange multipliers initialized from zero
Optimizing 44 data and 20100 samples. Theta=1242.033884 
CHI2 before optimization:  18.4096 
Execution time: 0.07 seconds
Minimization using L-BFGS-B successful (iterations:9)
CHI2 after optimization:  17.8064 
Fraction of effective frames:   0.9946 
Lagrange multipliers initialized from zero
Optimizing 44 data and 20100 samples. Theta=1847.341714 
CHI2 before optimization:  18.4096 
Execution time: 0.06 seconds
Minimization using L-BFGS-B successful (iterations:8)
CHI2 after optimization:  18.0060 
Fraction of effective frames:   0.9976 
Lagrange multipliers initialized from zero
Optimizing 44 data and 20100 samples. Theta=2747.647592 
CHI2 before optimization:  18.4096 
Execution time: 0.07 seconds
Minimization using L-BFGS-B successful (iterations:8)
CHI2 after optimization:  18.1391 
Fraction of effective frames:   0.9989 
Lagrange multipliers initialized from zero
Optimizing 44 data and 20100 samples. Theta=4086.719436 
CHI2 before optimization:  18.4096 
Execution time: 0.05 seconds
Minimization using L-BFGS-B successful (iterations:7)
CHI2 after optimization:  18.2281 
Fraction of effective frames:   0.9995 
Lagrange multipliers initialized from zero
Optimizing 44 data and 20100 samples. Theta=6078.390765 
CHI2 before optimization:  18.4096 
Execution time: 0.05 seconds
Minimization using L-BFGS-B successful (iterations:7)
CHI2 after optimization:  18.2877 
Fraction of effective frames:   0.9998 
Lagrange multipliers initialized from zero
Optimizing 44 data and 20100 samples. Theta=9040.707313 
CHI2 before optimization:  18.4096 
Execution time: 0.05 seconds
Minimization using L-BFGS-B successful (iterations:6)
CHI2 after optimization:  18.3277 
Fraction of effective frames:   0.9999 
Lagrange multipliers initialized from zero
Optimizing 44 data and 20100 samples. Theta=13446.715073 
CHI2 before optimization:  18.4096 
Execution time: 0.05 seconds
Minimization using L-BFGS-B successful (iterations:6)
CHI2 after optimization:  18.3546 
Fraction of effective frames:   1.0000 
Lagrange multipliers initialized from zero
Optimizing 44 data and 20100 samples. Theta=20000.000000 
CHI2 before optimization:  18.4096 
Execution time: 0.05 seconds
Minimization using L-BFGS-B successful (iterations:5)
CHI2 after optimization:  18.3726 
Fraction of effective frames:   1.0000 
