# Reading JCOUPLINGS data 
# Reading 8 experimental data from bme_reweight/exp_ccr_HCP_loop_bme.dat 
# Reading 20100 calculated samples from bme_reweight/calc_ccr_HCP_loop_bme.dat 
# Using linear averaging 
Initialized uniform weights 20100
# Using no scaling 
CHI2: 37.30535 
RMSD: 9.16172 
VIOLATIONS: 1 
# Reading NOE data 
# Reading 135 experimental data from bme_reweight/exp_noe_loop_bme.dat 
# Reading 20100 calculated samples from bme_reweight/calc_noe_loop_bme.dat 
# Using power_6 averaging 
# Using no scaling 
CHI2: 0.11492 
RMSD: 0.00183 
VIOLATIONS: 0 
Lagrange multipliers initialized from zero
Optimizing 143 data and 20100 samples. Theta=0.200000 
CHI2 before optimization:   2.1955 
Execution time: 1.10 seconds
Minimization using L-BFGS-B successful (iterations:51)
CHI2 after optimization:   0.0573 
Fraction of effective frames:   0.0014 
Lagrange multipliers initialized from zero
Optimizing 143 data and 20100 samples. Theta=0.297470 
CHI2 before optimization:   2.1955 
Execution time: 0.88 seconds
Minimization using L-BFGS-B successful (iterations:45)
CHI2 after optimization:   0.0583 
Fraction of effective frames:   0.0019 
Lagrange multipliers initialized from zero
Optimizing 143 data and 20100 samples. Theta=0.442443 
CHI2 before optimization:   2.1955 
Execution time: 0.62 seconds
Minimization using L-BFGS-B successful (iterations:32)
CHI2 after optimization:   0.0603 
Fraction of effective frames:   0.0028 
Lagrange multipliers initialized from zero
Optimizing 143 data and 20100 samples. Theta=0.658069 
CHI2 before optimization:   2.1955 
Execution time: 0.50 seconds
Minimization using L-BFGS-B successful (iterations:26)
CHI2 after optimization:   0.0638 
Fraction of effective frames:   0.0044 
Lagrange multipliers initialized from zero
Optimizing 143 data and 20100 samples. Theta=0.978780 
CHI2 before optimization:   2.1955 
Execution time: 0.38 seconds
Minimization using L-BFGS-B successful (iterations:21)
CHI2 after optimization:   0.0686 
Fraction of effective frames:   0.0068 
Lagrange multipliers initialized from zero
Optimizing 143 data and 20100 samples. Theta=1.455791 
CHI2 before optimization:   2.1955 
Execution time: 0.38 seconds
Minimization using L-BFGS-B successful (iterations:20)
CHI2 after optimization:   0.0752 
Fraction of effective frames:   0.0101 
Lagrange multipliers initialized from zero
Optimizing 143 data and 20100 samples. Theta=2.165273 
CHI2 before optimization:   2.1955 
Execution time: 0.36 seconds
Minimization using L-BFGS-B successful (iterations:18)
CHI2 after optimization:   0.0847 
Fraction of effective frames:   0.0148 
Lagrange multipliers initialized from zero
Optimizing 143 data and 20100 samples. Theta=3.220524 
CHI2 before optimization:   2.1955 
Execution time: 0.30 seconds
Minimization using L-BFGS-B successful (iterations:16)
CHI2 after optimization:   0.0984 
Fraction of effective frames:   0.0214 
Lagrange multipliers initialized from zero
Optimizing 143 data and 20100 samples. Theta=4.790053 
CHI2 before optimization:   2.1955 
Execution time: 0.32 seconds
Minimization using L-BFGS-B successful (iterations:16)
CHI2 after optimization:   0.1193 
Fraction of effective frames:   0.0312 
Lagrange multipliers initialized from zero
Optimizing 143 data and 20100 samples. Theta=7.124496 
CHI2 before optimization:   2.1955 
Execution time: 0.29 seconds
Minimization using L-BFGS-B successful (iterations:15)
CHI2 after optimization:   0.1529 
Fraction of effective frames:   0.0469 
Lagrange multipliers initialized from zero
Optimizing 143 data and 20100 samples. Theta=10.596634 
CHI2 before optimization:   2.1955 
Execution time: 0.30 seconds
Minimization using L-BFGS-B successful (iterations:14)
CHI2 after optimization:   0.2083 
Fraction of effective frames:   0.0736 
Lagrange multipliers initialized from zero
Optimizing 143 data and 20100 samples. Theta=15.760926 
CHI2 before optimization:   2.1955 
Execution time: 0.32 seconds
Minimization using L-BFGS-B successful (iterations:15)
CHI2 after optimization:   0.2969 
Fraction of effective frames:   0.1197 
Lagrange multipliers initialized from zero
Optimizing 143 data and 20100 samples. Theta=23.442046 
CHI2 before optimization:   2.1955 
Execution time: 0.38 seconds
Minimization using L-BFGS-B successful (iterations:17)
CHI2 after optimization:   0.4281 
Fraction of effective frames:   0.1945 
Lagrange multipliers initialized from zero
Optimizing 143 data and 20100 samples. Theta=34.866576 
CHI2 before optimization:   2.1955 
Execution time: 0.36 seconds
Minimization using L-BFGS-B successful (iterations:17)
CHI2 after optimization:   0.6104 
Fraction of effective frames:   0.3063 
Lagrange multipliers initialized from zero
Optimizing 143 data and 20100 samples. Theta=51.858876 
CHI2 before optimization:   2.1955 
Execution time: 0.38 seconds
Minimization using L-BFGS-B successful (iterations:17)
CHI2 after optimization:   0.8522 
Fraction of effective frames:   0.4595 
Lagrange multipliers initialized from zero
Optimizing 143 data and 20100 samples. Theta=77.132408 
CHI2 before optimization:   2.1955 
Execution time: 0.50 seconds
Minimization using L-BFGS-B successful (iterations:20)
CHI2 after optimization:   1.1390 
Fraction of effective frames:   0.6363 
Lagrange multipliers initialized from zero
Optimizing 143 data and 20100 samples. Theta=114.723050 
CHI2 before optimization:   2.1955 
Execution time: 0.50 seconds
Minimization using L-BFGS-B successful (iterations:21)
CHI2 after optimization:   1.4219 
Fraction of effective frames:   0.7907 
Lagrange multipliers initialized from zero
Optimizing 143 data and 20100 samples. Theta=170.633570 
CHI2 before optimization:   2.1955 
Execution time: 0.49 seconds
Minimization using L-BFGS-B successful (iterations:22)
CHI2 after optimization:   1.6570 
Fraction of effective frames:   0.8932 
Lagrange multipliers initialized from zero
Optimizing 143 data and 20100 samples. Theta=253.792201 
CHI2 before optimization:   2.1955 
Execution time: 0.49 seconds
Minimization using L-BFGS-B successful (iterations:21)
CHI2 after optimization:   1.8315 
Fraction of effective frames:   0.9495 
Lagrange multipliers initialized from zero
Optimizing 143 data and 20100 samples. Theta=377.478364 
CHI2 before optimization:   2.1955 
Execution time: 0.43 seconds
Minimization using L-BFGS-B successful (iterations:21)
CHI2 after optimization:   1.9525 
Fraction of effective frames:   0.9770 
Lagrange multipliers initialized from zero
Optimizing 143 data and 20100 samples. Theta=561.443241 
CHI2 before optimization:   2.1955 
Execution time: 0.46 seconds
Minimization using L-BFGS-B successful (iterations:21)
CHI2 after optimization:   2.0337 
Fraction of effective frames:   0.9897 
Lagrange multipliers initialized from zero
Optimizing 143 data and 20100 samples. Theta=835.063787 
CHI2 before optimization:   2.1955 
Execution time: 0.42 seconds
Minimization using L-BFGS-B successful (iterations:19)
CHI2 after optimization:   2.0876 
Fraction of effective frames:   0.9954 
Lagrange multipliers initialized from zero
Optimizing 143 data and 20100 samples. Theta=1242.033884 
CHI2 before optimization:   2.1955 
Execution time: 0.40 seconds
Minimization using L-BFGS-B successful (iterations:18)
CHI2 after optimization:   2.1235 
Fraction of effective frames:   0.9979 
Lagrange multipliers initialized from zero
Optimizing 143 data and 20100 samples. Theta=1847.341714 
CHI2 before optimization:   2.1955 
Execution time: 0.39 seconds
Minimization using L-BFGS-B successful (iterations:17)
CHI2 after optimization:   2.1474 
Fraction of effective frames:   0.9991 
Lagrange multipliers initialized from zero
Optimizing 143 data and 20100 samples. Theta=2747.647592 
CHI2 before optimization:   2.1955 
Execution time: 0.34 seconds
Minimization using L-BFGS-B successful (iterations:15)
CHI2 after optimization:   2.1633 
Fraction of effective frames:   0.9996 
Lagrange multipliers initialized from zero
Optimizing 143 data and 20100 samples. Theta=4086.719436 
CHI2 before optimization:   2.1955 
Execution time: 0.34 seconds
Minimization using L-BFGS-B successful (iterations:15)
CHI2 after optimization:   2.1739 
Fraction of effective frames:   0.9998 
Lagrange multipliers initialized from zero
Optimizing 143 data and 20100 samples. Theta=6078.390765 
CHI2 before optimization:   2.1955 
Execution time: 0.28 seconds
Minimization using L-BFGS-B successful (iterations:13)
CHI2 after optimization:   2.1810 
Fraction of effective frames:   0.9999 
Lagrange multipliers initialized from zero
Optimizing 143 data and 20100 samples. Theta=9040.707313 
CHI2 before optimization:   2.1955 
Execution time: 0.26 seconds
Minimization using L-BFGS-B successful (iterations:11)
CHI2 after optimization:   2.1857 
Fraction of effective frames:   1.0000 
Lagrange multipliers initialized from zero
Optimizing 143 data and 20100 samples. Theta=13446.715073 
CHI2 before optimization:   2.1955 
Execution time: 0.23 seconds
Minimization using L-BFGS-B successful (iterations:10)
CHI2 after optimization:   2.1890 
Fraction of effective frames:   1.0000 
Lagrange multipliers initialized from zero
Optimizing 143 data and 20100 samples. Theta=20000.000000 
CHI2 before optimization:   2.1955 
Execution time: 0.21 seconds
Minimization using L-BFGS-B successful (iterations:9)
CHI2 after optimization:   2.1912 
Fraction of effective frames:   1.0000 
