# Reading NOE data 
# Reading 135 experimental data from bme_reweight/exp_noe_loop_bme.dat 
# Reading 20100 calculated samples from bme_reweight/calc_noe_loop_bme.dat 
# Using power_6 averaging 
Initialized uniform weights 20100
# Using no scaling 
CHI2: 0.11492 
RMSD: 0.00183 
VIOLATIONS: 0 
# Reading RDC data 
# Reading 36 experimental data from bme_reweight/exp_rdc_bme.dat 
# Reading 20100 calculated samples from bme_reweight/calc_rdc_bme.dat 
# Using linear averaging 
# Slope= -0.4074; Offset=  0.0000; r2=  0.1537 
CHI2: 14.21055 
RMSD: 5.65453 
VIOLATIONS: 27 
Lagrange multipliers initialized from zero
Optimizing 171 data and 20100 samples. Theta=0.200000 
CHI2 before optimization:   3.0824 
Execution time: 4.52 seconds
Minimization using L-BFGS-B successful (iterations:166)
CHI2 after optimization:   0.4295 
Fraction of effective frames:   0.0007 
Lagrange multipliers initialized from zero
Optimizing 171 data and 20100 samples. Theta=0.297470 
CHI2 before optimization:   3.0824 
Execution time: 4.82 seconds
Minimization using L-BFGS-B successful (iterations:135)
CHI2 after optimization:   0.4295 
Fraction of effective frames:   0.0007 
Lagrange multipliers initialized from zero
Optimizing 171 data and 20100 samples. Theta=0.442443 
CHI2 before optimization:   3.0824 
Execution time: 2.64 seconds
Minimization using L-BFGS-B successful (iterations:109)
CHI2 after optimization:   0.4296 
Fraction of effective frames:   0.0008 
Lagrange multipliers initialized from zero
Optimizing 171 data and 20100 samples. Theta=0.658069 
CHI2 before optimization:   3.0824 
Execution time: 2.02 seconds
Minimization using L-BFGS-B successful (iterations:88)
CHI2 after optimization:   0.4299 
Fraction of effective frames:   0.0008 
Lagrange multipliers initialized from zero
Optimizing 171 data and 20100 samples. Theta=0.978780 
CHI2 before optimization:   3.0824 
Execution time: 1.46 seconds
Minimization using L-BFGS-B successful (iterations:65)
CHI2 after optimization:   0.4305 
Fraction of effective frames:   0.0008 
Lagrange multipliers initialized from zero
Optimizing 171 data and 20100 samples. Theta=1.455791 
CHI2 before optimization:   3.0824 
Execution time: 1.22 seconds
Minimization using L-BFGS-B successful (iterations:55)
CHI2 after optimization:   0.4318 
Fraction of effective frames:   0.0009 
Lagrange multipliers initialized from zero
Optimizing 171 data and 20100 samples. Theta=2.165273 
CHI2 before optimization:   3.0824 
Execution time: 0.99 seconds
Minimization using L-BFGS-B successful (iterations:45)
CHI2 after optimization:   0.4349 
Fraction of effective frames:   0.0011 
Lagrange multipliers initialized from zero
Optimizing 171 data and 20100 samples. Theta=3.220524 
CHI2 before optimization:   3.0824 
Execution time: 0.81 seconds
Minimization using L-BFGS-B successful (iterations:37)
CHI2 after optimization:   0.4434 
Fraction of effective frames:   0.0014 
Lagrange multipliers initialized from zero
Optimizing 171 data and 20100 samples. Theta=4.790053 
CHI2 before optimization:   3.0824 
Execution time: 0.65 seconds
Minimization using L-BFGS-B successful (iterations:29)
CHI2 after optimization:   0.4678 
Fraction of effective frames:   0.0023 
Lagrange multipliers initialized from zero
Optimizing 171 data and 20100 samples. Theta=7.124496 
CHI2 before optimization:   3.0824 
Execution time: 0.52 seconds
Minimization using L-BFGS-B successful (iterations:24)
CHI2 after optimization:   0.5224 
Fraction of effective frames:   0.0051 
Lagrange multipliers initialized from zero
Optimizing 171 data and 20100 samples. Theta=10.596634 
CHI2 before optimization:   3.0824 
Execution time: 0.51 seconds
Minimization using L-BFGS-B successful (iterations:22)
CHI2 after optimization:   0.6151 
Fraction of effective frames:   0.0126 
Lagrange multipliers initialized from zero
Optimizing 171 data and 20100 samples. Theta=15.760926 
CHI2 before optimization:   3.0824 
Execution time: 0.50 seconds
Minimization using L-BFGS-B successful (iterations:22)
CHI2 after optimization:   0.7534 
Fraction of effective frames:   0.0314 
Lagrange multipliers initialized from zero
Optimizing 171 data and 20100 samples. Theta=23.442046 
CHI2 before optimization:   3.0824 
Execution time: 0.45 seconds
Minimization using L-BFGS-B successful (iterations:19)
CHI2 after optimization:   0.9482 
Fraction of effective frames:   0.0743 
Lagrange multipliers initialized from zero
Optimizing 171 data and 20100 samples. Theta=34.866576 
CHI2 before optimization:   3.0824 
Execution time: 0.45 seconds
Minimization using L-BFGS-B successful (iterations:18)
CHI2 after optimization:   1.2086 
Fraction of effective frames:   0.1617 
Lagrange multipliers initialized from zero
Optimizing 171 data and 20100 samples. Theta=51.858876 
CHI2 before optimization:   3.0824 
Execution time: 0.38 seconds
Minimization using L-BFGS-B successful (iterations:16)
CHI2 after optimization:   1.5401 
Fraction of effective frames:   0.3147 
Lagrange multipliers initialized from zero
Optimizing 171 data and 20100 samples. Theta=77.132408 
CHI2 before optimization:   3.0824 
Execution time: 0.41 seconds
Minimization using L-BFGS-B successful (iterations:17)
CHI2 after optimization:   1.9279 
Fraction of effective frames:   0.5327 
Lagrange multipliers initialized from zero
Optimizing 171 data and 20100 samples. Theta=114.723050 
CHI2 before optimization:   3.0824 
Execution time: 0.46 seconds
Minimization using L-BFGS-B successful (iterations:19)
CHI2 after optimization:   2.2908 
Fraction of effective frames:   0.7442 
Lagrange multipliers initialized from zero
Optimizing 171 data and 20100 samples. Theta=170.633570 
CHI2 before optimization:   3.0824 
Execution time: 0.46 seconds
Minimization using L-BFGS-B successful (iterations:19)
CHI2 after optimization:   2.5532 
Fraction of effective frames:   0.8764 
Lagrange multipliers initialized from zero
Optimizing 171 data and 20100 samples. Theta=253.792201 
CHI2 before optimization:   3.0824 
Execution time: 0.46 seconds
Minimization using L-BFGS-B successful (iterations:18)
CHI2 after optimization:   2.7259 
Fraction of effective frames:   0.9423 
Lagrange multipliers initialized from zero
Optimizing 171 data and 20100 samples. Theta=377.478364 
CHI2 before optimization:   3.0824 
Execution time: 0.46 seconds
Minimization using L-BFGS-B successful (iterations:18)
CHI2 after optimization:   2.8409 
Fraction of effective frames:   0.9733 
Lagrange multipliers initialized from zero
Optimizing 171 data and 20100 samples. Theta=561.443241 
CHI2 before optimization:   3.0824 
Execution time: 0.41 seconds
Minimization using L-BFGS-B successful (iterations:17)
CHI2 after optimization:   2.9187 
Fraction of effective frames:   0.9877 
Lagrange multipliers initialized from zero
Optimizing 171 data and 20100 samples. Theta=835.063787 
CHI2 before optimization:   3.0824 
Execution time: 0.40 seconds
Minimization using L-BFGS-B successful (iterations:16)
CHI2 after optimization:   2.9715 
Fraction of effective frames:   0.9944 
Lagrange multipliers initialized from zero
Optimizing 171 data and 20100 samples. Theta=1242.033884 
CHI2 before optimization:   3.0824 
Execution time: 0.42 seconds
Minimization using L-BFGS-B successful (iterations:16)
CHI2 after optimization:   3.0074 
Fraction of effective frames:   0.9974 
Lagrange multipliers initialized from zero
Optimizing 171 data and 20100 samples. Theta=1847.341714 
CHI2 before optimization:   3.0824 
Execution time: 0.39 seconds
Minimization using L-BFGS-B successful (iterations:15)
CHI2 after optimization:   3.0318 
Fraction of effective frames:   0.9988 
Lagrange multipliers initialized from zero
Optimizing 171 data and 20100 samples. Theta=2747.647592 
CHI2 before optimization:   3.0824 
Execution time: 0.35 seconds
Minimization using L-BFGS-B successful (iterations:13)
CHI2 after optimization:   3.0483 
Fraction of effective frames:   0.9995 
Lagrange multipliers initialized from zero
Optimizing 171 data and 20100 samples. Theta=4086.719436 
CHI2 before optimization:   3.0824 
Execution time: 0.34 seconds
Minimization using L-BFGS-B successful (iterations:12)
CHI2 after optimization:   3.0594 
Fraction of effective frames:   0.9998 
Lagrange multipliers initialized from zero
Optimizing 171 data and 20100 samples. Theta=6078.390765 
CHI2 before optimization:   3.0824 
Execution time: 0.32 seconds
Minimization using L-BFGS-B successful (iterations:11)
CHI2 after optimization:   3.0670 
Fraction of effective frames:   0.9999 
Lagrange multipliers initialized from zero
Optimizing 171 data and 20100 samples. Theta=9040.707313 
CHI2 before optimization:   3.0824 
Execution time: 0.29 seconds
Minimization using L-BFGS-B successful (iterations:10)
CHI2 after optimization:   3.0721 
Fraction of effective frames:   1.0000 
Lagrange multipliers initialized from zero
Optimizing 171 data and 20100 samples. Theta=13446.715073 
CHI2 before optimization:   3.0824 
Execution time: 0.21 seconds
Minimization using L-BFGS-B successful (iterations:8)
CHI2 after optimization:   3.0755 
Fraction of effective frames:   1.0000 
Lagrange multipliers initialized from zero
Optimizing 171 data and 20100 samples. Theta=20000.000000 
CHI2 before optimization:   3.0824 
Execution time: 0.22 seconds
Minimization using L-BFGS-B successful (iterations:8)
CHI2 after optimization:   3.0778 
Fraction of effective frames:   1.0000 
