# Reading RDC data 
# Reading 36 experimental data from bme_reweight/exp_rdc_bme.dat 
# Reading 20100 calculated samples from bme_reweight/calc_rdc_bme.dat 
# Using linear averaging 
Initialized uniform weights 20100
# Slope= -0.4074; Offset=  0.0000; r2=  0.1537 
CHI2: 14.21055 
RMSD: 5.65453 
VIOLATIONS: 27 
# Reading JCOUPLINGS data 
# Reading 36 experimental data from bme_reweight/exp_j3_bme.dat 
# Reading 20100 calculated samples from bme_reweight/calc_j3_bme.dat 
# Using linear averaging 
# Using no scaling 
CHI2: 14.53195 
RMSD: 3.00327 
VIOLATIONS: 8 
Lagrange multipliers initialized from zero
Optimizing 72 data and 20100 samples. Theta=0.200000 
CHI2 before optimization:  14.3713 
Execution time: 2.77 seconds
Minimization using L-BFGS-B successful (iterations:192)
CHI2 after optimization:   2.8996 
Fraction of effective frames:   0.0008 
Lagrange multipliers initialized from zero
Optimizing 72 data and 20100 samples. Theta=0.297470 
CHI2 before optimization:  14.3713 
Execution time: 1.71 seconds
Minimization using L-BFGS-B successful (iterations:155)
CHI2 after optimization:   2.8997 
Fraction of effective frames:   0.0008 
Lagrange multipliers initialized from zero
Optimizing 72 data and 20100 samples. Theta=0.442443 
CHI2 before optimization:  14.3713 
Execution time: 1.43 seconds
Minimization using L-BFGS-B successful (iterations:127)
CHI2 after optimization:   2.9000 
Fraction of effective frames:   0.0008 
Lagrange multipliers initialized from zero
Optimizing 72 data and 20100 samples. Theta=0.658069 
CHI2 before optimization:  14.3713 
Execution time: 1.08 seconds
Minimization using L-BFGS-B successful (iterations:106)
CHI2 after optimization:   2.9005 
Fraction of effective frames:   0.0008 
Lagrange multipliers initialized from zero
Optimizing 72 data and 20100 samples. Theta=0.978780 
CHI2 before optimization:  14.3713 
Execution time: 0.76 seconds
Minimization using L-BFGS-B successful (iterations:78)
CHI2 after optimization:   2.9015 
Fraction of effective frames:   0.0009 
Lagrange multipliers initialized from zero
Optimizing 72 data and 20100 samples. Theta=1.455791 
CHI2 before optimization:  14.3713 
Execution time: 0.66 seconds
Minimization using L-BFGS-B successful (iterations:65)
CHI2 after optimization:   2.9040 
Fraction of effective frames:   0.0009 
Lagrange multipliers initialized from zero
Optimizing 72 data and 20100 samples. Theta=2.165273 
CHI2 before optimization:  14.3713 
Execution time: 0.54 seconds
Minimization using L-BFGS-B successful (iterations:53)
CHI2 after optimization:   2.9092 
Fraction of effective frames:   0.0010 
Lagrange multipliers initialized from zero
Optimizing 72 data and 20100 samples. Theta=3.220524 
CHI2 before optimization:  14.3713 
Execution time: 0.41 seconds
Minimization using L-BFGS-B successful (iterations:41)
CHI2 after optimization:   2.9204 
Fraction of effective frames:   0.0012 
Lagrange multipliers initialized from zero
Optimizing 72 data and 20100 samples. Theta=4.790053 
CHI2 before optimization:  14.3713 
Execution time: 0.35 seconds
Minimization using L-BFGS-B successful (iterations:35)
CHI2 after optimization:   2.9456 
Fraction of effective frames:   0.0015 
Lagrange multipliers initialized from zero
Optimizing 72 data and 20100 samples. Theta=7.124496 
CHI2 before optimization:  14.3713 
Execution time: 0.30 seconds
Minimization using L-BFGS-B successful (iterations:29)
CHI2 after optimization:   3.0052 
Fraction of effective frames:   0.0021 
Lagrange multipliers initialized from zero
Optimizing 72 data and 20100 samples. Theta=10.596634 
CHI2 before optimization:  14.3713 
Execution time: 0.22 seconds
Minimization using L-BFGS-B successful (iterations:23)
CHI2 after optimization:   3.1546 
Fraction of effective frames:   0.0039 
Lagrange multipliers initialized from zero
Optimizing 72 data and 20100 samples. Theta=15.760926 
CHI2 before optimization:  14.3713 
Execution time: 0.17 seconds
Minimization using L-BFGS-B successful (iterations:18)
CHI2 after optimization:   3.4825 
Fraction of effective frames:   0.0096 
Lagrange multipliers initialized from zero
Optimizing 72 data and 20100 samples. Theta=23.442046 
CHI2 before optimization:  14.3713 
Execution time: 0.16 seconds
Minimization using L-BFGS-B successful (iterations:16)
CHI2 after optimization:   4.0205 
Fraction of effective frames:   0.0261 
Lagrange multipliers initialized from zero
Optimizing 72 data and 20100 samples. Theta=34.866576 
CHI2 before optimization:  14.3713 
Execution time: 0.17 seconds
Minimization using L-BFGS-B successful (iterations:16)
CHI2 after optimization:   4.7466 
Fraction of effective frames:   0.0651 
Lagrange multipliers initialized from zero
Optimizing 72 data and 20100 samples. Theta=51.858876 
CHI2 before optimization:  14.3713 
Execution time: 0.13 seconds
Minimization using L-BFGS-B successful (iterations:12)
CHI2 after optimization:   5.6453 
Fraction of effective frames:   0.1393 
Lagrange multipliers initialized from zero
Optimizing 72 data and 20100 samples. Theta=77.132408 
CHI2 before optimization:  14.3713 
Execution time: 0.15 seconds
Minimization using L-BFGS-B successful (iterations:14)
CHI2 after optimization:   6.7320 
Fraction of effective frames:   0.2587 
Lagrange multipliers initialized from zero
Optimizing 72 data and 20100 samples. Theta=114.723050 
CHI2 before optimization:  14.3713 
Execution time: 0.15 seconds
Minimization using L-BFGS-B successful (iterations:13)
CHI2 after optimization:   8.0131 
Fraction of effective frames:   0.4227 
Lagrange multipliers initialized from zero
Optimizing 72 data and 20100 samples. Theta=170.633570 
CHI2 before optimization:  14.3713 
Execution time: 0.17 seconds
Minimization using L-BFGS-B successful (iterations:12)
CHI2 after optimization:   9.4192 
Fraction of effective frames:   0.6081 
Lagrange multipliers initialized from zero
Optimizing 72 data and 20100 samples. Theta=253.792201 
CHI2 before optimization:  14.3713 
Execution time: 0.19 seconds
Minimization using L-BFGS-B successful (iterations:12)
CHI2 after optimization:  10.8010 
Fraction of effective frames:   0.7741 
Lagrange multipliers initialized from zero
Optimizing 72 data and 20100 samples. Theta=377.478364 
CHI2 before optimization:  14.3713 
Execution time: 0.18 seconds
Minimization using L-BFGS-B successful (iterations:12)
CHI2 after optimization:  11.9611 
Fraction of effective frames:   0.8877 
Lagrange multipliers initialized from zero
Optimizing 72 data and 20100 samples. Theta=561.443241 
CHI2 before optimization:  14.3713 
Execution time: 0.21 seconds
Minimization using L-BFGS-B successful (iterations:12)
CHI2 after optimization:  12.7983 
Fraction of effective frames:   0.9490 
Lagrange multipliers initialized from zero
Optimizing 72 data and 20100 samples. Theta=835.063787 
CHI2 before optimization:  14.3713 
Execution time: 0.18 seconds
Minimization using L-BFGS-B successful (iterations:12)
CHI2 after optimization:  13.3516 
Fraction of effective frames:   0.9776 
Lagrange multipliers initialized from zero
Optimizing 72 data and 20100 samples. Theta=1242.033884 
CHI2 before optimization:  14.3713 
Execution time: 0.18 seconds
Minimization using L-BFGS-B successful (iterations:11)
CHI2 after optimization:  13.7067 
Fraction of effective frames:   0.9902 
Lagrange multipliers initialized from zero
Optimizing 72 data and 20100 samples. Theta=1847.341714 
CHI2 before optimization:  14.3713 
Execution time: 0.18 seconds
Minimization using L-BFGS-B successful (iterations:11)
CHI2 after optimization:  13.9349 
Fraction of effective frames:   0.9957 
Lagrange multipliers initialized from zero
Optimizing 72 data and 20100 samples. Theta=2747.647592 
CHI2 before optimization:  14.3713 
Execution time: 0.15 seconds
Minimization using L-BFGS-B successful (iterations:10)
CHI2 after optimization:  14.0828 
Fraction of effective frames:   0.9981 
Lagrange multipliers initialized from zero
Optimizing 72 data and 20100 samples. Theta=4086.719436 
CHI2 before optimization:  14.3713 
Execution time: 0.14 seconds
Minimization using L-BFGS-B successful (iterations:10)
CHI2 after optimization:  14.1796 
Fraction of effective frames:   0.9991 
Lagrange multipliers initialized from zero
Optimizing 72 data and 20100 samples. Theta=6078.390765 
CHI2 before optimization:  14.3713 
Execution time: 0.16 seconds
Minimization using L-BFGS-B successful (iterations:9)
CHI2 after optimization:  14.2435 
Fraction of effective frames:   0.9996 
Lagrange multipliers initialized from zero
Optimizing 72 data and 20100 samples. Theta=9040.707313 
CHI2 before optimization:  14.3713 
Execution time: 0.16 seconds
Minimization using L-BFGS-B successful (iterations:9)
CHI2 after optimization:  14.2858 
Fraction of effective frames:   0.9998 
Lagrange multipliers initialized from zero
Optimizing 72 data and 20100 samples. Theta=13446.715073 
CHI2 before optimization:  14.3713 
Execution time: 0.15 seconds
Minimization using L-BFGS-B successful (iterations:8)
CHI2 after optimization:  14.3139 
Fraction of effective frames:   0.9999 
Lagrange multipliers initialized from zero
Optimizing 72 data and 20100 samples. Theta=20000.000000 
CHI2 before optimization:  14.3713 
Execution time: 0.14 seconds
Minimization using L-BFGS-B successful (iterations:8)
CHI2 after optimization:  14.3328 
Fraction of effective frames:   1.0000 
