# Reading JCOUPLINGS data 
# Reading 23 experimental data from bme_reweight/exp_ccr_loop_bme.dat 
# Reading 20100 calculated samples from bme_reweight/calc_ccr_loop_bme.dat 
# Using linear averaging 
Initialized uniform weights 20100
# Using no scaling 
CHI2: 19.52874 
RMSD: 6.62870 
VIOLATIONS: 6 
# Reading RDC data 
# Reading 37 experimental data from bme_reweight/exp_rdc_bme.dat 
# Reading 20100 calculated samples from bme_reweight/calc_rdc_bme.dat 
# Using linear averaging 
# Slope=  0.5969; Offset=  0.0000; r2=  0.6765 
CHI2: 7.19782 
RMSD: 4.02431 
VIOLATIONS: 8 
# Reading JCOUPLINGS data 
# Reading 36 experimental data from bme_reweight/exp_j3_bme.dat 
# Reading 20100 calculated samples from bme_reweight/calc_j3_bme.dat 
# Using linear averaging 
# Using no scaling 
CHI2: 2.89795 
RMSD: 2.55351 
VIOLATIONS: 18 
Lagrange multipliers initialized from zero
Optimizing 96 data and 20100 samples. Theta=0.200000 
CHI2 before optimization:   8.5397 
Execution time: 4.95 seconds
Minimization using L-BFGS-B successful (iterations:266)
CHI2 after optimization:   1.9542 
Fraction of effective frames:   0.0010 
Lagrange multipliers initialized from zero
Optimizing 96 data and 20100 samples. Theta=0.297470 
CHI2 before optimization:   8.5397 
Execution time: 3.50 seconds
Minimization using L-BFGS-B successful (iterations:221)
CHI2 after optimization:   1.9542 
Fraction of effective frames:   0.0010 
Lagrange multipliers initialized from zero
Optimizing 96 data and 20100 samples. Theta=0.442443 
CHI2 before optimization:   8.5397 
Execution time: 3.26 seconds
Minimization using L-BFGS-B successful (iterations:175)
CHI2 after optimization:   1.9544 
Fraction of effective frames:   0.0011 
Lagrange multipliers initialized from zero
Optimizing 96 data and 20100 samples. Theta=0.658069 
CHI2 before optimization:   8.5397 
Execution time: 1.98 seconds
Minimization using L-BFGS-B successful (iterations:140)
CHI2 after optimization:   1.9549 
Fraction of effective frames:   0.0011 
Lagrange multipliers initialized from zero
Optimizing 96 data and 20100 samples. Theta=0.978780 
CHI2 before optimization:   8.5397 
Execution time: 1.52 seconds
Minimization using L-BFGS-B successful (iterations:114)
CHI2 after optimization:   1.9560 
Fraction of effective frames:   0.0012 
Lagrange multipliers initialized from zero
Optimizing 96 data and 20100 samples. Theta=1.455791 
CHI2 before optimization:   8.5397 
Execution time: 1.22 seconds
Minimization using L-BFGS-B successful (iterations:89)
CHI2 after optimization:   1.9583 
Fraction of effective frames:   0.0013 
Lagrange multipliers initialized from zero
Optimizing 96 data and 20100 samples. Theta=2.165273 
CHI2 before optimization:   8.5397 
Execution time: 0.90 seconds
Minimization using L-BFGS-B successful (iterations:67)
CHI2 after optimization:   1.9628 
Fraction of effective frames:   0.0014 
Lagrange multipliers initialized from zero
Optimizing 96 data and 20100 samples. Theta=3.220524 
CHI2 before optimization:   8.5397 
Execution time: 0.75 seconds
Minimization using L-BFGS-B successful (iterations:53)
CHI2 after optimization:   1.9725 
Fraction of effective frames:   0.0017 
Lagrange multipliers initialized from zero
Optimizing 96 data and 20100 samples. Theta=4.790053 
CHI2 before optimization:   8.5397 
Execution time: 0.61 seconds
Minimization using L-BFGS-B successful (iterations:42)
CHI2 after optimization:   1.9945 
Fraction of effective frames:   0.0022 
Lagrange multipliers initialized from zero
Optimizing 96 data and 20100 samples. Theta=7.124496 
CHI2 before optimization:   8.5397 
Execution time: 0.40 seconds
Minimization using L-BFGS-B successful (iterations:34)
CHI2 after optimization:   2.0495 
Fraction of effective frames:   0.0035 
Lagrange multipliers initialized from zero
Optimizing 96 data and 20100 samples. Theta=10.596634 
CHI2 before optimization:   8.5397 
Execution time: 0.33 seconds
Minimization using L-BFGS-B successful (iterations:27)
CHI2 after optimization:   2.1805 
Fraction of effective frames:   0.0070 
Lagrange multipliers initialized from zero
Optimizing 96 data and 20100 samples. Theta=15.760926 
CHI2 before optimization:   8.5397 
Execution time: 0.30 seconds
Minimization using L-BFGS-B successful (iterations:23)
CHI2 after optimization:   2.4292 
Fraction of effective frames:   0.0176 
Lagrange multipliers initialized from zero
Optimizing 96 data and 20100 samples. Theta=23.442046 
CHI2 before optimization:   8.5397 
Execution time: 0.28 seconds
Minimization using L-BFGS-B successful (iterations:23)
CHI2 after optimization:   2.8139 
Fraction of effective frames:   0.0457 
Lagrange multipliers initialized from zero
Optimizing 96 data and 20100 samples. Theta=34.866576 
CHI2 before optimization:   8.5397 
Execution time: 0.30 seconds
Minimization using L-BFGS-B successful (iterations:22)
CHI2 after optimization:   3.3497 
Fraction of effective frames:   0.1120 
Lagrange multipliers initialized from zero
Optimizing 96 data and 20100 samples. Theta=51.858876 
CHI2 before optimization:   8.5397 
Execution time: 0.27 seconds
Minimization using L-BFGS-B successful (iterations:20)
CHI2 after optimization:   4.0212 
Fraction of effective frames:   0.2392 
Lagrange multipliers initialized from zero
Optimizing 96 data and 20100 samples. Theta=77.132408 
CHI2 before optimization:   8.5397 
Execution time: 0.28 seconds
Minimization using L-BFGS-B successful (iterations:21)
CHI2 after optimization:   4.7512 
Fraction of effective frames:   0.4177 
Lagrange multipliers initialized from zero
Optimizing 96 data and 20100 samples. Theta=114.723050 
CHI2 before optimization:   8.5397 
Execution time: 0.28 seconds
Minimization using L-BFGS-B successful (iterations:21)
CHI2 after optimization:   5.4547 
Fraction of effective frames:   0.6000 
Lagrange multipliers initialized from zero
Optimizing 96 data and 20100 samples. Theta=170.633570 
CHI2 before optimization:   8.5397 
Execution time: 0.28 seconds
Minimization using L-BFGS-B successful (iterations:20)
CHI2 after optimization:   6.0958 
Fraction of effective frames:   0.7493 
Lagrange multipliers initialized from zero
Optimizing 96 data and 20100 samples. Theta=253.792201 
CHI2 before optimization:   8.5397 
Execution time: 0.30 seconds
Minimization using L-BFGS-B successful (iterations:21)
CHI2 after optimization:   6.6612 
Fraction of effective frames:   0.8550 
Lagrange multipliers initialized from zero
Optimizing 96 data and 20100 samples. Theta=377.478364 
CHI2 before optimization:   8.5397 
Execution time: 0.30 seconds
Minimization using L-BFGS-B successful (iterations:21)
CHI2 after optimization:   7.1390 
Fraction of effective frames:   0.9217 
Lagrange multipliers initialized from zero
Optimizing 96 data and 20100 samples. Theta=561.443241 
CHI2 before optimization:   8.5397 
Execution time: 0.30 seconds
Minimization using L-BFGS-B successful (iterations:21)
CHI2 after optimization:   7.5232 
Fraction of effective frames:   0.9599 
Lagrange multipliers initialized from zero
Optimizing 96 data and 20100 samples. Theta=835.063787 
CHI2 before optimization:   8.5397 
Execution time: 0.33 seconds
Minimization using L-BFGS-B successful (iterations:21)
CHI2 after optimization:   7.8180 
Fraction of effective frames:   0.9803 
Lagrange multipliers initialized from zero
Optimizing 96 data and 20100 samples. Theta=1242.033884 
CHI2 before optimization:   8.5397 
Execution time: 0.28 seconds
Minimization using L-BFGS-B successful (iterations:19)
CHI2 after optimization:   8.0354 
Fraction of effective frames:   0.9906 
Lagrange multipliers initialized from zero
Optimizing 96 data and 20100 samples. Theta=1847.341714 
CHI2 before optimization:   8.5397 
Execution time: 0.23 seconds
Minimization using L-BFGS-B successful (iterations:17)
CHI2 after optimization:   8.1918 
Fraction of effective frames:   0.9956 
Lagrange multipliers initialized from zero
Optimizing 96 data and 20100 samples. Theta=2747.647592 
CHI2 before optimization:   8.5397 
Execution time: 0.23 seconds
Minimization using L-BFGS-B successful (iterations:16)
CHI2 after optimization:   8.3017 
Fraction of effective frames:   0.9980 
Lagrange multipliers initialized from zero
Optimizing 96 data and 20100 samples. Theta=4086.719436 
CHI2 before optimization:   8.5397 
Execution time: 0.21 seconds
Minimization using L-BFGS-B successful (iterations:15)
CHI2 after optimization:   8.3779 
Fraction of effective frames:   0.9991 
Lagrange multipliers initialized from zero
Optimizing 96 data and 20100 samples. Theta=6078.390765 
CHI2 before optimization:   8.5397 
Execution time: 0.18 seconds
Minimization using L-BFGS-B successful (iterations:13)
CHI2 after optimization:   8.4302 
Fraction of effective frames:   0.9996 
Lagrange multipliers initialized from zero
Optimizing 96 data and 20100 samples. Theta=9040.707313 
CHI2 before optimization:   8.5397 
Execution time: 0.19 seconds
Minimization using L-BFGS-B successful (iterations:13)
CHI2 after optimization:   8.4657 
Fraction of effective frames:   0.9998 
Lagrange multipliers initialized from zero
Optimizing 96 data and 20100 samples. Theta=13446.715073 
CHI2 before optimization:   8.5397 
Execution time: 0.18 seconds
Minimization using L-BFGS-B successful (iterations:12)
CHI2 after optimization:   8.4896 
Fraction of effective frames:   0.9999 
Lagrange multipliers initialized from zero
Optimizing 96 data and 20100 samples. Theta=20000.000000 
CHI2 before optimization:   8.5397 
Execution time: 0.15 seconds
Minimization using L-BFGS-B successful (iterations:10)
CHI2 after optimization:   8.5063 
Fraction of effective frames:   1.0000 
