Lagrange multipliers initialized from zero
Optimizing 72 data and 16080 samples. Theta=0.200000 
CHI2 before optimization:   8.5560 
Execution time: 1.90 seconds
Minimization using L-BFGS-B successful (iterations:207)
CHI2 after optimization:   1.4758 
Fraction of effective frames:   0.0013 
Warm start
Optimizing 72 data and 16080 samples. Theta=0.297470 
CHI2 before optimization:   8.5560 
Execution time: 1.15 seconds
Minimization using L-BFGS-B successful (iterations:131)
CHI2 after optimization:   1.4760 
Fraction of effective frames:   0.0013 
Warm start
Optimizing 72 data and 16080 samples. Theta=0.442443 
CHI2 before optimization:   8.5560 
Execution time: 1.04 seconds
Minimization using L-BFGS-B successful (iterations:111)
CHI2 after optimization:   1.4763 
Fraction of effective frames:   0.0014 
Warm start
Optimizing 72 data and 16080 samples. Theta=0.658069 
CHI2 before optimization:   8.5560 
Execution time: 0.84 seconds
Minimization using L-BFGS-B successful (iterations:88)
CHI2 after optimization:   1.4771 
Fraction of effective frames:   0.0015 
Warm start
Optimizing 72 data and 16080 samples. Theta=0.978780 
CHI2 before optimization:   8.5560 
Execution time: 0.53 seconds
Minimization using L-BFGS-B successful (iterations:65)
CHI2 after optimization:   1.4785 
Fraction of effective frames:   0.0015 
Warm start
Optimizing 72 data and 16080 samples. Theta=1.455791 
CHI2 before optimization:   8.5560 
Execution time: 0.47 seconds
Minimization using L-BFGS-B successful (iterations:54)
CHI2 after optimization:   1.4815 
Fraction of effective frames:   0.0017 
Warm start
Optimizing 72 data and 16080 samples. Theta=2.165273 
CHI2 before optimization:   8.5560 
Execution time: 0.33 seconds
Minimization using L-BFGS-B successful (iterations:41)
CHI2 after optimization:   1.4887 
Fraction of effective frames:   0.0020 
Warm start
Optimizing 72 data and 16080 samples. Theta=3.220524 
CHI2 before optimization:   8.5560 
Execution time: 0.28 seconds
Minimization using L-BFGS-B successful (iterations:35)
CHI2 after optimization:   1.5063 
Fraction of effective frames:   0.0025 
Warm start
Optimizing 72 data and 16080 samples. Theta=4.790053 
CHI2 before optimization:   8.5560 
Execution time: 0.23 seconds
Minimization using L-BFGS-B successful (iterations:27)
CHI2 after optimization:   1.5504 
Fraction of effective frames:   0.0037 
Warm start
Optimizing 72 data and 16080 samples. Theta=7.124496 
CHI2 before optimization:   8.5560 
Execution time: 0.22 seconds
Minimization using L-BFGS-B successful (iterations:22)
CHI2 after optimization:   1.6534 
Fraction of effective frames:   0.0068 
Warm start
Optimizing 72 data and 16080 samples. Theta=10.596634 
CHI2 before optimization:   8.5560 
Execution time: 0.17 seconds
Minimization using L-BFGS-B successful (iterations:19)
CHI2 after optimization:   1.8536 
Fraction of effective frames:   0.0155 
Warm start
Optimizing 72 data and 16080 samples. Theta=15.760926 
CHI2 before optimization:   8.5560 
Execution time: 0.17 seconds
Minimization using L-BFGS-B successful (iterations:18)
CHI2 after optimization:   2.1727 
Fraction of effective frames:   0.0375 
Warm start
Optimizing 72 data and 16080 samples. Theta=23.442046 
CHI2 before optimization:   8.5560 
Execution time: 0.13 seconds
Minimization using L-BFGS-B successful (iterations:17)
CHI2 after optimization:   2.6217 
Fraction of effective frames:   0.0867 
Warm start
Optimizing 72 data and 16080 samples. Theta=34.866576 
CHI2 before optimization:   8.5560 
Execution time: 0.17 seconds
Minimization using L-BFGS-B successful (iterations:18)
CHI2 after optimization:   3.2034 
Fraction of effective frames:   0.1802 
Warm start
Optimizing 72 data and 16080 samples. Theta=51.858876 
CHI2 before optimization:   8.5560 
Execution time: 0.14 seconds
Minimization using L-BFGS-B successful (iterations:17)
CHI2 after optimization:   3.8956 
Fraction of effective frames:   0.3242 
Warm start
Optimizing 72 data and 16080 samples. Theta=77.132408 
CHI2 before optimization:   8.5560 
Execution time: 0.15 seconds
Minimization using L-BFGS-B successful (iterations:17)
CHI2 after optimization:   4.6481 
Fraction of effective frames:   0.4987 
Warm start
Optimizing 72 data and 16080 samples. Theta=114.723050 
CHI2 before optimization:   8.5560 
Execution time: 0.15 seconds
Minimization using L-BFGS-B successful (iterations:16)
CHI2 after optimization:   5.3957 
Fraction of effective frames:   0.6654 
Warm start
Optimizing 72 data and 16080 samples. Theta=170.633570 
CHI2 before optimization:   8.5560 
Execution time: 0.15 seconds
Minimization using L-BFGS-B successful (iterations:17)
CHI2 after optimization:   6.0901 
Fraction of effective frames:   0.7969 
Warm start
Optimizing 72 data and 16080 samples. Theta=253.792201 
CHI2 before optimization:   8.5560 
Execution time: 0.16 seconds
Minimization using L-BFGS-B successful (iterations:18)
CHI2 after optimization:   6.7004 
Fraction of effective frames:   0.8867 
Warm start
Optimizing 72 data and 16080 samples. Theta=377.478364 
CHI2 before optimization:   8.5560 
Execution time: 0.16 seconds
Minimization using L-BFGS-B successful (iterations:18)
CHI2 after optimization:   7.2043 
Fraction of effective frames:   0.9410 
Warm start
Optimizing 72 data and 16080 samples. Theta=561.443241 
CHI2 before optimization:   8.5560 
Execution time: 0.15 seconds
Minimization using L-BFGS-B successful (iterations:17)
CHI2 after optimization:   7.5964 
Fraction of effective frames:   0.9708 
Warm start
Optimizing 72 data and 16080 samples. Theta=835.063787 
CHI2 before optimization:   8.5560 
Execution time: 0.15 seconds
Minimization using L-BFGS-B successful (iterations:16)
CHI2 after optimization:   7.8871 
Fraction of effective frames:   0.9860 
Warm start
Optimizing 72 data and 16080 samples. Theta=1242.033884 
CHI2 before optimization:   8.5560 
Execution time: 0.14 seconds
Minimization using L-BFGS-B successful (iterations:15)
CHI2 after optimization:   8.0954 
Fraction of effective frames:   0.9934 
Warm start
Optimizing 72 data and 16080 samples. Theta=1847.341714 
CHI2 before optimization:   8.5560 
Execution time: 0.13 seconds
Minimization using L-BFGS-B successful (iterations:15)
CHI2 after optimization:   8.2414 
Fraction of effective frames:   0.9970 
Warm start
Optimizing 72 data and 16080 samples. Theta=2747.647592 
CHI2 before optimization:   8.5560 
Execution time: 0.13 seconds
Minimization using L-BFGS-B successful (iterations:15)
CHI2 after optimization:   8.3422 
Fraction of effective frames:   0.9986 
Warm start
Optimizing 72 data and 16080 samples. Theta=4086.719436 
CHI2 before optimization:   8.5560 
Execution time: 0.12 seconds
Minimization using L-BFGS-B successful (iterations:13)
CHI2 after optimization:   8.4112 
Fraction of effective frames:   0.9994 
Warm start
Optimizing 72 data and 16080 samples. Theta=6078.390765 
CHI2 before optimization:   8.5560 
Execution time: 0.11 seconds
Minimization using L-BFGS-B successful (iterations:13)
CHI2 after optimization:   8.4583 
Fraction of effective frames:   0.9997 
Warm start
Optimizing 72 data and 16080 samples. Theta=9040.707313 
CHI2 before optimization:   8.5560 
Execution time: 0.08 seconds
Minimization using L-BFGS-B successful (iterations:8)
CHI2 after optimization:   8.4891 
Fraction of effective frames:   0.9999 
Warm start
Optimizing 72 data and 16080 samples. Theta=13446.715073 
CHI2 before optimization:   8.5560 
Execution time: 0.08 seconds
Minimization using L-BFGS-B successful (iterations:9)
CHI2 after optimization:   8.5115 
Fraction of effective frames:   0.9999 
Warm start
Optimizing 72 data and 16080 samples. Theta=20000.000000 
CHI2 before optimization:   8.5560 
Execution time: 0.08 seconds
Minimization using L-BFGS-B successful (iterations:8)
CHI2 after optimization:   8.5257 
Fraction of effective frames:   1.0000 
