Lagrange multipliers initialized from zero
Optimizing 33 data and 16080 samples. Theta=0.200000 
CHI2 before optimization:   3.7833 
Execution time: 0.42 seconds
Minimization using L-BFGS-B successful (iterations:93)
CHI2 after optimization:   0.4801 
Fraction of effective frames:   0.0011 
Warm start
Optimizing 33 data and 16080 samples. Theta=0.297470 
CHI2 before optimization:   3.7833 
Execution time: 0.30 seconds
Minimization using L-BFGS-B successful (iterations:67)
CHI2 after optimization:   0.4824 
Fraction of effective frames:   0.0012 
Warm start
Optimizing 33 data and 16080 samples. Theta=0.442443 
CHI2 before optimization:   3.7833 
Execution time: 0.29 seconds
Minimization using L-BFGS-B successful (iterations:56)
CHI2 after optimization:   0.4886 
Fraction of effective frames:   0.0016 
Warm start
Optimizing 33 data and 16080 samples. Theta=0.658069 
CHI2 before optimization:   3.7833 
Execution time: 0.20 seconds
Minimization using L-BFGS-B successful (iterations:45)
CHI2 after optimization:   0.5038 
Fraction of effective frames:   0.0026 
Warm start
Optimizing 33 data and 16080 samples. Theta=0.978780 
CHI2 before optimization:   3.7833 
Execution time: 0.16 seconds
Minimization using L-BFGS-B successful (iterations:36)
CHI2 after optimization:   0.5375 
Fraction of effective frames:   0.0051 
Warm start
Optimizing 33 data and 16080 samples. Theta=1.455791 
CHI2 before optimization:   3.7833 
Execution time: 0.11 seconds
Minimization using L-BFGS-B successful (iterations:29)
CHI2 after optimization:   0.6016 
Fraction of effective frames:   0.0123 
Warm start
Optimizing 33 data and 16080 samples. Theta=2.165273 
CHI2 before optimization:   3.7833 
Execution time: 0.10 seconds
Minimization using L-BFGS-B successful (iterations:23)
CHI2 after optimization:   0.7030 
Fraction of effective frames:   0.0315 
Warm start
Optimizing 33 data and 16080 samples. Theta=3.220524 
CHI2 before optimization:   3.7833 
Execution time: 0.10 seconds
Minimization using L-BFGS-B successful (iterations:20)
CHI2 after optimization:   0.8416 
Fraction of effective frames:   0.0747 
Warm start
Optimizing 33 data and 16080 samples. Theta=4.790053 
CHI2 before optimization:   3.7833 
Execution time: 0.09 seconds
Minimization using L-BFGS-B successful (iterations:17)
CHI2 after optimization:   1.0141 
Fraction of effective frames:   0.1542 
Warm start
Optimizing 33 data and 16080 samples. Theta=7.124496 
CHI2 before optimization:   3.7833 
Execution time: 0.08 seconds
Minimization using L-BFGS-B successful (iterations:16)
CHI2 after optimization:   1.2140 
Fraction of effective frames:   0.2716 
Warm start
Optimizing 33 data and 16080 samples. Theta=10.596634 
CHI2 before optimization:   3.7833 
Execution time: 0.07 seconds
Minimization using L-BFGS-B successful (iterations:14)
CHI2 after optimization:   1.4374 
Fraction of effective frames:   0.4155 
Warm start
Optimizing 33 data and 16080 samples. Theta=15.760926 
CHI2 before optimization:   3.7833 
Execution time: 0.07 seconds
Minimization using L-BFGS-B successful (iterations:13)
CHI2 after optimization:   1.6804 
Fraction of effective frames:   0.5673 
Warm start
Optimizing 33 data and 16080 samples. Theta=23.442046 
CHI2 before optimization:   3.7833 
Execution time: 0.07 seconds
Minimization using L-BFGS-B successful (iterations:13)
CHI2 after optimization:   1.9319 
Fraction of effective frames:   0.7051 
Warm start
Optimizing 33 data and 16080 samples. Theta=34.866576 
CHI2 before optimization:   3.7833 
Execution time: 0.04 seconds
Minimization using L-BFGS-B successful (iterations:13)
CHI2 after optimization:   2.1674 
Fraction of effective frames:   0.8089 
Warm start
Optimizing 33 data and 16080 samples. Theta=51.858876 
CHI2 before optimization:   3.7833 
Execution time: 0.06 seconds
Minimization using L-BFGS-B successful (iterations:14)
CHI2 after optimization:   2.3707 
Fraction of effective frames:   0.8761 
Warm start
Optimizing 33 data and 16080 samples. Theta=77.132408 
CHI2 before optimization:   3.7833 
Execution time: 0.07 seconds
Minimization using L-BFGS-B successful (iterations:15)
CHI2 after optimization:   2.5494 
Fraction of effective frames:   0.9184 
Warm start
Optimizing 33 data and 16080 samples. Theta=114.723050 
CHI2 before optimization:   3.7833 
Execution time: 0.07 seconds
Minimization using L-BFGS-B successful (iterations:15)
CHI2 after optimization:   2.7213 
Fraction of effective frames:   0.9467 
Warm start
Optimizing 33 data and 16080 samples. Theta=170.633570 
CHI2 before optimization:   3.7833 
Execution time: 0.06 seconds
Minimization using L-BFGS-B successful (iterations:15)
CHI2 after optimization:   2.8976 
Fraction of effective frames:   0.9667 
Warm start
Optimizing 33 data and 16080 samples. Theta=253.792201 
CHI2 before optimization:   3.7833 
Execution time: 0.07 seconds
Minimization using L-BFGS-B successful (iterations:16)
CHI2 after optimization:   3.0757 
Fraction of effective frames:   0.9806 
Warm start
Optimizing 33 data and 16080 samples. Theta=377.478364 
CHI2 before optimization:   3.7833 
Execution time: 0.07 seconds
Minimization using L-BFGS-B successful (iterations:15)
CHI2 after optimization:   3.2424 
Fraction of effective frames:   0.9894 
Warm start
Optimizing 33 data and 16080 samples. Theta=561.443241 
CHI2 before optimization:   3.7833 
Execution time: 0.07 seconds
Minimization using L-BFGS-B successful (iterations:16)
CHI2 after optimization:   3.3854 
Fraction of effective frames:   0.9946 
Warm start
Optimizing 33 data and 16080 samples. Theta=835.063787 
CHI2 before optimization:   3.7833 
Execution time: 0.07 seconds
Minimization using L-BFGS-B successful (iterations:15)
CHI2 after optimization:   3.4989 
Fraction of effective frames:   0.9973 
Warm start
Optimizing 33 data and 16080 samples. Theta=1242.033884 
CHI2 before optimization:   3.7833 
Execution time: 0.07 seconds
Minimization using L-BFGS-B successful (iterations:15)
CHI2 after optimization:   3.5840 
Fraction of effective frames:   0.9987 
Warm start
Optimizing 33 data and 16080 samples. Theta=1847.341714 
CHI2 before optimization:   3.7833 
Execution time: 0.06 seconds
Minimization using L-BFGS-B successful (iterations:13)
CHI2 after optimization:   3.6453 
Fraction of effective frames:   0.9994 
Warm start
Optimizing 33 data and 16080 samples. Theta=2747.647592 
CHI2 before optimization:   3.7833 
Execution time: 0.06 seconds
Minimization using L-BFGS-B successful (iterations:13)
CHI2 after optimization:   3.6892 
Fraction of effective frames:   0.9997 
Warm start
Optimizing 33 data and 16080 samples. Theta=4086.719436 
CHI2 before optimization:   3.7833 
Execution time: 0.05 seconds
Minimization using L-BFGS-B successful (iterations:11)
CHI2 after optimization:   3.7174 
Fraction of effective frames:   0.9999 
Warm start
Optimizing 33 data and 16080 samples. Theta=6078.390765 
CHI2 before optimization:   3.7833 
Execution time: 0.06 seconds
Minimization using L-BFGS-B successful (iterations:11)
CHI2 after optimization:   3.7396 
Fraction of effective frames:   0.9999 
Warm start
Optimizing 33 data and 16080 samples. Theta=9040.707313 
CHI2 before optimization:   3.7833 
Execution time: 0.05 seconds
Minimization using L-BFGS-B successful (iterations:10)
CHI2 after optimization:   3.7534 
Fraction of effective frames:   1.0000 
Warm start
Optimizing 33 data and 16080 samples. Theta=13446.715073 
CHI2 before optimization:   3.7833 
Execution time: 0.04 seconds
Minimization using L-BFGS-B successful (iterations:8)
CHI2 after optimization:   3.7630 
Fraction of effective frames:   1.0000 
Warm start
Optimizing 33 data and 16080 samples. Theta=20000.000000 
CHI2 before optimization:   3.7833 
Execution time: 0.01 seconds
Minimization using L-BFGS-B successful (iterations:4)
CHI2 after optimization:   3.7650 
Fraction of effective frames:   1.0000 
