Lagrange multipliers initialized from zero
Optimizing 86 data and 16080 samples. Theta=0.200000 
CHI2 before optimization:   3.0679 
Execution time: 0.98 seconds
Minimization using L-BFGS-B successful (iterations:101)
CHI2 after optimization:   0.1698 
Fraction of effective frames:   0.0015 
Warm start
Optimizing 86 data and 16080 samples. Theta=0.297470 
CHI2 before optimization:   3.0679 
Execution time: 0.65 seconds
Minimization using L-BFGS-B successful (iterations:65)
CHI2 after optimization:   0.1702 
Fraction of effective frames:   0.0016 
Warm start
Optimizing 86 data and 16080 samples. Theta=0.442443 
CHI2 before optimization:   3.0679 
Execution time: 0.50 seconds
Minimization using L-BFGS-B successful (iterations:50)
CHI2 after optimization:   0.1712 
Fraction of effective frames:   0.0018 
Warm start
Optimizing 86 data and 16080 samples. Theta=0.658069 
CHI2 before optimization:   3.0679 
Execution time: 0.42 seconds
Minimization using L-BFGS-B successful (iterations:41)
CHI2 after optimization:   0.1734 
Fraction of effective frames:   0.0021 
Warm start
Optimizing 86 data and 16080 samples. Theta=0.978780 
CHI2 before optimization:   3.0679 
Execution time: 0.35 seconds
Minimization using L-BFGS-B successful (iterations:33)
CHI2 after optimization:   0.1778 
Fraction of effective frames:   0.0027 
Warm start
Optimizing 86 data and 16080 samples. Theta=1.455791 
CHI2 before optimization:   3.0679 
Execution time: 0.33 seconds
Minimization using L-BFGS-B successful (iterations:28)
CHI2 after optimization:   0.1878 
Fraction of effective frames:   0.0038 
Warm start
Optimizing 86 data and 16080 samples. Theta=2.165273 
CHI2 before optimization:   3.0679 
Execution time: 0.27 seconds
Minimization using L-BFGS-B successful (iterations:24)
CHI2 after optimization:   0.2093 
Fraction of effective frames:   0.0063 
Warm start
Optimizing 86 data and 16080 samples. Theta=3.220524 
CHI2 before optimization:   3.0679 
Execution time: 0.20 seconds
Minimization using L-BFGS-B successful (iterations:18)
CHI2 after optimization:   0.2489 
Fraction of effective frames:   0.0120 
Warm start
Optimizing 86 data and 16080 samples. Theta=4.790053 
CHI2 before optimization:   3.0679 
Execution time: 0.20 seconds
Minimization using L-BFGS-B successful (iterations:19)
CHI2 after optimization:   0.3122 
Fraction of effective frames:   0.0239 
Warm start
Optimizing 86 data and 16080 samples. Theta=7.124496 
CHI2 before optimization:   3.0679 
Execution time: 0.21 seconds
Minimization using L-BFGS-B successful (iterations:18)
CHI2 after optimization:   0.4054 
Fraction of effective frames:   0.0473 
Warm start
Optimizing 86 data and 16080 samples. Theta=10.596634 
CHI2 before optimization:   3.0679 
Execution time: 0.21 seconds
Minimization using L-BFGS-B successful (iterations:18)
CHI2 after optimization:   0.5356 
Fraction of effective frames:   0.0898 
Warm start
Optimizing 86 data and 16080 samples. Theta=15.760926 
CHI2 before optimization:   3.0679 
Execution time: 0.22 seconds
Minimization using L-BFGS-B successful (iterations:19)
CHI2 after optimization:   0.7119 
Fraction of effective frames:   0.1612 
Warm start
Optimizing 86 data and 16080 samples. Theta=23.442046 
CHI2 before optimization:   3.0679 
Execution time: 0.22 seconds
Minimization using L-BFGS-B successful (iterations:20)
CHI2 after optimization:   0.9462 
Fraction of effective frames:   0.2719 
Warm start
Optimizing 86 data and 16080 samples. Theta=34.866576 
CHI2 before optimization:   3.0679 
Execution time: 0.20 seconds
Minimization using L-BFGS-B successful (iterations:20)
CHI2 after optimization:   1.2443 
Fraction of effective frames:   0.4257 
Warm start
Optimizing 86 data and 16080 samples. Theta=51.858876 
CHI2 before optimization:   3.0679 
Execution time: 0.27 seconds
Minimization using L-BFGS-B successful (iterations:21)
CHI2 after optimization:   1.5860 
Fraction of effective frames:   0.6024 
Warm start
Optimizing 86 data and 16080 samples. Theta=77.132408 
CHI2 before optimization:   3.0679 
Execution time: 0.22 seconds
Minimization using L-BFGS-B successful (iterations:21)
CHI2 after optimization:   1.9196 
Fraction of effective frames:   0.7575 
Warm start
Optimizing 86 data and 16080 samples. Theta=114.723050 
CHI2 before optimization:   3.0679 
Execution time: 0.22 seconds
Minimization using L-BFGS-B successful (iterations:21)
CHI2 after optimization:   2.2065 
Fraction of effective frames:   0.8652 
Warm start
Optimizing 86 data and 16080 samples. Theta=170.633570 
CHI2 before optimization:   3.0679 
Execution time: 0.25 seconds
Minimization using L-BFGS-B successful (iterations:23)
CHI2 after optimization:   2.4360 
Fraction of effective frames:   0.9294 
Warm start
Optimizing 86 data and 16080 samples. Theta=253.792201 
CHI2 before optimization:   3.0679 
Execution time: 0.24 seconds
Minimization using L-BFGS-B successful (iterations:23)
CHI2 after optimization:   2.6125 
Fraction of effective frames:   0.9644 
Warm start
Optimizing 86 data and 16080 samples. Theta=377.478364 
CHI2 before optimization:   3.0679 
Execution time: 0.23 seconds
Minimization using L-BFGS-B successful (iterations:21)
CHI2 after optimization:   2.7448 
Fraction of effective frames:   0.9826 
Warm start
Optimizing 86 data and 16080 samples. Theta=561.443241 
CHI2 before optimization:   3.0679 
Execution time: 0.20 seconds
Minimization using L-BFGS-B successful (iterations:18)
CHI2 after optimization:   2.8414 
Fraction of effective frames:   0.9916 
Warm start
Optimizing 86 data and 16080 samples. Theta=835.063787 
CHI2 before optimization:   3.0679 
Execution time: 0.22 seconds
Minimization using L-BFGS-B successful (iterations:18)
CHI2 after optimization:   2.9109 
Fraction of effective frames:   0.9961 
Warm start
Optimizing 86 data and 16080 samples. Theta=1242.033884 
CHI2 before optimization:   3.0679 
Execution time: 0.20 seconds
Minimization using L-BFGS-B successful (iterations:17)
CHI2 after optimization:   2.9600 
Fraction of effective frames:   0.9982 
Warm start
Optimizing 86 data and 16080 samples. Theta=1847.341714 
CHI2 before optimization:   3.0679 
Execution time: 0.17 seconds
Minimization using L-BFGS-B successful (iterations:16)
CHI2 after optimization:   2.9943 
Fraction of effective frames:   0.9992 
Warm start
Optimizing 86 data and 16080 samples. Theta=2747.647592 
CHI2 before optimization:   3.0679 
Execution time: 0.15 seconds
Minimization using L-BFGS-B successful (iterations:14)
CHI2 after optimization:   3.0177 
Fraction of effective frames:   0.9996 
Warm start
Optimizing 86 data and 16080 samples. Theta=4086.719436 
CHI2 before optimization:   3.0679 
Execution time: 0.15 seconds
Minimization using L-BFGS-B successful (iterations:13)
CHI2 after optimization:   3.0339 
Fraction of effective frames:   0.9998 
Warm start
Optimizing 86 data and 16080 samples. Theta=6078.390765 
CHI2 before optimization:   3.0679 
Execution time: 0.11 seconds
Minimization using L-BFGS-B successful (iterations:10)
CHI2 after optimization:   3.0448 
Fraction of effective frames:   0.9999 
Warm start
Optimizing 86 data and 16080 samples. Theta=9040.707313 
CHI2 before optimization:   3.0679 
Execution time: 0.10 seconds
Minimization using L-BFGS-B successful (iterations:9)
CHI2 after optimization:   3.0523 
Fraction of effective frames:   1.0000 
Warm start
Optimizing 86 data and 16080 samples. Theta=13446.715073 
CHI2 before optimization:   3.0679 
Execution time: 0.08 seconds
Minimization using L-BFGS-B successful (iterations:7)
CHI2 after optimization:   3.0572 
Fraction of effective frames:   1.0000 
Warm start
Optimizing 86 data and 16080 samples. Theta=20000.000000 
CHI2 before optimization:   3.0679 
Execution time: 0.08 seconds
Minimization using L-BFGS-B successful (iterations:5)
CHI2 after optimization:   3.0603 
Fraction of effective frames:   1.0000 
