Lagrange multipliers initialized from zero
Optimizing 61 data and 16080 samples. Theta=0.200000 
CHI2 before optimization:   4.0474 
Execution time: 0.98 seconds
Minimization using L-BFGS-B successful (iterations:126)
CHI2 after optimization:   0.6974 
Fraction of effective frames:   0.0016 
Warm start
Optimizing 61 data and 16080 samples. Theta=0.297470 
CHI2 before optimization:   4.0474 
Execution time: 1.06 seconds
Minimization using L-BFGS-B successful (iterations:97)
CHI2 after optimization:   0.6978 
Fraction of effective frames:   0.0017 
Warm start
Optimizing 61 data and 16080 samples. Theta=0.442443 
CHI2 before optimization:   4.0474 
Execution time: 0.82 seconds
Minimization using L-BFGS-B successful (iterations:72)
CHI2 after optimization:   0.6987 
Fraction of effective frames:   0.0018 
Warm start
Optimizing 61 data and 16080 samples. Theta=0.658069 
CHI2 before optimization:   4.0474 
Execution time: 0.60 seconds
Minimization using L-BFGS-B successful (iterations:58)
CHI2 after optimization:   0.7008 
Fraction of effective frames:   0.0021 
Warm start
Optimizing 61 data and 16080 samples. Theta=0.978780 
CHI2 before optimization:   4.0474 
Execution time: 0.50 seconds
Minimization using L-BFGS-B successful (iterations:49)
CHI2 after optimization:   0.7057 
Fraction of effective frames:   0.0025 
Warm start
Optimizing 61 data and 16080 samples. Theta=1.455791 
CHI2 before optimization:   4.0474 
Execution time: 0.33 seconds
Minimization using L-BFGS-B successful (iterations:36)
CHI2 after optimization:   0.7179 
Fraction of effective frames:   0.0034 
Warm start
Optimizing 61 data and 16080 samples. Theta=2.165273 
CHI2 before optimization:   4.0474 
Execution time: 0.23 seconds
Minimization using L-BFGS-B successful (iterations:30)
CHI2 after optimization:   0.7498 
Fraction of effective frames:   0.0058 
Warm start
Optimizing 61 data and 16080 samples. Theta=3.220524 
CHI2 before optimization:   4.0474 
Execution time: 0.18 seconds
Minimization using L-BFGS-B successful (iterations:23)
CHI2 after optimization:   0.8168 
Fraction of effective frames:   0.0124 
Warm start
Optimizing 61 data and 16080 samples. Theta=4.790053 
CHI2 before optimization:   4.0474 
Execution time: 0.17 seconds
Minimization using L-BFGS-B successful (iterations:20)
CHI2 after optimization:   0.9258 
Fraction of effective frames:   0.0287 
Warm start
Optimizing 61 data and 16080 samples. Theta=7.124496 
CHI2 before optimization:   4.0474 
Execution time: 0.11 seconds
Minimization using L-BFGS-B successful (iterations:15)
CHI2 after optimization:   1.0770 
Fraction of effective frames:   0.0630 
Warm start
Optimizing 61 data and 16080 samples. Theta=10.596634 
CHI2 before optimization:   4.0474 
Execution time: 0.12 seconds
Minimization using L-BFGS-B successful (iterations:14)
CHI2 after optimization:   1.2740 
Fraction of effective frames:   0.1258 
Warm start
Optimizing 61 data and 16080 samples. Theta=15.760926 
CHI2 before optimization:   4.0474 
Execution time: 0.12 seconds
Minimization using L-BFGS-B successful (iterations:14)
CHI2 after optimization:   1.5221 
Fraction of effective frames:   0.2258 
Warm start
Optimizing 61 data and 16080 samples. Theta=23.442046 
CHI2 before optimization:   4.0474 
Execution time: 0.12 seconds
Minimization using L-BFGS-B successful (iterations:14)
CHI2 after optimization:   1.8269 
Fraction of effective frames:   0.3663 
Warm start
Optimizing 61 data and 16080 samples. Theta=34.866576 
CHI2 before optimization:   4.0474 
Execution time: 0.12 seconds
Minimization using L-BFGS-B successful (iterations:14)
CHI2 after optimization:   2.1785 
Fraction of effective frames:   0.5337 
Warm start
Optimizing 61 data and 16080 samples. Theta=51.858876 
CHI2 before optimization:   4.0474 
Execution time: 0.12 seconds
Minimization using L-BFGS-B successful (iterations:15)
CHI2 after optimization:   2.5434 
Fraction of effective frames:   0.6948 
Warm start
Optimizing 61 data and 16080 samples. Theta=77.132408 
CHI2 before optimization:   4.0474 
Execution time: 0.13 seconds
Minimization using L-BFGS-B successful (iterations:15)
CHI2 after optimization:   2.8828 
Fraction of effective frames:   0.8198 
Warm start
Optimizing 61 data and 16080 samples. Theta=114.723050 
CHI2 before optimization:   4.0474 
Execution time: 0.12 seconds
Minimization using L-BFGS-B successful (iterations:15)
CHI2 after optimization:   3.1712 
Fraction of effective frames:   0.9012 
Warm start
Optimizing 61 data and 16080 samples. Theta=170.633570 
CHI2 before optimization:   4.0474 
Execution time: 0.12 seconds
Minimization using L-BFGS-B successful (iterations:15)
CHI2 after optimization:   3.4024 
Fraction of effective frames:   0.9485 
Warm start
Optimizing 61 data and 16080 samples. Theta=253.792201 
CHI2 before optimization:   4.0474 
Execution time: 0.13 seconds
Minimization using L-BFGS-B successful (iterations:16)
CHI2 after optimization:   3.5813 
Fraction of effective frames:   0.9741 
Warm start
Optimizing 61 data and 16080 samples. Theta=377.478364 
CHI2 before optimization:   4.0474 
Execution time: 0.14 seconds
Minimization using L-BFGS-B successful (iterations:16)
CHI2 after optimization:   3.7160 
Fraction of effective frames:   0.9873 
Warm start
Optimizing 61 data and 16080 samples. Theta=561.443241 
CHI2 before optimization:   4.0474 
Execution time: 0.13 seconds
Minimization using L-BFGS-B successful (iterations:15)
CHI2 after optimization:   3.8150 
Fraction of effective frames:   0.9939 
Warm start
Optimizing 61 data and 16080 samples. Theta=835.063787 
CHI2 before optimization:   4.0474 
Execution time: 0.12 seconds
Minimization using L-BFGS-B successful (iterations:15)
CHI2 after optimization:   3.8862 
Fraction of effective frames:   0.9971 
Warm start
Optimizing 61 data and 16080 samples. Theta=1242.033884 
CHI2 before optimization:   4.0474 
Execution time: 0.12 seconds
Minimization using L-BFGS-B successful (iterations:13)
CHI2 after optimization:   3.9366 
Fraction of effective frames:   0.9987 
Warm start
Optimizing 61 data and 16080 samples. Theta=1847.341714 
CHI2 before optimization:   4.0474 
Execution time: 0.13 seconds
Minimization using L-BFGS-B successful (iterations:13)
CHI2 after optimization:   3.9718 
Fraction of effective frames:   0.9994 
Warm start
Optimizing 61 data and 16080 samples. Theta=2747.647592 
CHI2 before optimization:   4.0474 
Execution time: 0.12 seconds
Minimization using L-BFGS-B successful (iterations:12)
CHI2 after optimization:   3.9961 
Fraction of effective frames:   0.9997 
Warm start
Optimizing 61 data and 16080 samples. Theta=4086.719436 
CHI2 before optimization:   4.0474 
Execution time: 0.11 seconds
Minimization using L-BFGS-B successful (iterations:11)
CHI2 after optimization:   4.0127 
Fraction of effective frames:   0.9999 
Warm start
Optimizing 61 data and 16080 samples. Theta=6078.390765 
CHI2 before optimization:   4.0474 
Execution time: 0.09 seconds
Minimization using L-BFGS-B successful (iterations:9)
CHI2 after optimization:   4.0236 
Fraction of effective frames:   0.9999 
Warm start
Optimizing 61 data and 16080 samples. Theta=9040.707313 
CHI2 before optimization:   4.0474 
Execution time: 0.06 seconds
Minimization using L-BFGS-B successful (iterations:6)
CHI2 after optimization:   4.0309 
Fraction of effective frames:   1.0000 
Warm start
Optimizing 61 data and 16080 samples. Theta=13446.715073 
CHI2 before optimization:   4.0474 
Execution time: 0.08 seconds
Minimization using L-BFGS-B successful (iterations:7)
CHI2 after optimization:   4.0365 
Fraction of effective frames:   1.0000 
Warm start
Optimizing 61 data and 16080 samples. Theta=20000.000000 
CHI2 before optimization:   4.0474 
Execution time: 0.07 seconds
Minimization using L-BFGS-B successful (iterations:6)
CHI2 after optimization:   4.0400 
Fraction of effective frames:   1.0000 
