Lagrange multipliers initialized from zero
Optimizing 36 data and 16080 samples. Theta=0.200000 
CHI2 before optimization:   5.4697 
Execution time: 0.50 seconds
Minimization using L-BFGS-B successful (iterations:107)
CHI2 after optimization:   0.7736 
Fraction of effective frames:   0.0012 
Warm start
Optimizing 36 data and 16080 samples. Theta=0.297470 
CHI2 before optimization:   5.4697 
Execution time: 0.33 seconds
Minimization using L-BFGS-B successful (iterations:72)
CHI2 after optimization:   0.7745 
Fraction of effective frames:   0.0013 
Warm start
Optimizing 36 data and 16080 samples. Theta=0.442443 
CHI2 before optimization:   5.4697 
Execution time: 0.28 seconds
Minimization using L-BFGS-B successful (iterations:55)
CHI2 after optimization:   0.7766 
Fraction of effective frames:   0.0014 
Warm start
Optimizing 36 data and 16080 samples. Theta=0.658069 
CHI2 before optimization:   5.4697 
Execution time: 0.20 seconds
Minimization using L-BFGS-B successful (iterations:45)
CHI2 after optimization:   0.7814 
Fraction of effective frames:   0.0017 
Warm start
Optimizing 36 data and 16080 samples. Theta=0.978780 
CHI2 before optimization:   5.4697 
Execution time: 0.19 seconds
Minimization using L-BFGS-B successful (iterations:39)
CHI2 after optimization:   0.7937 
Fraction of effective frames:   0.0022 
Warm start
Optimizing 36 data and 16080 samples. Theta=1.455791 
CHI2 before optimization:   5.4697 
Execution time: 0.17 seconds
Minimization using L-BFGS-B successful (iterations:32)
CHI2 after optimization:   0.8259 
Fraction of effective frames:   0.0035 
Warm start
Optimizing 36 data and 16080 samples. Theta=2.165273 
CHI2 before optimization:   5.4697 
Execution time: 0.12 seconds
Minimization using L-BFGS-B successful (iterations:25)
CHI2 after optimization:   0.9026 
Fraction of effective frames:   0.0076 
Warm start
Optimizing 36 data and 16080 samples. Theta=3.220524 
CHI2 before optimization:   5.4697 
Execution time: 0.10 seconds
Minimization using L-BFGS-B successful (iterations:21)
CHI2 after optimization:   1.0463 
Fraction of effective frames:   0.0200 
Warm start
Optimizing 36 data and 16080 samples. Theta=4.790053 
CHI2 before optimization:   5.4697 
Execution time: 0.08 seconds
Minimization using L-BFGS-B successful (iterations:16)
CHI2 after optimization:   1.2572 
Fraction of effective frames:   0.0524 
Warm start
Optimizing 36 data and 16080 samples. Theta=7.124496 
CHI2 before optimization:   5.4697 
Execution time: 0.07 seconds
Minimization using L-BFGS-B successful (iterations:14)
CHI2 after optimization:   1.5235 
Fraction of effective frames:   0.1191 
Warm start
Optimizing 36 data and 16080 samples. Theta=10.596634 
CHI2 before optimization:   5.4697 
Execution time: 0.08 seconds
Minimization using L-BFGS-B successful (iterations:14)
CHI2 after optimization:   1.8293 
Fraction of effective frames:   0.2249 
Warm start
Optimizing 36 data and 16080 samples. Theta=15.760926 
CHI2 before optimization:   5.4697 
Execution time: 0.07 seconds
Minimization using L-BFGS-B successful (iterations:15)
CHI2 after optimization:   2.1616 
Fraction of effective frames:   0.3580 
Warm start
Optimizing 36 data and 16080 samples. Theta=23.442046 
CHI2 before optimization:   5.4697 
Execution time: 0.07 seconds
Minimization using L-BFGS-B successful (iterations:15)
CHI2 after optimization:   2.5216 
Fraction of effective frames:   0.5022 
Warm start
Optimizing 36 data and 16080 samples. Theta=34.866576 
CHI2 before optimization:   5.4697 
Execution time: 0.09 seconds
Minimization using L-BFGS-B successful (iterations:15)
CHI2 after optimization:   2.9165 
Fraction of effective frames:   0.6446 
Warm start
Optimizing 36 data and 16080 samples. Theta=51.858876 
CHI2 before optimization:   5.4697 
Execution time: 0.07 seconds
Minimization using L-BFGS-B successful (iterations:15)
CHI2 after optimization:   3.3245 
Fraction of effective frames:   0.7671 
Warm start
Optimizing 36 data and 16080 samples. Theta=77.132408 
CHI2 before optimization:   5.4697 
Execution time: 0.08 seconds
Minimization using L-BFGS-B successful (iterations:16)
CHI2 after optimization:   3.7053 
Fraction of effective frames:   0.8558 
Warm start
Optimizing 36 data and 16080 samples. Theta=114.723050 
CHI2 before optimization:   5.4697 
Execution time: 0.08 seconds
Minimization using L-BFGS-B successful (iterations:16)
CHI2 after optimization:   4.0459 
Fraction of effective frames:   0.9141 
Warm start
Optimizing 36 data and 16080 samples. Theta=170.633570 
CHI2 before optimization:   5.4697 
Execution time: 0.08 seconds
Minimization using L-BFGS-B successful (iterations:18)
CHI2 after optimization:   4.3505 
Fraction of effective frames:   0.9511 
Warm start
Optimizing 36 data and 16080 samples. Theta=253.792201 
CHI2 before optimization:   5.4697 
Execution time: 0.10 seconds
Minimization using L-BFGS-B successful (iterations:18)
CHI2 after optimization:   4.6160 
Fraction of effective frames:   0.9734 
Warm start
Optimizing 36 data and 16080 samples. Theta=377.478364 
CHI2 before optimization:   5.4697 
Execution time: 0.08 seconds
Minimization using L-BFGS-B successful (iterations:18)
CHI2 after optimization:   4.8374 
Fraction of effective frames:   0.9862 
Warm start
Optimizing 36 data and 16080 samples. Theta=561.443241 
CHI2 before optimization:   5.4697 
Execution time: 0.08 seconds
Minimization using L-BFGS-B successful (iterations:17)
CHI2 after optimization:   5.0131 
Fraction of effective frames:   0.9931 
Warm start
Optimizing 36 data and 16080 samples. Theta=835.063787 
CHI2 before optimization:   5.4697 
Execution time: 0.08 seconds
Minimization using L-BFGS-B successful (iterations:16)
CHI2 after optimization:   5.1467 
Fraction of effective frames:   0.9967 
Warm start
Optimizing 36 data and 16080 samples. Theta=1242.033884 
CHI2 before optimization:   5.4697 
Execution time: 0.07 seconds
Minimization using L-BFGS-B successful (iterations:14)
CHI2 after optimization:   5.2445 
Fraction of effective frames:   0.9984 
Warm start
Optimizing 36 data and 16080 samples. Theta=1847.341714 
CHI2 before optimization:   5.4697 
Execution time: 0.07 seconds
Minimization using L-BFGS-B successful (iterations:14)
CHI2 after optimization:   5.3145 
Fraction of effective frames:   0.9993 
Warm start
Optimizing 36 data and 16080 samples. Theta=2747.647592 
CHI2 before optimization:   5.4697 
Execution time: 0.05 seconds
Minimization using L-BFGS-B successful (iterations:12)
CHI2 after optimization:   5.3634 
Fraction of effective frames:   0.9997 
Warm start
Optimizing 36 data and 16080 samples. Theta=4086.719436 
CHI2 before optimization:   5.4697 
Execution time: 0.05 seconds
Minimization using L-BFGS-B successful (iterations:11)
CHI2 after optimization:   5.3970 
Fraction of effective frames:   0.9998 
Warm start
Optimizing 36 data and 16080 samples. Theta=6078.390765 
CHI2 before optimization:   5.4697 
Execution time: 0.07 seconds
Minimization using L-BFGS-B successful (iterations:11)
CHI2 after optimization:   5.4204 
Fraction of effective frames:   0.9999 
Warm start
Optimizing 36 data and 16080 samples. Theta=9040.707313 
CHI2 before optimization:   5.4697 
Execution time: 0.05 seconds
Minimization using L-BFGS-B successful (iterations:10)
CHI2 after optimization:   5.4362 
Fraction of effective frames:   1.0000 
Warm start
Optimizing 36 data and 16080 samples. Theta=13446.715073 
CHI2 before optimization:   5.4697 
Execution time: 0.05 seconds
Minimization using L-BFGS-B successful (iterations:8)
CHI2 after optimization:   5.4468 
Fraction of effective frames:   1.0000 
Warm start
Optimizing 36 data and 16080 samples. Theta=20000.000000 
CHI2 before optimization:   5.4697 
Execution time: 0.04 seconds
Minimization using L-BFGS-B successful (iterations:8)
CHI2 after optimization:   5.4543 
Fraction of effective frames:   1.0000 
