Lagrange multipliers initialized from zero
Optimizing 113 data and 16080 samples. Theta=0.200000 
CHI2 before optimization:   2.2271 
Execution time: 1.79 seconds
Minimization using L-BFGS-B successful (iterations:131)
CHI2 after optimization:   0.2979 
Fraction of effective frames:   0.0014 
Warm start
Optimizing 113 data and 16080 samples. Theta=0.297470 
CHI2 before optimization:   2.2271 
Execution time: 1.24 seconds
Minimization using L-BFGS-B successful (iterations:96)
CHI2 after optimization:   0.2981 
Fraction of effective frames:   0.0015 
Warm start
Optimizing 113 data and 16080 samples. Theta=0.442443 
CHI2 before optimization:   2.2271 
Execution time: 0.93 seconds
Minimization using L-BFGS-B successful (iterations:77)
CHI2 after optimization:   0.2986 
Fraction of effective frames:   0.0016 
Warm start
Optimizing 113 data and 16080 samples. Theta=0.658069 
CHI2 before optimization:   2.2271 
Execution time: 0.80 seconds
Minimization using L-BFGS-B successful (iterations:60)
CHI2 after optimization:   0.2999 
Fraction of effective frames:   0.0018 
Warm start
Optimizing 113 data and 16080 samples. Theta=0.978780 
CHI2 before optimization:   2.2271 
Execution time: 0.58 seconds
Minimization using L-BFGS-B successful (iterations:45)
CHI2 after optimization:   0.3031 
Fraction of effective frames:   0.0022 
Warm start
Optimizing 113 data and 16080 samples. Theta=1.455791 
CHI2 before optimization:   2.2271 
Execution time: 0.43 seconds
Minimization using L-BFGS-B successful (iterations:35)
CHI2 after optimization:   0.3109 
Fraction of effective frames:   0.0032 
Warm start
Optimizing 113 data and 16080 samples. Theta=2.165273 
CHI2 before optimization:   2.2271 
Execution time: 0.35 seconds
Minimization using L-BFGS-B successful (iterations:27)
CHI2 after optimization:   0.3285 
Fraction of effective frames:   0.0056 
Warm start
Optimizing 113 data and 16080 samples. Theta=3.220524 
CHI2 before optimization:   2.2271 
Execution time: 0.30 seconds
Minimization using L-BFGS-B successful (iterations:24)
CHI2 after optimization:   0.3635 
Fraction of effective frames:   0.0117 
Warm start
Optimizing 113 data and 16080 samples. Theta=4.790053 
CHI2 before optimization:   2.2271 
Execution time: 0.24 seconds
Minimization using L-BFGS-B successful (iterations:18)
CHI2 after optimization:   0.4220 
Fraction of effective frames:   0.0269 
Warm start
Optimizing 113 data and 16080 samples. Theta=7.124496 
CHI2 before optimization:   2.2271 
Execution time: 0.27 seconds
Minimization using L-BFGS-B successful (iterations:18)
CHI2 after optimization:   0.5073 
Fraction of effective frames:   0.0610 
Warm start
Optimizing 113 data and 16080 samples. Theta=10.596634 
CHI2 before optimization:   2.2271 
Execution time: 0.23 seconds
Minimization using L-BFGS-B successful (iterations:18)
CHI2 after optimization:   0.6187 
Fraction of effective frames:   0.1259 
Warm start
Optimizing 113 data and 16080 samples. Theta=15.760926 
CHI2 before optimization:   2.2271 
Execution time: 0.24 seconds
Minimization using L-BFGS-B successful (iterations:19)
CHI2 after optimization:   0.7538 
Fraction of effective frames:   0.2273 
Warm start
Optimizing 113 data and 16080 samples. Theta=23.442046 
CHI2 before optimization:   2.2271 
Execution time: 0.27 seconds
Minimization using L-BFGS-B successful (iterations:19)
CHI2 after optimization:   0.9115 
Fraction of effective frames:   0.3617 
Warm start
Optimizing 113 data and 16080 samples. Theta=34.866576 
CHI2 before optimization:   2.2271 
Execution time: 0.27 seconds
Minimization using L-BFGS-B successful (iterations:19)
CHI2 after optimization:   1.0903 
Fraction of effective frames:   0.5156 
Warm start
Optimizing 113 data and 16080 samples. Theta=51.858876 
CHI2 before optimization:   2.2271 
Execution time: 0.29 seconds
Minimization using L-BFGS-B successful (iterations:21)
CHI2 after optimization:   1.2835 
Fraction of effective frames:   0.6675 
Warm start
Optimizing 113 data and 16080 samples. Theta=77.132408 
CHI2 before optimization:   2.2271 
Execution time: 0.29 seconds
Minimization using L-BFGS-B successful (iterations:22)
CHI2 after optimization:   1.4754 
Fraction of effective frames:   0.7935 
Warm start
Optimizing 113 data and 16080 samples. Theta=114.723050 
CHI2 before optimization:   2.2271 
Execution time: 0.30 seconds
Minimization using L-BFGS-B successful (iterations:22)
CHI2 after optimization:   1.6501 
Fraction of effective frames:   0.8823 
Warm start
Optimizing 113 data and 16080 samples. Theta=170.633570 
CHI2 before optimization:   2.2271 
Execution time: 0.28 seconds
Minimization using L-BFGS-B successful (iterations:22)
CHI2 after optimization:   1.7974 
Fraction of effective frames:   0.9372 
Warm start
Optimizing 113 data and 16080 samples. Theta=253.792201 
CHI2 before optimization:   2.2271 
Execution time: 0.33 seconds
Minimization using L-BFGS-B successful (iterations:24)
CHI2 after optimization:   1.9149 
Fraction of effective frames:   0.9680 
Warm start
Optimizing 113 data and 16080 samples. Theta=377.478364 
CHI2 before optimization:   2.2271 
Execution time: 0.29 seconds
Minimization using L-BFGS-B successful (iterations:22)
CHI2 after optimization:   2.0048 
Fraction of effective frames:   0.9843 
Warm start
Optimizing 113 data and 16080 samples. Theta=561.443241 
CHI2 before optimization:   2.2271 
Execution time: 0.28 seconds
Minimization using L-BFGS-B successful (iterations:22)
CHI2 after optimization:   2.0713 
Fraction of effective frames:   0.9925 
Warm start
Optimizing 113 data and 16080 samples. Theta=835.063787 
CHI2 before optimization:   2.2271 
Execution time: 0.27 seconds
Minimization using L-BFGS-B successful (iterations:20)
CHI2 after optimization:   2.1191 
Fraction of effective frames:   0.9964 
Warm start
Optimizing 113 data and 16080 samples. Theta=1242.033884 
CHI2 before optimization:   2.2271 
Execution time: 0.24 seconds
Minimization using L-BFGS-B successful (iterations:18)
CHI2 after optimization:   2.1528 
Fraction of effective frames:   0.9983 
Warm start
Optimizing 113 data and 16080 samples. Theta=1847.341714 
CHI2 before optimization:   2.2271 
Execution time: 0.25 seconds
Minimization using L-BFGS-B successful (iterations:18)
CHI2 after optimization:   2.1765 
Fraction of effective frames:   0.9992 
Warm start
Optimizing 113 data and 16080 samples. Theta=2747.647592 
CHI2 before optimization:   2.2271 
Execution time: 0.22 seconds
Minimization using L-BFGS-B successful (iterations:16)
CHI2 after optimization:   2.1927 
Fraction of effective frames:   0.9996 
Warm start
Optimizing 113 data and 16080 samples. Theta=4086.719436 
CHI2 before optimization:   2.2271 
Execution time: 0.20 seconds
Minimization using L-BFGS-B successful (iterations:15)
CHI2 after optimization:   2.2038 
Fraction of effective frames:   0.9998 
Warm start
Optimizing 113 data and 16080 samples. Theta=6078.390765 
CHI2 before optimization:   2.2271 
Execution time: 0.15 seconds
Minimization using L-BFGS-B successful (iterations:11)
CHI2 after optimization:   2.2113 
Fraction of effective frames:   0.9999 
Warm start
Optimizing 113 data and 16080 samples. Theta=9040.707313 
CHI2 before optimization:   2.2271 
Execution time: 0.15 seconds
Minimization using L-BFGS-B successful (iterations:11)
CHI2 after optimization:   2.2165 
Fraction of effective frames:   1.0000 
Warm start
Optimizing 113 data and 16080 samples. Theta=13446.715073 
CHI2 before optimization:   2.2271 
Execution time: 0.10 seconds
Minimization using L-BFGS-B successful (iterations:7)
CHI2 after optimization:   2.2197 
Fraction of effective frames:   1.0000 
Warm start
Optimizing 113 data and 16080 samples. Theta=20000.000000 
CHI2 before optimization:   2.2271 
Execution time: 0.11 seconds
Minimization using L-BFGS-B successful (iterations:7)
CHI2 after optimization:   2.2223 
Fraction of effective frames:   1.0000 
