Lagrange multipliers initialized from zero
Optimizing 72 data and 16080 samples. Theta=0.200000 
CHI2 before optimization:   8.4447 
Execution time: 1.84 seconds
Minimization using L-BFGS-B successful (iterations:206)
CHI2 after optimization:   1.3430 
Fraction of effective frames:   0.0012 
Warm start
Optimizing 72 data and 16080 samples. Theta=0.297470 
CHI2 before optimization:   8.4447 
Execution time: 1.23 seconds
Minimization using L-BFGS-B successful (iterations:149)
CHI2 after optimization:   1.3431 
Fraction of effective frames:   0.0012 
Warm start
Optimizing 72 data and 16080 samples. Theta=0.442443 
CHI2 before optimization:   8.4447 
Execution time: 1.03 seconds
Minimization using L-BFGS-B successful (iterations:124)
CHI2 after optimization:   1.3434 
Fraction of effective frames:   0.0012 
Warm start
Optimizing 72 data and 16080 samples. Theta=0.658069 
CHI2 before optimization:   8.4447 
Execution time: 1.27 seconds
Minimization using L-BFGS-B successful (iterations:96)
CHI2 after optimization:   1.3440 
Fraction of effective frames:   0.0013 
Warm start
Optimizing 72 data and 16080 samples. Theta=0.978780 
CHI2 before optimization:   8.4447 
Execution time: 0.72 seconds
Minimization using L-BFGS-B successful (iterations:71)
CHI2 after optimization:   1.3454 
Fraction of effective frames:   0.0014 
Warm start
Optimizing 72 data and 16080 samples. Theta=1.455791 
CHI2 before optimization:   8.4447 
Execution time: 0.78 seconds
Minimization using L-BFGS-B successful (iterations:60)
CHI2 after optimization:   1.3483 
Fraction of effective frames:   0.0015 
Warm start
Optimizing 72 data and 16080 samples. Theta=2.165273 
CHI2 before optimization:   8.4447 
Execution time: 0.42 seconds
Minimization using L-BFGS-B successful (iterations:48)
CHI2 after optimization:   1.3550 
Fraction of effective frames:   0.0017 
Warm start
Optimizing 72 data and 16080 samples. Theta=3.220524 
CHI2 before optimization:   8.4447 
Execution time: 0.33 seconds
Minimization using L-BFGS-B successful (iterations:40)
CHI2 after optimization:   1.3729 
Fraction of effective frames:   0.0021 
Warm start
Optimizing 72 data and 16080 samples. Theta=4.790053 
CHI2 before optimization:   8.4447 
Execution time: 0.32 seconds
Minimization using L-BFGS-B successful (iterations:32)
CHI2 after optimization:   1.4213 
Fraction of effective frames:   0.0033 
Warm start
Optimizing 72 data and 16080 samples. Theta=7.124496 
CHI2 before optimization:   8.4447 
Execution time: 0.23 seconds
Minimization using L-BFGS-B successful (iterations:25)
CHI2 after optimization:   1.5346 
Fraction of effective frames:   0.0065 
Warm start
Optimizing 72 data and 16080 samples. Theta=10.596634 
CHI2 before optimization:   8.4447 
Execution time: 0.18 seconds
Minimization using L-BFGS-B successful (iterations:21)
CHI2 after optimization:   1.7475 
Fraction of effective frames:   0.0156 
Warm start
Optimizing 72 data and 16080 samples. Theta=15.760926 
CHI2 before optimization:   8.4447 
Execution time: 0.17 seconds
Minimization using L-BFGS-B successful (iterations:19)
CHI2 after optimization:   2.0808 
Fraction of effective frames:   0.0394 
Warm start
Optimizing 72 data and 16080 samples. Theta=23.442046 
CHI2 before optimization:   8.4447 
Execution time: 0.17 seconds
Minimization using L-BFGS-B successful (iterations:16)
CHI2 after optimization:   2.5427 
Fraction of effective frames:   0.0933 
Warm start
Optimizing 72 data and 16080 samples. Theta=34.866576 
CHI2 before optimization:   8.4447 
Execution time: 0.16 seconds
Minimization using L-BFGS-B successful (iterations:16)
CHI2 after optimization:   3.1238 
Fraction of effective frames:   0.1939 
Warm start
Optimizing 72 data and 16080 samples. Theta=51.858876 
CHI2 before optimization:   8.4447 
Execution time: 0.17 seconds
Minimization using L-BFGS-B successful (iterations:17)
CHI2 after optimization:   3.7958 
Fraction of effective frames:   0.3431 
Warm start
Optimizing 72 data and 16080 samples. Theta=77.132408 
CHI2 before optimization:   8.4447 
Execution time: 0.17 seconds
Minimization using L-BFGS-B successful (iterations:18)
CHI2 after optimization:   4.5103 
Fraction of effective frames:   0.5165 
Warm start
Optimizing 72 data and 16080 samples. Theta=114.723050 
CHI2 before optimization:   8.4447 
Execution time: 0.20 seconds
Minimization using L-BFGS-B successful (iterations:18)
CHI2 after optimization:   5.2047 
Fraction of effective frames:   0.6753 
Warm start
Optimizing 72 data and 16080 samples. Theta=170.633570 
CHI2 before optimization:   8.4447 
Execution time: 0.17 seconds
Minimization using L-BFGS-B successful (iterations:18)
CHI2 after optimization:   5.8452 
Fraction of effective frames:   0.7975 
Warm start
Optimizing 72 data and 16080 samples. Theta=253.792201 
CHI2 before optimization:   8.4447 
Execution time: 0.19 seconds
Minimization using L-BFGS-B successful (iterations:18)
CHI2 after optimization:   6.4239 
Fraction of effective frames:   0.8824 
Warm start
Optimizing 72 data and 16080 samples. Theta=377.478364 
CHI2 before optimization:   8.4447 
Execution time: 0.15 seconds
Minimization using L-BFGS-B successful (iterations:18)
CHI2 after optimization:   6.9262 
Fraction of effective frames:   0.9361 
Warm start
Optimizing 72 data and 16080 samples. Theta=561.443241 
CHI2 before optimization:   8.4447 
Execution time: 0.17 seconds
Minimization using L-BFGS-B successful (iterations:18)
CHI2 after optimization:   7.3382 
Fraction of effective frames:   0.9672 
Warm start
Optimizing 72 data and 16080 samples. Theta=835.063787 
CHI2 before optimization:   8.4447 
Execution time: 0.15 seconds
Minimization using L-BFGS-B successful (iterations:16)
CHI2 after optimization:   7.6575 
Fraction of effective frames:   0.9839 
Warm start
Optimizing 72 data and 16080 samples. Theta=1242.033884 
CHI2 before optimization:   8.4447 
Execution time: 0.14 seconds
Minimization using L-BFGS-B successful (iterations:15)
CHI2 after optimization:   7.8945 
Fraction of effective frames:   0.9923 
Warm start
Optimizing 72 data and 16080 samples. Theta=1847.341714 
CHI2 before optimization:   8.4447 
Execution time: 0.13 seconds
Minimization using L-BFGS-B successful (iterations:14)
CHI2 after optimization:   8.0650 
Fraction of effective frames:   0.9964 
Warm start
Optimizing 72 data and 16080 samples. Theta=2747.647592 
CHI2 before optimization:   8.4447 
Execution time: 0.12 seconds
Minimization using L-BFGS-B successful (iterations:13)
CHI2 after optimization:   8.1848 
Fraction of effective frames:   0.9983 
Warm start
Optimizing 72 data and 16080 samples. Theta=4086.719436 
CHI2 before optimization:   8.4447 
Execution time: 0.12 seconds
Minimization using L-BFGS-B successful (iterations:12)
CHI2 after optimization:   8.2677 
Fraction of effective frames:   0.9992 
Warm start
Optimizing 72 data and 16080 samples. Theta=6078.390765 
CHI2 before optimization:   8.4447 
Execution time: 0.12 seconds
Minimization using L-BFGS-B successful (iterations:11)
CHI2 after optimization:   8.3246 
Fraction of effective frames:   0.9996 
Warm start
Optimizing 72 data and 16080 samples. Theta=9040.707313 
CHI2 before optimization:   8.4447 
Execution time: 0.09 seconds
Minimization using L-BFGS-B successful (iterations:10)
CHI2 after optimization:   8.3634 
Fraction of effective frames:   0.9998 
Warm start
Optimizing 72 data and 16080 samples. Theta=13446.715073 
CHI2 before optimization:   8.4447 
Execution time: 0.09 seconds
Minimization using L-BFGS-B successful (iterations:10)
CHI2 after optimization:   8.3901 
Fraction of effective frames:   0.9999 
Warm start
Optimizing 72 data and 16080 samples. Theta=20000.000000 
CHI2 before optimization:   8.4447 
Execution time: 0.08 seconds
Minimization using L-BFGS-B successful (iterations:9)
CHI2 after optimization:   8.4077 
Fraction of effective frames:   1.0000 
