Lagrange multipliers initialized from zero
Optimizing 45 data and 16080 samples. Theta=0.200000 
CHI2 before optimization:  11.2675 
Execution time: 1.15 seconds
Minimization using L-BFGS-B successful (iterations:174)
CHI2 after optimization:   0.9339 
Fraction of effective frames:   0.0011 
Warm start
Optimizing 45 data and 16080 samples. Theta=0.297470 
CHI2 before optimization:  11.2675 
Execution time: 0.77 seconds
Minimization using L-BFGS-B successful (iterations:115)
CHI2 after optimization:   0.9341 
Fraction of effective frames:   0.0011 
Warm start
Optimizing 45 data and 16080 samples. Theta=0.442443 
CHI2 before optimization:  11.2675 
Execution time: 0.61 seconds
Minimization using L-BFGS-B successful (iterations:101)
CHI2 after optimization:   0.9343 
Fraction of effective frames:   0.0011 
Warm start
Optimizing 45 data and 16080 samples. Theta=0.658069 
CHI2 before optimization:  11.2675 
Execution time: 0.46 seconds
Minimization using L-BFGS-B successful (iterations:82)
CHI2 after optimization:   0.9350 
Fraction of effective frames:   0.0012 
Warm start
Optimizing 45 data and 16080 samples. Theta=0.978780 
CHI2 before optimization:  11.2675 
Execution time: 0.40 seconds
Minimization using L-BFGS-B successful (iterations:65)
CHI2 after optimization:   0.9368 
Fraction of effective frames:   0.0012 
Warm start
Optimizing 45 data and 16080 samples. Theta=1.455791 
CHI2 before optimization:  11.2675 
Execution time: 0.33 seconds
Minimization using L-BFGS-B successful (iterations:48)
CHI2 after optimization:   0.9418 
Fraction of effective frames:   0.0014 
Warm start
Optimizing 45 data and 16080 samples. Theta=2.165273 
CHI2 before optimization:  11.2675 
Execution time: 0.24 seconds
Minimization using L-BFGS-B successful (iterations:41)
CHI2 after optimization:   0.9559 
Fraction of effective frames:   0.0016 
Warm start
Optimizing 45 data and 16080 samples. Theta=3.220524 
CHI2 before optimization:  11.2675 
Execution time: 0.18 seconds
Minimization using L-BFGS-B successful (iterations:31)
CHI2 after optimization:   0.9954 
Fraction of effective frames:   0.0022 
Warm start
Optimizing 45 data and 16080 samples. Theta=4.790053 
CHI2 before optimization:  11.2675 
Execution time: 0.17 seconds
Minimization using L-BFGS-B successful (iterations:26)
CHI2 after optimization:   1.0960 
Fraction of effective frames:   0.0039 
Warm start
Optimizing 45 data and 16080 samples. Theta=7.124496 
CHI2 before optimization:  11.2675 
Execution time: 0.11 seconds
Minimization using L-BFGS-B successful (iterations:17)
CHI2 after optimization:   1.3072 
Fraction of effective frames:   0.0088 
Warm start
Optimizing 45 data and 16080 samples. Theta=10.596634 
CHI2 before optimization:  11.2675 
Execution time: 0.08 seconds
Minimization using L-BFGS-B successful (iterations:15)
CHI2 after optimization:   1.6642 
Fraction of effective frames:   0.0219 
Warm start
Optimizing 45 data and 16080 samples. Theta=15.760926 
CHI2 before optimization:  11.2675 
Execution time: 0.07 seconds
Minimization using L-BFGS-B successful (iterations:12)
CHI2 after optimization:   2.1815 
Fraction of effective frames:   0.0537 
Warm start
Optimizing 45 data and 16080 samples. Theta=23.442046 
CHI2 before optimization:  11.2675 
Execution time: 0.08 seconds
Minimization using L-BFGS-B successful (iterations:13)
CHI2 after optimization:   2.8668 
Fraction of effective frames:   0.1196 
Warm start
Optimizing 45 data and 16080 samples. Theta=34.866576 
CHI2 before optimization:  11.2675 
Execution time: 0.07 seconds
Minimization using L-BFGS-B successful (iterations:12)
CHI2 after optimization:   3.7148 
Fraction of effective frames:   0.2332 
Warm start
Optimizing 45 data and 16080 samples. Theta=51.858876 
CHI2 before optimization:  11.2675 
Execution time: 0.07 seconds
Minimization using L-BFGS-B successful (iterations:11)
CHI2 after optimization:   4.6778 
Fraction of effective frames:   0.3890 
Warm start
Optimizing 45 data and 16080 samples. Theta=77.132408 
CHI2 before optimization:  11.2675 
Execution time: 0.07 seconds
Minimization using L-BFGS-B successful (iterations:10)
CHI2 after optimization:   5.6774 
Fraction of effective frames:   0.5564 
Warm start
Optimizing 45 data and 16080 samples. Theta=114.723050 
CHI2 before optimization:  11.2675 
Execution time: 0.08 seconds
Minimization using L-BFGS-B successful (iterations:11)
CHI2 after optimization:   6.6501 
Fraction of effective frames:   0.7035 
Warm start
Optimizing 45 data and 16080 samples. Theta=170.633570 
CHI2 before optimization:  11.2675 
Execution time: 0.06 seconds
Minimization using L-BFGS-B successful (iterations:11)
CHI2 after optimization:   7.5652 
Fraction of effective frames:   0.8161 
Warm start
Optimizing 45 data and 16080 samples. Theta=253.792201 
CHI2 before optimization:  11.2675 
Execution time: 0.08 seconds
Minimization using L-BFGS-B successful (iterations:11)
CHI2 after optimization:   8.3994 
Fraction of effective frames:   0.8940 
Warm start
Optimizing 45 data and 16080 samples. Theta=377.478364 
CHI2 before optimization:  11.2675 
Execution time: 0.07 seconds
Minimization using L-BFGS-B successful (iterations:11)
CHI2 after optimization:   9.1234 
Fraction of effective frames:   0.9429 
Warm start
Optimizing 45 data and 16080 samples. Theta=561.443241 
CHI2 before optimization:  11.2675 
Execution time: 0.06 seconds
Minimization using L-BFGS-B successful (iterations:11)
CHI2 after optimization:   9.7143 
Fraction of effective frames:   0.9710 
Warm start
Optimizing 45 data and 16080 samples. Theta=835.063787 
CHI2 before optimization:  11.2675 
Execution time: 0.07 seconds
Minimization using L-BFGS-B successful (iterations:10)
CHI2 after optimization:  10.1694 
Fraction of effective frames:   0.9858 
Warm start
Optimizing 45 data and 16080 samples. Theta=1242.033884 
CHI2 before optimization:  11.2675 
Execution time: 0.07 seconds
Minimization using L-BFGS-B successful (iterations:9)
CHI2 after optimization:  10.5038 
Fraction of effective frames:   0.9933 
Warm start
Optimizing 45 data and 16080 samples. Theta=1847.341714 
CHI2 before optimization:  11.2675 
Execution time: 0.06 seconds
Minimization using L-BFGS-B successful (iterations:8)
CHI2 after optimization:  10.7424 
Fraction of effective frames:   0.9969 
Warm start
Optimizing 45 data and 16080 samples. Theta=2747.647592 
CHI2 before optimization:  11.2675 
Execution time: 0.05 seconds
Minimization using L-BFGS-B successful (iterations:7)
CHI2 after optimization:  10.9099 
Fraction of effective frames:   0.9986 
Warm start
Optimizing 45 data and 16080 samples. Theta=4086.719436 
CHI2 before optimization:  11.2675 
Execution time: 0.06 seconds
Minimization using L-BFGS-B successful (iterations:8)
CHI2 after optimization:  11.0241 
Fraction of effective frames:   0.9993 
Warm start
Optimizing 45 data and 16080 samples. Theta=6078.390765 
CHI2 before optimization:  11.2675 
Execution time: 0.05 seconds
Minimization using L-BFGS-B successful (iterations:7)
CHI2 after optimization:  11.1032 
Fraction of effective frames:   0.9997 
Warm start
Optimizing 45 data and 16080 samples. Theta=9040.707313 
CHI2 before optimization:  11.2675 
Execution time: 0.05 seconds
Minimization using L-BFGS-B successful (iterations:7)
CHI2 after optimization:  11.1567 
Fraction of effective frames:   0.9999 
Warm start
Optimizing 45 data and 16080 samples. Theta=13446.715073 
CHI2 before optimization:  11.2675 
Execution time: 0.05 seconds
Minimization using L-BFGS-B successful (iterations:7)
CHI2 after optimization:  11.1928 
Fraction of effective frames:   0.9999 
Warm start
Optimizing 45 data and 16080 samples. Theta=20000.000000 
CHI2 before optimization:  11.2675 
Execution time: 0.05 seconds
Minimization using L-BFGS-B successful (iterations:6)
CHI2 after optimization:  11.2170 
Fraction of effective frames:   1.0000 
