Lagrange multipliers initialized from zero
Optimizing 54 data and 16080 samples. Theta=0.200000 
CHI2 before optimization:   5.9024 
Execution time: 1.06 seconds
Minimization using L-BFGS-B successful (iterations:142)
CHI2 after optimization:   0.9875 
Fraction of effective frames:   0.0012 
Warm start
Optimizing 54 data and 16080 samples. Theta=0.297470 
CHI2 before optimization:   5.9024 
Execution time: 0.65 seconds
Minimization using L-BFGS-B successful (iterations:92)
CHI2 after optimization:   0.9878 
Fraction of effective frames:   0.0012 
Warm start
Optimizing 54 data and 16080 samples. Theta=0.442443 
CHI2 before optimization:   5.9024 
Execution time: 0.50 seconds
Minimization using L-BFGS-B successful (iterations:74)
CHI2 after optimization:   0.9882 
Fraction of effective frames:   0.0012 
Warm start
Optimizing 54 data and 16080 samples. Theta=0.658069 
CHI2 before optimization:   5.9024 
Execution time: 0.42 seconds
Minimization using L-BFGS-B successful (iterations:61)
CHI2 after optimization:   0.9891 
Fraction of effective frames:   0.0013 
Warm start
Optimizing 54 data and 16080 samples. Theta=0.978780 
CHI2 before optimization:   5.9024 
Execution time: 0.33 seconds
Minimization using L-BFGS-B successful (iterations:49)
CHI2 after optimization:   0.9919 
Fraction of effective frames:   0.0014 
Warm start
Optimizing 54 data and 16080 samples. Theta=1.455791 
CHI2 before optimization:   5.9024 
Execution time: 0.23 seconds
Minimization using L-BFGS-B successful (iterations:37)
CHI2 after optimization:   1.0005 
Fraction of effective frames:   0.0017 
Warm start
Optimizing 54 data and 16080 samples. Theta=2.165273 
CHI2 before optimization:   5.9024 
Execution time: 0.20 seconds
Minimization using L-BFGS-B successful (iterations:31)
CHI2 after optimization:   1.0243 
Fraction of effective frames:   0.0024 
Warm start
Optimizing 54 data and 16080 samples. Theta=3.220524 
CHI2 before optimization:   5.9024 
Execution time: 0.17 seconds
Minimization using L-BFGS-B successful (iterations:25)
CHI2 after optimization:   1.0829 
Fraction of effective frames:   0.0043 
Warm start
Optimizing 54 data and 16080 samples. Theta=4.790053 
CHI2 before optimization:   5.9024 
Execution time: 0.13 seconds
Minimization using L-BFGS-B successful (iterations:20)
CHI2 after optimization:   1.2027 
Fraction of effective frames:   0.0098 
Warm start
Optimizing 54 data and 16080 samples. Theta=7.124496 
CHI2 before optimization:   5.9024 
Execution time: 0.12 seconds
Minimization using L-BFGS-B successful (iterations:16)
CHI2 after optimization:   1.4069 
Fraction of effective frames:   0.0249 
Warm start
Optimizing 54 data and 16080 samples. Theta=10.596634 
CHI2 before optimization:   5.9024 
Execution time: 0.10 seconds
Minimization using L-BFGS-B successful (iterations:15)
CHI2 after optimization:   1.7050 
Fraction of effective frames:   0.0627 
Warm start
Optimizing 54 data and 16080 samples. Theta=15.760926 
CHI2 before optimization:   5.9024 
Execution time: 0.10 seconds
Minimization using L-BFGS-B successful (iterations:13)
CHI2 after optimization:   2.0874 
Fraction of effective frames:   0.1394 
Warm start
Optimizing 54 data and 16080 samples. Theta=23.442046 
CHI2 before optimization:   5.9024 
Execution time: 0.10 seconds
Minimization using L-BFGS-B successful (iterations:13)
CHI2 after optimization:   2.5392 
Fraction of effective frames:   0.2632 
Warm start
Optimizing 54 data and 16080 samples. Theta=34.866576 
CHI2 before optimization:   5.9024 
Execution time: 0.10 seconds
Minimization using L-BFGS-B successful (iterations:14)
CHI2 after optimization:   3.0518 
Fraction of effective frames:   0.4277 
Warm start
Optimizing 54 data and 16080 samples. Theta=51.858876 
CHI2 before optimization:   5.9024 
Execution time: 0.12 seconds
Minimization using L-BFGS-B successful (iterations:15)
CHI2 after optimization:   3.6002 
Fraction of effective frames:   0.6072 
Warm start
Optimizing 54 data and 16080 samples. Theta=77.132408 
CHI2 before optimization:   5.9024 
Execution time: 0.11 seconds
Minimization using L-BFGS-B successful (iterations:15)
CHI2 after optimization:   4.1254 
Fraction of effective frames:   0.7616 
Warm start
Optimizing 54 data and 16080 samples. Theta=114.723050 
CHI2 before optimization:   5.9024 
Execution time: 0.12 seconds
Minimization using L-BFGS-B successful (iterations:16)
CHI2 after optimization:   4.5752 
Fraction of effective frames:   0.8681 
Warm start
Optimizing 54 data and 16080 samples. Theta=170.633570 
CHI2 before optimization:   5.9024 
Execution time: 0.11 seconds
Minimization using L-BFGS-B successful (iterations:16)
CHI2 after optimization:   4.9337 
Fraction of effective frames:   0.9313 
Warm start
Optimizing 54 data and 16080 samples. Theta=253.792201 
CHI2 before optimization:   5.9024 
Execution time: 0.10 seconds
Minimization using L-BFGS-B successful (iterations:15)
CHI2 after optimization:   5.2081 
Fraction of effective frames:   0.9656 
Warm start
Optimizing 54 data and 16080 samples. Theta=377.478364 
CHI2 before optimization:   5.9024 
Execution time: 0.10 seconds
Minimization using L-BFGS-B successful (iterations:16)
CHI2 after optimization:   5.4127 
Fraction of effective frames:   0.9833 
Warm start
Optimizing 54 data and 16080 samples. Theta=561.443241 
CHI2 before optimization:   5.9024 
Execution time: 0.12 seconds
Minimization using L-BFGS-B successful (iterations:15)
CHI2 after optimization:   5.5612 
Fraction of effective frames:   0.9920 
Warm start
Optimizing 54 data and 16080 samples. Theta=835.063787 
CHI2 before optimization:   5.9024 
Execution time: 0.11 seconds
Minimization using L-BFGS-B successful (iterations:15)
CHI2 after optimization:   5.6671 
Fraction of effective frames:   0.9963 
Warm start
Optimizing 54 data and 16080 samples. Theta=1242.033884 
CHI2 before optimization:   5.9024 
Execution time: 0.09 seconds
Minimization using L-BFGS-B successful (iterations:12)
CHI2 after optimization:   5.7415 
Fraction of effective frames:   0.9983 
Warm start
Optimizing 54 data and 16080 samples. Theta=1847.341714 
CHI2 before optimization:   5.9024 
Execution time: 0.10 seconds
Minimization using L-BFGS-B successful (iterations:12)
CHI2 after optimization:   5.7929 
Fraction of effective frames:   0.9992 
Warm start
Optimizing 54 data and 16080 samples. Theta=2747.647592 
CHI2 before optimization:   5.9024 
Execution time: 0.09 seconds
Minimization using L-BFGS-B successful (iterations:12)
CHI2 after optimization:   5.8281 
Fraction of effective frames:   0.9996 
Warm start
Optimizing 54 data and 16080 samples. Theta=4086.719436 
CHI2 before optimization:   5.9024 
Execution time: 0.09 seconds
Minimization using L-BFGS-B successful (iterations:11)
CHI2 after optimization:   5.8522 
Fraction of effective frames:   0.9998 
Warm start
Optimizing 54 data and 16080 samples. Theta=6078.390765 
CHI2 before optimization:   5.9024 
Execution time: 0.06 seconds
Minimization using L-BFGS-B successful (iterations:9)
CHI2 after optimization:   5.8682 
Fraction of effective frames:   0.9999 
Warm start
Optimizing 54 data and 16080 samples. Theta=9040.707313 
CHI2 before optimization:   5.9024 
Execution time: 0.06 seconds
Minimization using L-BFGS-B successful (iterations:8)
CHI2 after optimization:   5.8791 
Fraction of effective frames:   1.0000 
Warm start
Optimizing 54 data and 16080 samples. Theta=13446.715073 
CHI2 before optimization:   5.9024 
Execution time: 0.04 seconds
Minimization using L-BFGS-B successful (iterations:6)
CHI2 after optimization:   5.8864 
Fraction of effective frames:   1.0000 
Warm start
Optimizing 54 data and 16080 samples. Theta=20000.000000 
CHI2 before optimization:   5.9024 
Execution time: 0.05 seconds
Minimization using L-BFGS-B successful (iterations:6)
CHI2 after optimization:   5.8916 
Fraction of effective frames:   1.0000 
