Lagrange multipliers initialized from zero
Optimizing 30 data and 16080 samples. Theta=0.200000 
CHI2 before optimization:   6.0739 
Execution time: 0.21 seconds
Minimization using L-BFGS-B successful (iterations:51)
CHI2 after optimization:   0.0220 
Fraction of effective frames:   0.0017 
Warm start
Optimizing 30 data and 16080 samples. Theta=0.297470 
CHI2 before optimization:   6.0739 
Execution time: 0.13 seconds
Minimization using L-BFGS-B successful (iterations:29)
CHI2 after optimization:   0.0254 
Fraction of effective frames:   0.0021 
Warm start
Optimizing 30 data and 16080 samples. Theta=0.442443 
CHI2 before optimization:   6.0739 
Execution time: 0.12 seconds
Minimization using L-BFGS-B successful (iterations:26)
CHI2 after optimization:   0.0320 
Fraction of effective frames:   0.0028 
Warm start
Optimizing 30 data and 16080 samples. Theta=0.658069 
CHI2 before optimization:   6.0739 
Execution time: 0.08 seconds
Minimization using L-BFGS-B successful (iterations:20)
CHI2 after optimization:   0.0446 
Fraction of effective frames:   0.0039 
Warm start
Optimizing 30 data and 16080 samples. Theta=0.978780 
CHI2 before optimization:   6.0739 
Execution time: 0.08 seconds
Minimization using L-BFGS-B successful (iterations:19)
CHI2 after optimization:   0.0668 
Fraction of effective frames:   0.0059 
Warm start
Optimizing 30 data and 16080 samples. Theta=1.455791 
CHI2 before optimization:   6.0739 
Execution time: 0.07 seconds
Minimization using L-BFGS-B successful (iterations:15)
CHI2 after optimization:   0.1042 
Fraction of effective frames:   0.0093 
Warm start
Optimizing 30 data and 16080 samples. Theta=2.165273 
CHI2 before optimization:   6.0739 
Execution time: 0.11 seconds
Minimization using L-BFGS-B successful (iterations:13)
CHI2 after optimization:   0.1650 
Fraction of effective frames:   0.0155 
Warm start
Optimizing 30 data and 16080 samples. Theta=3.220524 
CHI2 before optimization:   6.0739 
Execution time: 0.07 seconds
Minimization using L-BFGS-B successful (iterations:12)
CHI2 after optimization:   0.2626 
Fraction of effective frames:   0.0269 
Warm start
Optimizing 30 data and 16080 samples. Theta=4.790053 
CHI2 before optimization:   6.0739 
Execution time: 0.05 seconds
Minimization using L-BFGS-B successful (iterations:11)
CHI2 after optimization:   0.4151 
Fraction of effective frames:   0.0479 
Warm start
Optimizing 30 data and 16080 samples. Theta=7.124496 
CHI2 before optimization:   6.0739 
Execution time: 0.04 seconds
Minimization using L-BFGS-B successful (iterations:10)
CHI2 after optimization:   0.6468 
Fraction of effective frames:   0.0865 
Warm start
Optimizing 30 data and 16080 samples. Theta=10.596634 
CHI2 before optimization:   6.0739 
Execution time: 0.05 seconds
Minimization using L-BFGS-B successful (iterations:9)
CHI2 after optimization:   0.9819 
Fraction of effective frames:   0.1539 
Warm start
Optimizing 30 data and 16080 samples. Theta=15.760926 
CHI2 before optimization:   6.0739 
Execution time: 0.04 seconds
Minimization using L-BFGS-B successful (iterations:8)
CHI2 after optimization:   1.4353 
Fraction of effective frames:   0.2602 
Warm start
Optimizing 30 data and 16080 samples. Theta=23.442046 
CHI2 before optimization:   6.0739 
Execution time: 0.05 seconds
Minimization using L-BFGS-B successful (iterations:8)
CHI2 after optimization:   2.0091 
Fraction of effective frames:   0.4071 
Warm start
Optimizing 30 data and 16080 samples. Theta=34.866576 
CHI2 before optimization:   6.0739 
Execution time: 0.04 seconds
Minimization using L-BFGS-B successful (iterations:8)
CHI2 after optimization:   2.6718 
Fraction of effective frames:   0.5772 
Warm start
Optimizing 30 data and 16080 samples. Theta=51.858876 
CHI2 before optimization:   6.0739 
Execution time: 0.05 seconds
Minimization using L-BFGS-B successful (iterations:8)
CHI2 after optimization:   3.3382 
Fraction of effective frames:   0.7316 
Warm start
Optimizing 30 data and 16080 samples. Theta=77.132408 
CHI2 before optimization:   6.0739 
Execution time: 0.02 seconds
Minimization using L-BFGS-B successful (iterations:8)
CHI2 after optimization:   3.9284 
Fraction of effective frames:   0.8430 
Warm start
Optimizing 30 data and 16080 samples. Theta=114.723050 
CHI2 before optimization:   6.0739 
Execution time: 0.03 seconds
Minimization using L-BFGS-B successful (iterations:8)
CHI2 after optimization:   4.4190 
Fraction of effective frames:   0.9126 
Warm start
Optimizing 30 data and 16080 samples. Theta=170.633570 
CHI2 before optimization:   6.0739 
Execution time: 0.05 seconds
Minimization using L-BFGS-B successful (iterations:8)
CHI2 after optimization:   4.8172 
Fraction of effective frames:   0.9529 
Warm start
Optimizing 30 data and 16080 samples. Theta=253.792201 
CHI2 before optimization:   6.0739 
Execution time: 0.03 seconds
Minimization using L-BFGS-B successful (iterations:8)
CHI2 after optimization:   5.1353 
Fraction of effective frames:   0.9754 
Warm start
Optimizing 30 data and 16080 samples. Theta=377.478364 
CHI2 before optimization:   6.0739 
Execution time: 0.05 seconds
Minimization using L-BFGS-B successful (iterations:8)
CHI2 after optimization:   5.3854 
Fraction of effective frames:   0.9874 
Warm start
Optimizing 30 data and 16080 samples. Theta=561.443241 
CHI2 before optimization:   6.0739 
Execution time: 0.05 seconds
Minimization using L-BFGS-B successful (iterations:9)
CHI2 after optimization:   5.5786 
Fraction of effective frames:   0.9938 
Warm start
Optimizing 30 data and 16080 samples. Theta=835.063787 
CHI2 before optimization:   6.0739 
Execution time: 0.05 seconds
Minimization using L-BFGS-B successful (iterations:8)
CHI2 after optimization:   5.7223 
Fraction of effective frames:   0.9970 
Warm start
Optimizing 30 data and 16080 samples. Theta=1242.033884 
CHI2 before optimization:   6.0739 
Execution time: 0.05 seconds
Minimization using L-BFGS-B successful (iterations:8)
CHI2 after optimization:   5.8288 
Fraction of effective frames:   0.9986 
Warm start
Optimizing 30 data and 16080 samples. Theta=1847.341714 
CHI2 before optimization:   6.0739 
Execution time: 0.05 seconds
Minimization using L-BFGS-B successful (iterations:8)
CHI2 after optimization:   5.9041 
Fraction of effective frames:   0.9993 
Warm start
Optimizing 30 data and 16080 samples. Theta=2747.647592 
CHI2 before optimization:   6.0739 
Execution time: 0.04 seconds
Minimization using L-BFGS-B successful (iterations:8)
CHI2 after optimization:   5.9578 
Fraction of effective frames:   0.9997 
Warm start
Optimizing 30 data and 16080 samples. Theta=4086.719436 
CHI2 before optimization:   6.0739 
Execution time: 0.03 seconds
Minimization using L-BFGS-B successful (iterations:6)
CHI2 after optimization:   5.9935 
Fraction of effective frames:   0.9999 
Warm start
Optimizing 30 data and 16080 samples. Theta=6078.390765 
CHI2 before optimization:   6.0739 
Execution time: 0.02 seconds
Minimization using L-BFGS-B successful (iterations:6)
CHI2 after optimization:   6.0194 
Fraction of effective frames:   0.9999 
Warm start
Optimizing 30 data and 16080 samples. Theta=9040.707313 
CHI2 before optimization:   6.0739 
Execution time: 0.03 seconds
Minimization using L-BFGS-B successful (iterations:4)
CHI2 after optimization:   6.0368 
Fraction of effective frames:   1.0000 
Warm start
Optimizing 30 data and 16080 samples. Theta=13446.715073 
CHI2 before optimization:   6.0739 
Execution time: 0.01 seconds
Minimization using L-BFGS-B successful (iterations:5)
CHI2 after optimization:   6.0495 
Fraction of effective frames:   1.0000 
Warm start
Optimizing 30 data and 16080 samples. Theta=20000.000000 
CHI2 before optimization:   6.0739 
Execution time: 0.02 seconds
Minimization using L-BFGS-B successful (iterations:2)
CHI2 after optimization:   6.0554 
Fraction of effective frames:   1.0000 
