Lagrange multipliers initialized from zero
Optimizing 72 data and 16080 samples. Theta=0.200000 
CHI2 before optimization:   9.8122 
Execution time: 2.21 seconds
Minimization using L-BFGS-B successful (iterations:236)
CHI2 after optimization:   1.6607 
Fraction of effective frames:   0.0013 
Warm start
Optimizing 72 data and 16080 samples. Theta=0.297470 
CHI2 before optimization:   9.8122 
Execution time: 1.43 seconds
Minimization using L-BFGS-B successful (iterations:165)
CHI2 after optimization:   1.6608 
Fraction of effective frames:   0.0013 
Warm start
Optimizing 72 data and 16080 samples. Theta=0.442443 
CHI2 before optimization:   9.8122 
Execution time: 0.99 seconds
Minimization using L-BFGS-B successful (iterations:125)
CHI2 after optimization:   1.6609 
Fraction of effective frames:   0.0013 
Warm start
Optimizing 72 data and 16080 samples. Theta=0.658069 
CHI2 before optimization:   9.8122 
Execution time: 0.92 seconds
Minimization using L-BFGS-B successful (iterations:107)
CHI2 after optimization:   1.6612 
Fraction of effective frames:   0.0013 
Warm start
Optimizing 72 data and 16080 samples. Theta=0.978780 
CHI2 before optimization:   9.8122 
Execution time: 0.72 seconds
Minimization using L-BFGS-B successful (iterations:87)
CHI2 after optimization:   1.6619 
Fraction of effective frames:   0.0013 
Warm start
Optimizing 72 data and 16080 samples. Theta=1.455791 
CHI2 before optimization:   9.8122 
Execution time: 0.54 seconds
Minimization using L-BFGS-B successful (iterations:65)
CHI2 after optimization:   1.6638 
Fraction of effective frames:   0.0014 
Warm start
Optimizing 72 data and 16080 samples. Theta=2.165273 
CHI2 before optimization:   9.8122 
Execution time: 0.45 seconds
Minimization using L-BFGS-B successful (iterations:53)
CHI2 after optimization:   1.6686 
Fraction of effective frames:   0.0016 
Warm start
Optimizing 72 data and 16080 samples. Theta=3.220524 
CHI2 before optimization:   9.8122 
Execution time: 0.34 seconds
Minimization using L-BFGS-B successful (iterations:40)
CHI2 after optimization:   1.6809 
Fraction of effective frames:   0.0018 
Warm start
Optimizing 72 data and 16080 samples. Theta=4.790053 
CHI2 before optimization:   9.8122 
Execution time: 0.28 seconds
Minimization using L-BFGS-B successful (iterations:33)
CHI2 after optimization:   1.7137 
Fraction of effective frames:   0.0025 
Warm start
Optimizing 72 data and 16080 samples. Theta=7.124496 
CHI2 before optimization:   9.8122 
Execution time: 0.25 seconds
Minimization using L-BFGS-B successful (iterations:29)
CHI2 after optimization:   1.7989 
Fraction of effective frames:   0.0041 
Warm start
Optimizing 72 data and 16080 samples. Theta=10.596634 
CHI2 before optimization:   9.8122 
Execution time: 0.20 seconds
Minimization using L-BFGS-B successful (iterations:22)
CHI2 after optimization:   1.9840 
Fraction of effective frames:   0.0088 
Warm start
Optimizing 72 data and 16080 samples. Theta=15.760926 
CHI2 before optimization:   9.8122 
Execution time: 0.17 seconds
Minimization using L-BFGS-B successful (iterations:17)
CHI2 after optimization:   2.3097 
Fraction of effective frames:   0.0215 
Warm start
Optimizing 72 data and 16080 samples. Theta=23.442046 
CHI2 before optimization:   9.8122 
Execution time: 0.16 seconds
Minimization using L-BFGS-B successful (iterations:17)
CHI2 after optimization:   2.8081 
Fraction of effective frames:   0.0545 
Warm start
Optimizing 72 data and 16080 samples. Theta=34.866576 
CHI2 before optimization:   9.8122 
Execution time: 0.13 seconds
Minimization using L-BFGS-B successful (iterations:15)
CHI2 after optimization:   3.5016 
Fraction of effective frames:   0.1302 
Warm start
Optimizing 72 data and 16080 samples. Theta=51.858876 
CHI2 before optimization:   9.8122 
Execution time: 0.13 seconds
Minimization using L-BFGS-B successful (iterations:16)
CHI2 after optimization:   4.3552 
Fraction of effective frames:   0.2686 
Warm start
Optimizing 72 data and 16080 samples. Theta=77.132408 
CHI2 before optimization:   9.8122 
Execution time: 0.15 seconds
Minimization using L-BFGS-B successful (iterations:16)
CHI2 after optimization:   5.2574 
Fraction of effective frames:   0.4505 
Warm start
Optimizing 72 data and 16080 samples. Theta=114.723050 
CHI2 before optimization:   9.8122 
Execution time: 0.18 seconds
Minimization using L-BFGS-B successful (iterations:16)
CHI2 after optimization:   6.1172 
Fraction of effective frames:   0.6279 
Warm start
Optimizing 72 data and 16080 samples. Theta=170.633570 
CHI2 before optimization:   9.8122 
Execution time: 0.17 seconds
Minimization using L-BFGS-B successful (iterations:17)
CHI2 after optimization:   6.9004 
Fraction of effective frames:   0.7697 
Warm start
Optimizing 72 data and 16080 samples. Theta=253.792201 
CHI2 before optimization:   9.8122 
Execution time: 0.16 seconds
Minimization using L-BFGS-B successful (iterations:16)
CHI2 after optimization:   7.5909 
Fraction of effective frames:   0.8685 
Warm start
Optimizing 72 data and 16080 samples. Theta=377.478364 
CHI2 before optimization:   9.8122 
Execution time: 0.15 seconds
Minimization using L-BFGS-B successful (iterations:17)
CHI2 after optimization:   8.1712 
Fraction of effective frames:   0.9300 
Warm start
Optimizing 72 data and 16080 samples. Theta=561.443241 
CHI2 before optimization:   9.8122 
Execution time: 0.14 seconds
Minimization using L-BFGS-B successful (iterations:17)
CHI2 after optimization:   8.6328 
Fraction of effective frames:   0.9647 
Warm start
Optimizing 72 data and 16080 samples. Theta=835.063787 
CHI2 before optimization:   9.8122 
Execution time: 0.13 seconds
Minimization using L-BFGS-B successful (iterations:15)
CHI2 after optimization:   8.9818 
Fraction of effective frames:   0.9828 
Warm start
Optimizing 72 data and 16080 samples. Theta=1242.033884 
CHI2 before optimization:   9.8122 
Execution time: 0.13 seconds
Minimization using L-BFGS-B successful (iterations:15)
CHI2 after optimization:   9.2360 
Fraction of effective frames:   0.9919 
Warm start
Optimizing 72 data and 16080 samples. Theta=1847.341714 
CHI2 before optimization:   9.8122 
Execution time: 0.14 seconds
Minimization using L-BFGS-B successful (iterations:14)
CHI2 after optimization:   9.4164 
Fraction of effective frames:   0.9962 
Warm start
Optimizing 72 data and 16080 samples. Theta=2747.647592 
CHI2 before optimization:   9.8122 
Execution time: 0.12 seconds
Minimization using L-BFGS-B successful (iterations:12)
CHI2 after optimization:   9.5421 
Fraction of effective frames:   0.9982 
Warm start
Optimizing 72 data and 16080 samples. Theta=4086.719436 
CHI2 before optimization:   9.8122 
Execution time: 0.12 seconds
Minimization using L-BFGS-B successful (iterations:12)
CHI2 after optimization:   9.6288 
Fraction of effective frames:   0.9992 
Warm start
Optimizing 72 data and 16080 samples. Theta=6078.390765 
CHI2 before optimization:   9.8122 
Execution time: 0.12 seconds
Minimization using L-BFGS-B successful (iterations:11)
CHI2 after optimization:   9.6879 
Fraction of effective frames:   0.9996 
Warm start
Optimizing 72 data and 16080 samples. Theta=9040.707313 
CHI2 before optimization:   9.8122 
Execution time: 0.13 seconds
Minimization using L-BFGS-B successful (iterations:10)
CHI2 after optimization:   9.7278 
Fraction of effective frames:   0.9998 
Warm start
Optimizing 72 data and 16080 samples. Theta=13446.715073 
CHI2 before optimization:   9.8122 
Execution time: 0.10 seconds
Minimization using L-BFGS-B successful (iterations:8)
CHI2 after optimization:   9.7547 
Fraction of effective frames:   0.9999 
Warm start
Optimizing 72 data and 16080 samples. Theta=20000.000000 
CHI2 before optimization:   9.8122 
Execution time: 0.09 seconds
Minimization using L-BFGS-B successful (iterations:8)
CHI2 after optimization:   9.7734 
Fraction of effective frames:   1.0000 
