Lagrange multipliers initialized from zero
Optimizing 85 data and 16080 samples. Theta=0.200000 
CHI2 before optimization:   1.2915 
Execution time: 0.71 seconds
Minimization using L-BFGS-B successful (iterations:73)
CHI2 after optimization:   0.2541 
Fraction of effective frames:   0.0014 
Warm start
Optimizing 85 data and 16080 samples. Theta=0.297470 
CHI2 before optimization:   1.2915 
Execution time: 0.64 seconds
Minimization using L-BFGS-B successful (iterations:56)
CHI2 after optimization:   0.2550 
Fraction of effective frames:   0.0016 
Warm start
Optimizing 85 data and 16080 samples. Theta=0.442443 
CHI2 before optimization:   1.2915 
Execution time: 0.52 seconds
Minimization using L-BFGS-B successful (iterations:44)
CHI2 after optimization:   0.2574 
Fraction of effective frames:   0.0021 
Warm start
Optimizing 85 data and 16080 samples. Theta=0.658069 
CHI2 before optimization:   1.2915 
Execution time: 0.43 seconds
Minimization using L-BFGS-B successful (iterations:36)
CHI2 after optimization:   0.2635 
Fraction of effective frames:   0.0033 
Warm start
Optimizing 85 data and 16080 samples. Theta=0.978780 
CHI2 before optimization:   1.2915 
Execution time: 0.28 seconds
Minimization using L-BFGS-B successful (iterations:26)
CHI2 after optimization:   0.2768 
Fraction of effective frames:   0.0067 
Warm start
Optimizing 85 data and 16080 samples. Theta=1.455791 
CHI2 before optimization:   1.2915 
Execution time: 0.23 seconds
Minimization using L-BFGS-B successful (iterations:22)
CHI2 after optimization:   0.3005 
Fraction of effective frames:   0.0154 
Warm start
Optimizing 85 data and 16080 samples. Theta=2.165273 
CHI2 before optimization:   1.2915 
Execution time: 0.20 seconds
Minimization using L-BFGS-B successful (iterations:19)
CHI2 after optimization:   0.3352 
Fraction of effective frames:   0.0353 
Warm start
Optimizing 85 data and 16080 samples. Theta=3.220524 
CHI2 before optimization:   1.2915 
Execution time: 0.19 seconds
Minimization using L-BFGS-B successful (iterations:16)
CHI2 after optimization:   0.3815 
Fraction of effective frames:   0.0743 
Warm start
Optimizing 85 data and 16080 samples. Theta=4.790053 
CHI2 before optimization:   1.2915 
Execution time: 0.16 seconds
Minimization using L-BFGS-B successful (iterations:15)
CHI2 after optimization:   0.4424 
Fraction of effective frames:   0.1435 
Warm start
Optimizing 85 data and 16080 samples. Theta=7.124496 
CHI2 before optimization:   1.2915 
Execution time: 0.15 seconds
Minimization using L-BFGS-B successful (iterations:14)
CHI2 after optimization:   0.5207 
Fraction of effective frames:   0.2534 
Warm start
Optimizing 85 data and 16080 samples. Theta=10.596634 
CHI2 before optimization:   1.2915 
Execution time: 0.17 seconds
Minimization using L-BFGS-B successful (iterations:15)
CHI2 after optimization:   0.6170 
Fraction of effective frames:   0.4059 
Warm start
Optimizing 85 data and 16080 samples. Theta=15.760926 
CHI2 before optimization:   1.2915 
Execution time: 0.15 seconds
Minimization using L-BFGS-B successful (iterations:15)
CHI2 after optimization:   0.7246 
Fraction of effective frames:   0.5794 
Warm start
Optimizing 85 data and 16080 samples. Theta=23.442046 
CHI2 before optimization:   1.2915 
Execution time: 0.17 seconds
Minimization using L-BFGS-B successful (iterations:16)
CHI2 after optimization:   0.8297 
Fraction of effective frames:   0.7326 
Warm start
Optimizing 85 data and 16080 samples. Theta=34.866576 
CHI2 before optimization:   1.2915 
Execution time: 0.15 seconds
Minimization using L-BFGS-B successful (iterations:15)
CHI2 after optimization:   0.9213 
Fraction of effective frames:   0.8408 
Warm start
Optimizing 85 data and 16080 samples. Theta=51.858876 
CHI2 before optimization:   1.2915 
Execution time: 0.18 seconds
Minimization using L-BFGS-B successful (iterations:16)
CHI2 after optimization:   0.9974 
Fraction of effective frames:   0.9082 
Warm start
Optimizing 85 data and 16080 samples. Theta=77.132408 
CHI2 before optimization:   1.2915 
Execution time: 0.19 seconds
Minimization using L-BFGS-B successful (iterations:16)
CHI2 after optimization:   1.0612 
Fraction of effective frames:   0.9484 
Warm start
Optimizing 85 data and 16080 samples. Theta=114.723050 
CHI2 before optimization:   1.2915 
Execution time: 0.20 seconds
Minimization using L-BFGS-B successful (iterations:17)
CHI2 after optimization:   1.1146 
Fraction of effective frames:   0.9718 
Warm start
Optimizing 85 data and 16080 samples. Theta=170.633570 
CHI2 before optimization:   1.2915 
Execution time: 0.18 seconds
Minimization using L-BFGS-B successful (iterations:17)
CHI2 after optimization:   1.1590 
Fraction of effective frames:   0.9852 
Warm start
Optimizing 85 data and 16080 samples. Theta=253.792201 
CHI2 before optimization:   1.2915 
Execution time: 0.17 seconds
Minimization using L-BFGS-B successful (iterations:16)
CHI2 after optimization:   1.1947 
Fraction of effective frames:   0.9925 
Warm start
Optimizing 85 data and 16080 samples. Theta=377.478364 
CHI2 before optimization:   1.2915 
Execution time: 0.15 seconds
Minimization using L-BFGS-B successful (iterations:15)
CHI2 after optimization:   1.2223 
Fraction of effective frames:   0.9963 
Warm start
Optimizing 85 data and 16080 samples. Theta=561.443241 
CHI2 before optimization:   1.2915 
Execution time: 0.13 seconds
Minimization using L-BFGS-B successful (iterations:14)
CHI2 after optimization:   1.2429 
Fraction of effective frames:   0.9982 
Warm start
Optimizing 85 data and 16080 samples. Theta=835.063787 
CHI2 before optimization:   1.2915 
Execution time: 0.13 seconds
Minimization using L-BFGS-B successful (iterations:13)
CHI2 after optimization:   1.2578 
Fraction of effective frames:   0.9992 
Warm start
Optimizing 85 data and 16080 samples. Theta=1242.033884 
CHI2 before optimization:   1.2915 
Execution time: 0.13 seconds
Minimization using L-BFGS-B successful (iterations:12)
CHI2 after optimization:   1.2684 
Fraction of effective frames:   0.9996 
Warm start
Optimizing 85 data and 16080 samples. Theta=1847.341714 
CHI2 before optimization:   1.2915 
Execution time: 0.12 seconds
Minimization using L-BFGS-B successful (iterations:10)
CHI2 after optimization:   1.2757 
Fraction of effective frames:   0.9998 
Warm start
Optimizing 85 data and 16080 samples. Theta=2747.647592 
CHI2 before optimization:   1.2915 
Execution time: 0.12 seconds
Minimization using L-BFGS-B successful (iterations:10)
CHI2 after optimization:   1.2807 
Fraction of effective frames:   0.9999 
Warm start
Optimizing 85 data and 16080 samples. Theta=4086.719436 
CHI2 before optimization:   1.2915 
Execution time: 0.09 seconds
Minimization using L-BFGS-B successful (iterations:8)
CHI2 after optimization:   1.2841 
Fraction of effective frames:   1.0000 
Warm start
Optimizing 85 data and 16080 samples. Theta=6078.390765 
CHI2 before optimization:   1.2915 
Execution time: 0.08 seconds
Minimization using L-BFGS-B successful (iterations:8)
CHI2 after optimization:   1.2865 
Fraction of effective frames:   1.0000 
Warm start
Optimizing 85 data and 16080 samples. Theta=9040.707313 
CHI2 before optimization:   1.2915 
Execution time: 0.07 seconds
Minimization using L-BFGS-B successful (iterations:6)
CHI2 after optimization:   1.2882 
Fraction of effective frames:   1.0000 
Warm start
Optimizing 85 data and 16080 samples. Theta=13446.715073 
CHI2 before optimization:   1.2915 
Execution time: 0.07 seconds
Minimization using L-BFGS-B successful (iterations:5)
CHI2 after optimization:   1.2892 
Fraction of effective frames:   1.0000 
Warm start
Optimizing 85 data and 16080 samples. Theta=20000.000000 
CHI2 before optimization:   1.2915 
Execution time: 0.05 seconds
Minimization using L-BFGS-B successful (iterations:5)
CHI2 after optimization:   1.2900 
Fraction of effective frames:   1.0000 
