Lagrange multipliers initialized from zero
Optimizing 86 data and 16080 samples. Theta=0.200000 
CHI2 before optimization:   2.9159 
Execution time: 0.93 seconds
Minimization using L-BFGS-B successful (iterations:94)
CHI2 after optimization:   0.1378 
Fraction of effective frames:   0.0014 
Warm start
Optimizing 86 data and 16080 samples. Theta=0.297470 
CHI2 before optimization:   2.9159 
Execution time: 0.67 seconds
Minimization using L-BFGS-B successful (iterations:67)
CHI2 after optimization:   0.1382 
Fraction of effective frames:   0.0015 
Warm start
Optimizing 86 data and 16080 samples. Theta=0.442443 
CHI2 before optimization:   2.9159 
Execution time: 0.53 seconds
Minimization using L-BFGS-B successful (iterations:54)
CHI2 after optimization:   0.1390 
Fraction of effective frames:   0.0017 
Warm start
Optimizing 86 data and 16080 samples. Theta=0.658069 
CHI2 before optimization:   2.9159 
Execution time: 0.46 seconds
Minimization using L-BFGS-B successful (iterations:46)
CHI2 after optimization:   0.1411 
Fraction of effective frames:   0.0019 
Warm start
Optimizing 86 data and 16080 samples. Theta=0.978780 
CHI2 before optimization:   2.9159 
Execution time: 0.37 seconds
Minimization using L-BFGS-B successful (iterations:33)
CHI2 after optimization:   0.1459 
Fraction of effective frames:   0.0025 
Warm start
Optimizing 86 data and 16080 samples. Theta=1.455791 
CHI2 before optimization:   2.9159 
Execution time: 0.28 seconds
Minimization using L-BFGS-B successful (iterations:25)
CHI2 after optimization:   0.1565 
Fraction of effective frames:   0.0036 
Warm start
Optimizing 86 data and 16080 samples. Theta=2.165273 
CHI2 before optimization:   2.9159 
Execution time: 0.25 seconds
Minimization using L-BFGS-B successful (iterations:23)
CHI2 after optimization:   0.1780 
Fraction of effective frames:   0.0061 
Warm start
Optimizing 86 data and 16080 samples. Theta=3.220524 
CHI2 before optimization:   2.9159 
Execution time: 0.25 seconds
Minimization using L-BFGS-B successful (iterations:20)
CHI2 after optimization:   0.2173 
Fraction of effective frames:   0.0114 
Warm start
Optimizing 86 data and 16080 samples. Theta=4.790053 
CHI2 before optimization:   2.9159 
Execution time: 0.21 seconds
Minimization using L-BFGS-B successful (iterations:17)
CHI2 after optimization:   0.2814 
Fraction of effective frames:   0.0229 
Warm start
Optimizing 86 data and 16080 samples. Theta=7.124496 
CHI2 before optimization:   2.9159 
Execution time: 0.20 seconds
Minimization using L-BFGS-B successful (iterations:16)
CHI2 after optimization:   0.3774 
Fraction of effective frames:   0.0463 
Warm start
Optimizing 86 data and 16080 samples. Theta=10.596634 
CHI2 before optimization:   2.9159 
Execution time: 0.19 seconds
Minimization using L-BFGS-B successful (iterations:18)
CHI2 after optimization:   0.5134 
Fraction of effective frames:   0.0905 
Warm start
Optimizing 86 data and 16080 samples. Theta=15.760926 
CHI2 before optimization:   2.9159 
Execution time: 0.22 seconds
Minimization using L-BFGS-B successful (iterations:19)
CHI2 after optimization:   0.6974 
Fraction of effective frames:   0.1666 
Warm start
Optimizing 86 data and 16080 samples. Theta=23.442046 
CHI2 before optimization:   2.9159 
Execution time: 0.23 seconds
Minimization using L-BFGS-B successful (iterations:19)
CHI2 after optimization:   0.9378 
Fraction of effective frames:   0.2849 
Warm start
Optimizing 86 data and 16080 samples. Theta=34.866576 
CHI2 before optimization:   2.9159 
Execution time: 0.22 seconds
Minimization using L-BFGS-B successful (iterations:20)
CHI2 after optimization:   1.2346 
Fraction of effective frames:   0.4455 
Warm start
Optimizing 86 data and 16080 samples. Theta=51.858876 
CHI2 before optimization:   2.9159 
Execution time: 0.22 seconds
Minimization using L-BFGS-B successful (iterations:20)
CHI2 after optimization:   1.5638 
Fraction of effective frames:   0.6226 
Warm start
Optimizing 86 data and 16080 samples. Theta=77.132408 
CHI2 before optimization:   2.9159 
Execution time: 0.20 seconds
Minimization using L-BFGS-B successful (iterations:20)
CHI2 after optimization:   1.8804 
Fraction of effective frames:   0.7739 
Warm start
Optimizing 86 data and 16080 samples. Theta=114.723050 
CHI2 before optimization:   2.9159 
Execution time: 0.22 seconds
Minimization using L-BFGS-B successful (iterations:20)
CHI2 after optimization:   2.1495 
Fraction of effective frames:   0.8767 
Warm start
Optimizing 86 data and 16080 samples. Theta=170.633570 
CHI2 before optimization:   2.9159 
Execution time: 0.22 seconds
Minimization using L-BFGS-B successful (iterations:20)
CHI2 after optimization:   2.3618 
Fraction of effective frames:   0.9367 
Warm start
Optimizing 86 data and 16080 samples. Theta=253.792201 
CHI2 before optimization:   2.9159 
Execution time: 0.22 seconds
Minimization using L-BFGS-B successful (iterations:20)
CHI2 after optimization:   2.5216 
Fraction of effective frames:   0.9687 
Warm start
Optimizing 86 data and 16080 samples. Theta=377.478364 
CHI2 before optimization:   2.9159 
Execution time: 0.25 seconds
Minimization using L-BFGS-B successful (iterations:21)
CHI2 after optimization:   2.6391 
Fraction of effective frames:   0.9849 
Warm start
Optimizing 86 data and 16080 samples. Theta=561.443241 
CHI2 before optimization:   2.9159 
Execution time: 0.20 seconds
Minimization using L-BFGS-B successful (iterations:19)
CHI2 after optimization:   2.7238 
Fraction of effective frames:   0.9929 
Warm start
Optimizing 86 data and 16080 samples. Theta=835.063787 
CHI2 before optimization:   2.9159 
Execution time: 0.18 seconds
Minimization using L-BFGS-B successful (iterations:17)
CHI2 after optimization:   2.7836 
Fraction of effective frames:   0.9967 
Warm start
Optimizing 86 data and 16080 samples. Theta=1242.033884 
CHI2 before optimization:   2.9159 
Execution time: 0.18 seconds
Minimization using L-BFGS-B successful (iterations:17)
CHI2 after optimization:   2.8255 
Fraction of effective frames:   0.9985 
Warm start
Optimizing 86 data and 16080 samples. Theta=1847.341714 
CHI2 before optimization:   2.9159 
Execution time: 0.19 seconds
Minimization using L-BFGS-B successful (iterations:16)
CHI2 after optimization:   2.8544 
Fraction of effective frames:   0.9993 
Warm start
Optimizing 86 data and 16080 samples. Theta=2747.647592 
CHI2 before optimization:   2.9159 
Execution time: 0.17 seconds
Minimization using L-BFGS-B successful (iterations:14)
CHI2 after optimization:   2.8741 
Fraction of effective frames:   0.9997 
Warm start
Optimizing 86 data and 16080 samples. Theta=4086.719436 
CHI2 before optimization:   2.9159 
Execution time: 0.15 seconds
Minimization using L-BFGS-B successful (iterations:13)
CHI2 after optimization:   2.8876 
Fraction of effective frames:   0.9999 
Warm start
Optimizing 86 data and 16080 samples. Theta=6078.390765 
CHI2 before optimization:   2.9159 
Execution time: 0.12 seconds
Minimization using L-BFGS-B successful (iterations:10)
CHI2 after optimization:   2.8968 
Fraction of effective frames:   0.9999 
Warm start
Optimizing 86 data and 16080 samples. Theta=9040.707313 
CHI2 before optimization:   2.9159 
Execution time: 0.10 seconds
Minimization using L-BFGS-B successful (iterations:9)
CHI2 after optimization:   2.9030 
Fraction of effective frames:   1.0000 
Warm start
Optimizing 86 data and 16080 samples. Theta=13446.715073 
CHI2 before optimization:   2.9159 
Execution time: 0.10 seconds
Minimization using L-BFGS-B successful (iterations:7)
CHI2 after optimization:   2.9070 
Fraction of effective frames:   1.0000 
Warm start
Optimizing 86 data and 16080 samples. Theta=20000.000000 
CHI2 before optimization:   2.9159 
Execution time: 0.05 seconds
Minimization using L-BFGS-B successful (iterations:4)
CHI2 after optimization:   2.9097 
Fraction of effective frames:   1.0000 
