Lagrange multipliers initialized from zero
Optimizing 34 data and 16080 samples. Theta=0.200000 
CHI2 before optimization:   7.0210 
Execution time: 0.58 seconds
Minimization using L-BFGS-B successful (iterations:115)
CHI2 after optimization:   0.1870 
Fraction of effective frames:   0.0010 
Warm start
Optimizing 34 data and 16080 samples. Theta=0.297470 
CHI2 before optimization:   7.0210 
Execution time: 0.35 seconds
Minimization using L-BFGS-B successful (iterations:82)
CHI2 after optimization:   0.1878 
Fraction of effective frames:   0.0011 
Warm start
Optimizing 34 data and 16080 samples. Theta=0.442443 
CHI2 before optimization:   7.0210 
Execution time: 0.29 seconds
Minimization using L-BFGS-B successful (iterations:59)
CHI2 after optimization:   0.1903 
Fraction of effective frames:   0.0012 
Warm start
Optimizing 34 data and 16080 samples. Theta=0.658069 
CHI2 before optimization:   7.0210 
Execution time: 0.23 seconds
Minimization using L-BFGS-B successful (iterations:51)
CHI2 after optimization:   0.1973 
Fraction of effective frames:   0.0015 
Warm start
Optimizing 34 data and 16080 samples. Theta=0.978780 
CHI2 before optimization:   7.0210 
Execution time: 0.17 seconds
Minimization using L-BFGS-B successful (iterations:37)
CHI2 after optimization:   0.2133 
Fraction of effective frames:   0.0020 
Warm start
Optimizing 34 data and 16080 samples. Theta=1.455791 
CHI2 before optimization:   7.0210 
Execution time: 0.14 seconds
Minimization using L-BFGS-B successful (iterations:27)
CHI2 after optimization:   0.2462 
Fraction of effective frames:   0.0032 
Warm start
Optimizing 34 data and 16080 samples. Theta=2.165273 
CHI2 before optimization:   7.0210 
Execution time: 0.10 seconds
Minimization using L-BFGS-B successful (iterations:22)
CHI2 after optimization:   0.3100 
Fraction of effective frames:   0.0059 
Warm start
Optimizing 34 data and 16080 samples. Theta=3.220524 
CHI2 before optimization:   7.0210 
Execution time: 0.10 seconds
Minimization using L-BFGS-B successful (iterations:19)
CHI2 after optimization:   0.4216 
Fraction of effective frames:   0.0121 
Warm start
Optimizing 34 data and 16080 samples. Theta=4.790053 
CHI2 before optimization:   7.0210 
Execution time: 0.07 seconds
Minimization using L-BFGS-B successful (iterations:15)
CHI2 after optimization:   0.5983 
Fraction of effective frames:   0.0257 
Warm start
Optimizing 34 data and 16080 samples. Theta=7.124496 
CHI2 before optimization:   7.0210 
Execution time: 0.07 seconds
Minimization using L-BFGS-B successful (iterations:14)
CHI2 after optimization:   0.8585 
Fraction of effective frames:   0.0547 
Warm start
Optimizing 34 data and 16080 samples. Theta=10.596634 
CHI2 before optimization:   7.0210 
Execution time: 0.06 seconds
Minimization using L-BFGS-B successful (iterations:12)
CHI2 after optimization:   1.2187 
Fraction of effective frames:   0.1104 
Warm start
Optimizing 34 data and 16080 samples. Theta=15.760926 
CHI2 before optimization:   7.0210 
Execution time: 0.05 seconds
Minimization using L-BFGS-B successful (iterations:11)
CHI2 after optimization:   1.6900 
Fraction of effective frames:   0.2050 
Warm start
Optimizing 34 data and 16080 samples. Theta=23.442046 
CHI2 before optimization:   7.0210 
Execution time: 0.07 seconds
Minimization using L-BFGS-B successful (iterations:12)
CHI2 after optimization:   2.2679 
Fraction of effective frames:   0.3419 
Warm start
Optimizing 34 data and 16080 samples. Theta=34.866576 
CHI2 before optimization:   7.0210 
Execution time: 0.05 seconds
Minimization using L-BFGS-B successful (iterations:12)
CHI2 after optimization:   2.9187 
Fraction of effective frames:   0.5043 
Warm start
Optimizing 34 data and 16080 samples. Theta=51.858876 
CHI2 before optimization:   7.0210 
Execution time: 0.06 seconds
Minimization using L-BFGS-B successful (iterations:11)
CHI2 after optimization:   3.5846 
Fraction of effective frames:   0.6594 
Warm start
Optimizing 34 data and 16080 samples. Theta=77.132408 
CHI2 before optimization:   7.0210 
Execution time: 0.07 seconds
Minimization using L-BFGS-B successful (iterations:12)
CHI2 after optimization:   4.2221 
Fraction of effective frames:   0.7839 
Warm start
Optimizing 34 data and 16080 samples. Theta=114.723050 
CHI2 before optimization:   7.0210 
Execution time: 0.05 seconds
Minimization using L-BFGS-B successful (iterations:12)
CHI2 after optimization:   4.8045 
Fraction of effective frames:   0.8719 
Warm start
Optimizing 34 data and 16080 samples. Theta=170.633570 
CHI2 before optimization:   7.0210 
Execution time: 0.07 seconds
Minimization using L-BFGS-B successful (iterations:12)
CHI2 after optimization:   5.3138 
Fraction of effective frames:   0.9283 
Warm start
Optimizing 34 data and 16080 samples. Theta=253.792201 
CHI2 before optimization:   7.0210 
Execution time: 0.07 seconds
Minimization using L-BFGS-B successful (iterations:13)
CHI2 after optimization:   5.7422 
Fraction of effective frames:   0.9618 
Warm start
Optimizing 34 data and 16080 samples. Theta=377.478364 
CHI2 before optimization:   7.0210 
Execution time: 0.05 seconds
Minimization using L-BFGS-B successful (iterations:12)
CHI2 after optimization:   6.0878 
Fraction of effective frames:   0.9805 
Warm start
Optimizing 34 data and 16080 samples. Theta=561.443241 
CHI2 before optimization:   7.0210 
Execution time: 0.05 seconds
Minimization using L-BFGS-B successful (iterations:13)
CHI2 after optimization:   6.3556 
Fraction of effective frames:   0.9904 
Warm start
Optimizing 34 data and 16080 samples. Theta=835.063787 
CHI2 before optimization:   7.0210 
Execution time: 0.07 seconds
Minimization using L-BFGS-B successful (iterations:13)
CHI2 after optimization:   6.5549 
Fraction of effective frames:   0.9954 
Warm start
Optimizing 34 data and 16080 samples. Theta=1242.033884 
CHI2 before optimization:   7.0210 
Execution time: 0.07 seconds
Minimization using L-BFGS-B successful (iterations:12)
CHI2 after optimization:   6.6983 
Fraction of effective frames:   0.9978 
Warm start
Optimizing 34 data and 16080 samples. Theta=1847.341714 
CHI2 before optimization:   7.0210 
Execution time: 0.05 seconds
Minimization using L-BFGS-B successful (iterations:12)
CHI2 after optimization:   6.8002 
Fraction of effective frames:   0.9990 
Warm start
Optimizing 34 data and 16080 samples. Theta=2747.647592 
CHI2 before optimization:   7.0210 
Execution time: 0.05 seconds
Minimization using L-BFGS-B successful (iterations:11)
CHI2 after optimization:   6.8696 
Fraction of effective frames:   0.9995 
Warm start
Optimizing 34 data and 16080 samples. Theta=4086.719436 
CHI2 before optimization:   7.0210 
Execution time: 0.05 seconds
Minimization using L-BFGS-B successful (iterations:11)
CHI2 after optimization:   6.9190 
Fraction of effective frames:   0.9998 
Warm start
Optimizing 34 data and 16080 samples. Theta=6078.390765 
CHI2 before optimization:   7.0210 
Execution time: 0.03 seconds
Minimization using L-BFGS-B successful (iterations:9)
CHI2 after optimization:   6.9515 
Fraction of effective frames:   0.9999 
Warm start
Optimizing 34 data and 16080 samples. Theta=9040.707313 
CHI2 before optimization:   7.0210 
Execution time: 0.05 seconds
Minimization using L-BFGS-B successful (iterations:8)
CHI2 after optimization:   6.9747 
Fraction of effective frames:   1.0000 
Warm start
Optimizing 34 data and 16080 samples. Theta=13446.715073 
CHI2 before optimization:   7.0210 
Execution time: 0.04 seconds
Minimization using L-BFGS-B successful (iterations:7)
CHI2 after optimization:   6.9897 
Fraction of effective frames:   1.0000 
Warm start
Optimizing 34 data and 16080 samples. Theta=20000.000000 
CHI2 before optimization:   7.0210 
Execution time: 0.03 seconds
Minimization using L-BFGS-B successful (iterations:6)
CHI2 after optimization:   6.9996 
Fraction of effective frames:   1.0000 
