Lagrange multipliers initialized from zero
Optimizing 36 data and 16080 samples. Theta=0.200000 
CHI2 before optimization:   9.4173 
Execution time: 0.63 seconds
Minimization using L-BFGS-B successful (iterations:131)
CHI2 after optimization:   0.8830 
Fraction of effective frames:   0.0012 
Warm start
Optimizing 36 data and 16080 samples. Theta=0.297470 
CHI2 before optimization:   9.4173 
Execution time: 0.43 seconds
Minimization using L-BFGS-B successful (iterations:88)
CHI2 after optimization:   0.8835 
Fraction of effective frames:   0.0012 
Warm start
Optimizing 36 data and 16080 samples. Theta=0.442443 
CHI2 before optimization:   9.4173 
Execution time: 0.33 seconds
Minimization using L-BFGS-B successful (iterations:69)
CHI2 after optimization:   0.8846 
Fraction of effective frames:   0.0013 
Warm start
Optimizing 36 data and 16080 samples. Theta=0.658069 
CHI2 before optimization:   9.4173 
Execution time: 0.25 seconds
Minimization using L-BFGS-B successful (iterations:52)
CHI2 after optimization:   0.8876 
Fraction of effective frames:   0.0014 
Warm start
Optimizing 36 data and 16080 samples. Theta=0.978780 
CHI2 before optimization:   9.4173 
Execution time: 0.20 seconds
Minimization using L-BFGS-B successful (iterations:43)
CHI2 after optimization:   0.8945 
Fraction of effective frames:   0.0016 
Warm start
Optimizing 36 data and 16080 samples. Theta=1.455791 
CHI2 before optimization:   9.4173 
Execution time: 0.18 seconds
Minimization using L-BFGS-B successful (iterations:34)
CHI2 after optimization:   0.9093 
Fraction of effective frames:   0.0020 
Warm start
Optimizing 36 data and 16080 samples. Theta=2.165273 
CHI2 before optimization:   9.4173 
Execution time: 0.15 seconds
Minimization using L-BFGS-B successful (iterations:29)
CHI2 after optimization:   0.9406 
Fraction of effective frames:   0.0028 
Warm start
Optimizing 36 data and 16080 samples. Theta=3.220524 
CHI2 before optimization:   9.4173 
Execution time: 0.10 seconds
Minimization using L-BFGS-B successful (iterations:22)
CHI2 after optimization:   1.0094 
Fraction of effective frames:   0.0044 
Warm start
Optimizing 36 data and 16080 samples. Theta=4.790053 
CHI2 before optimization:   9.4173 
Execution time: 0.08 seconds
Minimization using L-BFGS-B successful (iterations:16)
CHI2 after optimization:   1.1542 
Fraction of effective frames:   0.0084 
Warm start
Optimizing 36 data and 16080 samples. Theta=7.124496 
CHI2 before optimization:   9.4173 
Execution time: 0.07 seconds
Minimization using L-BFGS-B successful (iterations:15)
CHI2 after optimization:   1.4176 
Fraction of effective frames:   0.0188 
Warm start
Optimizing 36 data and 16080 samples. Theta=10.596634 
CHI2 before optimization:   9.4173 
Execution time: 0.06 seconds
Minimization using L-BFGS-B successful (iterations:12)
CHI2 after optimization:   1.8362 
Fraction of effective frames:   0.0444 
Warm start
Optimizing 36 data and 16080 samples. Theta=15.760926 
CHI2 before optimization:   9.4173 
Execution time: 0.05 seconds
Minimization using L-BFGS-B successful (iterations:11)
CHI2 after optimization:   2.4360 
Fraction of effective frames:   0.1020 
Warm start
Optimizing 36 data and 16080 samples. Theta=23.442046 
CHI2 before optimization:   9.4173 
Execution time: 0.05 seconds
Minimization using L-BFGS-B successful (iterations:10)
CHI2 after optimization:   3.2100 
Fraction of effective frames:   0.2105 
Warm start
Optimizing 36 data and 16080 samples. Theta=34.866576 
CHI2 before optimization:   9.4173 
Execution time: 0.05 seconds
Minimization using L-BFGS-B successful (iterations:10)
CHI2 after optimization:   4.1043 
Fraction of effective frames:   0.3705 
Warm start
Optimizing 36 data and 16080 samples. Theta=51.858876 
CHI2 before optimization:   9.4173 
Execution time: 0.06 seconds
Minimization using L-BFGS-B successful (iterations:9)
CHI2 after optimization:   5.0399 
Fraction of effective frames:   0.5520 
Warm start
Optimizing 36 data and 16080 samples. Theta=77.132408 
CHI2 before optimization:   9.4173 
Execution time: 0.05 seconds
Minimization using L-BFGS-B successful (iterations:9)
CHI2 after optimization:   5.9347 
Fraction of effective frames:   0.7137 
Warm start
Optimizing 36 data and 16080 samples. Theta=114.723050 
CHI2 before optimization:   9.4173 
Execution time: 0.07 seconds
Minimization using L-BFGS-B successful (iterations:10)
CHI2 after optimization:   6.7303 
Fraction of effective frames:   0.8326 
Warm start
Optimizing 36 data and 16080 samples. Theta=170.633570 
CHI2 before optimization:   9.4173 
Execution time: 0.07 seconds
Minimization using L-BFGS-B successful (iterations:10)
CHI2 after optimization:   7.3997 
Fraction of effective frames:   0.9085 
Warm start
Optimizing 36 data and 16080 samples. Theta=253.792201 
CHI2 before optimization:   9.4173 
Execution time: 0.03 seconds
Minimization using L-BFGS-B successful (iterations:9)
CHI2 after optimization:   7.9388 
Fraction of effective frames:   0.9525 
Warm start
Optimizing 36 data and 16080 samples. Theta=377.478364 
CHI2 before optimization:   9.4173 
Execution time: 0.05 seconds
Minimization using L-BFGS-B successful (iterations:9)
CHI2 after optimization:   8.3567 
Fraction of effective frames:   0.9763 
Warm start
Optimizing 36 data and 16080 samples. Theta=561.443241 
CHI2 before optimization:   9.4173 
Execution time: 0.05 seconds
Minimization using L-BFGS-B successful (iterations:9)
CHI2 after optimization:   8.6696 
Fraction of effective frames:   0.9885 
Warm start
Optimizing 36 data and 16080 samples. Theta=835.063787 
CHI2 before optimization:   9.4173 
Execution time: 0.05 seconds
Minimization using L-BFGS-B successful (iterations:9)
CHI2 after optimization:   8.8973 
Fraction of effective frames:   0.9945 
Warm start
Optimizing 36 data and 16080 samples. Theta=1242.033884 
CHI2 before optimization:   9.4173 
Execution time: 0.05 seconds
Minimization using L-BFGS-B successful (iterations:8)
CHI2 after optimization:   9.0590 
Fraction of effective frames:   0.9974 
Warm start
Optimizing 36 data and 16080 samples. Theta=1847.341714 
CHI2 before optimization:   9.4173 
Execution time: 0.03 seconds
Minimization using L-BFGS-B successful (iterations:7)
CHI2 after optimization:   9.1725 
Fraction of effective frames:   0.9988 
Warm start
Optimizing 36 data and 16080 samples. Theta=2747.647592 
CHI2 before optimization:   9.4173 
Execution time: 0.03 seconds
Minimization using L-BFGS-B successful (iterations:7)
CHI2 after optimization:   9.2509 
Fraction of effective frames:   0.9995 
Warm start
Optimizing 36 data and 16080 samples. Theta=4086.719436 
CHI2 before optimization:   9.4173 
Execution time: 0.05 seconds
Minimization using L-BFGS-B successful (iterations:7)
CHI2 after optimization:   9.3045 
Fraction of effective frames:   0.9998 
Warm start
Optimizing 36 data and 16080 samples. Theta=6078.390765 
CHI2 before optimization:   9.4173 
Execution time: 0.04 seconds
Minimization using L-BFGS-B successful (iterations:6)
CHI2 after optimization:   9.3413 
Fraction of effective frames:   0.9999 
Warm start
Optimizing 36 data and 16080 samples. Theta=9040.707313 
CHI2 before optimization:   9.4173 
Execution time: 0.03 seconds
Minimization using L-BFGS-B successful (iterations:5)
CHI2 after optimization:   9.3655 
Fraction of effective frames:   0.9999 
Warm start
Optimizing 36 data and 16080 samples. Theta=13446.715073 
CHI2 before optimization:   9.4173 
Execution time: 0.03 seconds
Minimization using L-BFGS-B successful (iterations:4)
CHI2 after optimization:   9.3816 
Fraction of effective frames:   1.0000 
Warm start
Optimizing 36 data and 16080 samples. Theta=20000.000000 
CHI2 before optimization:   9.4173 
Execution time: 0.03 seconds
Minimization using L-BFGS-B successful (iterations:4)
CHI2 after optimization:   9.3935 
Fraction of effective frames:   1.0000 
