Lagrange multipliers initialized from zero
Optimizing 63 data and 16080 samples. Theta=0.200000 
CHI2 before optimization:   6.7173 
Execution time: 1.67 seconds
Minimization using L-BFGS-B successful (iterations:193)
CHI2 after optimization:   1.2880 
Fraction of effective frames:   0.0013 
Warm start
Optimizing 63 data and 16080 samples. Theta=0.297470 
CHI2 before optimization:   6.7173 
Execution time: 1.10 seconds
Minimization using L-BFGS-B successful (iterations:134)
CHI2 after optimization:   1.2881 
Fraction of effective frames:   0.0014 
Warm start
Optimizing 63 data and 16080 samples. Theta=0.442443 
CHI2 before optimization:   6.7173 
Execution time: 0.84 seconds
Minimization using L-BFGS-B successful (iterations:106)
CHI2 after optimization:   1.2885 
Fraction of effective frames:   0.0014 
Warm start
Optimizing 63 data and 16080 samples. Theta=0.658069 
CHI2 before optimization:   6.7173 
Execution time: 0.60 seconds
Minimization using L-BFGS-B successful (iterations:80)
CHI2 after optimization:   1.2894 
Fraction of effective frames:   0.0015 
Warm start
Optimizing 63 data and 16080 samples. Theta=0.978780 
CHI2 before optimization:   6.7173 
Execution time: 0.48 seconds
Minimization using L-BFGS-B successful (iterations:63)
CHI2 after optimization:   1.2920 
Fraction of effective frames:   0.0016 
Warm start
Optimizing 63 data and 16080 samples. Theta=1.455791 
CHI2 before optimization:   6.7173 
Execution time: 0.42 seconds
Minimization using L-BFGS-B successful (iterations:54)
CHI2 after optimization:   1.2982 
Fraction of effective frames:   0.0019 
Warm start
Optimizing 63 data and 16080 samples. Theta=2.165273 
CHI2 before optimization:   6.7173 
Execution time: 0.33 seconds
Minimization using L-BFGS-B successful (iterations:43)
CHI2 after optimization:   1.3126 
Fraction of effective frames:   0.0025 
Warm start
Optimizing 63 data and 16080 samples. Theta=3.220524 
CHI2 before optimization:   6.7173 
Execution time: 0.25 seconds
Minimization using L-BFGS-B successful (iterations:33)
CHI2 after optimization:   1.3482 
Fraction of effective frames:   0.0037 
Warm start
Optimizing 63 data and 16080 samples. Theta=4.790053 
CHI2 before optimization:   6.7173 
Execution time: 0.24 seconds
Minimization using L-BFGS-B successful (iterations:25)
CHI2 after optimization:   1.4300 
Fraction of effective frames:   0.0071 
Warm start
Optimizing 63 data and 16080 samples. Theta=7.124496 
CHI2 before optimization:   6.7173 
Execution time: 0.18 seconds
Minimization using L-BFGS-B successful (iterations:22)
CHI2 after optimization:   1.5853 
Fraction of effective frames:   0.0163 
Warm start
Optimizing 63 data and 16080 samples. Theta=10.596634 
CHI2 before optimization:   6.7173 
Execution time: 0.16 seconds
Minimization using L-BFGS-B successful (iterations:19)
CHI2 after optimization:   1.8321 
Fraction of effective frames:   0.0397 
Warm start
Optimizing 63 data and 16080 samples. Theta=15.760926 
CHI2 before optimization:   6.7173 
Execution time: 0.17 seconds
Minimization using L-BFGS-B successful (iterations:18)
CHI2 after optimization:   2.1768 
Fraction of effective frames:   0.0918 
Warm start
Optimizing 63 data and 16080 samples. Theta=23.442046 
CHI2 before optimization:   6.7173 
Execution time: 0.15 seconds
Minimization using L-BFGS-B successful (iterations:18)
CHI2 after optimization:   2.6174 
Fraction of effective frames:   0.1889 
Warm start
Optimizing 63 data and 16080 samples. Theta=34.866576 
CHI2 before optimization:   6.7173 
Execution time: 0.13 seconds
Minimization using L-BFGS-B successful (iterations:16)
CHI2 after optimization:   3.1347 
Fraction of effective frames:   0.3345 
Warm start
Optimizing 63 data and 16080 samples. Theta=51.858876 
CHI2 before optimization:   6.7173 
Execution time: 0.15 seconds
Minimization using L-BFGS-B successful (iterations:17)
CHI2 after optimization:   3.6919 
Fraction of effective frames:   0.5066 
Warm start
Optimizing 63 data and 16080 samples. Theta=77.132408 
CHI2 before optimization:   6.7173 
Execution time: 0.13 seconds
Minimization using L-BFGS-B successful (iterations:18)
CHI2 after optimization:   4.2444 
Fraction of effective frames:   0.6686 
Warm start
Optimizing 63 data and 16080 samples. Theta=114.723050 
CHI2 before optimization:   6.7173 
Execution time: 0.15 seconds
Minimization using L-BFGS-B successful (iterations:17)
CHI2 after optimization:   4.7601 
Fraction of effective frames:   0.7960 
Warm start
Optimizing 63 data and 16080 samples. Theta=170.633570 
CHI2 before optimization:   6.7173 
Execution time: 0.15 seconds
Minimization using L-BFGS-B successful (iterations:18)
CHI2 after optimization:   5.2205 
Fraction of effective frames:   0.8840 
Warm start
Optimizing 63 data and 16080 samples. Theta=253.792201 
CHI2 before optimization:   6.7173 
Execution time: 0.15 seconds
Minimization using L-BFGS-B successful (iterations:19)
CHI2 after optimization:   5.6093 
Fraction of effective frames:   0.9383 
Warm start
Optimizing 63 data and 16080 samples. Theta=377.478364 
CHI2 before optimization:   6.7173 
Execution time: 0.15 seconds
Minimization using L-BFGS-B successful (iterations:18)
CHI2 after optimization:   5.9196 
Fraction of effective frames:   0.9689 
Warm start
Optimizing 63 data and 16080 samples. Theta=561.443241 
CHI2 before optimization:   6.7173 
Execution time: 0.15 seconds
Minimization using L-BFGS-B successful (iterations:17)
CHI2 after optimization:   6.1549 
Fraction of effective frames:   0.9849 
Warm start
Optimizing 63 data and 16080 samples. Theta=835.063787 
CHI2 before optimization:   6.7173 
Execution time: 0.12 seconds
Minimization using L-BFGS-B successful (iterations:15)
CHI2 after optimization:   6.3269 
Fraction of effective frames:   0.9928 
Warm start
Optimizing 63 data and 16080 samples. Theta=1242.033884 
CHI2 before optimization:   6.7173 
Execution time: 0.12 seconds
Minimization using L-BFGS-B successful (iterations:15)
CHI2 after optimization:   6.4490 
Fraction of effective frames:   0.9967 
Warm start
Optimizing 63 data and 16080 samples. Theta=1847.341714 
CHI2 before optimization:   6.7173 
Execution time: 0.12 seconds
Minimization using L-BFGS-B successful (iterations:14)
CHI2 after optimization:   6.5342 
Fraction of effective frames:   0.9985 
Warm start
Optimizing 63 data and 16080 samples. Theta=2747.647592 
CHI2 before optimization:   6.7173 
Execution time: 0.13 seconds
Minimization using L-BFGS-B successful (iterations:14)
CHI2 after optimization:   6.5929 
Fraction of effective frames:   0.9993 
Warm start
Optimizing 63 data and 16080 samples. Theta=4086.719436 
CHI2 before optimization:   6.7173 
Execution time: 0.12 seconds
Minimization using L-BFGS-B successful (iterations:12)
CHI2 after optimization:   6.6329 
Fraction of effective frames:   0.9997 
Warm start
Optimizing 63 data and 16080 samples. Theta=6078.390765 
CHI2 before optimization:   6.7173 
Execution time: 0.10 seconds
Minimization using L-BFGS-B successful (iterations:11)
CHI2 after optimization:   6.6603 
Fraction of effective frames:   0.9999 
Warm start
Optimizing 63 data and 16080 samples. Theta=9040.707313 
CHI2 before optimization:   6.7173 
Execution time: 0.08 seconds
Minimization using L-BFGS-B successful (iterations:9)
CHI2 after optimization:   6.6787 
Fraction of effective frames:   0.9999 
Warm start
Optimizing 63 data and 16080 samples. Theta=13446.715073 
CHI2 before optimization:   6.7173 
Execution time: 0.08 seconds
Minimization using L-BFGS-B successful (iterations:8)
CHI2 after optimization:   6.6904 
Fraction of effective frames:   1.0000 
Warm start
Optimizing 63 data and 16080 samples. Theta=20000.000000 
CHI2 before optimization:   6.7173 
Execution time: 0.06 seconds
Minimization using L-BFGS-B successful (iterations:8)
CHI2 after optimization:   6.6996 
Fraction of effective frames:   1.0000 
