Lagrange multipliers initialized from zero
Optimizing 72 data and 16080 samples. Theta=0.200000 
CHI2 before optimization:   9.2130 
Execution time: 1.79 seconds
Minimization using L-BFGS-B successful (iterations:201)
CHI2 after optimization:   1.7950 
Fraction of effective frames:   0.0012 
Warm start
Optimizing 72 data and 16080 samples. Theta=0.297470 
CHI2 before optimization:   9.2130 
Execution time: 1.25 seconds
Minimization using L-BFGS-B successful (iterations:153)
CHI2 after optimization:   1.7951 
Fraction of effective frames:   0.0012 
Warm start
Optimizing 72 data and 16080 samples. Theta=0.442443 
CHI2 before optimization:   9.2130 
Execution time: 1.04 seconds
Minimization using L-BFGS-B successful (iterations:128)
CHI2 after optimization:   1.7953 
Fraction of effective frames:   0.0013 
Warm start
Optimizing 72 data and 16080 samples. Theta=0.658069 
CHI2 before optimization:   9.2130 
Execution time: 0.76 seconds
Minimization using L-BFGS-B successful (iterations:94)
CHI2 after optimization:   1.7959 
Fraction of effective frames:   0.0013 
Warm start
Optimizing 72 data and 16080 samples. Theta=0.978780 
CHI2 before optimization:   9.2130 
Execution time: 0.60 seconds
Minimization using L-BFGS-B successful (iterations:76)
CHI2 after optimization:   1.7970 
Fraction of effective frames:   0.0014 
Warm start
Optimizing 72 data and 16080 samples. Theta=1.455791 
CHI2 before optimization:   9.2130 
Execution time: 0.47 seconds
Minimization using L-BFGS-B successful (iterations:58)
CHI2 after optimization:   1.7998 
Fraction of effective frames:   0.0015 
Warm start
Optimizing 72 data and 16080 samples. Theta=2.165273 
CHI2 before optimization:   9.2130 
Execution time: 0.42 seconds
Minimization using L-BFGS-B successful (iterations:50)
CHI2 after optimization:   1.8068 
Fraction of effective frames:   0.0017 
Warm start
Optimizing 72 data and 16080 samples. Theta=3.220524 
CHI2 before optimization:   9.2130 
Execution time: 0.32 seconds
Minimization using L-BFGS-B successful (iterations:40)
CHI2 after optimization:   1.8247 
Fraction of effective frames:   0.0022 
Warm start
Optimizing 72 data and 16080 samples. Theta=4.790053 
CHI2 before optimization:   9.2130 
Execution time: 0.27 seconds
Minimization using L-BFGS-B successful (iterations:31)
CHI2 after optimization:   1.8689 
Fraction of effective frames:   0.0032 
Warm start
Optimizing 72 data and 16080 samples. Theta=7.124496 
CHI2 before optimization:   9.2130 
Execution time: 0.20 seconds
Minimization using L-BFGS-B successful (iterations:26)
CHI2 after optimization:   1.9705 
Fraction of effective frames:   0.0060 
Warm start
Optimizing 72 data and 16080 samples. Theta=10.596634 
CHI2 before optimization:   9.2130 
Execution time: 0.18 seconds
Minimization using L-BFGS-B successful (iterations:21)
CHI2 after optimization:   2.1732 
Fraction of effective frames:   0.0137 
Warm start
Optimizing 72 data and 16080 samples. Theta=15.760926 
CHI2 before optimization:   9.2130 
Execution time: 0.16 seconds
Minimization using L-BFGS-B successful (iterations:19)
CHI2 after optimization:   2.5112 
Fraction of effective frames:   0.0348 
Warm start
Optimizing 72 data and 16080 samples. Theta=23.442046 
CHI2 before optimization:   9.2130 
Execution time: 0.16 seconds
Minimization using L-BFGS-B successful (iterations:17)
CHI2 after optimization:   2.9951 
Fraction of effective frames:   0.0860 
Warm start
Optimizing 72 data and 16080 samples. Theta=34.866576 
CHI2 before optimization:   9.2130 
Execution time: 0.16 seconds
Minimization using L-BFGS-B successful (iterations:17)
CHI2 after optimization:   3.6073 
Fraction of effective frames:   0.1859 
Warm start
Optimizing 72 data and 16080 samples. Theta=51.858876 
CHI2 before optimization:   9.2130 
Execution time: 0.16 seconds
Minimization using L-BFGS-B successful (iterations:18)
CHI2 after optimization:   4.2991 
Fraction of effective frames:   0.3347 
Warm start
Optimizing 72 data and 16080 samples. Theta=77.132408 
CHI2 before optimization:   9.2130 
Execution time: 0.18 seconds
Minimization using L-BFGS-B successful (iterations:18)
CHI2 after optimization:   5.0110 
Fraction of effective frames:   0.5033 
Warm start
Optimizing 72 data and 16080 samples. Theta=114.723050 
CHI2 before optimization:   9.2130 
Execution time: 0.16 seconds
Minimization using L-BFGS-B successful (iterations:18)
CHI2 after optimization:   5.7078 
Fraction of effective frames:   0.6584 
Warm start
Optimizing 72 data and 16080 samples. Theta=170.633570 
CHI2 before optimization:   9.2130 
Execution time: 0.20 seconds
Minimization using L-BFGS-B successful (iterations:16)
CHI2 after optimization:   6.3758 
Fraction of effective frames:   0.7830 
Warm start
Optimizing 72 data and 16080 samples. Theta=253.792201 
CHI2 before optimization:   9.2130 
Execution time: 0.43 seconds
Minimization using L-BFGS-B successful (iterations:16)
CHI2 after optimization:   6.9955 
Fraction of effective frames:   0.8725 
Warm start
Optimizing 72 data and 16080 samples. Theta=377.478364 
CHI2 before optimization:   9.2130 
Execution time: 0.16 seconds
Minimization using L-BFGS-B successful (iterations:16)
CHI2 after optimization:   7.5403 
Fraction of effective frames:   0.9302 
Warm start
Optimizing 72 data and 16080 samples. Theta=561.443241 
CHI2 before optimization:   9.2130 
Execution time: 0.17 seconds
Minimization using L-BFGS-B successful (iterations:17)
CHI2 after optimization:   7.9897 
Fraction of effective frames:   0.9640 
Warm start
Optimizing 72 data and 16080 samples. Theta=835.063787 
CHI2 before optimization:   9.2130 
Execution time: 0.17 seconds
Minimization using L-BFGS-B successful (iterations:17)
CHI2 after optimization:   8.3403 
Fraction of effective frames:   0.9822 
Warm start
Optimizing 72 data and 16080 samples. Theta=1242.033884 
CHI2 before optimization:   9.2130 
Execution time: 0.12 seconds
Minimization using L-BFGS-B successful (iterations:14)
CHI2 after optimization:   8.6014 
Fraction of effective frames:   0.9914 
Warm start
Optimizing 72 data and 16080 samples. Theta=1847.341714 
CHI2 before optimization:   9.2130 
Execution time: 0.12 seconds
Minimization using L-BFGS-B successful (iterations:14)
CHI2 after optimization:   8.7900 
Fraction of effective frames:   0.9960 
Warm start
Optimizing 72 data and 16080 samples. Theta=2747.647592 
CHI2 before optimization:   9.2130 
Execution time: 0.13 seconds
Minimization using L-BFGS-B successful (iterations:13)
CHI2 after optimization:   8.9230 
Fraction of effective frames:   0.9981 
Warm start
Optimizing 72 data and 16080 samples. Theta=4086.719436 
CHI2 before optimization:   9.2130 
Execution time: 0.10 seconds
Minimization using L-BFGS-B successful (iterations:11)
CHI2 after optimization:   9.0153 
Fraction of effective frames:   0.9991 
Warm start
Optimizing 72 data and 16080 samples. Theta=6078.390765 
CHI2 before optimization:   9.2130 
Execution time: 0.11 seconds
Minimization using L-BFGS-B successful (iterations:11)
CHI2 after optimization:   9.0789 
Fraction of effective frames:   0.9996 
Warm start
Optimizing 72 data and 16080 samples. Theta=9040.707313 
CHI2 before optimization:   9.2130 
Execution time: 0.10 seconds
Minimization using L-BFGS-B successful (iterations:10)
CHI2 after optimization:   9.1227 
Fraction of effective frames:   0.9998 
Warm start
Optimizing 72 data and 16080 samples. Theta=13446.715073 
CHI2 before optimization:   9.2130 
Execution time: 0.10 seconds
Minimization using L-BFGS-B successful (iterations:9)
CHI2 after optimization:   9.1516 
Fraction of effective frames:   0.9999 
Warm start
Optimizing 72 data and 16080 samples. Theta=20000.000000 
CHI2 before optimization:   9.2130 
Execution time: 0.08 seconds
Minimization using L-BFGS-B successful (iterations:8)
CHI2 after optimization:   9.1714 
Fraction of effective frames:   1.0000 
