Lagrange multipliers initialized from zero
Optimizing 54 data and 16080 samples. Theta=0.200000 
CHI2 before optimization:   4.4029 
Execution time: 0.75 seconds
Minimization using L-BFGS-B successful (iterations:115)
CHI2 after optimization:   0.6362 
Fraction of effective frames:   0.0018 
Warm start
Optimizing 54 data and 16080 samples. Theta=0.297470 
CHI2 before optimization:   4.4029 
Execution time: 0.58 seconds
Minimization using L-BFGS-B successful (iterations:75)
CHI2 after optimization:   0.6366 
Fraction of effective frames:   0.0019 
Warm start
Optimizing 54 data and 16080 samples. Theta=0.442443 
CHI2 before optimization:   4.4029 
Execution time: 0.38 seconds
Minimization using L-BFGS-B successful (iterations:59)
CHI2 after optimization:   0.6376 
Fraction of effective frames:   0.0020 
Warm start
Optimizing 54 data and 16080 samples. Theta=0.658069 
CHI2 before optimization:   4.4029 
Execution time: 0.33 seconds
Minimization using L-BFGS-B successful (iterations:49)
CHI2 after optimization:   0.6401 
Fraction of effective frames:   0.0023 
Warm start
Optimizing 54 data and 16080 samples. Theta=0.978780 
CHI2 before optimization:   4.4029 
Execution time: 0.27 seconds
Minimization using L-BFGS-B successful (iterations:41)
CHI2 after optimization:   0.6462 
Fraction of effective frames:   0.0028 
Warm start
Optimizing 54 data and 16080 samples. Theta=1.455791 
CHI2 before optimization:   4.4029 
Execution time: 0.22 seconds
Minimization using L-BFGS-B successful (iterations:32)
CHI2 after optimization:   0.6605 
Fraction of effective frames:   0.0038 
Warm start
Optimizing 54 data and 16080 samples. Theta=2.165273 
CHI2 before optimization:   4.4029 
Execution time: 0.18 seconds
Minimization using L-BFGS-B successful (iterations:26)
CHI2 after optimization:   0.6930 
Fraction of effective frames:   0.0062 
Warm start
Optimizing 54 data and 16080 samples. Theta=3.220524 
CHI2 before optimization:   4.4029 
Execution time: 0.14 seconds
Minimization using L-BFGS-B successful (iterations:20)
CHI2 after optimization:   0.7591 
Fraction of effective frames:   0.0121 
Warm start
Optimizing 54 data and 16080 samples. Theta=4.790053 
CHI2 before optimization:   4.4029 
Execution time: 0.14 seconds
Minimization using L-BFGS-B successful (iterations:17)
CHI2 after optimization:   0.8730 
Fraction of effective frames:   0.0263 
Warm start
Optimizing 54 data and 16080 samples. Theta=7.124496 
CHI2 before optimization:   4.4029 
Execution time: 0.12 seconds
Minimization using L-BFGS-B successful (iterations:15)
CHI2 after optimization:   1.0414 
Fraction of effective frames:   0.0570 
Warm start
Optimizing 54 data and 16080 samples. Theta=10.596634 
CHI2 before optimization:   4.4029 
Execution time: 0.10 seconds
Minimization using L-BFGS-B successful (iterations:13)
CHI2 after optimization:   1.2700 
Fraction of effective frames:   0.1157 
Warm start
Optimizing 54 data and 16080 samples. Theta=15.760926 
CHI2 before optimization:   4.4029 
Execution time: 0.08 seconds
Minimization using L-BFGS-B successful (iterations:12)
CHI2 after optimization:   1.5616 
Fraction of effective frames:   0.2126 
Warm start
Optimizing 54 data and 16080 samples. Theta=23.442046 
CHI2 before optimization:   4.4029 
Execution time: 0.10 seconds
Minimization using L-BFGS-B successful (iterations:13)
CHI2 after optimization:   1.9205 
Fraction of effective frames:   0.3520 
Warm start
Optimizing 54 data and 16080 samples. Theta=34.866576 
CHI2 before optimization:   4.4029 
Execution time: 0.10 seconds
Minimization using L-BFGS-B successful (iterations:13)
CHI2 after optimization:   2.3454 
Fraction of effective frames:   0.5263 
Warm start
Optimizing 54 data and 16080 samples. Theta=51.858876 
CHI2 before optimization:   4.4029 
Execution time: 0.09 seconds
Minimization using L-BFGS-B successful (iterations:12)
CHI2 after optimization:   2.7904 
Fraction of effective frames:   0.6997 
Warm start
Optimizing 54 data and 16080 samples. Theta=77.132408 
CHI2 before optimization:   4.4029 
Execution time: 0.10 seconds
Minimization using L-BFGS-B successful (iterations:14)
CHI2 after optimization:   3.1826 
Fraction of effective frames:   0.8291 
Warm start
Optimizing 54 data and 16080 samples. Theta=114.723050 
CHI2 before optimization:   4.4029 
Execution time: 0.10 seconds
Minimization using L-BFGS-B successful (iterations:13)
CHI2 after optimization:   3.4967 
Fraction of effective frames:   0.9085 
Warm start
Optimizing 54 data and 16080 samples. Theta=170.633570 
CHI2 before optimization:   4.4029 
Execution time: 0.08 seconds
Minimization using L-BFGS-B successful (iterations:13)
CHI2 after optimization:   3.7401 
Fraction of effective frames:   0.9528 
Warm start
Optimizing 54 data and 16080 samples. Theta=253.792201 
CHI2 before optimization:   4.4029 
Execution time: 0.10 seconds
Minimization using L-BFGS-B successful (iterations:13)
CHI2 after optimization:   3.9257 
Fraction of effective frames:   0.9764 
Warm start
Optimizing 54 data and 16080 samples. Theta=377.478364 
CHI2 before optimization:   4.4029 
Execution time: 0.10 seconds
Minimization using L-BFGS-B successful (iterations:13)
CHI2 after optimization:   4.0643 
Fraction of effective frames:   0.9885 
Warm start
Optimizing 54 data and 16080 samples. Theta=561.443241 
CHI2 before optimization:   4.4029 
Execution time: 0.10 seconds
Minimization using L-BFGS-B successful (iterations:13)
CHI2 after optimization:   4.1658 
Fraction of effective frames:   0.9945 
Warm start
Optimizing 54 data and 16080 samples. Theta=835.063787 
CHI2 before optimization:   4.4029 
Execution time: 0.12 seconds
Minimization using L-BFGS-B successful (iterations:12)
CHI2 after optimization:   4.2386 
Fraction of effective frames:   0.9974 
Warm start
Optimizing 54 data and 16080 samples. Theta=1242.033884 
CHI2 before optimization:   4.4029 
Execution time: 0.14 seconds
Minimization using L-BFGS-B successful (iterations:11)
CHI2 after optimization:   4.2900 
Fraction of effective frames:   0.9988 
Warm start
Optimizing 54 data and 16080 samples. Theta=1847.341714 
CHI2 before optimization:   4.4029 
Execution time: 0.13 seconds
Minimization using L-BFGS-B successful (iterations:11)
CHI2 after optimization:   4.3259 
Fraction of effective frames:   0.9994 
Warm start
Optimizing 54 data and 16080 samples. Theta=2747.647592 
CHI2 before optimization:   4.4029 
Execution time: 0.10 seconds
Minimization using L-BFGS-B successful (iterations:10)
CHI2 after optimization:   4.3506 
Fraction of effective frames:   0.9997 
Warm start
Optimizing 54 data and 16080 samples. Theta=4086.719436 
CHI2 before optimization:   4.4029 
Execution time: 0.08 seconds
Minimization using L-BFGS-B successful (iterations:8)
CHI2 after optimization:   4.3672 
Fraction of effective frames:   0.9999 
Warm start
Optimizing 54 data and 16080 samples. Theta=6078.390765 
CHI2 before optimization:   4.4029 
Execution time: 0.12 seconds
Minimization using L-BFGS-B successful (iterations:8)
CHI2 after optimization:   4.3788 
Fraction of effective frames:   0.9999 
Warm start
Optimizing 54 data and 16080 samples. Theta=9040.707313 
CHI2 before optimization:   4.4029 
Execution time: 0.06 seconds
Minimization using L-BFGS-B successful (iterations:7)
CHI2 after optimization:   4.3864 
Fraction of effective frames:   1.0000 
Warm start
Optimizing 54 data and 16080 samples. Theta=13446.715073 
CHI2 before optimization:   4.4029 
Execution time: 0.06 seconds
Minimization using L-BFGS-B successful (iterations:5)
CHI2 after optimization:   4.3913 
Fraction of effective frames:   1.0000 
Warm start
Optimizing 54 data and 16080 samples. Theta=20000.000000 
CHI2 before optimization:   4.4029 
Execution time: 0.04 seconds
Minimization using L-BFGS-B successful (iterations:5)
CHI2 after optimization:   4.3950 
Fraction of effective frames:   1.0000 
