Lagrange multipliers initialized from zero
Optimizing 85 data and 16080 samples. Theta=0.200000 
CHI2 before optimization:   1.1642 
Execution time: 0.84 seconds
Minimization using L-BFGS-B successful (iterations:82)
CHI2 after optimization:   0.2210 
Fraction of effective frames:   0.0015 
Warm start
Optimizing 85 data and 16080 samples. Theta=0.297470 
CHI2 before optimization:   1.1642 
Execution time: 0.58 seconds
Minimization using L-BFGS-B successful (iterations:54)
CHI2 after optimization:   0.2219 
Fraction of effective frames:   0.0018 
Warm start
Optimizing 85 data and 16080 samples. Theta=0.442443 
CHI2 before optimization:   1.1642 
Execution time: 0.47 seconds
Minimization using L-BFGS-B successful (iterations:42)
CHI2 after optimization:   0.2240 
Fraction of effective frames:   0.0023 
Warm start
Optimizing 85 data and 16080 samples. Theta=0.658069 
CHI2 before optimization:   1.1642 
Execution time: 0.38 seconds
Minimization using L-BFGS-B successful (iterations:38)
CHI2 after optimization:   0.2292 
Fraction of effective frames:   0.0034 
Warm start
Optimizing 85 data and 16080 samples. Theta=0.978780 
CHI2 before optimization:   1.1642 
Execution time: 0.30 seconds
Minimization using L-BFGS-B successful (iterations:30)
CHI2 after optimization:   0.2409 
Fraction of effective frames:   0.0062 
Warm start
Optimizing 85 data and 16080 samples. Theta=1.455791 
CHI2 before optimization:   1.1642 
Execution time: 0.25 seconds
Minimization using L-BFGS-B successful (iterations:25)
CHI2 after optimization:   0.2648 
Fraction of effective frames:   0.0143 
Warm start
Optimizing 85 data and 16080 samples. Theta=2.165273 
CHI2 before optimization:   1.1642 
Execution time: 0.22 seconds
Minimization using L-BFGS-B successful (iterations:21)
CHI2 after optimization:   0.3042 
Fraction of effective frames:   0.0365 
Warm start
Optimizing 85 data and 16080 samples. Theta=3.220524 
CHI2 before optimization:   1.1642 
Execution time: 0.19 seconds
Minimization using L-BFGS-B successful (iterations:18)
CHI2 after optimization:   0.3585 
Fraction of effective frames:   0.0872 
Warm start
Optimizing 85 data and 16080 samples. Theta=4.790053 
CHI2 before optimization:   1.1642 
Execution time: 0.15 seconds
Minimization using L-BFGS-B successful (iterations:15)
CHI2 after optimization:   0.4249 
Fraction of effective frames:   0.1791 
Warm start
Optimizing 85 data and 16080 samples. Theta=7.124496 
CHI2 before optimization:   1.1642 
Execution time: 0.17 seconds
Minimization using L-BFGS-B successful (iterations:15)
CHI2 after optimization:   0.5008 
Fraction of effective frames:   0.3116 
Warm start
Optimizing 85 data and 16080 samples. Theta=10.596634 
CHI2 before optimization:   1.1642 
Execution time: 0.17 seconds
Minimization using L-BFGS-B successful (iterations:15)
CHI2 after optimization:   0.5844 
Fraction of effective frames:   0.4697 
Warm start
Optimizing 85 data and 16080 samples. Theta=15.760926 
CHI2 before optimization:   1.1642 
Execution time: 0.17 seconds
Minimization using L-BFGS-B successful (iterations:16)
CHI2 after optimization:   0.6727 
Fraction of effective frames:   0.6291 
Warm start
Optimizing 85 data and 16080 samples. Theta=23.442046 
CHI2 before optimization:   1.1642 
Execution time: 0.18 seconds
Minimization using L-BFGS-B successful (iterations:16)
CHI2 after optimization:   0.7597 
Fraction of effective frames:   0.7639 
Warm start
Optimizing 85 data and 16080 samples. Theta=34.866576 
CHI2 before optimization:   1.1642 
Execution time: 0.17 seconds
Minimization using L-BFGS-B successful (iterations:16)
CHI2 after optimization:   0.8380 
Fraction of effective frames:   0.8593 
Warm start
Optimizing 85 data and 16080 samples. Theta=51.858876 
CHI2 before optimization:   1.1642 
Execution time: 0.18 seconds
Minimization using L-BFGS-B successful (iterations:17)
CHI2 after optimization:   0.9045 
Fraction of effective frames:   0.9190 
Warm start
Optimizing 85 data and 16080 samples. Theta=77.132408 
CHI2 before optimization:   1.1642 
Execution time: 0.17 seconds
Minimization using L-BFGS-B successful (iterations:17)
CHI2 after optimization:   0.9601 
Fraction of effective frames:   0.9544 
Warm start
Optimizing 85 data and 16080 samples. Theta=114.723050 
CHI2 before optimization:   1.1642 
Execution time: 0.18 seconds
Minimization using L-BFGS-B successful (iterations:18)
CHI2 after optimization:   1.0069 
Fraction of effective frames:   0.9751 
Warm start
Optimizing 85 data and 16080 samples. Theta=170.633570 
CHI2 before optimization:   1.1642 
Execution time: 0.17 seconds
Minimization using L-BFGS-B successful (iterations:16)
CHI2 after optimization:   1.0459 
Fraction of effective frames:   0.9868 
Warm start
Optimizing 85 data and 16080 samples. Theta=253.792201 
CHI2 before optimization:   1.1642 
Execution time: 0.17 seconds
Minimization using L-BFGS-B successful (iterations:16)
CHI2 after optimization:   1.0774 
Fraction of effective frames:   0.9933 
Warm start
Optimizing 85 data and 16080 samples. Theta=377.478364 
CHI2 before optimization:   1.1642 
Execution time: 0.15 seconds
Minimization using L-BFGS-B successful (iterations:14)
CHI2 after optimization:   1.1020 
Fraction of effective frames:   0.9967 
Warm start
Optimizing 85 data and 16080 samples. Theta=561.443241 
CHI2 before optimization:   1.1642 
Execution time: 0.15 seconds
Minimization using L-BFGS-B successful (iterations:14)
CHI2 after optimization:   1.1203 
Fraction of effective frames:   0.9984 
Warm start
Optimizing 85 data and 16080 samples. Theta=835.063787 
CHI2 before optimization:   1.1642 
Execution time: 0.15 seconds
Minimization using L-BFGS-B successful (iterations:14)
CHI2 after optimization:   1.1336 
Fraction of effective frames:   0.9992 
Warm start
Optimizing 85 data and 16080 samples. Theta=1242.033884 
CHI2 before optimization:   1.1642 
Execution time: 0.10 seconds
Minimization using L-BFGS-B successful (iterations:9)
CHI2 after optimization:   1.1432 
Fraction of effective frames:   0.9996 
Warm start
Optimizing 85 data and 16080 samples. Theta=1847.341714 
CHI2 before optimization:   1.1642 
Execution time: 0.11 seconds
Minimization using L-BFGS-B successful (iterations:9)
CHI2 after optimization:   1.1498 
Fraction of effective frames:   0.9998 
Warm start
Optimizing 85 data and 16080 samples. Theta=2747.647592 
CHI2 before optimization:   1.1642 
Execution time: 0.12 seconds
Minimization using L-BFGS-B successful (iterations:9)
CHI2 after optimization:   1.1544 
Fraction of effective frames:   0.9999 
Warm start
Optimizing 85 data and 16080 samples. Theta=4086.719436 
CHI2 before optimization:   1.1642 
Execution time: 0.08 seconds
Minimization using L-BFGS-B successful (iterations:7)
CHI2 after optimization:   1.1574 
Fraction of effective frames:   1.0000 
Warm start
Optimizing 85 data and 16080 samples. Theta=6078.390765 
CHI2 before optimization:   1.1642 
Execution time: 0.10 seconds
Minimization using L-BFGS-B successful (iterations:7)
CHI2 after optimization:   1.1596 
Fraction of effective frames:   1.0000 
Warm start
Optimizing 85 data and 16080 samples. Theta=9040.707313 
CHI2 before optimization:   1.1642 
Execution time: 0.07 seconds
Minimization using L-BFGS-B successful (iterations:5)
CHI2 after optimization:   1.1611 
Fraction of effective frames:   1.0000 
Warm start
Optimizing 85 data and 16080 samples. Theta=13446.715073 
CHI2 before optimization:   1.1642 
Execution time: 0.07 seconds
Minimization using L-BFGS-B successful (iterations:6)
CHI2 after optimization:   1.1621 
Fraction of effective frames:   1.0000 
Warm start
Optimizing 85 data and 16080 samples. Theta=20000.000000 
CHI2 before optimization:   1.1642 
Execution time: 0.07 seconds
Minimization using L-BFGS-B successful (iterations:5)
CHI2 after optimization:   1.1628 
Fraction of effective frames:   1.0000 
