Lagrange multipliers initialized from zero
Optimizing 85 data and 16080 samples. Theta=0.200000 
CHI2 before optimization:   1.1582 
Execution time: 0.77 seconds
Minimization using L-BFGS-B successful (iterations:77)
CHI2 after optimization:   0.2553 
Fraction of effective frames:   0.0011 
Warm start
Optimizing 85 data and 16080 samples. Theta=0.297470 
CHI2 before optimization:   1.1582 
Execution time: 0.53 seconds
Minimization using L-BFGS-B successful (iterations:52)
CHI2 after optimization:   0.2558 
Fraction of effective frames:   0.0013 
Warm start
Optimizing 85 data and 16080 samples. Theta=0.442443 
CHI2 before optimization:   1.1582 
Execution time: 0.43 seconds
Minimization using L-BFGS-B successful (iterations:43)
CHI2 after optimization:   0.2573 
Fraction of effective frames:   0.0015 
Warm start
Optimizing 85 data and 16080 samples. Theta=0.658069 
CHI2 before optimization:   1.1582 
Execution time: 0.33 seconds
Minimization using L-BFGS-B successful (iterations:33)
CHI2 after optimization:   0.2612 
Fraction of effective frames:   0.0020 
Warm start
Optimizing 85 data and 16080 samples. Theta=0.978780 
CHI2 before optimization:   1.1582 
Execution time: 0.32 seconds
Minimization using L-BFGS-B successful (iterations:27)
CHI2 after optimization:   0.2720 
Fraction of effective frames:   0.0035 
Warm start
Optimizing 85 data and 16080 samples. Theta=1.455791 
CHI2 before optimization:   1.1582 
Execution time: 0.23 seconds
Minimization using L-BFGS-B successful (iterations:22)
CHI2 after optimization:   0.2971 
Fraction of effective frames:   0.0084 
Warm start
Optimizing 85 data and 16080 samples. Theta=2.165273 
CHI2 before optimization:   1.1582 
Execution time: 0.17 seconds
Minimization using L-BFGS-B successful (iterations:18)
CHI2 after optimization:   0.3418 
Fraction of effective frames:   0.0244 
Warm start
Optimizing 85 data and 16080 samples. Theta=3.220524 
CHI2 before optimization:   1.1582 
Execution time: 0.17 seconds
Minimization using L-BFGS-B successful (iterations:16)
CHI2 after optimization:   0.4054 
Fraction of effective frames:   0.0678 
Warm start
Optimizing 85 data and 16080 samples. Theta=4.790053 
CHI2 before optimization:   1.1582 
Execution time: 0.16 seconds
Minimization using L-BFGS-B successful (iterations:14)
CHI2 after optimization:   0.4820 
Fraction of effective frames:   0.1556 
Warm start
Optimizing 85 data and 16080 samples. Theta=7.124496 
CHI2 before optimization:   1.1582 
Execution time: 0.15 seconds
Minimization using L-BFGS-B successful (iterations:14)
CHI2 after optimization:   0.5673 
Fraction of effective frames:   0.2900 
Warm start
Optimizing 85 data and 16080 samples. Theta=10.596634 
CHI2 before optimization:   1.1582 
Execution time: 0.15 seconds
Minimization using L-BFGS-B successful (iterations:14)
CHI2 after optimization:   0.6609 
Fraction of effective frames:   0.4592 
Warm start
Optimizing 85 data and 16080 samples. Theta=15.760926 
CHI2 before optimization:   1.1582 
Execution time: 0.17 seconds
Minimization using L-BFGS-B successful (iterations:15)
CHI2 after optimization:   0.7601 
Fraction of effective frames:   0.6376 
Warm start
Optimizing 85 data and 16080 samples. Theta=23.442046 
CHI2 before optimization:   1.1582 
Execution time: 0.17 seconds
Minimization using L-BFGS-B successful (iterations:15)
CHI2 after optimization:   0.8542 
Fraction of effective frames:   0.7867 
Warm start
Optimizing 85 data and 16080 samples. Theta=34.866576 
CHI2 before optimization:   1.1582 
Execution time: 0.18 seconds
Minimization using L-BFGS-B successful (iterations:16)
CHI2 after optimization:   0.9322 
Fraction of effective frames:   0.8850 
Warm start
Optimizing 85 data and 16080 samples. Theta=51.858876 
CHI2 before optimization:   1.1582 
Execution time: 0.17 seconds
Minimization using L-BFGS-B successful (iterations:16)
CHI2 after optimization:   0.9922 
Fraction of effective frames:   0.9406 
Warm start
Optimizing 85 data and 16080 samples. Theta=77.132408 
CHI2 before optimization:   1.1582 
Execution time: 0.17 seconds
Minimization using L-BFGS-B successful (iterations:15)
CHI2 after optimization:   1.0371 
Fraction of effective frames:   0.9698 
Warm start
Optimizing 85 data and 16080 samples. Theta=114.723050 
CHI2 before optimization:   1.1582 
Execution time: 0.18 seconds
Minimization using L-BFGS-B successful (iterations:15)
CHI2 after optimization:   1.0708 
Fraction of effective frames:   0.9850 
Warm start
Optimizing 85 data and 16080 samples. Theta=170.633570 
CHI2 before optimization:   1.1582 
Execution time: 0.17 seconds
Minimization using L-BFGS-B successful (iterations:15)
CHI2 after optimization:   1.0959 
Fraction of effective frames:   0.9927 
Warm start
Optimizing 85 data and 16080 samples. Theta=253.792201 
CHI2 before optimization:   1.1582 
Execution time: 0.14 seconds
Minimization using L-BFGS-B successful (iterations:12)
CHI2 after optimization:   1.1145 
Fraction of effective frames:   0.9965 
Warm start
Optimizing 85 data and 16080 samples. Theta=377.478364 
CHI2 before optimization:   1.1582 
Execution time: 0.12 seconds
Minimization using L-BFGS-B successful (iterations:10)
CHI2 after optimization:   1.1278 
Fraction of effective frames:   0.9983 
Warm start
Optimizing 85 data and 16080 samples. Theta=561.443241 
CHI2 before optimization:   1.1582 
Execution time: 0.13 seconds
Minimization using L-BFGS-B successful (iterations:11)
CHI2 after optimization:   1.1372 
Fraction of effective frames:   0.9992 
Warm start
Optimizing 85 data and 16080 samples. Theta=835.063787 
CHI2 before optimization:   1.1582 
Execution time: 0.13 seconds
Minimization using L-BFGS-B successful (iterations:10)
CHI2 after optimization:   1.1438 
Fraction of effective frames:   0.9996 
Warm start
Optimizing 85 data and 16080 samples. Theta=1242.033884 
CHI2 before optimization:   1.1582 
Execution time: 0.13 seconds
Minimization using L-BFGS-B successful (iterations:10)
CHI2 after optimization:   1.1484 
Fraction of effective frames:   0.9998 
Warm start
Optimizing 85 data and 16080 samples. Theta=1847.341714 
CHI2 before optimization:   1.1582 
Execution time: 0.11 seconds
Minimization using L-BFGS-B successful (iterations:9)
CHI2 after optimization:   1.1515 
Fraction of effective frames:   0.9999 
Warm start
Optimizing 85 data and 16080 samples. Theta=2747.647592 
CHI2 before optimization:   1.1582 
Execution time: 0.12 seconds
Minimization using L-BFGS-B successful (iterations:8)
CHI2 after optimization:   1.1536 
Fraction of effective frames:   1.0000 
Warm start
Optimizing 85 data and 16080 samples. Theta=4086.719436 
CHI2 before optimization:   1.1582 
Execution time: 0.10 seconds
Minimization using L-BFGS-B successful (iterations:8)
CHI2 after optimization:   1.1551 
Fraction of effective frames:   1.0000 
Warm start
Optimizing 85 data and 16080 samples. Theta=6078.390765 
CHI2 before optimization:   1.1582 
Execution time: 0.10 seconds
Minimization using L-BFGS-B successful (iterations:6)
CHI2 after optimization:   1.1560 
Fraction of effective frames:   1.0000 
Warm start
Optimizing 85 data and 16080 samples. Theta=9040.707313 
CHI2 before optimization:   1.1582 
Execution time: 0.07 seconds
Minimization using L-BFGS-B successful (iterations:6)
CHI2 after optimization:   1.1568 
Fraction of effective frames:   1.0000 
Warm start
Optimizing 85 data and 16080 samples. Theta=13446.715073 
CHI2 before optimization:   1.1582 
Execution time: 0.05 seconds
Minimization using L-BFGS-B successful (iterations:5)
CHI2 after optimization:   1.1572 
Fraction of effective frames:   1.0000 
Warm start
Optimizing 85 data and 16080 samples. Theta=20000.000000 
CHI2 before optimization:   1.1582 
Execution time: 0.05 seconds
Minimization using L-BFGS-B successful (iterations:4)
CHI2 after optimization:   1.1575 
Fraction of effective frames:   1.0000 
