Lagrange multipliers initialized from zero
Optimizing 113 data and 16080 samples. Theta=0.200000 
CHI2 before optimization:   2.6777 
Execution time: 1.58 seconds
Minimization using L-BFGS-B successful (iterations:121)
CHI2 after optimization:   0.4911 
Fraction of effective frames:   0.0014 
Warm start
Optimizing 113 data and 16080 samples. Theta=0.297470 
CHI2 before optimization:   2.6777 
Execution time: 1.11 seconds
Minimization using L-BFGS-B successful (iterations:93)
CHI2 after optimization:   0.4912 
Fraction of effective frames:   0.0014 
Warm start
Optimizing 113 data and 16080 samples. Theta=0.442443 
CHI2 before optimization:   2.6777 
Execution time: 0.93 seconds
Minimization using L-BFGS-B successful (iterations:76)
CHI2 after optimization:   0.4916 
Fraction of effective frames:   0.0015 
Warm start
Optimizing 113 data and 16080 samples. Theta=0.658069 
CHI2 before optimization:   2.6777 
Execution time: 0.72 seconds
Minimization using L-BFGS-B successful (iterations:58)
CHI2 after optimization:   0.4928 
Fraction of effective frames:   0.0017 
Warm start
Optimizing 113 data and 16080 samples. Theta=0.978780 
CHI2 before optimization:   2.6777 
Execution time: 0.55 seconds
Minimization using L-BFGS-B successful (iterations:46)
CHI2 after optimization:   0.4953 
Fraction of effective frames:   0.0020 
Warm start
Optimizing 113 data and 16080 samples. Theta=1.455791 
CHI2 before optimization:   2.6777 
Execution time: 0.47 seconds
Minimization using L-BFGS-B successful (iterations:37)
CHI2 after optimization:   0.5005 
Fraction of effective frames:   0.0026 
Warm start
Optimizing 113 data and 16080 samples. Theta=2.165273 
CHI2 before optimization:   2.6777 
Execution time: 0.33 seconds
Minimization using L-BFGS-B successful (iterations:28)
CHI2 after optimization:   0.5124 
Fraction of effective frames:   0.0037 
Warm start
Optimizing 113 data and 16080 samples. Theta=3.220524 
CHI2 before optimization:   2.6777 
Execution time: 0.29 seconds
Minimization using L-BFGS-B successful (iterations:23)
CHI2 after optimization:   0.5401 
Fraction of effective frames:   0.0066 
Warm start
Optimizing 113 data and 16080 samples. Theta=4.790053 
CHI2 before optimization:   2.6777 
Execution time: 0.25 seconds
Minimization using L-BFGS-B successful (iterations:19)
CHI2 after optimization:   0.5958 
Fraction of effective frames:   0.0145 
Warm start
Optimizing 113 data and 16080 samples. Theta=7.124496 
CHI2 before optimization:   2.6777 
Execution time: 0.25 seconds
Minimization using L-BFGS-B successful (iterations:19)
CHI2 after optimization:   0.6876 
Fraction of effective frames:   0.0351 
Warm start
Optimizing 113 data and 16080 samples. Theta=10.596634 
CHI2 before optimization:   2.6777 
Execution time: 0.27 seconds
Minimization using L-BFGS-B successful (iterations:20)
CHI2 after optimization:   0.8170 
Fraction of effective frames:   0.0813 
Warm start
Optimizing 113 data and 16080 samples. Theta=15.760926 
CHI2 before optimization:   2.6777 
Execution time: 0.26 seconds
Minimization using L-BFGS-B successful (iterations:21)
CHI2 after optimization:   0.9814 
Fraction of effective frames:   0.1667 
Warm start
Optimizing 113 data and 16080 samples. Theta=23.442046 
CHI2 before optimization:   2.6777 
Execution time: 0.27 seconds
Minimization using L-BFGS-B successful (iterations:20)
CHI2 after optimization:   1.1772 
Fraction of effective frames:   0.2967 
Warm start
Optimizing 113 data and 16080 samples. Theta=34.866576 
CHI2 before optimization:   2.6777 
Execution time: 0.25 seconds
Minimization using L-BFGS-B successful (iterations:20)
CHI2 after optimization:   1.3990 
Fraction of effective frames:   0.4607 
Warm start
Optimizing 113 data and 16080 samples. Theta=51.858876 
CHI2 before optimization:   2.6777 
Execution time: 0.30 seconds
Minimization using L-BFGS-B successful (iterations:22)
CHI2 after optimization:   1.6335 
Fraction of effective frames:   0.6303 
Warm start
Optimizing 113 data and 16080 samples. Theta=77.132408 
CHI2 before optimization:   2.6777 
Execution time: 0.27 seconds
Minimization using L-BFGS-B successful (iterations:21)
CHI2 after optimization:   1.8599 
Fraction of effective frames:   0.7731 
Warm start
Optimizing 113 data and 16080 samples. Theta=114.723050 
CHI2 before optimization:   2.6777 
Execution time: 0.28 seconds
Minimization using L-BFGS-B successful (iterations:22)
CHI2 after optimization:   2.0591 
Fraction of effective frames:   0.8726 
Warm start
Optimizing 113 data and 16080 samples. Theta=170.633570 
CHI2 before optimization:   2.6777 
Execution time: 0.30 seconds
Minimization using L-BFGS-B successful (iterations:23)
CHI2 after optimization:   2.2223 
Fraction of effective frames:   0.9329 
Warm start
Optimizing 113 data and 16080 samples. Theta=253.792201 
CHI2 before optimization:   2.6777 
Execution time: 0.30 seconds
Minimization using L-BFGS-B successful (iterations:23)
CHI2 after optimization:   2.3495 
Fraction of effective frames:   0.9662 
Warm start
Optimizing 113 data and 16080 samples. Theta=377.478364 
CHI2 before optimization:   2.6777 
Execution time: 0.28 seconds
Minimization using L-BFGS-B successful (iterations:22)
CHI2 after optimization:   2.4453 
Fraction of effective frames:   0.9835 
Warm start
Optimizing 113 data and 16080 samples. Theta=561.443241 
CHI2 before optimization:   2.6777 
Execution time: 0.28 seconds
Minimization using L-BFGS-B successful (iterations:21)
CHI2 after optimization:   2.5153 
Fraction of effective frames:   0.9921 
Warm start
Optimizing 113 data and 16080 samples. Theta=835.063787 
CHI2 before optimization:   2.6777 
Execution time: 0.25 seconds
Minimization using L-BFGS-B successful (iterations:19)
CHI2 after optimization:   2.5654 
Fraction of effective frames:   0.9963 
Warm start
Optimizing 113 data and 16080 samples. Theta=1242.033884 
CHI2 before optimization:   2.6777 
Execution time: 0.23 seconds
Minimization using L-BFGS-B successful (iterations:18)
CHI2 after optimization:   2.6007 
Fraction of effective frames:   0.9983 
Warm start
Optimizing 113 data and 16080 samples. Theta=1847.341714 
CHI2 before optimization:   2.6777 
Execution time: 0.23 seconds
Minimization using L-BFGS-B successful (iterations:17)
CHI2 after optimization:   2.6252 
Fraction of effective frames:   0.9992 
Warm start
Optimizing 113 data and 16080 samples. Theta=2747.647592 
CHI2 before optimization:   2.6777 
Execution time: 0.22 seconds
Minimization using L-BFGS-B successful (iterations:16)
CHI2 after optimization:   2.6420 
Fraction of effective frames:   0.9996 
Warm start
Optimizing 113 data and 16080 samples. Theta=4086.719436 
CHI2 before optimization:   2.6777 
Execution time: 0.20 seconds
Minimization using L-BFGS-B successful (iterations:14)
CHI2 after optimization:   2.6536 
Fraction of effective frames:   0.9998 
Warm start
Optimizing 113 data and 16080 samples. Theta=6078.390765 
CHI2 before optimization:   2.6777 
Execution time: 0.17 seconds
Minimization using L-BFGS-B successful (iterations:12)
CHI2 after optimization:   2.6614 
Fraction of effective frames:   0.9999 
Warm start
Optimizing 113 data and 16080 samples. Theta=9040.707313 
CHI2 before optimization:   2.6777 
Execution time: 0.17 seconds
Minimization using L-BFGS-B successful (iterations:11)
CHI2 after optimization:   2.6667 
Fraction of effective frames:   1.0000 
Warm start
Optimizing 113 data and 16080 samples. Theta=13446.715073 
CHI2 before optimization:   2.6777 
Execution time: 0.12 seconds
Minimization using L-BFGS-B successful (iterations:9)
CHI2 after optimization:   2.6702 
Fraction of effective frames:   1.0000 
Warm start
Optimizing 113 data and 16080 samples. Theta=20000.000000 
CHI2 before optimization:   2.6777 
Execution time: 0.10 seconds
Minimization using L-BFGS-B successful (iterations:6)
CHI2 after optimization:   2.6725 
Fraction of effective frames:   1.0000 
