Lagrange multipliers initialized from zero
Optimizing 86 data and 16080 samples. Theta=0.200000 
CHI2 before optimization:   2.2022 
Execution time: 0.78 seconds
Minimization using L-BFGS-B successful (iterations:84)
CHI2 after optimization:   0.0894 
Fraction of effective frames:   0.0015 
Warm start
Optimizing 86 data and 16080 samples. Theta=0.297470 
CHI2 before optimization:   2.2022 
Execution time: 0.60 seconds
Minimization using L-BFGS-B successful (iterations:55)
CHI2 after optimization:   0.0900 
Fraction of effective frames:   0.0017 
Warm start
Optimizing 86 data and 16080 samples. Theta=0.442443 
CHI2 before optimization:   2.2022 
Execution time: 0.47 seconds
Minimization using L-BFGS-B successful (iterations:42)
CHI2 after optimization:   0.0915 
Fraction of effective frames:   0.0021 
Warm start
Optimizing 86 data and 16080 samples. Theta=0.658069 
CHI2 before optimization:   2.2022 
Execution time: 0.40 seconds
Minimization using L-BFGS-B successful (iterations:36)
CHI2 after optimization:   0.0950 
Fraction of effective frames:   0.0027 
Warm start
Optimizing 86 data and 16080 samples. Theta=0.978780 
CHI2 before optimization:   2.2022 
Execution time: 0.30 seconds
Minimization using L-BFGS-B successful (iterations:30)
CHI2 after optimization:   0.1025 
Fraction of effective frames:   0.0040 
Warm start
Optimizing 86 data and 16080 samples. Theta=1.455791 
CHI2 before optimization:   2.2022 
Execution time: 0.25 seconds
Minimization using L-BFGS-B successful (iterations:26)
CHI2 after optimization:   0.1172 
Fraction of effective frames:   0.0068 
Warm start
Optimizing 86 data and 16080 samples. Theta=2.165273 
CHI2 before optimization:   2.2022 
Execution time: 0.21 seconds
Minimization using L-BFGS-B successful (iterations:20)
CHI2 after optimization:   0.1425 
Fraction of effective frames:   0.0124 
Warm start
Optimizing 86 data and 16080 samples. Theta=3.220524 
CHI2 before optimization:   2.2022 
Execution time: 0.20 seconds
Minimization using L-BFGS-B successful (iterations:17)
CHI2 after optimization:   0.1824 
Fraction of effective frames:   0.0237 
Warm start
Optimizing 86 data and 16080 samples. Theta=4.790053 
CHI2 before optimization:   2.2022 
Execution time: 0.19 seconds
Minimization using L-BFGS-B successful (iterations:17)
CHI2 after optimization:   0.2423 
Fraction of effective frames:   0.0455 
Warm start
Optimizing 86 data and 16080 samples. Theta=7.124496 
CHI2 before optimization:   2.2022 
Execution time: 0.18 seconds
Minimization using L-BFGS-B successful (iterations:16)
CHI2 after optimization:   0.3277 
Fraction of effective frames:   0.0851 
Warm start
Optimizing 86 data and 16080 samples. Theta=10.596634 
CHI2 before optimization:   2.2022 
Execution time: 0.16 seconds
Minimization using L-BFGS-B successful (iterations:16)
CHI2 after optimization:   0.4443 
Fraction of effective frames:   0.1512 
Warm start
Optimizing 86 data and 16080 samples. Theta=15.760926 
CHI2 before optimization:   2.2022 
Execution time: 0.20 seconds
Minimization using L-BFGS-B successful (iterations:18)
CHI2 after optimization:   0.5973 
Fraction of effective frames:   0.2513 
Warm start
Optimizing 86 data and 16080 samples. Theta=23.442046 
CHI2 before optimization:   2.2022 
Execution time: 0.20 seconds
Minimization using L-BFGS-B successful (iterations:18)
CHI2 after optimization:   0.7931 
Fraction of effective frames:   0.3892 
Warm start
Optimizing 86 data and 16080 samples. Theta=34.866576 
CHI2 before optimization:   2.2022 
Execution time: 0.22 seconds
Minimization using L-BFGS-B successful (iterations:20)
CHI2 after optimization:   1.0313 
Fraction of effective frames:   0.5573 
Warm start
Optimizing 86 data and 16080 samples. Theta=51.858876 
CHI2 before optimization:   2.2022 
Execution time: 0.22 seconds
Minimization using L-BFGS-B successful (iterations:20)
CHI2 after optimization:   1.2827 
Fraction of effective frames:   0.7200 
Warm start
Optimizing 86 data and 16080 samples. Theta=77.132408 
CHI2 before optimization:   2.2022 
Execution time: 0.25 seconds
Minimization using L-BFGS-B successful (iterations:21)
CHI2 after optimization:   1.5080 
Fraction of effective frames:   0.8408 
Warm start
Optimizing 86 data and 16080 samples. Theta=114.723050 
CHI2 before optimization:   2.2022 
Execution time: 0.22 seconds
Minimization using L-BFGS-B successful (iterations:21)
CHI2 after optimization:   1.6918 
Fraction of effective frames:   0.9156 
Warm start
Optimizing 86 data and 16080 samples. Theta=170.633570 
CHI2 before optimization:   2.2022 
Execution time: 0.22 seconds
Minimization using L-BFGS-B successful (iterations:21)
CHI2 after optimization:   1.8345 
Fraction of effective frames:   0.9573 
Warm start
Optimizing 86 data and 16080 samples. Theta=253.792201 
CHI2 before optimization:   2.2022 
Execution time: 0.21 seconds
Minimization using L-BFGS-B successful (iterations:21)
CHI2 after optimization:   1.9418 
Fraction of effective frames:   0.9791 
Warm start
Optimizing 86 data and 16080 samples. Theta=377.478364 
CHI2 before optimization:   2.2022 
Execution time: 0.20 seconds
Minimization using L-BFGS-B successful (iterations:19)
CHI2 after optimization:   2.0200 
Fraction of effective frames:   0.9900 
Warm start
Optimizing 86 data and 16080 samples. Theta=561.443241 
CHI2 before optimization:   2.2022 
Execution time: 0.20 seconds
Minimization using L-BFGS-B successful (iterations:19)
CHI2 after optimization:   2.0762 
Fraction of effective frames:   0.9953 
Warm start
Optimizing 86 data and 16080 samples. Theta=835.063787 
CHI2 before optimization:   2.2022 
Execution time: 0.20 seconds
Minimization using L-BFGS-B successful (iterations:17)
CHI2 after optimization:   2.1158 
Fraction of effective frames:   0.9978 
Warm start
Optimizing 86 data and 16080 samples. Theta=1242.033884 
CHI2 before optimization:   2.2022 
Execution time: 0.20 seconds
Minimization using L-BFGS-B successful (iterations:17)
CHI2 after optimization:   2.1433 
Fraction of effective frames:   0.9990 
Warm start
Optimizing 86 data and 16080 samples. Theta=1847.341714 
CHI2 before optimization:   2.2022 
Execution time: 0.21 seconds
Minimization using L-BFGS-B successful (iterations:16)
CHI2 after optimization:   2.1622 
Fraction of effective frames:   0.9995 
Warm start
Optimizing 86 data and 16080 samples. Theta=2747.647592 
CHI2 before optimization:   2.2022 
Execution time: 0.17 seconds
Minimization using L-BFGS-B successful (iterations:15)
CHI2 after optimization:   2.1751 
Fraction of effective frames:   0.9998 
Warm start
Optimizing 86 data and 16080 samples. Theta=4086.719436 
CHI2 before optimization:   2.2022 
Execution time: 0.16 seconds
Minimization using L-BFGS-B successful (iterations:13)
CHI2 after optimization:   2.1839 
Fraction of effective frames:   0.9999 
Warm start
Optimizing 86 data and 16080 samples. Theta=6078.390765 
CHI2 before optimization:   2.2022 
Execution time: 0.15 seconds
Minimization using L-BFGS-B successful (iterations:11)
CHI2 after optimization:   2.1898 
Fraction of effective frames:   1.0000 
Warm start
Optimizing 86 data and 16080 samples. Theta=9040.707313 
CHI2 before optimization:   2.2022 
Execution time: 0.12 seconds
Minimization using L-BFGS-B successful (iterations:9)
CHI2 after optimization:   2.1938 
Fraction of effective frames:   1.0000 
Warm start
Optimizing 86 data and 16080 samples. Theta=13446.715073 
CHI2 before optimization:   2.2022 
Execution time: 0.11 seconds
Minimization using L-BFGS-B successful (iterations:8)
CHI2 after optimization:   2.1965 
Fraction of effective frames:   1.0000 
Warm start
Optimizing 86 data and 16080 samples. Theta=20000.000000 
CHI2 before optimization:   2.2022 
Execution time: 0.09 seconds
Minimization using L-BFGS-B successful (iterations:6)
CHI2 after optimization:   2.1981 
Fraction of effective frames:   1.0000 
