Lagrange multipliers initialized from zero
Optimizing 36 data and 16080 samples. Theta=0.200000 
CHI2 before optimization:   9.3363 
Execution time: 0.68 seconds
Minimization using L-BFGS-B successful (iterations:134)
CHI2 after optimization:   0.4675 
Fraction of effective frames:   0.0010 
Warm start
Optimizing 36 data and 16080 samples. Theta=0.297470 
CHI2 before optimization:   9.3363 
Execution time: 0.43 seconds
Minimization using L-BFGS-B successful (iterations:83)
CHI2 after optimization:   0.4680 
Fraction of effective frames:   0.0010 
Warm start
Optimizing 36 data and 16080 samples. Theta=0.442443 
CHI2 before optimization:   9.3363 
Execution time: 0.27 seconds
Minimization using L-BFGS-B successful (iterations:62)
CHI2 after optimization:   0.4693 
Fraction of effective frames:   0.0011 
Warm start
Optimizing 36 data and 16080 samples. Theta=0.658069 
CHI2 before optimization:   9.3363 
Execution time: 0.24 seconds
Minimization using L-BFGS-B successful (iterations:54)
CHI2 after optimization:   0.4722 
Fraction of effective frames:   0.0012 
Warm start
Optimizing 36 data and 16080 samples. Theta=0.978780 
CHI2 before optimization:   9.3363 
Execution time: 0.19 seconds
Minimization using L-BFGS-B successful (iterations:44)
CHI2 after optimization:   0.4792 
Fraction of effective frames:   0.0014 
Warm start
Optimizing 36 data and 16080 samples. Theta=1.455791 
CHI2 before optimization:   9.3363 
Execution time: 0.15 seconds
Minimization using L-BFGS-B successful (iterations:34)
CHI2 after optimization:   0.4960 
Fraction of effective frames:   0.0017 
Warm start
Optimizing 36 data and 16080 samples. Theta=2.165273 
CHI2 before optimization:   9.3363 
Execution time: 0.13 seconds
Minimization using L-BFGS-B successful (iterations:25)
CHI2 after optimization:   0.5343 
Fraction of effective frames:   0.0025 
Warm start
Optimizing 36 data and 16080 samples. Theta=3.220524 
CHI2 before optimization:   9.3363 
Execution time: 0.10 seconds
Minimization using L-BFGS-B successful (iterations:21)
CHI2 after optimization:   0.6163 
Fraction of effective frames:   0.0044 
Warm start
Optimizing 36 data and 16080 samples. Theta=4.790053 
CHI2 before optimization:   9.3363 
Execution time: 0.08 seconds
Minimization using L-BFGS-B successful (iterations:17)
CHI2 after optimization:   0.7740 
Fraction of effective frames:   0.0090 
Warm start
Optimizing 36 data and 16080 samples. Theta=7.124496 
CHI2 before optimization:   9.3363 
Execution time: 0.06 seconds
Minimization using L-BFGS-B successful (iterations:12)
CHI2 after optimization:   1.0422 
Fraction of effective frames:   0.0204 
Warm start
Optimizing 36 data and 16080 samples. Theta=10.596634 
CHI2 before optimization:   9.3363 
Execution time: 0.06 seconds
Minimization using L-BFGS-B successful (iterations:12)
CHI2 after optimization:   1.4576 
Fraction of effective frames:   0.0481 
Warm start
Optimizing 36 data and 16080 samples. Theta=15.760926 
CHI2 before optimization:   9.3363 
Execution time: 0.05 seconds
Minimization using L-BFGS-B successful (iterations:10)
CHI2 after optimization:   2.0488 
Fraction of effective frames:   0.1092 
Warm start
Optimizing 36 data and 16080 samples. Theta=23.442046 
CHI2 before optimization:   9.3363 
Execution time: 0.05 seconds
Minimization using L-BFGS-B successful (iterations:10)
CHI2 after optimization:   2.8141 
Fraction of effective frames:   0.2235 
Warm start
Optimizing 36 data and 16080 samples. Theta=34.866576 
CHI2 before optimization:   9.3363 
Execution time: 0.04 seconds
Minimization using L-BFGS-B successful (iterations:9)
CHI2 after optimization:   3.6825 
Fraction of effective frames:   0.3871 
Warm start
Optimizing 36 data and 16080 samples. Theta=51.858876 
CHI2 before optimization:   9.3363 
Execution time: 0.04 seconds
Minimization using L-BFGS-B successful (iterations:9)
CHI2 after optimization:   4.5462 
Fraction of effective frames:   0.5597 
Warm start
Optimizing 36 data and 16080 samples. Theta=77.132408 
CHI2 before optimization:   9.3363 
Execution time: 0.07 seconds
Minimization using L-BFGS-B successful (iterations:9)
CHI2 after optimization:   5.3484 
Fraction of effective frames:   0.7048 
Warm start
Optimizing 36 data and 16080 samples. Theta=114.723050 
CHI2 before optimization:   9.3363 
Execution time: 0.05 seconds
Minimization using L-BFGS-B successful (iterations:9)
CHI2 after optimization:   6.0891 
Fraction of effective frames:   0.8131 
Warm start
Optimizing 36 data and 16080 samples. Theta=170.633570 
CHI2 before optimization:   9.3363 
Execution time: 0.03 seconds
Minimization using L-BFGS-B successful (iterations:9)
CHI2 after optimization:   6.7786 
Fraction of effective frames:   0.8893 
Warm start
Optimizing 36 data and 16080 samples. Theta=253.792201 
CHI2 before optimization:   9.3363 
Execution time: 0.05 seconds
Minimization using L-BFGS-B successful (iterations:9)
CHI2 after optimization:   7.4010 
Fraction of effective frames:   0.9390 
Warm start
Optimizing 36 data and 16080 samples. Theta=377.478364 
CHI2 before optimization:   9.3363 
Execution time: 0.05 seconds
Minimization using L-BFGS-B successful (iterations:9)
CHI2 after optimization:   7.9282 
Fraction of effective frames:   0.9686 
Warm start
Optimizing 36 data and 16080 samples. Theta=561.443241 
CHI2 before optimization:   9.3363 
Execution time: 0.03 seconds
Minimization using L-BFGS-B successful (iterations:8)
CHI2 after optimization:   8.3415 
Fraction of effective frames:   0.9846 
Warm start
Optimizing 36 data and 16080 samples. Theta=835.063787 
CHI2 before optimization:   9.3363 
Execution time: 0.05 seconds
Minimization using L-BFGS-B successful (iterations:8)
CHI2 after optimization:   8.6470 
Fraction of effective frames:   0.9927 
Warm start
Optimizing 36 data and 16080 samples. Theta=1242.033884 
CHI2 before optimization:   9.3363 
Execution time: 0.05 seconds
Minimization using L-BFGS-B successful (iterations:7)
CHI2 after optimization:   8.8642 
Fraction of effective frames:   0.9966 
Warm start
Optimizing 36 data and 16080 samples. Theta=1847.341714 
CHI2 before optimization:   9.3363 
Execution time: 0.03 seconds
Minimization using L-BFGS-B successful (iterations:7)
CHI2 after optimization:   9.0153 
Fraction of effective frames:   0.9984 
Warm start
Optimizing 36 data and 16080 samples. Theta=2747.647592 
CHI2 before optimization:   9.3363 
Execution time: 0.03 seconds
Minimization using L-BFGS-B successful (iterations:7)
CHI2 after optimization:   9.1189 
Fraction of effective frames:   0.9993 
Warm start
Optimizing 36 data and 16080 samples. Theta=4086.719436 
CHI2 before optimization:   9.3363 
Execution time: 0.03 seconds
Minimization using L-BFGS-B successful (iterations:6)
CHI2 after optimization:   9.1896 
Fraction of effective frames:   0.9997 
Warm start
Optimizing 36 data and 16080 samples. Theta=6078.390765 
CHI2 before optimization:   9.3363 
Execution time: 0.02 seconds
Minimization using L-BFGS-B successful (iterations:5)
CHI2 after optimization:   9.2371 
Fraction of effective frames:   0.9999 
Warm start
Optimizing 36 data and 16080 samples. Theta=9040.707313 
CHI2 before optimization:   9.3363 
Execution time: 0.03 seconds
Minimization using L-BFGS-B successful (iterations:4)
CHI2 after optimization:   9.2690 
Fraction of effective frames:   0.9999 
Warm start
Optimizing 36 data and 16080 samples. Theta=13446.715073 
CHI2 before optimization:   9.3363 
Execution time: 0.02 seconds
Minimization using L-BFGS-B successful (iterations:4)
CHI2 after optimization:   9.2912 
Fraction of effective frames:   1.0000 
Warm start
Optimizing 36 data and 16080 samples. Theta=20000.000000 
CHI2 before optimization:   9.3363 
Execution time: 0.03 seconds
Minimization using L-BFGS-B successful (iterations:4)
CHI2 after optimization:   9.3059 
Fraction of effective frames:   1.0000 
