Lagrange multipliers initialized from zero
Optimizing 63 data and 16080 samples. Theta=0.200000 
CHI2 before optimization:   5.8273 
Execution time: 1.37 seconds
Minimization using L-BFGS-B successful (iterations:160)
CHI2 after optimization:   1.0725 
Fraction of effective frames:   0.0014 
Warm start
Optimizing 63 data and 16080 samples. Theta=0.297470 
CHI2 before optimization:   5.8273 
Execution time: 0.83 seconds
Minimization using L-BFGS-B successful (iterations:105)
CHI2 after optimization:   1.0728 
Fraction of effective frames:   0.0015 
Warm start
Optimizing 63 data and 16080 samples. Theta=0.442443 
CHI2 before optimization:   5.8273 
Execution time: 0.63 seconds
Minimization using L-BFGS-B successful (iterations:84)
CHI2 after optimization:   1.0734 
Fraction of effective frames:   0.0016 
Warm start
Optimizing 63 data and 16080 samples. Theta=0.658069 
CHI2 before optimization:   5.8273 
Execution time: 0.95 seconds
Minimization using L-BFGS-B successful (iterations:67)
CHI2 after optimization:   1.0749 
Fraction of effective frames:   0.0017 
Warm start
Optimizing 63 data and 16080 samples. Theta=0.978780 
CHI2 before optimization:   5.8273 
Execution time: 0.49 seconds
Minimization using L-BFGS-B successful (iterations:54)
CHI2 after optimization:   1.0783 
Fraction of effective frames:   0.0019 
Warm start
Optimizing 63 data and 16080 samples. Theta=1.455791 
CHI2 before optimization:   5.8273 
Execution time: 0.41 seconds
Minimization using L-BFGS-B successful (iterations:41)
CHI2 after optimization:   1.0865 
Fraction of effective frames:   0.0024 
Warm start
Optimizing 63 data and 16080 samples. Theta=2.165273 
CHI2 before optimization:   5.8273 
Execution time: 0.35 seconds
Minimization using L-BFGS-B successful (iterations:36)
CHI2 after optimization:   1.1053 
Fraction of effective frames:   0.0033 
Warm start
Optimizing 63 data and 16080 samples. Theta=3.220524 
CHI2 before optimization:   5.8273 
Execution time: 0.27 seconds
Minimization using L-BFGS-B successful (iterations:29)
CHI2 after optimization:   1.1476 
Fraction of effective frames:   0.0055 
Warm start
Optimizing 63 data and 16080 samples. Theta=4.790053 
CHI2 before optimization:   5.8273 
Execution time: 0.23 seconds
Minimization using L-BFGS-B successful (iterations:25)
CHI2 after optimization:   1.2365 
Fraction of effective frames:   0.0110 
Warm start
Optimizing 63 data and 16080 samples. Theta=7.124496 
CHI2 before optimization:   5.8273 
Execution time: 0.22 seconds
Minimization using L-BFGS-B successful (iterations:20)
CHI2 after optimization:   1.3958 
Fraction of effective frames:   0.0258 
Warm start
Optimizing 63 data and 16080 samples. Theta=10.596634 
CHI2 before optimization:   5.8273 
Execution time: 0.17 seconds
Minimization using L-BFGS-B successful (iterations:16)
CHI2 after optimization:   1.6327 
Fraction of effective frames:   0.0608 
Warm start
Optimizing 63 data and 16080 samples. Theta=15.760926 
CHI2 before optimization:   5.8273 
Execution time: 0.17 seconds
Minimization using L-BFGS-B successful (iterations:15)
CHI2 after optimization:   1.9452 
Fraction of effective frames:   0.1300 
Warm start
Optimizing 63 data and 16080 samples. Theta=23.442046 
CHI2 before optimization:   5.8273 
Execution time: 0.13 seconds
Minimization using L-BFGS-B successful (iterations:15)
CHI2 after optimization:   2.3264 
Fraction of effective frames:   0.2430 
Warm start
Optimizing 63 data and 16080 samples. Theta=34.866576 
CHI2 before optimization:   5.8273 
Execution time: 0.17 seconds
Minimization using L-BFGS-B successful (iterations:16)
CHI2 after optimization:   2.7681 
Fraction of effective frames:   0.3958 
Warm start
Optimizing 63 data and 16080 samples. Theta=51.858876 
CHI2 before optimization:   5.8273 
Execution time: 0.17 seconds
Minimization using L-BFGS-B successful (iterations:16)
CHI2 after optimization:   3.2403 
Fraction of effective frames:   0.5628 
Warm start
Optimizing 63 data and 16080 samples. Theta=77.132408 
CHI2 before optimization:   5.8273 
Execution time: 0.16 seconds
Minimization using L-BFGS-B successful (iterations:16)
CHI2 after optimization:   3.7053 
Fraction of effective frames:   0.7108 
Warm start
Optimizing 63 data and 16080 samples. Theta=114.723050 
CHI2 before optimization:   5.8273 
Execution time: 0.16 seconds
Minimization using L-BFGS-B successful (iterations:16)
CHI2 after optimization:   4.1401 
Fraction of effective frames:   0.8234 
Warm start
Optimizing 63 data and 16080 samples. Theta=170.633570 
CHI2 before optimization:   5.8273 
Execution time: 0.17 seconds
Minimization using L-BFGS-B successful (iterations:17)
CHI2 after optimization:   4.5293 
Fraction of effective frames:   0.8997 
Warm start
Optimizing 63 data and 16080 samples. Theta=253.792201 
CHI2 before optimization:   5.8273 
Execution time: 0.14 seconds
Minimization using L-BFGS-B successful (iterations:17)
CHI2 after optimization:   4.8596 
Fraction of effective frames:   0.9465 
Warm start
Optimizing 63 data and 16080 samples. Theta=377.478364 
CHI2 before optimization:   5.8273 
Execution time: 0.14 seconds
Minimization using L-BFGS-B successful (iterations:17)
CHI2 after optimization:   5.1250 
Fraction of effective frames:   0.9728 
Warm start
Optimizing 63 data and 16080 samples. Theta=561.443241 
CHI2 before optimization:   5.8273 
Execution time: 0.17 seconds
Minimization using L-BFGS-B successful (iterations:17)
CHI2 after optimization:   5.3284 
Fraction of effective frames:   0.9867 
Warm start
Optimizing 63 data and 16080 samples. Theta=835.063787 
CHI2 before optimization:   5.8273 
Execution time: 0.12 seconds
Minimization using L-BFGS-B successful (iterations:16)
CHI2 after optimization:   5.4785 
Fraction of effective frames:   0.9936 
Warm start
Optimizing 63 data and 16080 samples. Theta=1242.033884 
CHI2 before optimization:   5.8273 
Execution time: 0.12 seconds
Minimization using L-BFGS-B successful (iterations:15)
CHI2 after optimization:   5.5864 
Fraction of effective frames:   0.9970 
Warm start
Optimizing 63 data and 16080 samples. Theta=1847.341714 
CHI2 before optimization:   5.8273 
Execution time: 0.11 seconds
Minimization using L-BFGS-B successful (iterations:15)
CHI2 after optimization:   5.6623 
Fraction of effective frames:   0.9986 
Warm start
Optimizing 63 data and 16080 samples. Theta=2747.647592 
CHI2 before optimization:   5.8273 
Execution time: 0.10 seconds
Minimization using L-BFGS-B successful (iterations:14)
CHI2 after optimization:   5.7151 
Fraction of effective frames:   0.9994 
Warm start
Optimizing 63 data and 16080 samples. Theta=4086.719436 
CHI2 before optimization:   5.8273 
Execution time: 0.10 seconds
Minimization using L-BFGS-B successful (iterations:12)
CHI2 after optimization:   5.7514 
Fraction of effective frames:   0.9997 
Warm start
Optimizing 63 data and 16080 samples. Theta=6078.390765 
CHI2 before optimization:   5.8273 
Execution time: 0.10 seconds
Minimization using L-BFGS-B successful (iterations:11)
CHI2 after optimization:   5.7758 
Fraction of effective frames:   0.9999 
Warm start
Optimizing 63 data and 16080 samples. Theta=9040.707313 
CHI2 before optimization:   5.8273 
Execution time: 0.08 seconds
Minimization using L-BFGS-B successful (iterations:10)
CHI2 after optimization:   5.7925 
Fraction of effective frames:   0.9999 
Warm start
Optimizing 63 data and 16080 samples. Theta=13446.715073 
CHI2 before optimization:   5.8273 
Execution time: 0.08 seconds
Minimization using L-BFGS-B successful (iterations:8)
CHI2 after optimization:   5.8032 
Fraction of effective frames:   1.0000 
Warm start
Optimizing 63 data and 16080 samples. Theta=20000.000000 
CHI2 before optimization:   5.8273 
Execution time: 0.06 seconds
Minimization using L-BFGS-B successful (iterations:6)
CHI2 after optimization:   5.8104 
Fraction of effective frames:   1.0000 
