Lagrange multipliers initialized from zero
Optimizing 54 data and 16080 samples. Theta=0.200000 
CHI2 before optimization:   5.2212 
Execution time: 0.81 seconds
Minimization using L-BFGS-B successful (iterations:121)
CHI2 after optimization:   1.0137 
Fraction of effective frames:   0.0011 
Warm start
Optimizing 54 data and 16080 samples. Theta=0.297470 
CHI2 before optimization:   5.2212 
Execution time: 0.60 seconds
Minimization using L-BFGS-B successful (iterations:82)
CHI2 after optimization:   1.0140 
Fraction of effective frames:   0.0012 
Warm start
Optimizing 54 data and 16080 samples. Theta=0.442443 
CHI2 before optimization:   5.2212 
Execution time: 0.43 seconds
Minimization using L-BFGS-B successful (iterations:66)
CHI2 after optimization:   1.0148 
Fraction of effective frames:   0.0013 
Warm start
Optimizing 54 data and 16080 samples. Theta=0.658069 
CHI2 before optimization:   5.2212 
Execution time: 0.47 seconds
Minimization using L-BFGS-B successful (iterations:54)
CHI2 after optimization:   1.0165 
Fraction of effective frames:   0.0014 
Warm start
Optimizing 54 data and 16080 samples. Theta=0.978780 
CHI2 before optimization:   5.2212 
Execution time: 0.27 seconds
Minimization using L-BFGS-B successful (iterations:40)
CHI2 after optimization:   1.0209 
Fraction of effective frames:   0.0016 
Warm start
Optimizing 54 data and 16080 samples. Theta=1.455791 
CHI2 before optimization:   5.2212 
Execution time: 0.27 seconds
Minimization using L-BFGS-B successful (iterations:35)
CHI2 after optimization:   1.0317 
Fraction of effective frames:   0.0020 
Warm start
Optimizing 54 data and 16080 samples. Theta=2.165273 
CHI2 before optimization:   5.2212 
Execution time: 0.20 seconds
Minimization using L-BFGS-B successful (iterations:28)
CHI2 after optimization:   1.0586 
Fraction of effective frames:   0.0030 
Warm start
Optimizing 54 data and 16080 samples. Theta=3.220524 
CHI2 before optimization:   5.2212 
Execution time: 0.16 seconds
Minimization using L-BFGS-B successful (iterations:21)
CHI2 after optimization:   1.1213 
Fraction of effective frames:   0.0056 
Warm start
Optimizing 54 data and 16080 samples. Theta=4.790053 
CHI2 before optimization:   5.2212 
Execution time: 0.12 seconds
Minimization using L-BFGS-B successful (iterations:17)
CHI2 after optimization:   1.2463 
Fraction of effective frames:   0.0131 
Warm start
Optimizing 54 data and 16080 samples. Theta=7.124496 
CHI2 before optimization:   5.2212 
Execution time: 0.10 seconds
Minimization using L-BFGS-B successful (iterations:15)
CHI2 after optimization:   1.4494 
Fraction of effective frames:   0.0333 
Warm start
Optimizing 54 data and 16080 samples. Theta=10.596634 
CHI2 before optimization:   5.2212 
Execution time: 0.11 seconds
Minimization using L-BFGS-B successful (iterations:14)
CHI2 after optimization:   1.7377 
Fraction of effective frames:   0.0814 
Warm start
Optimizing 54 data and 16080 samples. Theta=15.760926 
CHI2 before optimization:   5.2212 
Execution time: 0.11 seconds
Minimization using L-BFGS-B successful (iterations:14)
CHI2 after optimization:   2.1082 
Fraction of effective frames:   0.1765 
Warm start
Optimizing 54 data and 16080 samples. Theta=23.442046 
CHI2 before optimization:   5.2212 
Execution time: 0.13 seconds
Minimization using L-BFGS-B successful (iterations:14)
CHI2 after optimization:   2.5421 
Fraction of effective frames:   0.3252 
Warm start
Optimizing 54 data and 16080 samples. Theta=34.866576 
CHI2 before optimization:   5.2212 
Execution time: 0.12 seconds
Minimization using L-BFGS-B successful (iterations:13)
CHI2 after optimization:   3.0077 
Fraction of effective frames:   0.5060 
Warm start
Optimizing 54 data and 16080 samples. Theta=51.858876 
CHI2 before optimization:   5.2212 
Execution time: 0.10 seconds
Minimization using L-BFGS-B successful (iterations:15)
CHI2 after optimization:   3.4668 
Fraction of effective frames:   0.6790 
Warm start
Optimizing 54 data and 16080 samples. Theta=77.132408 
CHI2 before optimization:   5.2212 
Execution time: 0.12 seconds
Minimization using L-BFGS-B successful (iterations:15)
CHI2 after optimization:   3.8810 
Fraction of effective frames:   0.8121 
Warm start
Optimizing 54 data and 16080 samples. Theta=114.723050 
CHI2 before optimization:   5.2212 
Execution time: 0.13 seconds
Minimization using L-BFGS-B successful (iterations:16)
CHI2 after optimization:   4.2275 
Fraction of effective frames:   0.8982 
Warm start
Optimizing 54 data and 16080 samples. Theta=170.633570 
CHI2 before optimization:   5.2212 
Execution time: 0.13 seconds
Minimization using L-BFGS-B successful (iterations:17)
CHI2 after optimization:   4.5019 
Fraction of effective frames:   0.9479 
Warm start
Optimizing 54 data and 16080 samples. Theta=253.792201 
CHI2 before optimization:   5.2212 
Execution time: 0.13 seconds
Minimization using L-BFGS-B successful (iterations:16)
CHI2 after optimization:   4.7103 
Fraction of effective frames:   0.9743 
Warm start
Optimizing 54 data and 16080 samples. Theta=377.478364 
CHI2 before optimization:   5.2212 
Execution time: 0.13 seconds
Minimization using L-BFGS-B successful (iterations:16)
CHI2 after optimization:   4.8639 
Fraction of effective frames:   0.9877 
Warm start
Optimizing 54 data and 16080 samples. Theta=561.443241 
CHI2 before optimization:   5.2212 
Execution time: 0.12 seconds
Minimization using L-BFGS-B successful (iterations:15)
CHI2 after optimization:   4.9743 
Fraction of effective frames:   0.9942 
Warm start
Optimizing 54 data and 16080 samples. Theta=835.063787 
CHI2 before optimization:   5.2212 
Execution time: 0.11 seconds
Minimization using L-BFGS-B successful (iterations:14)
CHI2 after optimization:   5.0520 
Fraction of effective frames:   0.9973 
Warm start
Optimizing 54 data and 16080 samples. Theta=1242.033884 
CHI2 before optimization:   5.2212 
Execution time: 0.12 seconds
Minimization using L-BFGS-B successful (iterations:14)
CHI2 after optimization:   5.1060 
Fraction of effective frames:   0.9988 
Warm start
Optimizing 54 data and 16080 samples. Theta=1847.341714 
CHI2 before optimization:   5.2212 
Execution time: 0.12 seconds
Minimization using L-BFGS-B successful (iterations:14)
CHI2 after optimization:   5.1430 
Fraction of effective frames:   0.9994 
Warm start
Optimizing 54 data and 16080 samples. Theta=2747.647592 
CHI2 before optimization:   5.2212 
Execution time: 0.12 seconds
Minimization using L-BFGS-B successful (iterations:13)
CHI2 after optimization:   5.1683 
Fraction of effective frames:   0.9997 
Warm start
Optimizing 54 data and 16080 samples. Theta=4086.719436 
CHI2 before optimization:   5.2212 
Execution time: 0.10 seconds
Minimization using L-BFGS-B successful (iterations:10)
CHI2 after optimization:   5.1855 
Fraction of effective frames:   0.9999 
Warm start
Optimizing 54 data and 16080 samples. Theta=6078.390765 
CHI2 before optimization:   5.2212 
Execution time: 0.09 seconds
Minimization using L-BFGS-B successful (iterations:10)
CHI2 after optimization:   5.1972 
Fraction of effective frames:   0.9999 
Warm start
Optimizing 54 data and 16080 samples. Theta=9040.707313 
CHI2 before optimization:   5.2212 
Execution time: 0.06 seconds
Minimization using L-BFGS-B successful (iterations:6)
CHI2 after optimization:   5.2047 
Fraction of effective frames:   1.0000 
Warm start
Optimizing 54 data and 16080 samples. Theta=13446.715073 
CHI2 before optimization:   5.2212 
Execution time: 0.05 seconds
Minimization using L-BFGS-B successful (iterations:6)
CHI2 after optimization:   5.2102 
Fraction of effective frames:   1.0000 
Warm start
Optimizing 54 data and 16080 samples. Theta=20000.000000 
CHI2 before optimization:   5.2212 
Execution time: 0.05 seconds
Minimization using L-BFGS-B successful (iterations:6)
CHI2 after optimization:   5.2138 
Fraction of effective frames:   1.0000 
