Lagrange multipliers initialized from zero
Optimizing 61 data and 16080 samples. Theta=0.200000 
CHI2 before optimization:   5.1831 
Execution time: 1.29 seconds
Minimization using L-BFGS-B successful (iterations:151)
CHI2 after optimization:   0.8810 
Fraction of effective frames:   0.0012 
Warm start
Optimizing 61 data and 16080 samples. Theta=0.297470 
CHI2 before optimization:   5.1831 
Execution time: 1.02 seconds
Minimization using L-BFGS-B successful (iterations:99)
CHI2 after optimization:   0.8812 
Fraction of effective frames:   0.0012 
Warm start
Optimizing 61 data and 16080 samples. Theta=0.442443 
CHI2 before optimization:   5.1831 
Execution time: 0.83 seconds
Minimization using L-BFGS-B successful (iterations:86)
CHI2 after optimization:   0.8816 
Fraction of effective frames:   0.0013 
Warm start
Optimizing 61 data and 16080 samples. Theta=0.658069 
CHI2 before optimization:   5.1831 
Execution time: 0.47 seconds
Minimization using L-BFGS-B successful (iterations:65)
CHI2 after optimization:   0.8827 
Fraction of effective frames:   0.0014 
Warm start
Optimizing 61 data and 16080 samples. Theta=0.978780 
CHI2 before optimization:   5.1831 
Execution time: 0.45 seconds
Minimization using L-BFGS-B successful (iterations:52)
CHI2 after optimization:   0.8854 
Fraction of effective frames:   0.0015 
Warm start
Optimizing 61 data and 16080 samples. Theta=1.455791 
CHI2 before optimization:   5.1831 
Execution time: 0.33 seconds
Minimization using L-BFGS-B successful (iterations:42)
CHI2 after optimization:   0.8929 
Fraction of effective frames:   0.0018 
Warm start
Optimizing 61 data and 16080 samples. Theta=2.165273 
CHI2 before optimization:   5.1831 
Execution time: 0.30 seconds
Minimization using L-BFGS-B successful (iterations:31)
CHI2 after optimization:   0.9136 
Fraction of effective frames:   0.0026 
Warm start
Optimizing 61 data and 16080 samples. Theta=3.220524 
CHI2 before optimization:   5.1831 
Execution time: 0.22 seconds
Minimization using L-BFGS-B successful (iterations:27)
CHI2 after optimization:   0.9638 
Fraction of effective frames:   0.0045 
Warm start
Optimizing 61 data and 16080 samples. Theta=4.790053 
CHI2 before optimization:   5.1831 
Execution time: 0.21 seconds
Minimization using L-BFGS-B successful (iterations:22)
CHI2 after optimization:   1.0688 
Fraction of effective frames:   0.0102 
Warm start
Optimizing 61 data and 16080 samples. Theta=7.124496 
CHI2 before optimization:   5.1831 
Execution time: 0.17 seconds
Minimization using L-BFGS-B successful (iterations:18)
CHI2 after optimization:   1.2489 
Fraction of effective frames:   0.0258 
Warm start
Optimizing 61 data and 16080 samples. Theta=10.596634 
CHI2 before optimization:   5.1831 
Execution time: 0.14 seconds
Minimization using L-BFGS-B successful (iterations:16)
CHI2 after optimization:   1.5099 
Fraction of effective frames:   0.0643 
Warm start
Optimizing 61 data and 16080 samples. Theta=15.760926 
CHI2 before optimization:   5.1831 
Execution time: 0.13 seconds
Minimization using L-BFGS-B successful (iterations:15)
CHI2 after optimization:   1.8465 
Fraction of effective frames:   0.1422 
Warm start
Optimizing 61 data and 16080 samples. Theta=23.442046 
CHI2 before optimization:   5.1831 
Execution time: 0.12 seconds
Minimization using L-BFGS-B successful (iterations:15)
CHI2 after optimization:   2.2497 
Fraction of effective frames:   0.2700 
Warm start
Optimizing 61 data and 16080 samples. Theta=34.866576 
CHI2 before optimization:   5.1831 
Execution time: 0.15 seconds
Minimization using L-BFGS-B successful (iterations:15)
CHI2 after optimization:   2.7042 
Fraction of effective frames:   0.4392 
Warm start
Optimizing 61 data and 16080 samples. Theta=51.858876 
CHI2 before optimization:   5.1831 
Execution time: 0.15 seconds
Minimization using L-BFGS-B successful (iterations:16)
CHI2 after optimization:   3.1750 
Fraction of effective frames:   0.6171 
Warm start
Optimizing 61 data and 16080 samples. Theta=77.132408 
CHI2 before optimization:   5.1831 
Execution time: 0.13 seconds
Minimization using L-BFGS-B successful (iterations:16)
CHI2 after optimization:   3.6178 
Fraction of effective frames:   0.7657 
Warm start
Optimizing 61 data and 16080 samples. Theta=114.723050 
CHI2 before optimization:   5.1831 
Execution time: 0.12 seconds
Minimization using L-BFGS-B successful (iterations:15)
CHI2 after optimization:   4.0015 
Fraction of effective frames:   0.8685 
Warm start
Optimizing 61 data and 16080 samples. Theta=170.633570 
CHI2 before optimization:   5.1831 
Execution time: 0.14 seconds
Minimization using L-BFGS-B successful (iterations:15)
CHI2 after optimization:   4.3139 
Fraction of effective frames:   0.9307 
Warm start
Optimizing 61 data and 16080 samples. Theta=253.792201 
CHI2 before optimization:   5.1831 
Execution time: 0.13 seconds
Minimization using L-BFGS-B successful (iterations:16)
CHI2 after optimization:   4.5574 
Fraction of effective frames:   0.9651 
Warm start
Optimizing 61 data and 16080 samples. Theta=377.478364 
CHI2 before optimization:   5.1831 
Execution time: 0.13 seconds
Minimization using L-BFGS-B successful (iterations:16)
CHI2 after optimization:   4.7405 
Fraction of effective frames:   0.9830 
Warm start
Optimizing 61 data and 16080 samples. Theta=561.443241 
CHI2 before optimization:   5.1831 
Execution time: 0.14 seconds
Minimization using L-BFGS-B successful (iterations:15)
CHI2 after optimization:   4.8744 
Fraction of effective frames:   0.9919 
Warm start
Optimizing 61 data and 16080 samples. Theta=835.063787 
CHI2 before optimization:   5.1831 
Execution time: 0.13 seconds
Minimization using L-BFGS-B successful (iterations:15)
CHI2 after optimization:   4.9702 
Fraction of effective frames:   0.9962 
Warm start
Optimizing 61 data and 16080 samples. Theta=1242.033884 
CHI2 before optimization:   5.1831 
Execution time: 0.12 seconds
Minimization using L-BFGS-B successful (iterations:15)
CHI2 after optimization:   5.0373 
Fraction of effective frames:   0.9982 
Warm start
Optimizing 61 data and 16080 samples. Theta=1847.341714 
CHI2 before optimization:   5.1831 
Execution time: 0.10 seconds
Minimization using L-BFGS-B successful (iterations:13)
CHI2 after optimization:   5.0839 
Fraction of effective frames:   0.9992 
Warm start
Optimizing 61 data and 16080 samples. Theta=2747.647592 
CHI2 before optimization:   5.1831 
Execution time: 0.10 seconds
Minimization using L-BFGS-B successful (iterations:10)
CHI2 after optimization:   5.1158 
Fraction of effective frames:   0.9996 
Warm start
Optimizing 61 data and 16080 samples. Theta=4086.719436 
CHI2 before optimization:   5.1831 
Execution time: 0.08 seconds
Minimization using L-BFGS-B successful (iterations:10)
CHI2 after optimization:   5.1376 
Fraction of effective frames:   0.9998 
Warm start
Optimizing 61 data and 16080 samples. Theta=6078.390765 
CHI2 before optimization:   5.1831 
Execution time: 0.06 seconds
Minimization using L-BFGS-B successful (iterations:8)
CHI2 after optimization:   5.1523 
Fraction of effective frames:   0.9999 
Warm start
Optimizing 61 data and 16080 samples. Theta=9040.707313 
CHI2 before optimization:   5.1831 
Execution time: 0.08 seconds
Minimization using L-BFGS-B successful (iterations:8)
CHI2 after optimization:   5.1623 
Fraction of effective frames:   1.0000 
Warm start
Optimizing 61 data and 16080 samples. Theta=13446.715073 
CHI2 before optimization:   5.1831 
Execution time: 0.06 seconds
Minimization using L-BFGS-B successful (iterations:6)
CHI2 after optimization:   5.1690 
Fraction of effective frames:   1.0000 
Warm start
Optimizing 61 data and 16080 samples. Theta=20000.000000 
CHI2 before optimization:   5.1831 
Execution time: 0.07 seconds
Minimization using L-BFGS-B successful (iterations:6)
CHI2 after optimization:   5.1736 
Fraction of effective frames:   1.0000 
