Lagrange multipliers initialized from zero
Optimizing 113 data and 16080 samples. Theta=0.200000 
CHI2 before optimization:   2.7871 
Execution time: 1.82 seconds
Minimization using L-BFGS-B successful (iterations:138)
CHI2 after optimization:   0.5078 
Fraction of effective frames:   0.0016 
Warm start
Optimizing 113 data and 16080 samples. Theta=0.297470 
CHI2 before optimization:   2.7871 
Execution time: 1.12 seconds
Minimization using L-BFGS-B successful (iterations:87)
CHI2 after optimization:   0.5079 
Fraction of effective frames:   0.0017 
Warm start
Optimizing 113 data and 16080 samples. Theta=0.442443 
CHI2 before optimization:   2.7871 
Execution time: 0.85 seconds
Minimization using L-BFGS-B successful (iterations:69)
CHI2 after optimization:   0.5083 
Fraction of effective frames:   0.0018 
Warm start
Optimizing 113 data and 16080 samples. Theta=0.658069 
CHI2 before optimization:   2.7871 
Execution time: 0.65 seconds
Minimization using L-BFGS-B successful (iterations:54)
CHI2 after optimization:   0.5090 
Fraction of effective frames:   0.0019 
Warm start
Optimizing 113 data and 16080 samples. Theta=0.978780 
CHI2 before optimization:   2.7871 
Execution time: 0.53 seconds
Minimization using L-BFGS-B successful (iterations:45)
CHI2 after optimization:   0.5103 
Fraction of effective frames:   0.0021 
Warm start
Optimizing 113 data and 16080 samples. Theta=1.455791 
CHI2 before optimization:   2.7871 
Execution time: 0.45 seconds
Minimization using L-BFGS-B successful (iterations:37)
CHI2 after optimization:   0.5135 
Fraction of effective frames:   0.0024 
Warm start
Optimizing 113 data and 16080 samples. Theta=2.165273 
CHI2 before optimization:   2.7871 
Execution time: 0.37 seconds
Minimization using L-BFGS-B successful (iterations:29)
CHI2 after optimization:   0.5219 
Fraction of effective frames:   0.0031 
Warm start
Optimizing 113 data and 16080 samples. Theta=3.220524 
CHI2 before optimization:   2.7871 
Execution time: 0.27 seconds
Minimization using L-BFGS-B successful (iterations:23)
CHI2 after optimization:   0.5446 
Fraction of effective frames:   0.0050 
Warm start
Optimizing 113 data and 16080 samples. Theta=4.790053 
CHI2 before optimization:   2.7871 
Execution time: 0.29 seconds
Minimization using L-BFGS-B successful (iterations:21)
CHI2 after optimization:   0.5980 
Fraction of effective frames:   0.0106 
Warm start
Optimizing 113 data and 16080 samples. Theta=7.124496 
CHI2 before optimization:   2.7871 
Execution time: 0.25 seconds
Minimization using L-BFGS-B successful (iterations:19)
CHI2 after optimization:   0.6949 
Fraction of effective frames:   0.0270 
Warm start
Optimizing 113 data and 16080 samples. Theta=10.596634 
CHI2 before optimization:   2.7871 
Execution time: 0.26 seconds
Minimization using L-BFGS-B successful (iterations:19)
CHI2 after optimization:   0.8352 
Fraction of effective frames:   0.0670 
Warm start
Optimizing 113 data and 16080 samples. Theta=15.760926 
CHI2 before optimization:   2.7871 
Execution time: 0.28 seconds
Minimization using L-BFGS-B successful (iterations:20)
CHI2 after optimization:   1.0130 
Fraction of effective frames:   0.1457 
Warm start
Optimizing 113 data and 16080 samples. Theta=23.442046 
CHI2 before optimization:   2.7871 
Execution time: 0.27 seconds
Minimization using L-BFGS-B successful (iterations:20)
CHI2 after optimization:   1.2245 
Fraction of effective frames:   0.2715 
Warm start
Optimizing 113 data and 16080 samples. Theta=34.866576 
CHI2 before optimization:   2.7871 
Execution time: 0.27 seconds
Minimization using L-BFGS-B successful (iterations:21)
CHI2 after optimization:   1.4669 
Fraction of effective frames:   0.4389 
Warm start
Optimizing 113 data and 16080 samples. Theta=51.858876 
CHI2 before optimization:   2.7871 
Execution time: 0.28 seconds
Minimization using L-BFGS-B successful (iterations:21)
CHI2 after optimization:   1.7237 
Fraction of effective frames:   0.6187 
Warm start
Optimizing 113 data and 16080 samples. Theta=77.132408 
CHI2 before optimization:   2.7871 
Execution time: 0.28 seconds
Minimization using L-BFGS-B successful (iterations:22)
CHI2 after optimization:   1.9650 
Fraction of effective frames:   0.7694 
Warm start
Optimizing 113 data and 16080 samples. Theta=114.723050 
CHI2 before optimization:   2.7871 
Execution time: 0.28 seconds
Minimization using L-BFGS-B successful (iterations:22)
CHI2 after optimization:   2.1706 
Fraction of effective frames:   0.8719 
Warm start
Optimizing 113 data and 16080 samples. Theta=170.633570 
CHI2 before optimization:   2.7871 
Execution time: 0.31 seconds
Minimization using L-BFGS-B successful (iterations:22)
CHI2 after optimization:   2.3359 
Fraction of effective frames:   0.9330 
Warm start
Optimizing 113 data and 16080 samples. Theta=253.792201 
CHI2 before optimization:   2.7871 
Execution time: 0.28 seconds
Minimization using L-BFGS-B successful (iterations:22)
CHI2 after optimization:   2.4635 
Fraction of effective frames:   0.9664 
Warm start
Optimizing 113 data and 16080 samples. Theta=377.478364 
CHI2 before optimization:   2.7871 
Execution time: 0.28 seconds
Minimization using L-BFGS-B successful (iterations:22)
CHI2 after optimization:   2.5588 
Fraction of effective frames:   0.9837 
Warm start
Optimizing 113 data and 16080 samples. Theta=561.443241 
CHI2 before optimization:   2.7871 
Execution time: 0.25 seconds
Minimization using L-BFGS-B successful (iterations:20)
CHI2 after optimization:   2.6282 
Fraction of effective frames:   0.9922 
Warm start
Optimizing 113 data and 16080 samples. Theta=835.063787 
CHI2 before optimization:   2.7871 
Execution time: 0.25 seconds
Minimization using L-BFGS-B successful (iterations:19)
CHI2 after optimization:   2.6776 
Fraction of effective frames:   0.9964 
Warm start
Optimizing 113 data and 16080 samples. Theta=1242.033884 
CHI2 before optimization:   2.7871 
Execution time: 0.26 seconds
Minimization using L-BFGS-B successful (iterations:19)
CHI2 after optimization:   2.7122 
Fraction of effective frames:   0.9983 
Warm start
Optimizing 113 data and 16080 samples. Theta=1847.341714 
CHI2 before optimization:   2.7871 
Execution time: 0.22 seconds
Minimization using L-BFGS-B successful (iterations:17)
CHI2 after optimization:   2.7361 
Fraction of effective frames:   0.9992 
Warm start
Optimizing 113 data and 16080 samples. Theta=2747.647592 
CHI2 before optimization:   2.7871 
Execution time: 0.22 seconds
Minimization using L-BFGS-B successful (iterations:15)
CHI2 after optimization:   2.7525 
Fraction of effective frames:   0.9996 
Warm start
Optimizing 113 data and 16080 samples. Theta=4086.719436 
CHI2 before optimization:   2.7871 
Execution time: 0.20 seconds
Minimization using L-BFGS-B successful (iterations:14)
CHI2 after optimization:   2.7637 
Fraction of effective frames:   0.9998 
Warm start
Optimizing 113 data and 16080 samples. Theta=6078.390765 
CHI2 before optimization:   2.7871 
Execution time: 0.17 seconds
Minimization using L-BFGS-B successful (iterations:11)
CHI2 after optimization:   2.7712 
Fraction of effective frames:   0.9999 
Warm start
Optimizing 113 data and 16080 samples. Theta=9040.707313 
CHI2 before optimization:   2.7871 
Execution time: 0.15 seconds
Minimization using L-BFGS-B successful (iterations:11)
CHI2 after optimization:   2.7764 
Fraction of effective frames:   1.0000 
Warm start
Optimizing 113 data and 16080 samples. Theta=13446.715073 
CHI2 before optimization:   2.7871 
Execution time: 0.08 seconds
Minimization using L-BFGS-B successful (iterations:5)
CHI2 after optimization:   2.7797 
Fraction of effective frames:   1.0000 
Warm start
Optimizing 113 data and 16080 samples. Theta=20000.000000 
CHI2 before optimization:   2.7871 
Execution time: 0.11 seconds
Minimization using L-BFGS-B successful (iterations:7)
CHI2 after optimization:   2.7821 
Fraction of effective frames:   1.0000 
