Lagrange multipliers initialized from zero
Optimizing 34 data and 16080 samples. Theta=0.200000 
CHI2 before optimization:   7.2151 
Execution time: 0.45 seconds
Minimization using L-BFGS-B successful (iterations:109)
CHI2 after optimization:   0.2254 
Fraction of effective frames:   0.0012 
Warm start
Optimizing 34 data and 16080 samples. Theta=0.297470 
CHI2 before optimization:   7.2151 
Execution time: 0.30 seconds
Minimization using L-BFGS-B successful (iterations:66)
CHI2 after optimization:   0.2263 
Fraction of effective frames:   0.0013 
Warm start
Optimizing 34 data and 16080 samples. Theta=0.442443 
CHI2 before optimization:   7.2151 
Execution time: 0.25 seconds
Minimization using L-BFGS-B successful (iterations:48)
CHI2 after optimization:   0.2283 
Fraction of effective frames:   0.0014 
Warm start
Optimizing 34 data and 16080 samples. Theta=0.658069 
CHI2 before optimization:   7.2151 
Execution time: 0.18 seconds
Minimization using L-BFGS-B successful (iterations:41)
CHI2 after optimization:   0.2334 
Fraction of effective frames:   0.0017 
Warm start
Optimizing 34 data and 16080 samples. Theta=0.978780 
CHI2 before optimization:   7.2151 
Execution time: 0.17 seconds
Minimization using L-BFGS-B successful (iterations:34)
CHI2 after optimization:   0.2469 
Fraction of effective frames:   0.0022 
Warm start
Optimizing 34 data and 16080 samples. Theta=1.455791 
CHI2 before optimization:   7.2151 
Execution time: 0.14 seconds
Minimization using L-BFGS-B successful (iterations:26)
CHI2 after optimization:   0.2770 
Fraction of effective frames:   0.0034 
Warm start
Optimizing 34 data and 16080 samples. Theta=2.165273 
CHI2 before optimization:   7.2151 
Execution time: 0.10 seconds
Minimization using L-BFGS-B successful (iterations:22)
CHI2 after optimization:   0.3359 
Fraction of effective frames:   0.0060 
Warm start
Optimizing 34 data and 16080 samples. Theta=3.220524 
CHI2 before optimization:   7.2151 
Execution time: 0.07 seconds
Minimization using L-BFGS-B successful (iterations:19)
CHI2 after optimization:   0.4357 
Fraction of effective frames:   0.0113 
Warm start
Optimizing 34 data and 16080 samples. Theta=4.790053 
CHI2 before optimization:   7.2151 
Execution time: 0.08 seconds
Minimization using L-BFGS-B successful (iterations:16)
CHI2 after optimization:   0.5930 
Fraction of effective frames:   0.0221 
Warm start
Optimizing 34 data and 16080 samples. Theta=7.124496 
CHI2 before optimization:   7.2151 
Execution time: 0.07 seconds
Minimization using L-BFGS-B successful (iterations:14)
CHI2 after optimization:   0.8330 
Fraction of effective frames:   0.0443 
Warm start
Optimizing 34 data and 16080 samples. Theta=10.596634 
CHI2 before optimization:   7.2151 
Execution time: 0.07 seconds
Minimization using L-BFGS-B successful (iterations:13)
CHI2 after optimization:   1.1966 
Fraction of effective frames:   0.0898 
Warm start
Optimizing 34 data and 16080 samples. Theta=15.760926 
CHI2 before optimization:   7.2151 
Execution time: 0.05 seconds
Minimization using L-BFGS-B successful (iterations:12)
CHI2 after optimization:   1.7216 
Fraction of effective frames:   0.1786 
Warm start
Optimizing 34 data and 16080 samples. Theta=23.442046 
CHI2 before optimization:   7.2151 
Execution time: 0.05 seconds
Minimization using L-BFGS-B successful (iterations:12)
CHI2 after optimization:   2.3943 
Fraction of effective frames:   0.3240 
Warm start
Optimizing 34 data and 16080 samples. Theta=34.866576 
CHI2 before optimization:   7.2151 
Execution time: 0.05 seconds
Minimization using L-BFGS-B successful (iterations:12)
CHI2 after optimization:   3.1230 
Fraction of effective frames:   0.5011 
Warm start
Optimizing 34 data and 16080 samples. Theta=51.858876 
CHI2 before optimization:   7.2151 
Execution time: 0.05 seconds
Minimization using L-BFGS-B successful (iterations:11)
CHI2 after optimization:   3.8244 
Fraction of effective frames:   0.6650 
Warm start
Optimizing 34 data and 16080 samples. Theta=77.132408 
CHI2 before optimization:   7.2151 
Execution time: 0.07 seconds
Minimization using L-BFGS-B successful (iterations:12)
CHI2 after optimization:   4.4596 
Fraction of effective frames:   0.7902 
Warm start
Optimizing 34 data and 16080 samples. Theta=114.723050 
CHI2 before optimization:   7.2151 
Execution time: 0.07 seconds
Minimization using L-BFGS-B successful (iterations:13)
CHI2 after optimization:   5.0194 
Fraction of effective frames:   0.8753 
Warm start
Optimizing 34 data and 16080 samples. Theta=170.633570 
CHI2 before optimization:   7.2151 
Execution time: 0.10 seconds
Minimization using L-BFGS-B successful (iterations:13)
CHI2 after optimization:   5.5058 
Fraction of effective frames:   0.9293 
Warm start
Optimizing 34 data and 16080 samples. Theta=253.792201 
CHI2 before optimization:   7.2151 
Execution time: 0.08 seconds
Minimization using L-BFGS-B successful (iterations:13)
CHI2 after optimization:   5.9209 
Fraction of effective frames:   0.9617 
Warm start
Optimizing 34 data and 16080 samples. Theta=377.478364 
CHI2 before optimization:   7.2151 
Execution time: 0.07 seconds
Minimization using L-BFGS-B successful (iterations:13)
CHI2 after optimization:   6.2629 
Fraction of effective frames:   0.9802 
Warm start
Optimizing 34 data and 16080 samples. Theta=561.443241 
CHI2 before optimization:   7.2151 
Execution time: 0.06 seconds
Minimization using L-BFGS-B successful (iterations:13)
CHI2 after optimization:   6.5320 
Fraction of effective frames:   0.9902 
Warm start
Optimizing 34 data and 16080 samples. Theta=835.063787 
CHI2 before optimization:   7.2151 
Execution time: 0.07 seconds
Minimization using L-BFGS-B successful (iterations:13)
CHI2 after optimization:   6.7348 
Fraction of effective frames:   0.9953 
Warm start
Optimizing 34 data and 16080 samples. Theta=1242.033884 
CHI2 before optimization:   7.2151 
Execution time: 0.08 seconds
Minimization using L-BFGS-B successful (iterations:13)
CHI2 after optimization:   6.8823 
Fraction of effective frames:   0.9978 
Warm start
Optimizing 34 data and 16080 samples. Theta=1847.341714 
CHI2 before optimization:   7.2151 
Execution time: 0.07 seconds
Minimization using L-BFGS-B successful (iterations:12)
CHI2 after optimization:   6.9868 
Fraction of effective frames:   0.9990 
Warm start
Optimizing 34 data and 16080 samples. Theta=2747.647592 
CHI2 before optimization:   7.2151 
Execution time: 0.07 seconds
Minimization using L-BFGS-B successful (iterations:12)
CHI2 after optimization:   7.0592 
Fraction of effective frames:   0.9995 
Warm start
Optimizing 34 data and 16080 samples. Theta=4086.719436 
CHI2 before optimization:   7.2151 
Execution time: 0.07 seconds
Minimization using L-BFGS-B successful (iterations:12)
CHI2 after optimization:   7.1096 
Fraction of effective frames:   0.9998 
Warm start
Optimizing 34 data and 16080 samples. Theta=6078.390765 
CHI2 before optimization:   7.2151 
Execution time: 0.05 seconds
Minimization using L-BFGS-B successful (iterations:11)
CHI2 after optimization:   7.1435 
Fraction of effective frames:   0.9999 
Warm start
Optimizing 34 data and 16080 samples. Theta=9040.707313 
CHI2 before optimization:   7.2151 
Execution time: 0.05 seconds
Minimization using L-BFGS-B successful (iterations:9)
CHI2 after optimization:   7.1656 
Fraction of effective frames:   1.0000 
Warm start
Optimizing 34 data and 16080 samples. Theta=13446.715073 
CHI2 before optimization:   7.2151 
Execution time: 0.05 seconds
Minimization using L-BFGS-B successful (iterations:8)
CHI2 after optimization:   7.1817 
Fraction of effective frames:   1.0000 
Warm start
Optimizing 34 data and 16080 samples. Theta=20000.000000 
CHI2 before optimization:   7.2151 
Execution time: 0.05 seconds
Minimization using L-BFGS-B successful (iterations:7)
CHI2 after optimization:   7.1920 
Fraction of effective frames:   1.0000 
