Lagrange multipliers initialized from zero
Optimizing 36 data and 16080 samples. Theta=0.200000 
CHI2 before optimization:   5.5212 
Execution time: 0.62 seconds
Minimization using L-BFGS-B successful (iterations:113)
CHI2 after optimization:   0.5710 
Fraction of effective frames:   0.0011 
Warm start
Optimizing 36 data and 16080 samples. Theta=0.297470 
CHI2 before optimization:   5.5212 
Execution time: 0.35 seconds
Minimization using L-BFGS-B successful (iterations:68)
CHI2 after optimization:   0.5722 
Fraction of effective frames:   0.0012 
Warm start
Optimizing 36 data and 16080 samples. Theta=0.442443 
CHI2 before optimization:   5.5212 
Execution time: 0.33 seconds
Minimization using L-BFGS-B successful (iterations:58)
CHI2 after optimization:   0.5747 
Fraction of effective frames:   0.0014 
Warm start
Optimizing 36 data and 16080 samples. Theta=0.658069 
CHI2 before optimization:   5.5212 
Execution time: 0.20 seconds
Minimization using L-BFGS-B successful (iterations:43)
CHI2 after optimization:   0.5810 
Fraction of effective frames:   0.0017 
Warm start
Optimizing 36 data and 16080 samples. Theta=0.978780 
CHI2 before optimization:   5.5212 
Execution time: 0.18 seconds
Minimization using L-BFGS-B successful (iterations:35)
CHI2 after optimization:   0.5998 
Fraction of effective frames:   0.0025 
Warm start
Optimizing 36 data and 16080 samples. Theta=1.455791 
CHI2 before optimization:   5.5212 
Execution time: 0.14 seconds
Minimization using L-BFGS-B successful (iterations:27)
CHI2 after optimization:   0.6490 
Fraction of effective frames:   0.0052 
Warm start
Optimizing 36 data and 16080 samples. Theta=2.165273 
CHI2 before optimization:   5.5212 
Execution time: 0.12 seconds
Minimization using L-BFGS-B successful (iterations:22)
CHI2 after optimization:   0.7452 
Fraction of effective frames:   0.0136 
Warm start
Optimizing 36 data and 16080 samples. Theta=3.220524 
CHI2 before optimization:   5.5212 
Execution time: 0.10 seconds
Minimization using L-BFGS-B successful (iterations:18)
CHI2 after optimization:   0.8881 
Fraction of effective frames:   0.0358 
Warm start
Optimizing 36 data and 16080 samples. Theta=4.790053 
CHI2 before optimization:   5.5212 
Execution time: 0.08 seconds
Minimization using L-BFGS-B successful (iterations:16)
CHI2 after optimization:   1.0644 
Fraction of effective frames:   0.0803 
Warm start
Optimizing 36 data and 16080 samples. Theta=7.124496 
CHI2 before optimization:   5.5212 
Execution time: 0.07 seconds
Minimization using L-BFGS-B successful (iterations:14)
CHI2 after optimization:   1.2672 
Fraction of effective frames:   0.1503 
Warm start
Optimizing 36 data and 16080 samples. Theta=10.596634 
CHI2 before optimization:   5.5212 
Execution time: 0.07 seconds
Minimization using L-BFGS-B successful (iterations:14)
CHI2 after optimization:   1.4963 
Fraction of effective frames:   0.2419 
Warm start
Optimizing 36 data and 16080 samples. Theta=15.760926 
CHI2 before optimization:   5.5212 
Execution time: 0.07 seconds
Minimization using L-BFGS-B successful (iterations:15)
CHI2 after optimization:   1.7589 
Fraction of effective frames:   0.3490 
Warm start
Optimizing 36 data and 16080 samples. Theta=23.442046 
CHI2 before optimization:   5.5212 
Execution time: 0.07 seconds
Minimization using L-BFGS-B successful (iterations:14)
CHI2 after optimization:   2.0716 
Fraction of effective frames:   0.4678 
Warm start
Optimizing 36 data and 16080 samples. Theta=34.866576 
CHI2 before optimization:   5.5212 
Execution time: 0.08 seconds
Minimization using L-BFGS-B successful (iterations:16)
CHI2 after optimization:   2.4476 
Fraction of effective frames:   0.5929 
Warm start
Optimizing 36 data and 16080 samples. Theta=51.858876 
CHI2 before optimization:   5.5212 
Execution time: 0.09 seconds
Minimization using L-BFGS-B successful (iterations:16)
CHI2 after optimization:   2.8821 
Fraction of effective frames:   0.7130 
Warm start
Optimizing 36 data and 16080 samples. Theta=77.132408 
CHI2 before optimization:   5.5212 
Execution time: 0.10 seconds
Minimization using L-BFGS-B successful (iterations:16)
CHI2 after optimization:   3.3489 
Fraction of effective frames:   0.8149 
Warm start
Optimizing 36 data and 16080 samples. Theta=114.723050 
CHI2 before optimization:   5.5212 
Execution time: 0.08 seconds
Minimization using L-BFGS-B successful (iterations:16)
CHI2 after optimization:   3.8092 
Fraction of effective frames:   0.8906 
Warm start
Optimizing 36 data and 16080 samples. Theta=170.633570 
CHI2 before optimization:   5.5212 
Execution time: 0.08 seconds
Minimization using L-BFGS-B successful (iterations:17)
CHI2 after optimization:   4.2253 
Fraction of effective frames:   0.9401 
Warm start
Optimizing 36 data and 16080 samples. Theta=253.792201 
CHI2 before optimization:   5.5212 
Execution time: 0.08 seconds
Minimization using L-BFGS-B successful (iterations:17)
CHI2 after optimization:   4.5718 
Fraction of effective frames:   0.9691 
Warm start
Optimizing 36 data and 16080 samples. Theta=377.478364 
CHI2 before optimization:   5.5212 
Execution time: 0.09 seconds
Minimization using L-BFGS-B successful (iterations:17)
CHI2 after optimization:   4.8422 
Fraction of effective frames:   0.9847 
Warm start
Optimizing 36 data and 16080 samples. Theta=561.443241 
CHI2 before optimization:   5.5212 
Execution time: 0.07 seconds
Minimization using L-BFGS-B successful (iterations:16)
CHI2 after optimization:   5.0443 
Fraction of effective frames:   0.9926 
Warm start
Optimizing 36 data and 16080 samples. Theta=835.063787 
CHI2 before optimization:   5.5212 
Execution time: 0.08 seconds
Minimization using L-BFGS-B successful (iterations:16)
CHI2 after optimization:   5.1905 
Fraction of effective frames:   0.9965 
Warm start
Optimizing 36 data and 16080 samples. Theta=1242.033884 
CHI2 before optimization:   5.5212 
Execution time: 0.08 seconds
Minimization using L-BFGS-B successful (iterations:14)
CHI2 after optimization:   5.2936 
Fraction of effective frames:   0.9984 
Warm start
Optimizing 36 data and 16080 samples. Theta=1847.341714 
CHI2 before optimization:   5.5212 
Execution time: 0.07 seconds
Minimization using L-BFGS-B successful (iterations:14)
CHI2 after optimization:   5.3660 
Fraction of effective frames:   0.9993 
Warm start
Optimizing 36 data and 16080 samples. Theta=2747.647592 
CHI2 before optimization:   5.5212 
Execution time: 0.08 seconds
Minimization using L-BFGS-B successful (iterations:14)
CHI2 after optimization:   5.4157 
Fraction of effective frames:   0.9997 
Warm start
Optimizing 36 data and 16080 samples. Theta=4086.719436 
CHI2 before optimization:   5.5212 
Execution time: 0.06 seconds
Minimization using L-BFGS-B successful (iterations:12)
CHI2 after optimization:   5.4494 
Fraction of effective frames:   0.9998 
Warm start
Optimizing 36 data and 16080 samples. Theta=6078.390765 
CHI2 before optimization:   5.5212 
Execution time: 0.07 seconds
Minimization using L-BFGS-B successful (iterations:11)
CHI2 after optimization:   5.4726 
Fraction of effective frames:   0.9999 
Warm start
Optimizing 36 data and 16080 samples. Theta=9040.707313 
CHI2 before optimization:   5.5212 
Execution time: 0.06 seconds
Minimization using L-BFGS-B successful (iterations:9)
CHI2 after optimization:   5.4882 
Fraction of effective frames:   1.0000 
Warm start
Optimizing 36 data and 16080 samples. Theta=13446.715073 
CHI2 before optimization:   5.5212 
Execution time: 0.05 seconds
Minimization using L-BFGS-B successful (iterations:8)
CHI2 after optimization:   5.4984 
Fraction of effective frames:   1.0000 
Warm start
Optimizing 36 data and 16080 samples. Theta=20000.000000 
CHI2 before optimization:   5.5212 
Execution time: 0.03 seconds
Minimization using L-BFGS-B successful (iterations:7)
CHI2 after optimization:   5.5054 
Fraction of effective frames:   1.0000 
