Lagrange multipliers initialized from zero
Optimizing 63 data and 16080 samples. Theta=0.200000 
CHI2 before optimization:   6.6894 
Execution time: 1.57 seconds
Minimization using L-BFGS-B successful (iterations:181)
CHI2 after optimization:   1.2256 
Fraction of effective frames:   0.0014 
Warm start
Optimizing 63 data and 16080 samples. Theta=0.297470 
CHI2 before optimization:   6.6894 
Execution time: 0.97 seconds
Minimization using L-BFGS-B successful (iterations:122)
CHI2 after optimization:   1.2257 
Fraction of effective frames:   0.0014 
Warm start
Optimizing 63 data and 16080 samples. Theta=0.442443 
CHI2 before optimization:   6.6894 
Execution time: 0.78 seconds
Minimization using L-BFGS-B successful (iterations:95)
CHI2 after optimization:   1.2259 
Fraction of effective frames:   0.0014 
Warm start
Optimizing 63 data and 16080 samples. Theta=0.658069 
CHI2 before optimization:   6.6894 
Execution time: 0.78 seconds
Minimization using L-BFGS-B successful (iterations:77)
CHI2 after optimization:   1.2266 
Fraction of effective frames:   0.0015 
Warm start
Optimizing 63 data and 16080 samples. Theta=0.978780 
CHI2 before optimization:   6.6894 
Execution time: 0.53 seconds
Minimization using L-BFGS-B successful (iterations:62)
CHI2 after optimization:   1.2288 
Fraction of effective frames:   0.0016 
Warm start
Optimizing 63 data and 16080 samples. Theta=1.455791 
CHI2 before optimization:   6.6894 
Execution time: 0.40 seconds
Minimization using L-BFGS-B successful (iterations:48)
CHI2 after optimization:   1.2350 
Fraction of effective frames:   0.0019 
Warm start
Optimizing 63 data and 16080 samples. Theta=2.165273 
CHI2 before optimization:   6.6894 
Execution time: 0.32 seconds
Minimization using L-BFGS-B successful (iterations:39)
CHI2 after optimization:   1.2509 
Fraction of effective frames:   0.0025 
Warm start
Optimizing 63 data and 16080 samples. Theta=3.220524 
CHI2 before optimization:   6.6894 
Execution time: 0.25 seconds
Minimization using L-BFGS-B successful (iterations:31)
CHI2 after optimization:   1.2871 
Fraction of effective frames:   0.0038 
Warm start
Optimizing 63 data and 16080 samples. Theta=4.790053 
CHI2 before optimization:   6.6894 
Execution time: 0.20 seconds
Minimization using L-BFGS-B successful (iterations:26)
CHI2 after optimization:   1.3642 
Fraction of effective frames:   0.0070 
Warm start
Optimizing 63 data and 16080 samples. Theta=7.124496 
CHI2 before optimization:   6.6894 
Execution time: 0.18 seconds
Minimization using L-BFGS-B successful (iterations:19)
CHI2 after optimization:   1.5129 
Fraction of effective frames:   0.0155 
Warm start
Optimizing 63 data and 16080 samples. Theta=10.596634 
CHI2 before optimization:   6.6894 
Execution time: 0.13 seconds
Minimization using L-BFGS-B successful (iterations:18)
CHI2 after optimization:   1.7556 
Fraction of effective frames:   0.0370 
Warm start
Optimizing 63 data and 16080 samples. Theta=15.760926 
CHI2 before optimization:   6.6894 
Execution time: 0.12 seconds
Minimization using L-BFGS-B successful (iterations:15)
CHI2 after optimization:   2.0991 
Fraction of effective frames:   0.0853 
Warm start
Optimizing 63 data and 16080 samples. Theta=23.442046 
CHI2 before optimization:   6.6894 
Execution time: 0.13 seconds
Minimization using L-BFGS-B successful (iterations:16)
CHI2 after optimization:   2.5413 
Fraction of effective frames:   0.1761 
Warm start
Optimizing 63 data and 16080 samples. Theta=34.866576 
CHI2 before optimization:   6.6894 
Execution time: 0.13 seconds
Minimization using L-BFGS-B successful (iterations:16)
CHI2 after optimization:   3.0740 
Fraction of effective frames:   0.3169 
Warm start
Optimizing 63 data and 16080 samples. Theta=51.858876 
CHI2 before optimization:   6.6894 
Execution time: 0.12 seconds
Minimization using L-BFGS-B successful (iterations:16)
CHI2 after optimization:   3.6680 
Fraction of effective frames:   0.4931 
Warm start
Optimizing 63 data and 16080 samples. Theta=77.132408 
CHI2 before optimization:   6.6894 
Execution time: 0.12 seconds
Minimization using L-BFGS-B successful (iterations:15)
CHI2 after optimization:   4.2634 
Fraction of effective frames:   0.6650 
Warm start
Optimizing 63 data and 16080 samples. Theta=114.723050 
CHI2 before optimization:   6.6894 
Execution time: 0.12 seconds
Minimization using L-BFGS-B successful (iterations:15)
CHI2 after optimization:   4.8054 
Fraction of effective frames:   0.7990 
Warm start
Optimizing 63 data and 16080 samples. Theta=170.633570 
CHI2 before optimization:   6.6894 
Execution time: 0.13 seconds
Minimization using L-BFGS-B successful (iterations:16)
CHI2 after optimization:   5.2688 
Fraction of effective frames:   0.8880 
Warm start
Optimizing 63 data and 16080 samples. Theta=253.792201 
CHI2 before optimization:   6.6894 
Execution time: 0.12 seconds
Minimization using L-BFGS-B successful (iterations:16)
CHI2 after optimization:   5.6489 
Fraction of effective frames:   0.9413 
Warm start
Optimizing 63 data and 16080 samples. Theta=377.478364 
CHI2 before optimization:   6.6894 
Execution time: 0.12 seconds
Minimization using L-BFGS-B successful (iterations:16)
CHI2 after optimization:   5.9464 
Fraction of effective frames:   0.9707 
Warm start
Optimizing 63 data and 16080 samples. Theta=561.443241 
CHI2 before optimization:   6.6894 
Execution time: 0.12 seconds
Minimization using L-BFGS-B successful (iterations:15)
CHI2 after optimization:   6.1694 
Fraction of effective frames:   0.9859 
Warm start
Optimizing 63 data and 16080 samples. Theta=835.063787 
CHI2 before optimization:   6.6894 
Execution time: 0.12 seconds
Minimization using L-BFGS-B successful (iterations:15)
CHI2 after optimization:   6.3305 
Fraction of effective frames:   0.9934 
Warm start
Optimizing 63 data and 16080 samples. Theta=1242.033884 
CHI2 before optimization:   6.6894 
Execution time: 0.10 seconds
Minimization using L-BFGS-B successful (iterations:13)
CHI2 after optimization:   6.4440 
Fraction of effective frames:   0.9969 
Warm start
Optimizing 63 data and 16080 samples. Theta=1847.341714 
CHI2 before optimization:   6.6894 
Execution time: 0.12 seconds
Minimization using L-BFGS-B successful (iterations:13)
CHI2 after optimization:   6.5222 
Fraction of effective frames:   0.9986 
Warm start
Optimizing 63 data and 16080 samples. Theta=2747.647592 
CHI2 before optimization:   6.6894 
Execution time: 0.10 seconds
Minimization using L-BFGS-B successful (iterations:13)
CHI2 after optimization:   6.5762 
Fraction of effective frames:   0.9994 
Warm start
Optimizing 63 data and 16080 samples. Theta=4086.719436 
CHI2 before optimization:   6.6894 
Execution time: 0.10 seconds
Minimization using L-BFGS-B successful (iterations:11)
CHI2 after optimization:   6.6127 
Fraction of effective frames:   0.9997 
Warm start
Optimizing 63 data and 16080 samples. Theta=6078.390765 
CHI2 before optimization:   6.6894 
Execution time: 0.09 seconds
Minimization using L-BFGS-B successful (iterations:10)
CHI2 after optimization:   6.6377 
Fraction of effective frames:   0.9999 
Warm start
Optimizing 63 data and 16080 samples. Theta=9040.707313 
CHI2 before optimization:   6.6894 
Execution time: 0.09 seconds
Minimization using L-BFGS-B successful (iterations:9)
CHI2 after optimization:   6.6547 
Fraction of effective frames:   0.9999 
Warm start
Optimizing 63 data and 16080 samples. Theta=13446.715073 
CHI2 before optimization:   6.6894 
Execution time: 0.07 seconds
Minimization using L-BFGS-B successful (iterations:6)
CHI2 after optimization:   6.6647 
Fraction of effective frames:   1.0000 
Warm start
Optimizing 63 data and 16080 samples. Theta=20000.000000 
CHI2 before optimization:   6.6894 
Execution time: 0.05 seconds
Minimization using L-BFGS-B successful (iterations:6)
CHI2 after optimization:   6.6726 
Fraction of effective frames:   1.0000 
