Lagrange multipliers initialized from zero
Optimizing 45 data and 16080 samples. Theta=0.200000 
CHI2 before optimization:  11.9510 
Execution time: 1.39 seconds
Minimization using L-BFGS-B successful (iterations:195)
CHI2 after optimization:   1.1243 
Fraction of effective frames:   0.0009 
Warm start
Optimizing 45 data and 16080 samples. Theta=0.297470 
CHI2 before optimization:  11.9510 
Execution time: 0.86 seconds
Minimization using L-BFGS-B successful (iterations:133)
CHI2 after optimization:   1.1244 
Fraction of effective frames:   0.0009 
Warm start
Optimizing 45 data and 16080 samples. Theta=0.442443 
CHI2 before optimization:  11.9510 
Execution time: 0.67 seconds
Minimization using L-BFGS-B successful (iterations:105)
CHI2 after optimization:   1.1247 
Fraction of effective frames:   0.0010 
Warm start
Optimizing 45 data and 16080 samples. Theta=0.658069 
CHI2 before optimization:  11.9510 
Execution time: 0.59 seconds
Minimization using L-BFGS-B successful (iterations:88)
CHI2 after optimization:   1.1257 
Fraction of effective frames:   0.0010 
Warm start
Optimizing 45 data and 16080 samples. Theta=0.978780 
CHI2 before optimization:  11.9510 
Execution time: 0.44 seconds
Minimization using L-BFGS-B successful (iterations:64)
CHI2 after optimization:   1.1283 
Fraction of effective frames:   0.0011 
Warm start
Optimizing 45 data and 16080 samples. Theta=1.455791 
CHI2 before optimization:  11.9510 
Execution time: 0.31 seconds
Minimization using L-BFGS-B successful (iterations:53)
CHI2 after optimization:   1.1358 
Fraction of effective frames:   0.0012 
Warm start
Optimizing 45 data and 16080 samples. Theta=2.165273 
CHI2 before optimization:  11.9510 
Execution time: 0.23 seconds
Minimization using L-BFGS-B successful (iterations:39)
CHI2 after optimization:   1.1544 
Fraction of effective frames:   0.0016 
Warm start
Optimizing 45 data and 16080 samples. Theta=3.220524 
CHI2 before optimization:  11.9510 
Execution time: 0.17 seconds
Minimization using L-BFGS-B successful (iterations:28)
CHI2 after optimization:   1.1967 
Fraction of effective frames:   0.0022 
Warm start
Optimizing 45 data and 16080 samples. Theta=4.790053 
CHI2 before optimization:  11.9510 
Execution time: 0.15 seconds
Minimization using L-BFGS-B successful (iterations:25)
CHI2 after optimization:   1.2859 
Fraction of effective frames:   0.0037 
Warm start
Optimizing 45 data and 16080 samples. Theta=7.124496 
CHI2 before optimization:  11.9510 
Execution time: 0.10 seconds
Minimization using L-BFGS-B successful (iterations:19)
CHI2 after optimization:   1.4611 
Fraction of effective frames:   0.0072 
Warm start
Optimizing 45 data and 16080 samples. Theta=10.596634 
CHI2 before optimization:  11.9510 
Execution time: 0.10 seconds
Minimization using L-BFGS-B successful (iterations:15)
CHI2 after optimization:   1.7773 
Fraction of effective frames:   0.0161 
Warm start
Optimizing 45 data and 16080 samples. Theta=15.760926 
CHI2 before optimization:  11.9510 
Execution time: 0.06 seconds
Minimization using L-BFGS-B successful (iterations:12)
CHI2 after optimization:   2.2884 
Fraction of effective frames:   0.0389 
Warm start
Optimizing 45 data and 16080 samples. Theta=23.442046 
CHI2 before optimization:  11.9510 
Execution time: 0.08 seconds
Minimization using L-BFGS-B successful (iterations:11)
CHI2 after optimization:   3.0442 
Fraction of effective frames:   0.0938 
Warm start
Optimizing 45 data and 16080 samples. Theta=34.866576 
CHI2 before optimization:  11.9510 
Execution time: 0.07 seconds
Minimization using L-BFGS-B successful (iterations:10)
CHI2 after optimization:   4.0456 
Fraction of effective frames:   0.2061 
Warm start
Optimizing 45 data and 16080 samples. Theta=51.858876 
CHI2 before optimization:  11.9510 
Execution time: 0.05 seconds
Minimization using L-BFGS-B successful (iterations:10)
CHI2 after optimization:   5.1691 
Fraction of effective frames:   0.3748 
Warm start
Optimizing 45 data and 16080 samples. Theta=77.132408 
CHI2 before optimization:  11.9510 
Execution time: 0.08 seconds
Minimization using L-BFGS-B successful (iterations:10)
CHI2 after optimization:   6.2514 
Fraction of effective frames:   0.5528 
Warm start
Optimizing 45 data and 16080 samples. Theta=114.723050 
CHI2 before optimization:  11.9510 
Execution time: 0.06 seconds
Minimization using L-BFGS-B successful (iterations:10)
CHI2 after optimization:   7.2416 
Fraction of effective frames:   0.7021 
Warm start
Optimizing 45 data and 16080 samples. Theta=170.633570 
CHI2 before optimization:  11.9510 
Execution time: 0.07 seconds
Minimization using L-BFGS-B successful (iterations:10)
CHI2 after optimization:   8.1505 
Fraction of effective frames:   0.8137 
Warm start
Optimizing 45 data and 16080 samples. Theta=253.792201 
CHI2 before optimization:  11.9510 
Execution time: 0.07 seconds
Minimization using L-BFGS-B successful (iterations:10)
CHI2 after optimization:   8.9852 
Fraction of effective frames:   0.8914 
Warm start
Optimizing 45 data and 16080 samples. Theta=377.478364 
CHI2 before optimization:  11.9510 
Execution time: 0.06 seconds
Minimization using L-BFGS-B successful (iterations:10)
CHI2 after optimization:   9.7217 
Fraction of effective frames:   0.9410 
Warm start
Optimizing 45 data and 16080 samples. Theta=561.443241 
CHI2 before optimization:  11.9510 
Execution time: 0.07 seconds
Minimization using L-BFGS-B successful (iterations:10)
CHI2 after optimization:  10.3301 
Fraction of effective frames:   0.9698 
Warm start
Optimizing 45 data and 16080 samples. Theta=835.063787 
CHI2 before optimization:  11.9510 
Execution time: 0.05 seconds
Minimization using L-BFGS-B successful (iterations:9)
CHI2 after optimization:  10.8022 
Fraction of effective frames:   0.9852 
Warm start
Optimizing 45 data and 16080 samples. Theta=1242.033884 
CHI2 before optimization:  11.9510 
Execution time: 0.07 seconds
Minimization using L-BFGS-B successful (iterations:9)
CHI2 after optimization:  11.1508 
Fraction of effective frames:   0.9930 
Warm start
Optimizing 45 data and 16080 samples. Theta=1847.341714 
CHI2 before optimization:  11.9510 
Execution time: 0.04 seconds
Minimization using L-BFGS-B successful (iterations:8)
CHI2 after optimization:  11.4001 
Fraction of effective frames:   0.9967 
Warm start
Optimizing 45 data and 16080 samples. Theta=2747.647592 
CHI2 before optimization:  11.9510 
Execution time: 0.05 seconds
Minimization using L-BFGS-B successful (iterations:8)
CHI2 after optimization:  11.5747 
Fraction of effective frames:   0.9985 
Warm start
Optimizing 45 data and 16080 samples. Theta=4086.719436 
CHI2 before optimization:  11.9510 
Execution time: 0.05 seconds
Minimization using L-BFGS-B successful (iterations:7)
CHI2 after optimization:  11.6950 
Fraction of effective frames:   0.9993 
Warm start
Optimizing 45 data and 16080 samples. Theta=6078.390765 
CHI2 before optimization:  11.9510 
Execution time: 0.05 seconds
Minimization using L-BFGS-B successful (iterations:6)
CHI2 after optimization:  11.7778 
Fraction of effective frames:   0.9997 
Warm start
Optimizing 45 data and 16080 samples. Theta=9040.707313 
CHI2 before optimization:  11.9510 
Execution time: 0.04 seconds
Minimization using L-BFGS-B successful (iterations:6)
CHI2 after optimization:  11.8340 
Fraction of effective frames:   0.9999 
Warm start
Optimizing 45 data and 16080 samples. Theta=13446.715073 
CHI2 before optimization:  11.9510 
Execution time: 0.05 seconds
Minimization using L-BFGS-B successful (iterations:6)
CHI2 after optimization:  11.8721 
Fraction of effective frames:   0.9999 
Warm start
Optimizing 45 data and 16080 samples. Theta=20000.000000 
CHI2 before optimization:  11.9510 
Execution time: 0.03 seconds
Minimization using L-BFGS-B successful (iterations:5)
CHI2 after optimization:  11.8984 
Fraction of effective frames:   1.0000 
