Lagrange multipliers initialized from zero
Optimizing 113 data and 16080 samples. Theta=0.200000 
CHI2 before optimization:   2.5119 
Execution time: 1.70 seconds
Minimization using L-BFGS-B successful (iterations:126)
CHI2 after optimization:   0.4159 
Fraction of effective frames:   0.0013 
Warm start
Optimizing 113 data and 16080 samples. Theta=0.297470 
CHI2 before optimization:   2.5119 
Execution time: 1.09 seconds
Minimization using L-BFGS-B successful (iterations:91)
CHI2 after optimization:   0.4161 
Fraction of effective frames:   0.0013 
Warm start
Optimizing 113 data and 16080 samples. Theta=0.442443 
CHI2 before optimization:   2.5119 
Execution time: 0.85 seconds
Minimization using L-BFGS-B successful (iterations:69)
CHI2 after optimization:   0.4166 
Fraction of effective frames:   0.0014 
Warm start
Optimizing 113 data and 16080 samples. Theta=0.658069 
CHI2 before optimization:   2.5119 
Execution time: 0.72 seconds
Minimization using L-BFGS-B successful (iterations:57)
CHI2 after optimization:   0.4177 
Fraction of effective frames:   0.0016 
Warm start
Optimizing 113 data and 16080 samples. Theta=0.978780 
CHI2 before optimization:   2.5119 
Execution time: 0.57 seconds
Minimization using L-BFGS-B successful (iterations:45)
CHI2 after optimization:   0.4199 
Fraction of effective frames:   0.0019 
Warm start
Optimizing 113 data and 16080 samples. Theta=1.455791 
CHI2 before optimization:   2.5119 
Execution time: 0.45 seconds
Minimization using L-BFGS-B successful (iterations:35)
CHI2 after optimization:   0.4246 
Fraction of effective frames:   0.0023 
Warm start
Optimizing 113 data and 16080 samples. Theta=2.165273 
CHI2 before optimization:   2.5119 
Execution time: 0.42 seconds
Minimization using L-BFGS-B successful (iterations:29)
CHI2 after optimization:   0.4361 
Fraction of effective frames:   0.0034 
Warm start
Optimizing 113 data and 16080 samples. Theta=3.220524 
CHI2 before optimization:   2.5119 
Execution time: 0.29 seconds
Minimization using L-BFGS-B successful (iterations:24)
CHI2 after optimization:   0.4635 
Fraction of effective frames:   0.0060 
Warm start
Optimizing 113 data and 16080 samples. Theta=4.790053 
CHI2 before optimization:   2.5119 
Execution time: 0.25 seconds
Minimization using L-BFGS-B successful (iterations:19)
CHI2 after optimization:   0.5187 
Fraction of effective frames:   0.0130 
Warm start
Optimizing 113 data and 16080 samples. Theta=7.124496 
CHI2 before optimization:   2.5119 
Execution time: 0.22 seconds
Minimization using L-BFGS-B successful (iterations:17)
CHI2 after optimization:   0.6098 
Fraction of effective frames:   0.0313 
Warm start
Optimizing 113 data and 16080 samples. Theta=10.596634 
CHI2 before optimization:   2.5119 
Execution time: 0.22 seconds
Minimization using L-BFGS-B successful (iterations:17)
CHI2 after optimization:   0.7409 
Fraction of effective frames:   0.0731 
Warm start
Optimizing 113 data and 16080 samples. Theta=15.760926 
CHI2 before optimization:   2.5119 
Execution time: 0.23 seconds
Minimization using L-BFGS-B successful (iterations:19)
CHI2 after optimization:   0.9117 
Fraction of effective frames:   0.1542 
Warm start
Optimizing 113 data and 16080 samples. Theta=23.442046 
CHI2 before optimization:   2.5119 
Execution time: 0.27 seconds
Minimization using L-BFGS-B successful (iterations:19)
CHI2 after optimization:   1.1213 
Fraction of effective frames:   0.2857 
Warm start
Optimizing 113 data and 16080 samples. Theta=34.866576 
CHI2 before optimization:   2.5119 
Execution time: 0.25 seconds
Minimization using L-BFGS-B successful (iterations:19)
CHI2 after optimization:   1.3659 
Fraction of effective frames:   0.4638 
Warm start
Optimizing 113 data and 16080 samples. Theta=51.858876 
CHI2 before optimization:   2.5119 
Execution time: 0.28 seconds
Minimization using L-BFGS-B successful (iterations:21)
CHI2 after optimization:   1.6215 
Fraction of effective frames:   0.6533 
Warm start
Optimizing 113 data and 16080 samples. Theta=77.132408 
CHI2 before optimization:   2.5119 
Execution time: 0.26 seconds
Minimization using L-BFGS-B successful (iterations:20)
CHI2 after optimization:   1.8480 
Fraction of effective frames:   0.8018 
Warm start
Optimizing 113 data and 16080 samples. Theta=114.723050 
CHI2 before optimization:   2.5119 
Execution time: 0.27 seconds
Minimization using L-BFGS-B successful (iterations:19)
CHI2 after optimization:   2.0286 
Fraction of effective frames:   0.8951 
Warm start
Optimizing 113 data and 16080 samples. Theta=170.633570 
CHI2 before optimization:   2.5119 
Execution time: 0.27 seconds
Minimization using L-BFGS-B successful (iterations:19)
CHI2 after optimization:   2.1664 
Fraction of effective frames:   0.9471 
Warm start
Optimizing 113 data and 16080 samples. Theta=253.792201 
CHI2 before optimization:   2.5119 
Execution time: 0.25 seconds
Minimization using L-BFGS-B successful (iterations:19)
CHI2 after optimization:   2.2686 
Fraction of effective frames:   0.9742 
Warm start
Optimizing 113 data and 16080 samples. Theta=377.478364 
CHI2 before optimization:   2.5119 
Execution time: 0.27 seconds
Minimization using L-BFGS-B successful (iterations:19)
CHI2 after optimization:   2.3428 
Fraction of effective frames:   0.9877 
Warm start
Optimizing 113 data and 16080 samples. Theta=561.443241 
CHI2 before optimization:   2.5119 
Execution time: 0.27 seconds
Minimization using L-BFGS-B successful (iterations:19)
CHI2 after optimization:   2.3954 
Fraction of effective frames:   0.9943 
Warm start
Optimizing 113 data and 16080 samples. Theta=835.063787 
CHI2 before optimization:   2.5119 
Execution time: 0.27 seconds
Minimization using L-BFGS-B successful (iterations:19)
CHI2 after optimization:   2.4322 
Fraction of effective frames:   0.9973 
Warm start
Optimizing 113 data and 16080 samples. Theta=1242.033884 
CHI2 before optimization:   2.5119 
Execution time: 0.23 seconds
Minimization using L-BFGS-B successful (iterations:17)
CHI2 after optimization:   2.4577 
Fraction of effective frames:   0.9988 
Warm start
Optimizing 113 data and 16080 samples. Theta=1847.341714 
CHI2 before optimization:   2.5119 
Execution time: 0.20 seconds
Minimization using L-BFGS-B successful (iterations:15)
CHI2 after optimization:   2.4751 
Fraction of effective frames:   0.9994 
Warm start
Optimizing 113 data and 16080 samples. Theta=2747.647592 
CHI2 before optimization:   2.5119 
Execution time: 0.20 seconds
Minimization using L-BFGS-B successful (iterations:15)
CHI2 after optimization:   2.4871 
Fraction of effective frames:   0.9997 
Warm start
Optimizing 113 data and 16080 samples. Theta=4086.719436 
CHI2 before optimization:   2.5119 
Execution time: 0.16 seconds
Minimization using L-BFGS-B successful (iterations:12)
CHI2 after optimization:   2.4951 
Fraction of effective frames:   0.9999 
Warm start
Optimizing 113 data and 16080 samples. Theta=6078.390765 
CHI2 before optimization:   2.5119 
Execution time: 0.15 seconds
Minimization using L-BFGS-B successful (iterations:11)
CHI2 after optimization:   2.5006 
Fraction of effective frames:   0.9999 
Warm start
Optimizing 113 data and 16080 samples. Theta=9040.707313 
CHI2 before optimization:   2.5119 
Execution time: 0.08 seconds
Minimization using L-BFGS-B successful (iterations:5)
CHI2 after optimization:   2.5041 
Fraction of effective frames:   1.0000 
Warm start
Optimizing 113 data and 16080 samples. Theta=13446.715073 
CHI2 before optimization:   2.5119 
Execution time: 0.12 seconds
Minimization using L-BFGS-B successful (iterations:9)
CHI2 after optimization:   2.5068 
Fraction of effective frames:   1.0000 
Warm start
Optimizing 113 data and 16080 samples. Theta=20000.000000 
CHI2 before optimization:   2.5119 
Execution time: 0.12 seconds
Minimization using L-BFGS-B successful (iterations:6)
CHI2 after optimization:   2.5083 
Fraction of effective frames:   1.0000 
