Lagrange multipliers initialized from zero
Optimizing 67 data and 16080 samples. Theta=0.200000 
CHI2 before optimization:   1.8349 
Execution time: 0.25 seconds
Minimization using L-BFGS-B successful (iterations:32)
CHI2 after optimization:   0.0476 
Fraction of effective frames:   0.0051 
Warm start
Optimizing 67 data and 16080 samples. Theta=0.297470 
CHI2 before optimization:   1.8349 
Execution time: 0.20 seconds
Minimization using L-BFGS-B successful (iterations:23)
CHI2 after optimization:   0.0515 
Fraction of effective frames:   0.0086 
Warm start
Optimizing 67 data and 16080 samples. Theta=0.442443 
CHI2 before optimization:   1.8349 
Execution time: 0.17 seconds
Minimization using L-BFGS-B successful (iterations:19)
CHI2 after optimization:   0.0573 
Fraction of effective frames:   0.0147 
Warm start
Optimizing 67 data and 16080 samples. Theta=0.658069 
CHI2 before optimization:   1.8349 
Execution time: 0.17 seconds
Minimization using L-BFGS-B successful (iterations:19)
CHI2 after optimization:   0.0652 
Fraction of effective frames:   0.0239 
Warm start
Optimizing 67 data and 16080 samples. Theta=0.978780 
CHI2 before optimization:   1.8349 
Execution time: 0.17 seconds
Minimization using L-BFGS-B successful (iterations:16)
CHI2 after optimization:   0.0761 
Fraction of effective frames:   0.0376 
Warm start
Optimizing 67 data and 16080 samples. Theta=1.455791 
CHI2 before optimization:   1.8349 
Execution time: 0.14 seconds
Minimization using L-BFGS-B successful (iterations:14)
CHI2 after optimization:   0.0918 
Fraction of effective frames:   0.0584 
Warm start
Optimizing 67 data and 16080 samples. Theta=2.165273 
CHI2 before optimization:   1.8349 
Execution time: 0.10 seconds
Minimization using L-BFGS-B successful (iterations:13)
CHI2 after optimization:   0.1154 
Fraction of effective frames:   0.0908 
Warm start
Optimizing 67 data and 16080 samples. Theta=3.220524 
CHI2 before optimization:   1.8349 
Execution time: 0.09 seconds
Minimization using L-BFGS-B successful (iterations:12)
CHI2 after optimization:   0.1506 
Fraction of effective frames:   0.1414 
Warm start
Optimizing 67 data and 16080 samples. Theta=4.790053 
CHI2 before optimization:   1.8349 
Execution time: 0.12 seconds
Minimization using L-BFGS-B successful (iterations:12)
CHI2 after optimization:   0.1997 
Fraction of effective frames:   0.2147 
Warm start
Optimizing 67 data and 16080 samples. Theta=7.124496 
CHI2 before optimization:   1.8349 
Execution time: 0.12 seconds
Minimization using L-BFGS-B successful (iterations:13)
CHI2 after optimization:   0.2620 
Fraction of effective frames:   0.3070 
Warm start
Optimizing 67 data and 16080 samples. Theta=10.596634 
CHI2 before optimization:   1.8349 
Execution time: 0.15 seconds
Minimization using L-BFGS-B successful (iterations:16)
CHI2 after optimization:   0.3354 
Fraction of effective frames:   0.4076 
Warm start
Optimizing 67 data and 16080 samples. Theta=15.760926 
CHI2 before optimization:   1.8349 
Execution time: 0.15 seconds
Minimization using L-BFGS-B successful (iterations:16)
CHI2 after optimization:   0.4195 
Fraction of effective frames:   0.5072 
Warm start
Optimizing 67 data and 16080 samples. Theta=23.442046 
CHI2 before optimization:   1.8349 
Execution time: 0.15 seconds
Minimization using L-BFGS-B successful (iterations:16)
CHI2 after optimization:   0.5189 
Fraction of effective frames:   0.6032 
Warm start
Optimizing 67 data and 16080 samples. Theta=34.866576 
CHI2 before optimization:   1.8349 
Execution time: 0.13 seconds
Minimization using L-BFGS-B successful (iterations:15)
CHI2 after optimization:   0.6410 
Fraction of effective frames:   0.6959 
Warm start
Optimizing 67 data and 16080 samples. Theta=51.858876 
CHI2 before optimization:   1.8349 
Execution time: 0.13 seconds
Minimization using L-BFGS-B successful (iterations:16)
CHI2 after optimization:   0.7900 
Fraction of effective frames:   0.7827 
Warm start
Optimizing 67 data and 16080 samples. Theta=77.132408 
CHI2 before optimization:   1.8349 
Execution time: 0.16 seconds
Minimization using L-BFGS-B successful (iterations:18)
CHI2 after optimization:   0.9625 
Fraction of effective frames:   0.8578 
Warm start
Optimizing 67 data and 16080 samples. Theta=114.723050 
CHI2 before optimization:   1.8349 
Execution time: 0.15 seconds
Minimization using L-BFGS-B successful (iterations:19)
CHI2 after optimization:   1.1440 
Fraction of effective frames:   0.9156 
Warm start
Optimizing 67 data and 16080 samples. Theta=170.633570 
CHI2 before optimization:   1.8349 
Execution time: 0.15 seconds
Minimization using L-BFGS-B successful (iterations:19)
CHI2 after optimization:   1.3136 
Fraction of effective frames:   0.9540 
Warm start
Optimizing 67 data and 16080 samples. Theta=253.792201 
CHI2 before optimization:   1.8349 
Execution time: 0.13 seconds
Minimization using L-BFGS-B successful (iterations:16)
CHI2 after optimization:   1.4564 
Fraction of effective frames:   0.9766 
Warm start
Optimizing 67 data and 16080 samples. Theta=377.478364 
CHI2 before optimization:   1.8349 
Execution time: 0.16 seconds
Minimization using L-BFGS-B successful (iterations:18)
CHI2 after optimization:   1.5674 
Fraction of effective frames:   0.9886 
Warm start
Optimizing 67 data and 16080 samples. Theta=561.443241 
CHI2 before optimization:   1.8349 
Execution time: 0.15 seconds
Minimization using L-BFGS-B successful (iterations:18)
CHI2 after optimization:   1.6491 
Fraction of effective frames:   0.9946 
Warm start
Optimizing 67 data and 16080 samples. Theta=835.063787 
CHI2 before optimization:   1.8349 
Execution time: 0.14 seconds
Minimization using L-BFGS-B successful (iterations:18)
CHI2 after optimization:   1.7074 
Fraction of effective frames:   0.9975 
Warm start
Optimizing 67 data and 16080 samples. Theta=1242.033884 
CHI2 before optimization:   1.8349 
Execution time: 0.15 seconds
Minimization using L-BFGS-B successful (iterations:18)
CHI2 after optimization:   1.7480 
Fraction of effective frames:   0.9988 
Warm start
Optimizing 67 data and 16080 samples. Theta=1847.341714 
CHI2 before optimization:   1.8349 
Execution time: 0.12 seconds
Minimization using L-BFGS-B successful (iterations:15)
CHI2 after optimization:   1.7758 
Fraction of effective frames:   0.9995 
Warm start
Optimizing 67 data and 16080 samples. Theta=2747.647592 
CHI2 before optimization:   1.8349 
Execution time: 0.10 seconds
Minimization using L-BFGS-B successful (iterations:14)
CHI2 after optimization:   1.7949 
Fraction of effective frames:   0.9998 
Warm start
Optimizing 67 data and 16080 samples. Theta=4086.719436 
CHI2 before optimization:   1.8349 
Execution time: 0.10 seconds
Minimization using L-BFGS-B successful (iterations:13)
CHI2 after optimization:   1.8079 
Fraction of effective frames:   0.9999 
Warm start
Optimizing 67 data and 16080 samples. Theta=6078.390765 
CHI2 before optimization:   1.8349 
Execution time: 0.07 seconds
Minimization using L-BFGS-B successful (iterations:9)
CHI2 after optimization:   1.8160 
Fraction of effective frames:   0.9999 
Warm start
Optimizing 67 data and 16080 samples. Theta=9040.707313 
CHI2 before optimization:   1.8349 
Execution time: 0.06 seconds
Minimization using L-BFGS-B successful (iterations:8)
CHI2 after optimization:   1.8221 
Fraction of effective frames:   1.0000 
Warm start
Optimizing 67 data and 16080 samples. Theta=13446.715073 
CHI2 before optimization:   1.8349 
Execution time: 0.07 seconds
Minimization using L-BFGS-B successful (iterations:8)
CHI2 after optimization:   1.8264 
Fraction of effective frames:   1.0000 
Warm start
Optimizing 67 data and 16080 samples. Theta=20000.000000 
CHI2 before optimization:   1.8349 
Execution time: 0.08 seconds
Minimization using L-BFGS-B successful (iterations:8)
CHI2 after optimization:   1.8292 
Fraction of effective frames:   1.0000 
