Lagrange multipliers initialized from zero
Optimizing 67 data and 16080 samples. Theta=0.200000 
CHI2 before optimization:   2.0589 
Execution time: 0.30 seconds
Minimization using L-BFGS-B successful (iterations:35)
CHI2 after optimization:   0.0270 
Fraction of effective frames:   0.0083 
Warm start
Optimizing 67 data and 16080 samples. Theta=0.297470 
CHI2 before optimization:   2.0589 
Execution time: 0.22 seconds
Minimization using L-BFGS-B successful (iterations:24)
CHI2 after optimization:   0.0301 
Fraction of effective frames:   0.0127 
Warm start
Optimizing 67 data and 16080 samples. Theta=0.442443 
CHI2 before optimization:   2.0589 
Execution time: 0.18 seconds
Minimization using L-BFGS-B successful (iterations:20)
CHI2 after optimization:   0.0344 
Fraction of effective frames:   0.0189 
Warm start
Optimizing 67 data and 16080 samples. Theta=0.658069 
CHI2 before optimization:   2.0589 
Execution time: 0.20 seconds
Minimization using L-BFGS-B successful (iterations:17)
CHI2 after optimization:   0.0404 
Fraction of effective frames:   0.0274 
Warm start
Optimizing 67 data and 16080 samples. Theta=0.978780 
CHI2 before optimization:   2.0589 
Execution time: 0.13 seconds
Minimization using L-BFGS-B successful (iterations:14)
CHI2 after optimization:   0.0491 
Fraction of effective frames:   0.0393 
Warm start
Optimizing 67 data and 16080 samples. Theta=1.455791 
CHI2 before optimization:   2.0589 
Execution time: 0.15 seconds
Minimization using L-BFGS-B successful (iterations:13)
CHI2 after optimization:   0.0626 
Fraction of effective frames:   0.0572 
Warm start
Optimizing 67 data and 16080 samples. Theta=2.165273 
CHI2 before optimization:   2.0589 
Execution time: 0.14 seconds
Minimization using L-BFGS-B successful (iterations:13)
CHI2 after optimization:   0.0835 
Fraction of effective frames:   0.0845 
Warm start
Optimizing 67 data and 16080 samples. Theta=3.220524 
CHI2 before optimization:   2.0589 
Execution time: 0.12 seconds
Minimization using L-BFGS-B successful (iterations:12)
CHI2 after optimization:   0.1150 
Fraction of effective frames:   0.1258 
Warm start
Optimizing 67 data and 16080 samples. Theta=4.790053 
CHI2 before optimization:   2.0589 
Execution time: 0.12 seconds
Minimization using L-BFGS-B successful (iterations:13)
CHI2 after optimization:   0.1595 
Fraction of effective frames:   0.1836 
Warm start
Optimizing 67 data and 16080 samples. Theta=7.124496 
CHI2 before optimization:   2.0589 
Execution time: 0.12 seconds
Minimization using L-BFGS-B successful (iterations:13)
CHI2 after optimization:   0.2186 
Fraction of effective frames:   0.2575 
Warm start
Optimizing 67 data and 16080 samples. Theta=10.596634 
CHI2 before optimization:   2.0589 
Execution time: 0.11 seconds
Minimization using L-BFGS-B successful (iterations:13)
CHI2 after optimization:   0.2944 
Fraction of effective frames:   0.3448 
Warm start
Optimizing 67 data and 16080 samples. Theta=15.760926 
CHI2 before optimization:   2.0589 
Execution time: 0.13 seconds
Minimization using L-BFGS-B successful (iterations:15)
CHI2 after optimization:   0.3921 
Fraction of effective frames:   0.4440 
Warm start
Optimizing 67 data and 16080 samples. Theta=23.442046 
CHI2 before optimization:   2.0589 
Execution time: 0.15 seconds
Minimization using L-BFGS-B successful (iterations:16)
CHI2 after optimization:   0.5172 
Fraction of effective frames:   0.5520 
Warm start
Optimizing 67 data and 16080 samples. Theta=34.866576 
CHI2 before optimization:   2.0589 
Execution time: 0.15 seconds
Minimization using L-BFGS-B successful (iterations:17)
CHI2 after optimization:   0.6702 
Fraction of effective frames:   0.6606 
Warm start
Optimizing 67 data and 16080 samples. Theta=51.858876 
CHI2 before optimization:   2.0589 
Execution time: 0.13 seconds
Minimization using L-BFGS-B successful (iterations:17)
CHI2 after optimization:   0.8464 
Fraction of effective frames:   0.7593 
Warm start
Optimizing 67 data and 16080 samples. Theta=77.132408 
CHI2 before optimization:   2.0589 
Execution time: 0.15 seconds
Minimization using L-BFGS-B successful (iterations:18)
CHI2 after optimization:   1.0383 
Fraction of effective frames:   0.8409 
Warm start
Optimizing 67 data and 16080 samples. Theta=114.723050 
CHI2 before optimization:   2.0589 
Execution time: 0.15 seconds
Minimization using L-BFGS-B successful (iterations:18)
CHI2 after optimization:   1.2368 
Fraction of effective frames:   0.9029 
Warm start
Optimizing 67 data and 16080 samples. Theta=170.633570 
CHI2 before optimization:   2.0589 
Execution time: 0.17 seconds
Minimization using L-BFGS-B successful (iterations:19)
CHI2 after optimization:   1.4274 
Fraction of effective frames:   0.9456 
Warm start
Optimizing 67 data and 16080 samples. Theta=253.792201 
CHI2 before optimization:   2.0589 
Execution time: 0.15 seconds
Minimization using L-BFGS-B successful (iterations:19)
CHI2 after optimization:   1.5941 
Fraction of effective frames:   0.9716 
Warm start
Optimizing 67 data and 16080 samples. Theta=377.478364 
CHI2 before optimization:   2.0589 
Execution time: 0.17 seconds
Minimization using L-BFGS-B successful (iterations:19)
CHI2 after optimization:   1.7271 
Fraction of effective frames:   0.9860 
Warm start
Optimizing 67 data and 16080 samples. Theta=561.443241 
CHI2 before optimization:   2.0589 
Execution time: 0.17 seconds
Minimization using L-BFGS-B successful (iterations:18)
CHI2 after optimization:   1.8269 
Fraction of effective frames:   0.9933 
Warm start
Optimizing 67 data and 16080 samples. Theta=835.063787 
CHI2 before optimization:   2.0589 
Execution time: 0.15 seconds
Minimization using L-BFGS-B successful (iterations:18)
CHI2 after optimization:   1.8990 
Fraction of effective frames:   0.9969 
Warm start
Optimizing 67 data and 16080 samples. Theta=1242.033884 
CHI2 before optimization:   2.0589 
Execution time: 0.13 seconds
Minimization using L-BFGS-B successful (iterations:18)
CHI2 after optimization:   1.9497 
Fraction of effective frames:   0.9985 
Warm start
Optimizing 67 data and 16080 samples. Theta=1847.341714 
CHI2 before optimization:   2.0589 
Execution time: 0.15 seconds
Minimization using L-BFGS-B successful (iterations:18)
CHI2 after optimization:   1.9846 
Fraction of effective frames:   0.9993 
Warm start
Optimizing 67 data and 16080 samples. Theta=2747.647592 
CHI2 before optimization:   2.0589 
Execution time: 0.13 seconds
Minimization using L-BFGS-B successful (iterations:17)
CHI2 after optimization:   2.0086 
Fraction of effective frames:   0.9997 
Warm start
Optimizing 67 data and 16080 samples. Theta=4086.719436 
CHI2 before optimization:   2.0589 
Execution time: 0.12 seconds
Minimization using L-BFGS-B successful (iterations:14)
CHI2 after optimization:   2.0247 
Fraction of effective frames:   0.9999 
Warm start
Optimizing 67 data and 16080 samples. Theta=6078.390765 
CHI2 before optimization:   2.0589 
Execution time: 0.10 seconds
Minimization using L-BFGS-B successful (iterations:12)
CHI2 after optimization:   2.0357 
Fraction of effective frames:   0.9999 
Warm start
Optimizing 67 data and 16080 samples. Theta=9040.707313 
CHI2 before optimization:   2.0589 
Execution time: 0.10 seconds
Minimization using L-BFGS-B successful (iterations:11)
CHI2 after optimization:   2.0434 
Fraction of effective frames:   1.0000 
Warm start
Optimizing 67 data and 16080 samples. Theta=13446.715073 
CHI2 before optimization:   2.0589 
Execution time: 0.07 seconds
Minimization using L-BFGS-B successful (iterations:9)
CHI2 after optimization:   2.0485 
Fraction of effective frames:   1.0000 
Warm start
Optimizing 67 data and 16080 samples. Theta=20000.000000 
CHI2 before optimization:   2.0589 
Execution time: 0.05 seconds
Minimization using L-BFGS-B successful (iterations:4)
CHI2 after optimization:   2.0505 
Fraction of effective frames:   1.0000 
