Lagrange multipliers initialized from zero
Optimizing 67 data and 16080 samples. Theta=0.200000 
CHI2 before optimization:   2.3088 
Execution time: 0.29 seconds
Minimization using L-BFGS-B successful (iterations:37)
CHI2 after optimization:   0.0411 
Fraction of effective frames:   0.0245 
Warm start
Optimizing 67 data and 16080 samples. Theta=0.297470 
CHI2 before optimization:   2.3088 
Execution time: 0.20 seconds
Minimization using L-BFGS-B successful (iterations:25)
CHI2 after optimization:   0.0450 
Fraction of effective frames:   0.0417 
Warm start
Optimizing 67 data and 16080 samples. Theta=0.442443 
CHI2 before optimization:   2.3088 
Execution time: 0.20 seconds
Minimization using L-BFGS-B successful (iterations:21)
CHI2 after optimization:   0.0493 
Fraction of effective frames:   0.0621 
Warm start
Optimizing 67 data and 16080 samples. Theta=0.658069 
CHI2 before optimization:   2.3088 
Execution time: 0.19 seconds
Minimization using L-BFGS-B successful (iterations:18)
CHI2 after optimization:   0.0541 
Fraction of effective frames:   0.0836 
Warm start
Optimizing 67 data and 16080 samples. Theta=0.978780 
CHI2 before optimization:   2.3088 
Execution time: 0.14 seconds
Minimization using L-BFGS-B successful (iterations:15)
CHI2 after optimization:   0.0596 
Fraction of effective frames:   0.1055 
Warm start
Optimizing 67 data and 16080 samples. Theta=1.455791 
CHI2 before optimization:   2.3088 
Execution time: 0.14 seconds
Minimization using L-BFGS-B successful (iterations:14)
CHI2 after optimization:   0.0664 
Fraction of effective frames:   0.1275 
Warm start
Optimizing 67 data and 16080 samples. Theta=2.165273 
CHI2 before optimization:   2.3088 
Execution time: 0.13 seconds
Minimization using L-BFGS-B successful (iterations:13)
CHI2 after optimization:   0.0755 
Fraction of effective frames:   0.1513 
Warm start
Optimizing 67 data and 16080 samples. Theta=3.220524 
CHI2 before optimization:   2.3088 
Execution time: 0.12 seconds
Minimization using L-BFGS-B successful (iterations:13)
CHI2 after optimization:   0.0885 
Fraction of effective frames:   0.1782 
Warm start
Optimizing 67 data and 16080 samples. Theta=4.790053 
CHI2 before optimization:   2.3088 
Execution time: 0.10 seconds
Minimization using L-BFGS-B successful (iterations:12)
CHI2 after optimization:   0.1082 
Fraction of effective frames:   0.2105 
Warm start
Optimizing 67 data and 16080 samples. Theta=7.124496 
CHI2 before optimization:   2.3088 
Execution time: 0.12 seconds
Minimization using L-BFGS-B successful (iterations:13)
CHI2 after optimization:   0.1398 
Fraction of effective frames:   0.2520 
Warm start
Optimizing 67 data and 16080 samples. Theta=10.596634 
CHI2 before optimization:   2.3088 
Execution time: 0.15 seconds
Minimization using L-BFGS-B successful (iterations:15)
CHI2 after optimization:   0.1920 
Fraction of effective frames:   0.3075 
Warm start
Optimizing 67 data and 16080 samples. Theta=15.760926 
CHI2 before optimization:   2.3088 
Execution time: 0.18 seconds
Minimization using L-BFGS-B successful (iterations:17)
CHI2 after optimization:   0.2781 
Fraction of effective frames:   0.3835 
Warm start
Optimizing 67 data and 16080 samples. Theta=23.442046 
CHI2 before optimization:   2.3088 
Execution time: 0.16 seconds
Minimization using L-BFGS-B successful (iterations:18)
CHI2 after optimization:   0.4129 
Fraction of effective frames:   0.4844 
Warm start
Optimizing 67 data and 16080 samples. Theta=34.866576 
CHI2 before optimization:   2.3088 
Execution time: 0.17 seconds
Minimization using L-BFGS-B successful (iterations:18)
CHI2 after optimization:   0.6002 
Fraction of effective frames:   0.6031 
Warm start
Optimizing 67 data and 16080 samples. Theta=51.858876 
CHI2 before optimization:   2.3088 
Execution time: 0.14 seconds
Minimization using L-BFGS-B successful (iterations:19)
CHI2 after optimization:   0.8232 
Fraction of effective frames:   0.7194 
Warm start
Optimizing 67 data and 16080 samples. Theta=77.132408 
CHI2 before optimization:   2.3088 
Execution time: 0.18 seconds
Minimization using L-BFGS-B successful (iterations:21)
CHI2 after optimization:   1.0575 
Fraction of effective frames:   0.8151 
Warm start
Optimizing 67 data and 16080 samples. Theta=114.723050 
CHI2 before optimization:   2.3088 
Execution time: 0.21 seconds
Minimization using L-BFGS-B successful (iterations:22)
CHI2 after optimization:   1.2899 
Fraction of effective frames:   0.8860 
Warm start
Optimizing 67 data and 16080 samples. Theta=170.633570 
CHI2 before optimization:   2.3088 
Execution time: 0.19 seconds
Minimization using L-BFGS-B successful (iterations:22)
CHI2 after optimization:   1.5097 
Fraction of effective frames:   0.9344 
Warm start
Optimizing 67 data and 16080 samples. Theta=253.792201 
CHI2 before optimization:   2.3088 
Execution time: 0.18 seconds
Minimization using L-BFGS-B successful (iterations:22)
CHI2 after optimization:   1.7050 
Fraction of effective frames:   0.9645 
Warm start
Optimizing 67 data and 16080 samples. Theta=377.478364 
CHI2 before optimization:   2.3088 
Execution time: 0.18 seconds
Minimization using L-BFGS-B successful (iterations:21)
CHI2 after optimization:   1.8668 
Fraction of effective frames:   0.9818 
Warm start
Optimizing 67 data and 16080 samples. Theta=561.443241 
CHI2 before optimization:   2.3088 
Execution time: 0.17 seconds
Minimization using L-BFGS-B successful (iterations:21)
CHI2 after optimization:   1.9933 
Fraction of effective frames:   0.9910 
Warm start
Optimizing 67 data and 16080 samples. Theta=835.063787 
CHI2 before optimization:   2.3088 
Execution time: 0.16 seconds
Minimization using L-BFGS-B successful (iterations:19)
CHI2 after optimization:   2.0876 
Fraction of effective frames:   0.9957 
Warm start
Optimizing 67 data and 16080 samples. Theta=1242.033884 
CHI2 before optimization:   2.3088 
Execution time: 0.15 seconds
Minimization using L-BFGS-B successful (iterations:17)
CHI2 after optimization:   2.1557 
Fraction of effective frames:   0.9980 
Warm start
Optimizing 67 data and 16080 samples. Theta=1847.341714 
CHI2 before optimization:   2.3088 
Execution time: 0.15 seconds
Minimization using L-BFGS-B successful (iterations:17)
CHI2 after optimization:   2.2039 
Fraction of effective frames:   0.9991 
Warm start
Optimizing 67 data and 16080 samples. Theta=2747.647592 
CHI2 before optimization:   2.3088 
Execution time: 0.14 seconds
Minimization using L-BFGS-B successful (iterations:16)
CHI2 after optimization:   2.2374 
Fraction of effective frames:   0.9996 
Warm start
Optimizing 67 data and 16080 samples. Theta=4086.719436 
CHI2 before optimization:   2.3088 
Execution time: 0.12 seconds
Minimization using L-BFGS-B successful (iterations:14)
CHI2 after optimization:   2.2600 
Fraction of effective frames:   0.9998 
Warm start
Optimizing 67 data and 16080 samples. Theta=6078.390765 
CHI2 before optimization:   2.3088 
Execution time: 0.10 seconds
Minimization using L-BFGS-B successful (iterations:11)
CHI2 after optimization:   2.2752 
Fraction of effective frames:   0.9999 
Warm start
Optimizing 67 data and 16080 samples. Theta=9040.707313 
CHI2 before optimization:   2.3088 
Execution time: 0.10 seconds
Minimization using L-BFGS-B successful (iterations:11)
CHI2 after optimization:   2.2865 
Fraction of effective frames:   1.0000 
Warm start
Optimizing 67 data and 16080 samples. Theta=13446.715073 
CHI2 before optimization:   2.3088 
Execution time: 0.07 seconds
Minimization using L-BFGS-B successful (iterations:7)
CHI2 after optimization:   2.2927 
Fraction of effective frames:   1.0000 
Warm start
Optimizing 67 data and 16080 samples. Theta=20000.000000 
CHI2 before optimization:   2.3088 
Execution time: 0.05 seconds
Minimization using L-BFGS-B successful (iterations:4)
CHI2 after optimization:   2.2968 
Fraction of effective frames:   1.0000 
