Lagrange multipliers initialized from zero
Optimizing 54 data and 16080 samples. Theta=0.200000 
CHI2 before optimization:   4.8863 
Execution time: 0.73 seconds
Minimization using L-BFGS-B successful (iterations:108)
CHI2 after optimization:   0.6936 
Fraction of effective frames:   0.0014 
Warm start
Optimizing 54 data and 16080 samples. Theta=0.297470 
CHI2 before optimization:   4.8863 
Execution time: 0.61 seconds
Minimization using L-BFGS-B successful (iterations:83)
CHI2 after optimization:   0.6940 
Fraction of effective frames:   0.0015 
Warm start
Optimizing 54 data and 16080 samples. Theta=0.442443 
CHI2 before optimization:   4.8863 
Execution time: 0.43 seconds
Minimization using L-BFGS-B successful (iterations:65)
CHI2 after optimization:   0.6950 
Fraction of effective frames:   0.0016 
Warm start
Optimizing 54 data and 16080 samples. Theta=0.658069 
CHI2 before optimization:   4.8863 
Execution time: 0.30 seconds
Minimization using L-BFGS-B successful (iterations:47)
CHI2 after optimization:   0.6972 
Fraction of effective frames:   0.0018 
Warm start
Optimizing 54 data and 16080 samples. Theta=0.978780 
CHI2 before optimization:   4.8863 
Execution time: 0.27 seconds
Minimization using L-BFGS-B successful (iterations:39)
CHI2 after optimization:   0.7027 
Fraction of effective frames:   0.0021 
Warm start
Optimizing 54 data and 16080 samples. Theta=1.455791 
CHI2 before optimization:   4.8863 
Execution time: 0.20 seconds
Minimization using L-BFGS-B successful (iterations:31)
CHI2 after optimization:   0.7170 
Fraction of effective frames:   0.0029 
Warm start
Optimizing 54 data and 16080 samples. Theta=2.165273 
CHI2 before optimization:   4.8863 
Execution time: 0.15 seconds
Minimization using L-BFGS-B successful (iterations:24)
CHI2 after optimization:   0.7514 
Fraction of effective frames:   0.0048 
Warm start
Optimizing 54 data and 16080 samples. Theta=3.220524 
CHI2 before optimization:   4.8863 
Execution time: 0.15 seconds
Minimization using L-BFGS-B successful (iterations:21)
CHI2 after optimization:   0.8224 
Fraction of effective frames:   0.0098 
Warm start
Optimizing 54 data and 16080 samples. Theta=4.790053 
CHI2 before optimization:   4.8863 
Execution time: 0.13 seconds
Minimization using L-BFGS-B successful (iterations:18)
CHI2 after optimization:   0.9451 
Fraction of effective frames:   0.0227 
Warm start
Optimizing 54 data and 16080 samples. Theta=7.124496 
CHI2 before optimization:   4.8863 
Execution time: 0.10 seconds
Minimization using L-BFGS-B successful (iterations:14)
CHI2 after optimization:   1.1284 
Fraction of effective frames:   0.0527 
Warm start
Optimizing 54 data and 16080 samples. Theta=10.596634 
CHI2 before optimization:   4.8863 
Execution time: 0.10 seconds
Minimization using L-BFGS-B successful (iterations:13)
CHI2 after optimization:   1.3728 
Fraction of effective frames:   0.1125 
Warm start
Optimizing 54 data and 16080 samples. Theta=15.760926 
CHI2 before optimization:   4.8863 
Execution time: 0.10 seconds
Minimization using L-BFGS-B successful (iterations:14)
CHI2 after optimization:   1.6706 
Fraction of effective frames:   0.2096 
Warm start
Optimizing 54 data and 16080 samples. Theta=23.442046 
CHI2 before optimization:   4.8863 
Execution time: 0.10 seconds
Minimization using L-BFGS-B successful (iterations:14)
CHI2 after optimization:   2.0178 
Fraction of effective frames:   0.3417 
Warm start
Optimizing 54 data and 16080 samples. Theta=34.866576 
CHI2 before optimization:   4.8863 
Execution time: 0.11 seconds
Minimization using L-BFGS-B successful (iterations:15)
CHI2 after optimization:   2.4140 
Fraction of effective frames:   0.4973 
Warm start
Optimizing 54 data and 16080 samples. Theta=51.858876 
CHI2 before optimization:   4.8863 
Execution time: 0.10 seconds
Minimization using L-BFGS-B successful (iterations:15)
CHI2 after optimization:   2.8426 
Fraction of effective frames:   0.6539 
Warm start
Optimizing 54 data and 16080 samples. Theta=77.132408 
CHI2 before optimization:   4.8863 
Execution time: 0.12 seconds
Minimization using L-BFGS-B successful (iterations:15)
CHI2 after optimization:   3.2682 
Fraction of effective frames:   0.7854 
Warm start
Optimizing 54 data and 16080 samples. Theta=114.723050 
CHI2 before optimization:   4.8863 
Execution time: 0.13 seconds
Minimization using L-BFGS-B successful (iterations:16)
CHI2 after optimization:   3.6531 
Fraction of effective frames:   0.8783 
Warm start
Optimizing 54 data and 16080 samples. Theta=170.633570 
CHI2 before optimization:   4.8863 
Execution time: 0.13 seconds
Minimization using L-BFGS-B successful (iterations:16)
CHI2 after optimization:   3.9754 
Fraction of effective frames:   0.9355 
Warm start
Optimizing 54 data and 16080 samples. Theta=253.792201 
CHI2 before optimization:   4.8863 
Execution time: 0.12 seconds
Minimization using L-BFGS-B successful (iterations:16)
CHI2 after optimization:   4.2303 
Fraction of effective frames:   0.9675 
Warm start
Optimizing 54 data and 16080 samples. Theta=377.478364 
CHI2 before optimization:   4.8863 
Execution time: 0.12 seconds
Minimization using L-BFGS-B successful (iterations:16)
CHI2 after optimization:   4.4230 
Fraction of effective frames:   0.9841 
Warm start
Optimizing 54 data and 16080 samples. Theta=561.443241 
CHI2 before optimization:   4.8863 
Execution time: 0.11 seconds
Minimization using L-BFGS-B successful (iterations:15)
CHI2 after optimization:   4.5639 
Fraction of effective frames:   0.9925 
Warm start
Optimizing 54 data and 16080 samples. Theta=835.063787 
CHI2 before optimization:   4.8863 
Execution time: 0.12 seconds
Minimization using L-BFGS-B successful (iterations:15)
CHI2 after optimization:   4.6643 
Fraction of effective frames:   0.9965 
Warm start
Optimizing 54 data and 16080 samples. Theta=1242.033884 
CHI2 before optimization:   4.8863 
Execution time: 0.10 seconds
Minimization using L-BFGS-B successful (iterations:14)
CHI2 after optimization:   4.7346 
Fraction of effective frames:   0.9984 
Warm start
Optimizing 54 data and 16080 samples. Theta=1847.341714 
CHI2 before optimization:   4.8863 
Execution time: 0.10 seconds
Minimization using L-BFGS-B successful (iterations:13)
CHI2 after optimization:   4.7832 
Fraction of effective frames:   0.9993 
Warm start
Optimizing 54 data and 16080 samples. Theta=2747.647592 
CHI2 before optimization:   4.8863 
Execution time: 0.10 seconds
Minimization using L-BFGS-B successful (iterations:12)
CHI2 after optimization:   4.8166 
Fraction of effective frames:   0.9997 
Warm start
Optimizing 54 data and 16080 samples. Theta=4086.719436 
CHI2 before optimization:   4.8863 
Execution time: 0.08 seconds
Minimization using L-BFGS-B successful (iterations:11)
CHI2 after optimization:   4.8392 
Fraction of effective frames:   0.9998 
Warm start
Optimizing 54 data and 16080 samples. Theta=6078.390765 
CHI2 before optimization:   4.8863 
Execution time: 0.08 seconds
Minimization using L-BFGS-B successful (iterations:9)
CHI2 after optimization:   4.8544 
Fraction of effective frames:   0.9999 
Warm start
Optimizing 54 data and 16080 samples. Theta=9040.707313 
CHI2 before optimization:   4.8863 
Execution time: 0.06 seconds
Minimization using L-BFGS-B successful (iterations:8)
CHI2 after optimization:   4.8647 
Fraction of effective frames:   1.0000 
Warm start
Optimizing 54 data and 16080 samples. Theta=13446.715073 
CHI2 before optimization:   4.8863 
Execution time: 0.05 seconds
Minimization using L-BFGS-B successful (iterations:6)
CHI2 after optimization:   4.8717 
Fraction of effective frames:   1.0000 
Warm start
Optimizing 54 data and 16080 samples. Theta=20000.000000 
CHI2 before optimization:   4.8863 
Execution time: 0.05 seconds
Minimization using L-BFGS-B successful (iterations:6)
CHI2 after optimization:   4.8766 
Fraction of effective frames:   1.0000 
