Lagrange multipliers initialized from zero
Optimizing 45 data and 16080 samples. Theta=0.200000 
CHI2 before optimization:  11.4360 
Execution time: 1.10 seconds
Minimization using L-BFGS-B successful (iterations:178)
CHI2 after optimization:   1.2182 
Fraction of effective frames:   0.0013 
Warm start
Optimizing 45 data and 16080 samples. Theta=0.297470 
CHI2 before optimization:  11.4360 
Execution time: 0.70 seconds
Minimization using L-BFGS-B successful (iterations:117)
CHI2 after optimization:   1.2184 
Fraction of effective frames:   0.0013 
Warm start
Optimizing 45 data and 16080 samples. Theta=0.442443 
CHI2 before optimization:  11.4360 
Execution time: 0.55 seconds
Minimization using L-BFGS-B successful (iterations:96)
CHI2 after optimization:   1.2186 
Fraction of effective frames:   0.0013 
Warm start
Optimizing 45 data and 16080 samples. Theta=0.658069 
CHI2 before optimization:  11.4360 
Execution time: 0.43 seconds
Minimization using L-BFGS-B successful (iterations:73)
CHI2 after optimization:   1.2192 
Fraction of effective frames:   0.0014 
Warm start
Optimizing 45 data and 16080 samples. Theta=0.978780 
CHI2 before optimization:  11.4360 
Execution time: 0.37 seconds
Minimization using L-BFGS-B successful (iterations:60)
CHI2 after optimization:   1.2212 
Fraction of effective frames:   0.0015 
Warm start
Optimizing 45 data and 16080 samples. Theta=1.455791 
CHI2 before optimization:  11.4360 
Execution time: 0.25 seconds
Minimization using L-BFGS-B successful (iterations:47)
CHI2 after optimization:   1.2274 
Fraction of effective frames:   0.0016 
Warm start
Optimizing 45 data and 16080 samples. Theta=2.165273 
CHI2 before optimization:  11.4360 
Execution time: 0.23 seconds
Minimization using L-BFGS-B successful (iterations:38)
CHI2 after optimization:   1.2432 
Fraction of effective frames:   0.0020 
Warm start
Optimizing 45 data and 16080 samples. Theta=3.220524 
CHI2 before optimization:  11.4360 
Execution time: 0.16 seconds
Minimization using L-BFGS-B successful (iterations:30)
CHI2 after optimization:   1.2797 
Fraction of effective frames:   0.0027 
Warm start
Optimizing 45 data and 16080 samples. Theta=4.790053 
CHI2 before optimization:  11.4360 
Execution time: 0.12 seconds
Minimization using L-BFGS-B successful (iterations:23)
CHI2 after optimization:   1.3636 
Fraction of effective frames:   0.0043 
Warm start
Optimizing 45 data and 16080 samples. Theta=7.124496 
CHI2 before optimization:  11.4360 
Execution time: 0.10 seconds
Minimization using L-BFGS-B successful (iterations:18)
CHI2 after optimization:   1.5414 
Fraction of effective frames:   0.0085 
Warm start
Optimizing 45 data and 16080 samples. Theta=10.596634 
CHI2 before optimization:  11.4360 
Execution time: 0.10 seconds
Minimization using L-BFGS-B successful (iterations:15)
CHI2 after optimization:   1.8654 
Fraction of effective frames:   0.0194 
Warm start
Optimizing 45 data and 16080 samples. Theta=15.760926 
CHI2 before optimization:  11.4360 
Execution time: 0.08 seconds
Minimization using L-BFGS-B successful (iterations:12)
CHI2 after optimization:   2.3700 
Fraction of effective frames:   0.0465 
Warm start
Optimizing 45 data and 16080 samples. Theta=23.442046 
CHI2 before optimization:  11.4360 
Execution time: 0.10 seconds
Minimization using L-BFGS-B successful (iterations:13)
CHI2 after optimization:   3.0767 
Fraction of effective frames:   0.1061 
Warm start
Optimizing 45 data and 16080 samples. Theta=34.866576 
CHI2 before optimization:  11.4360 
Execution time: 0.07 seconds
Minimization using L-BFGS-B successful (iterations:11)
CHI2 after optimization:   3.9818 
Fraction of effective frames:   0.2164 
Warm start
Optimizing 45 data and 16080 samples. Theta=51.858876 
CHI2 before optimization:  11.4360 
Execution time: 0.07 seconds
Minimization using L-BFGS-B successful (iterations:11)
CHI2 after optimization:   5.0209 
Fraction of effective frames:   0.3757 
Warm start
Optimizing 45 data and 16080 samples. Theta=77.132408 
CHI2 before optimization:  11.4360 
Execution time: 0.07 seconds
Minimization using L-BFGS-B successful (iterations:11)
CHI2 after optimization:   6.0979 
Fraction of effective frames:   0.5525 
Warm start
Optimizing 45 data and 16080 samples. Theta=114.723050 
CHI2 before optimization:  11.4360 
Execution time: 0.07 seconds
Minimization using L-BFGS-B successful (iterations:11)
CHI2 after optimization:   7.1318 
Fraction of effective frames:   0.7090 
Warm start
Optimizing 45 data and 16080 samples. Theta=170.633570 
CHI2 before optimization:  11.4360 
Execution time: 0.08 seconds
Minimization using L-BFGS-B successful (iterations:11)
CHI2 after optimization:   8.0725 
Fraction of effective frames:   0.8261 
Warm start
Optimizing 45 data and 16080 samples. Theta=253.792201 
CHI2 before optimization:  11.4360 
Execution time: 0.07 seconds
Minimization using L-BFGS-B successful (iterations:11)
CHI2 after optimization:   8.8891 
Fraction of effective frames:   0.9034 
Warm start
Optimizing 45 data and 16080 samples. Theta=377.478364 
CHI2 before optimization:  11.4360 
Execution time: 0.06 seconds
Minimization using L-BFGS-B successful (iterations:11)
CHI2 after optimization:   9.5637 
Fraction of effective frames:   0.9494 
Warm start
Optimizing 45 data and 16080 samples. Theta=561.443241 
CHI2 before optimization:  11.4360 
Execution time: 0.07 seconds
Minimization using L-BFGS-B successful (iterations:11)
CHI2 after optimization:  10.0936 
Fraction of effective frames:   0.9747 
Warm start
Optimizing 45 data and 16080 samples. Theta=835.063787 
CHI2 before optimization:  11.4360 
Execution time: 0.07 seconds
Minimization using L-BFGS-B successful (iterations:11)
CHI2 after optimization:  10.4919 
Fraction of effective frames:   0.9878 
Warm start
Optimizing 45 data and 16080 samples. Theta=1242.033884 
CHI2 before optimization:  11.4360 
Execution time: 0.07 seconds
Minimization using L-BFGS-B successful (iterations:10)
CHI2 after optimization:  10.7813 
Fraction of effective frames:   0.9942 
Warm start
Optimizing 45 data and 16080 samples. Theta=1847.341714 
CHI2 before optimization:  11.4360 
Execution time: 0.05 seconds
Minimization using L-BFGS-B successful (iterations:9)
CHI2 after optimization:  10.9859 
Fraction of effective frames:   0.9973 
Warm start
Optimizing 45 data and 16080 samples. Theta=2747.647592 
CHI2 before optimization:  11.4360 
Execution time: 0.05 seconds
Minimization using L-BFGS-B successful (iterations:8)
CHI2 after optimization:  11.1287 
Fraction of effective frames:   0.9988 
Warm start
Optimizing 45 data and 16080 samples. Theta=4086.719436 
CHI2 before optimization:  11.4360 
Execution time: 0.05 seconds
Minimization using L-BFGS-B successful (iterations:8)
CHI2 after optimization:  11.2273 
Fraction of effective frames:   0.9994 
Warm start
Optimizing 45 data and 16080 samples. Theta=6078.390765 
CHI2 before optimization:  11.4360 
Execution time: 0.04 seconds
Minimization using L-BFGS-B successful (iterations:8)
CHI2 after optimization:  11.2947 
Fraction of effective frames:   0.9997 
Warm start
Optimizing 45 data and 16080 samples. Theta=9040.707313 
CHI2 before optimization:  11.4360 
Execution time: 0.05 seconds
Minimization using L-BFGS-B successful (iterations:7)
CHI2 after optimization:  11.3405 
Fraction of effective frames:   0.9999 
Warm start
Optimizing 45 data and 16080 samples. Theta=13446.715073 
CHI2 before optimization:  11.4360 
Execution time: 0.03 seconds
Minimization using L-BFGS-B successful (iterations:7)
CHI2 after optimization:  11.3716 
Fraction of effective frames:   0.9999 
Warm start
Optimizing 45 data and 16080 samples. Theta=20000.000000 
CHI2 before optimization:  11.4360 
Execution time: 0.04 seconds
Minimization using L-BFGS-B successful (iterations:7)
CHI2 after optimization:  11.3926 
Fraction of effective frames:   1.0000 
