Lagrange multipliers initialized from zero
Optimizing 34 data and 16080 samples. Theta=0.200000 
CHI2 before optimization:   5.4574 
Execution time: 0.27 seconds
Minimization using L-BFGS-B successful (iterations:59)
CHI2 after optimization:   0.0496 
Fraction of effective frames:   0.0020 
Warm start
Optimizing 34 data and 16080 samples. Theta=0.297470 
CHI2 before optimization:   5.4574 
Execution time: 0.17 seconds
Minimization using L-BFGS-B successful (iterations:38)
CHI2 after optimization:   0.0535 
Fraction of effective frames:   0.0027 
Warm start
Optimizing 34 data and 16080 samples. Theta=0.442443 
CHI2 before optimization:   5.4574 
Execution time: 0.15 seconds
Minimization using L-BFGS-B successful (iterations:31)
CHI2 after optimization:   0.0611 
Fraction of effective frames:   0.0038 
Warm start
Optimizing 34 data and 16080 samples. Theta=0.658069 
CHI2 before optimization:   5.4574 
Execution time: 0.12 seconds
Minimization using L-BFGS-B successful (iterations:25)
CHI2 after optimization:   0.0745 
Fraction of effective frames:   0.0058 
Warm start
Optimizing 34 data and 16080 samples. Theta=0.978780 
CHI2 before optimization:   5.4574 
Execution time: 0.12 seconds
Minimization using L-BFGS-B successful (iterations:23)
CHI2 after optimization:   0.0970 
Fraction of effective frames:   0.0093 
Warm start
Optimizing 34 data and 16080 samples. Theta=1.455791 
CHI2 before optimization:   5.4574 
Execution time: 0.13 seconds
Minimization using L-BFGS-B successful (iterations:21)
CHI2 after optimization:   0.1324 
Fraction of effective frames:   0.0153 
Warm start
Optimizing 34 data and 16080 samples. Theta=2.165273 
CHI2 before optimization:   5.4574 
Execution time: 0.10 seconds
Minimization using L-BFGS-B successful (iterations:19)
CHI2 after optimization:   0.1853 
Fraction of effective frames:   0.0253 
Warm start
Optimizing 34 data and 16080 samples. Theta=3.220524 
CHI2 before optimization:   5.4574 
Execution time: 0.08 seconds
Minimization using L-BFGS-B successful (iterations:15)
CHI2 after optimization:   0.2618 
Fraction of effective frames:   0.0413 
Warm start
Optimizing 34 data and 16080 samples. Theta=4.790053 
CHI2 before optimization:   5.4574 
Execution time: 0.09 seconds
Minimization using L-BFGS-B successful (iterations:14)
CHI2 after optimization:   0.3718 
Fraction of effective frames:   0.0663 
Warm start
Optimizing 34 data and 16080 samples. Theta=7.124496 
CHI2 before optimization:   5.4574 
Execution time: 0.06 seconds
Minimization using L-BFGS-B successful (iterations:12)
CHI2 after optimization:   0.5318 
Fraction of effective frames:   0.1053 
Warm start
Optimizing 34 data and 16080 samples. Theta=10.596634 
CHI2 before optimization:   5.4574 
Execution time: 0.07 seconds
Minimization using L-BFGS-B successful (iterations:13)
CHI2 after optimization:   0.7662 
Fraction of effective frames:   0.1660 
Warm start
Optimizing 34 data and 16080 samples. Theta=15.760926 
CHI2 before optimization:   5.4574 
Execution time: 0.07 seconds
Minimization using L-BFGS-B successful (iterations:12)
CHI2 after optimization:   1.1031 
Fraction of effective frames:   0.2581 
Warm start
Optimizing 34 data and 16080 samples. Theta=23.442046 
CHI2 before optimization:   5.4574 
Execution time: 0.07 seconds
Minimization using L-BFGS-B successful (iterations:11)
CHI2 after optimization:   1.5598 
Fraction of effective frames:   0.3861 
Warm start
Optimizing 34 data and 16080 samples. Theta=34.866576 
CHI2 before optimization:   5.4574 
Execution time: 0.07 seconds
Minimization using L-BFGS-B successful (iterations:12)
CHI2 after optimization:   2.1250 
Fraction of effective frames:   0.5406 
Warm start
Optimizing 34 data and 16080 samples. Theta=51.858876 
CHI2 before optimization:   5.4574 
Execution time: 0.08 seconds
Minimization using L-BFGS-B successful (iterations:13)
CHI2 after optimization:   2.7483 
Fraction of effective frames:   0.6945 
Warm start
Optimizing 34 data and 16080 samples. Theta=77.132408 
CHI2 before optimization:   5.4574 
Execution time: 0.07 seconds
Minimization using L-BFGS-B successful (iterations:12)
CHI2 after optimization:   3.3537 
Fraction of effective frames:   0.8185 
Warm start
Optimizing 34 data and 16080 samples. Theta=114.723050 
CHI2 before optimization:   5.4574 
Execution time: 0.09 seconds
Minimization using L-BFGS-B successful (iterations:12)
CHI2 after optimization:   3.8764 
Fraction of effective frames:   0.9007 
Warm start
Optimizing 34 data and 16080 samples. Theta=170.633570 
CHI2 before optimization:   5.4574 
Execution time: 0.08 seconds
Minimization using L-BFGS-B successful (iterations:12)
CHI2 after optimization:   4.2946 
Fraction of effective frames:   0.9484 
Warm start
Optimizing 34 data and 16080 samples. Theta=253.792201 
CHI2 before optimization:   5.4574 
Execution time: 0.07 seconds
Minimization using L-BFGS-B successful (iterations:12)
CHI2 after optimization:   4.6160 
Fraction of effective frames:   0.9740 
Warm start
Optimizing 34 data and 16080 samples. Theta=377.478364 
CHI2 before optimization:   5.4574 
Execution time: 0.07 seconds
Minimization using L-BFGS-B successful (iterations:12)
CHI2 after optimization:   4.8574 
Fraction of effective frames:   0.9873 
Warm start
Optimizing 34 data and 16080 samples. Theta=561.443241 
CHI2 before optimization:   5.4574 
Execution time: 0.07 seconds
Minimization using L-BFGS-B successful (iterations:12)
CHI2 after optimization:   5.0351 
Fraction of effective frames:   0.9939 
Warm start
Optimizing 34 data and 16080 samples. Theta=835.063787 
CHI2 before optimization:   5.4574 
Execution time: 0.07 seconds
Minimization using L-BFGS-B successful (iterations:12)
CHI2 after optimization:   5.1636 
Fraction of effective frames:   0.9971 
Warm start
Optimizing 34 data and 16080 samples. Theta=1242.033884 
CHI2 before optimization:   5.4574 
Execution time: 0.07 seconds
Minimization using L-BFGS-B successful (iterations:11)
CHI2 after optimization:   5.2550 
Fraction of effective frames:   0.9986 
Warm start
Optimizing 34 data and 16080 samples. Theta=1847.341714 
CHI2 before optimization:   5.4574 
Execution time: 0.06 seconds
Minimization using L-BFGS-B successful (iterations:9)
CHI2 after optimization:   5.3189 
Fraction of effective frames:   0.9994 
Warm start
Optimizing 34 data and 16080 samples. Theta=2747.647592 
CHI2 before optimization:   5.4574 
Execution time: 0.04 seconds
Minimization using L-BFGS-B successful (iterations:9)
CHI2 after optimization:   5.3632 
Fraction of effective frames:   0.9997 
Warm start
Optimizing 34 data and 16080 samples. Theta=4086.719436 
CHI2 before optimization:   5.4574 
Execution time: 0.03 seconds
Minimization using L-BFGS-B successful (iterations:8)
CHI2 after optimization:   5.3936 
Fraction of effective frames:   0.9999 
Warm start
Optimizing 34 data and 16080 samples. Theta=6078.390765 
CHI2 before optimization:   5.4574 
Execution time: 0.05 seconds
Minimization using L-BFGS-B successful (iterations:7)
CHI2 after optimization:   5.4145 
Fraction of effective frames:   0.9999 
Warm start
Optimizing 34 data and 16080 samples. Theta=9040.707313 
CHI2 before optimization:   5.4574 
Execution time: 0.05 seconds
Minimization using L-BFGS-B successful (iterations:7)
CHI2 after optimization:   5.4282 
Fraction of effective frames:   1.0000 
Warm start
Optimizing 34 data and 16080 samples. Theta=13446.715073 
CHI2 before optimization:   5.4574 
Execution time: 0.04 seconds
Minimization using L-BFGS-B successful (iterations:5)
CHI2 after optimization:   5.4366 
Fraction of effective frames:   1.0000 
Warm start
Optimizing 34 data and 16080 samples. Theta=20000.000000 
CHI2 before optimization:   5.4574 
Execution time: 0.01 seconds
Minimization using L-BFGS-B successful (iterations:3)
CHI2 after optimization:   5.4431 
Fraction of effective frames:   1.0000 
