Lagrange multipliers initialized from zero
Optimizing 34 data and 16080 samples. Theta=0.200000 
CHI2 before optimization:   8.7434 
Execution time: 0.65 seconds
Minimization using L-BFGS-B successful (iterations:126)
CHI2 after optimization:   0.3346 
Fraction of effective frames:   0.0011 
Warm start
Optimizing 34 data and 16080 samples. Theta=0.297470 
CHI2 before optimization:   8.7434 
Execution time: 0.38 seconds
Minimization using L-BFGS-B successful (iterations:74)
CHI2 after optimization:   0.3353 
Fraction of effective frames:   0.0011 
Warm start
Optimizing 34 data and 16080 samples. Theta=0.442443 
CHI2 before optimization:   8.7434 
Execution time: 0.31 seconds
Minimization using L-BFGS-B successful (iterations:63)
CHI2 after optimization:   0.3370 
Fraction of effective frames:   0.0012 
Warm start
Optimizing 34 data and 16080 samples. Theta=0.658069 
CHI2 before optimization:   8.7434 
Execution time: 0.20 seconds
Minimization using L-BFGS-B successful (iterations:45)
CHI2 after optimization:   0.3410 
Fraction of effective frames:   0.0014 
Warm start
Optimizing 34 data and 16080 samples. Theta=0.978780 
CHI2 before optimization:   8.7434 
Execution time: 0.17 seconds
Minimization using L-BFGS-B successful (iterations:38)
CHI2 after optimization:   0.3512 
Fraction of effective frames:   0.0017 
Warm start
Optimizing 34 data and 16080 samples. Theta=1.455791 
CHI2 before optimization:   8.7434 
Execution time: 0.13 seconds
Minimization using L-BFGS-B successful (iterations:29)
CHI2 after optimization:   0.3764 
Fraction of effective frames:   0.0024 
Warm start
Optimizing 34 data and 16080 samples. Theta=2.165273 
CHI2 before optimization:   8.7434 
Execution time: 0.13 seconds
Minimization using L-BFGS-B successful (iterations:25)
CHI2 after optimization:   0.4320 
Fraction of effective frames:   0.0040 
Warm start
Optimizing 34 data and 16080 samples. Theta=3.220524 
CHI2 before optimization:   8.7434 
Execution time: 0.10 seconds
Minimization using L-BFGS-B successful (iterations:19)
CHI2 after optimization:   0.5358 
Fraction of effective frames:   0.0078 
Warm start
Optimizing 34 data and 16080 samples. Theta=4.790053 
CHI2 before optimization:   8.7434 
Execution time: 0.08 seconds
Minimization using L-BFGS-B successful (iterations:15)
CHI2 after optimization:   0.7068 
Fraction of effective frames:   0.0163 
Warm start
Optimizing 34 data and 16080 samples. Theta=7.124496 
CHI2 before optimization:   8.7434 
Execution time: 0.06 seconds
Minimization using L-BFGS-B successful (iterations:13)
CHI2 after optimization:   0.9647 
Fraction of effective frames:   0.0344 
Warm start
Optimizing 34 data and 16080 samples. Theta=10.596634 
CHI2 before optimization:   8.7434 
Execution time: 0.08 seconds
Minimization using L-BFGS-B successful (iterations:13)
CHI2 after optimization:   1.3341 
Fraction of effective frames:   0.0706 
Warm start
Optimizing 34 data and 16080 samples. Theta=15.760926 
CHI2 before optimization:   8.7434 
Execution time: 0.07 seconds
Minimization using L-BFGS-B successful (iterations:13)
CHI2 after optimization:   1.8313 
Fraction of effective frames:   0.1356 
Warm start
Optimizing 34 data and 16080 samples. Theta=23.442046 
CHI2 before optimization:   8.7434 
Execution time: 0.05 seconds
Minimization using L-BFGS-B successful (iterations:12)
CHI2 after optimization:   2.4842 
Fraction of effective frames:   0.2412 
Warm start
Optimizing 34 data and 16080 samples. Theta=34.866576 
CHI2 before optimization:   8.7434 
Execution time: 0.05 seconds
Minimization using L-BFGS-B successful (iterations:12)
CHI2 after optimization:   3.2994 
Fraction of effective frames:   0.3919 
Warm start
Optimizing 34 data and 16080 samples. Theta=51.858876 
CHI2 before optimization:   8.7434 
Execution time: 0.07 seconds
Minimization using L-BFGS-B successful (iterations:12)
CHI2 after optimization:   4.2074 
Fraction of effective frames:   0.5645 
Warm start
Optimizing 34 data and 16080 samples. Theta=77.132408 
CHI2 before optimization:   8.7434 
Execution time: 0.07 seconds
Minimization using L-BFGS-B successful (iterations:12)
CHI2 after optimization:   5.1005 
Fraction of effective frames:   0.7191 
Warm start
Optimizing 34 data and 16080 samples. Theta=114.723050 
CHI2 before optimization:   8.7434 
Execution time: 0.07 seconds
Minimization using L-BFGS-B successful (iterations:12)
CHI2 after optimization:   5.9141 
Fraction of effective frames:   0.8343 
Warm start
Optimizing 34 data and 16080 samples. Theta=170.633570 
CHI2 before optimization:   8.7434 
Execution time: 0.06 seconds
Minimization using L-BFGS-B successful (iterations:12)
CHI2 after optimization:   6.6105 
Fraction of effective frames:   0.9089 
Warm start
Optimizing 34 data and 16080 samples. Theta=253.792201 
CHI2 before optimization:   8.7434 
Execution time: 0.07 seconds
Minimization using L-BFGS-B successful (iterations:13)
CHI2 after optimization:   7.1756 
Fraction of effective frames:   0.9525 
Warm start
Optimizing 34 data and 16080 samples. Theta=377.478364 
CHI2 before optimization:   8.7434 
Execution time: 0.08 seconds
Minimization using L-BFGS-B successful (iterations:13)
CHI2 after optimization:   7.6166 
Fraction of effective frames:   0.9762 
Warm start
Optimizing 34 data and 16080 samples. Theta=561.443241 
CHI2 before optimization:   8.7434 
Execution time: 0.07 seconds
Minimization using L-BFGS-B successful (iterations:13)
CHI2 after optimization:   7.9486 
Fraction of effective frames:   0.9885 
Warm start
Optimizing 34 data and 16080 samples. Theta=835.063787 
CHI2 before optimization:   8.7434 
Execution time: 0.08 seconds
Minimization using L-BFGS-B successful (iterations:13)
CHI2 after optimization:   8.1908 
Fraction of effective frames:   0.9945 
Warm start
Optimizing 34 data and 16080 samples. Theta=1242.033884 
CHI2 before optimization:   8.7434 
Execution time: 0.08 seconds
Minimization using L-BFGS-B successful (iterations:13)
CHI2 after optimization:   8.3632 
Fraction of effective frames:   0.9974 
Warm start
Optimizing 34 data and 16080 samples. Theta=1847.341714 
CHI2 before optimization:   8.7434 
Execution time: 0.07 seconds
Minimization using L-BFGS-B successful (iterations:11)
CHI2 after optimization:   8.4838 
Fraction of effective frames:   0.9988 
Warm start
Optimizing 34 data and 16080 samples. Theta=2747.647592 
CHI2 before optimization:   8.7434 
Execution time: 0.06 seconds
Minimization using L-BFGS-B successful (iterations:12)
CHI2 after optimization:   8.5671 
Fraction of effective frames:   0.9995 
Warm start
Optimizing 34 data and 16080 samples. Theta=4086.719436 
CHI2 before optimization:   8.7434 
Execution time: 0.07 seconds
Minimization using L-BFGS-B successful (iterations:11)
CHI2 after optimization:   8.6240 
Fraction of effective frames:   0.9998 
Warm start
Optimizing 34 data and 16080 samples. Theta=6078.390765 
CHI2 before optimization:   8.7434 
Execution time: 0.05 seconds
Minimization using L-BFGS-B successful (iterations:11)
CHI2 after optimization:   8.6625 
Fraction of effective frames:   0.9999 
Warm start
Optimizing 34 data and 16080 samples. Theta=9040.707313 
CHI2 before optimization:   8.7434 
Execution time: 0.05 seconds
Minimization using L-BFGS-B successful (iterations:9)
CHI2 after optimization:   8.6877 
Fraction of effective frames:   0.9999 
Warm start
Optimizing 34 data and 16080 samples. Theta=13446.715073 
CHI2 before optimization:   8.7434 
Execution time: 0.06 seconds
Minimization using L-BFGS-B successful (iterations:8)
CHI2 after optimization:   8.7061 
Fraction of effective frames:   1.0000 
Warm start
Optimizing 34 data and 16080 samples. Theta=20000.000000 
CHI2 before optimization:   8.7434 
Execution time: 0.05 seconds
Minimization using L-BFGS-B successful (iterations:7)
CHI2 after optimization:   8.7188 
Fraction of effective frames:   1.0000 
