Lagrange multipliers initialized from zero
Optimizing 67 data and 16080 samples. Theta=0.200000 
CHI2 before optimization:   1.8033 
Execution time: 0.29 seconds
Minimization using L-BFGS-B successful (iterations:35)
CHI2 after optimization:   0.0361 
Fraction of effective frames:   0.0246 
Warm start
Optimizing 67 data and 16080 samples. Theta=0.297470 
CHI2 before optimization:   1.8033 
Execution time: 0.20 seconds
Minimization using L-BFGS-B successful (iterations:23)
CHI2 after optimization:   0.0396 
Fraction of effective frames:   0.0400 
Warm start
Optimizing 67 data and 16080 samples. Theta=0.442443 
CHI2 before optimization:   1.8033 
Execution time: 0.16 seconds
Minimization using L-BFGS-B successful (iterations:20)
CHI2 after optimization:   0.0443 
Fraction of effective frames:   0.0613 
Warm start
Optimizing 67 data and 16080 samples. Theta=0.658069 
CHI2 before optimization:   1.8033 
Execution time: 0.15 seconds
Minimization using L-BFGS-B successful (iterations:17)
CHI2 after optimization:   0.0503 
Fraction of effective frames:   0.0888 
Warm start
Optimizing 67 data and 16080 samples. Theta=0.978780 
CHI2 before optimization:   1.8033 
Execution time: 0.13 seconds
Minimization using L-BFGS-B successful (iterations:14)
CHI2 after optimization:   0.0581 
Fraction of effective frames:   0.1229 
Warm start
Optimizing 67 data and 16080 samples. Theta=1.455791 
CHI2 before optimization:   1.8033 
Execution time: 0.16 seconds
Minimization using L-BFGS-B successful (iterations:14)
CHI2 after optimization:   0.0685 
Fraction of effective frames:   0.1647 
Warm start
Optimizing 67 data and 16080 samples. Theta=2.165273 
CHI2 before optimization:   1.8033 
Execution time: 0.13 seconds
Minimization using L-BFGS-B successful (iterations:15)
CHI2 after optimization:   0.0829 
Fraction of effective frames:   0.2156 
Warm start
Optimizing 67 data and 16080 samples. Theta=3.220524 
CHI2 before optimization:   1.8033 
Execution time: 0.12 seconds
Minimization using L-BFGS-B successful (iterations:13)
CHI2 after optimization:   0.1023 
Fraction of effective frames:   0.2756 
Warm start
Optimizing 67 data and 16080 samples. Theta=4.790053 
CHI2 before optimization:   1.8033 
Execution time: 0.12 seconds
Minimization using L-BFGS-B successful (iterations:14)
CHI2 after optimization:   0.1276 
Fraction of effective frames:   0.3418 
Warm start
Optimizing 67 data and 16080 samples. Theta=7.124496 
CHI2 before optimization:   1.8033 
Execution time: 0.13 seconds
Minimization using L-BFGS-B successful (iterations:16)
CHI2 after optimization:   0.1599 
Fraction of effective frames:   0.4113 
Warm start
Optimizing 67 data and 16080 samples. Theta=10.596634 
CHI2 before optimization:   1.8033 
Execution time: 0.12 seconds
Minimization using L-BFGS-B successful (iterations:15)
CHI2 after optimization:   0.2020 
Fraction of effective frames:   0.4837 
Warm start
Optimizing 67 data and 16080 samples. Theta=15.760926 
CHI2 before optimization:   1.8033 
Execution time: 0.13 seconds
Minimization using L-BFGS-B successful (iterations:15)
CHI2 after optimization:   0.2575 
Fraction of effective frames:   0.5582 
Warm start
Optimizing 67 data and 16080 samples. Theta=23.442046 
CHI2 before optimization:   1.8033 
Execution time: 0.13 seconds
Minimization using L-BFGS-B successful (iterations:16)
CHI2 after optimization:   0.3306 
Fraction of effective frames:   0.6339 
Warm start
Optimizing 67 data and 16080 samples. Theta=34.866576 
CHI2 before optimization:   1.8033 
Execution time: 0.14 seconds
Minimization using L-BFGS-B successful (iterations:16)
CHI2 after optimization:   0.4239 
Fraction of effective frames:   0.7072 
Warm start
Optimizing 67 data and 16080 samples. Theta=51.858876 
CHI2 before optimization:   1.8033 
Execution time: 0.13 seconds
Minimization using L-BFGS-B successful (iterations:17)
CHI2 after optimization:   0.5420 
Fraction of effective frames:   0.7761 
Warm start
Optimizing 67 data and 16080 samples. Theta=77.132408 
CHI2 before optimization:   1.8033 
Execution time: 0.15 seconds
Minimization using L-BFGS-B successful (iterations:18)
CHI2 after optimization:   0.6895 
Fraction of effective frames:   0.8392 
Warm start
Optimizing 67 data and 16080 samples. Theta=114.723050 
CHI2 before optimization:   1.8033 
Execution time: 0.18 seconds
Minimization using L-BFGS-B successful (iterations:18)
CHI2 after optimization:   0.8674 
Fraction of effective frames:   0.8941 
Warm start
Optimizing 67 data and 16080 samples. Theta=170.633570 
CHI2 before optimization:   1.8033 
Execution time: 0.16 seconds
Minimization using L-BFGS-B successful (iterations:17)
CHI2 after optimization:   1.0621 
Fraction of effective frames:   0.9370 
Warm start
Optimizing 67 data and 16080 samples. Theta=253.792201 
CHI2 before optimization:   1.8033 
Execution time: 0.16 seconds
Minimization using L-BFGS-B successful (iterations:18)
CHI2 after optimization:   1.2502 
Fraction of effective frames:   0.9662 
Warm start
Optimizing 67 data and 16080 samples. Theta=377.478364 
CHI2 before optimization:   1.8033 
Execution time: 0.15 seconds
Minimization using L-BFGS-B successful (iterations:18)
CHI2 after optimization:   1.4086 
Fraction of effective frames:   0.9832 
Warm start
Optimizing 67 data and 16080 samples. Theta=561.443241 
CHI2 before optimization:   1.8033 
Execution time: 0.16 seconds
Minimization using L-BFGS-B successful (iterations:18)
CHI2 after optimization:   1.5293 
Fraction of effective frames:   0.9920 
Warm start
Optimizing 67 data and 16080 samples. Theta=835.063787 
CHI2 before optimization:   1.8033 
Execution time: 0.17 seconds
Minimization using L-BFGS-B successful (iterations:18)
CHI2 after optimization:   1.6160 
Fraction of effective frames:   0.9963 
Warm start
Optimizing 67 data and 16080 samples. Theta=1242.033884 
CHI2 before optimization:   1.8033 
Execution time: 0.15 seconds
Minimization using L-BFGS-B successful (iterations:16)
CHI2 after optimization:   1.6764 
Fraction of effective frames:   0.9983 
Warm start
Optimizing 67 data and 16080 samples. Theta=1847.341714 
CHI2 before optimization:   1.8033 
Execution time: 0.15 seconds
Minimization using L-BFGS-B successful (iterations:17)
CHI2 after optimization:   1.7175 
Fraction of effective frames:   0.9992 
Warm start
Optimizing 67 data and 16080 samples. Theta=2747.647592 
CHI2 before optimization:   1.8033 
Execution time: 0.13 seconds
Minimization using L-BFGS-B successful (iterations:13)
CHI2 after optimization:   1.7448 
Fraction of effective frames:   0.9996 
Warm start
Optimizing 67 data and 16080 samples. Theta=4086.719436 
CHI2 before optimization:   1.8033 
Execution time: 0.11 seconds
Minimization using L-BFGS-B successful (iterations:12)
CHI2 after optimization:   1.7640 
Fraction of effective frames:   0.9998 
Warm start
Optimizing 67 data and 16080 samples. Theta=6078.390765 
CHI2 before optimization:   1.8033 
Execution time: 0.10 seconds
Minimization using L-BFGS-B successful (iterations:10)
CHI2 after optimization:   1.7765 
Fraction of effective frames:   0.9999 
Warm start
Optimizing 67 data and 16080 samples. Theta=9040.707313 
CHI2 before optimization:   1.8033 
Execution time: 0.07 seconds
Minimization using L-BFGS-B successful (iterations:7)
CHI2 after optimization:   1.7848 
Fraction of effective frames:   1.0000 
Warm start
Optimizing 67 data and 16080 samples. Theta=13446.715073 
CHI2 before optimization:   1.8033 
Execution time: 0.06 seconds
Minimization using L-BFGS-B successful (iterations:6)
CHI2 after optimization:   1.7902 
Fraction of effective frames:   1.0000 
Warm start
Optimizing 67 data and 16080 samples. Theta=20000.000000 
CHI2 before optimization:   1.8033 
Execution time: 0.07 seconds
Minimization using L-BFGS-B successful (iterations:6)
CHI2 after optimization:   1.7947 
Fraction of effective frames:   1.0000 
