Lagrange multipliers initialized from zero
Optimizing 63 data and 16080 samples. Theta=0.200000 
CHI2 before optimization:   7.3211 
Execution time: 1.37 seconds
Minimization using L-BFGS-B successful (iterations:174)
CHI2 after optimization:   1.1060 
Fraction of effective frames:   0.0013 
Warm start
Optimizing 63 data and 16080 samples. Theta=0.297470 
CHI2 before optimization:   7.3211 
Execution time: 0.88 seconds
Minimization using L-BFGS-B successful (iterations:116)
CHI2 after optimization:   1.1061 
Fraction of effective frames:   0.0014 
Warm start
Optimizing 63 data and 16080 samples. Theta=0.442443 
CHI2 before optimization:   7.3211 
Execution time: 0.78 seconds
Minimization using L-BFGS-B successful (iterations:104)
CHI2 after optimization:   1.1064 
Fraction of effective frames:   0.0014 
Warm start
Optimizing 63 data and 16080 samples. Theta=0.658069 
CHI2 before optimization:   7.3211 
Execution time: 0.57 seconds
Minimization using L-BFGS-B successful (iterations:77)
CHI2 after optimization:   1.1072 
Fraction of effective frames:   0.0015 
Warm start
Optimizing 63 data and 16080 samples. Theta=0.978780 
CHI2 before optimization:   7.3211 
Execution time: 0.48 seconds
Minimization using L-BFGS-B successful (iterations:65)
CHI2 after optimization:   1.1093 
Fraction of effective frames:   0.0016 
Warm start
Optimizing 63 data and 16080 samples. Theta=1.455791 
CHI2 before optimization:   7.3211 
Execution time: 0.40 seconds
Minimization using L-BFGS-B successful (iterations:52)
CHI2 after optimization:   1.1142 
Fraction of effective frames:   0.0018 
Warm start
Optimizing 63 data and 16080 samples. Theta=2.165273 
CHI2 before optimization:   7.3211 
Execution time: 0.33 seconds
Minimization using L-BFGS-B successful (iterations:39)
CHI2 after optimization:   1.1262 
Fraction of effective frames:   0.0022 
Warm start
Optimizing 63 data and 16080 samples. Theta=3.220524 
CHI2 before optimization:   7.3211 
Execution time: 0.25 seconds
Minimization using L-BFGS-B successful (iterations:33)
CHI2 after optimization:   1.1543 
Fraction of effective frames:   0.0030 
Warm start
Optimizing 63 data and 16080 samples. Theta=4.790053 
CHI2 before optimization:   7.3211 
Execution time: 0.20 seconds
Minimization using L-BFGS-B successful (iterations:26)
CHI2 after optimization:   1.2199 
Fraction of effective frames:   0.0051 
Warm start
Optimizing 63 data and 16080 samples. Theta=7.124496 
CHI2 before optimization:   7.3211 
Execution time: 0.17 seconds
Minimization using L-BFGS-B successful (iterations:21)
CHI2 after optimization:   1.3545 
Fraction of effective frames:   0.0104 
Warm start
Optimizing 63 data and 16080 samples. Theta=10.596634 
CHI2 before optimization:   7.3211 
Execution time: 0.15 seconds
Minimization using L-BFGS-B successful (iterations:19)
CHI2 after optimization:   1.5837 
Fraction of effective frames:   0.0238 
Warm start
Optimizing 63 data and 16080 samples. Theta=15.760926 
CHI2 before optimization:   7.3211 
Execution time: 0.12 seconds
Minimization using L-BFGS-B successful (iterations:16)
CHI2 after optimization:   1.9273 
Fraction of effective frames:   0.0547 
Warm start
Optimizing 63 data and 16080 samples. Theta=23.442046 
CHI2 before optimization:   7.3211 
Execution time: 0.13 seconds
Minimization using L-BFGS-B successful (iterations:16)
CHI2 after optimization:   2.4093 
Fraction of effective frames:   0.1202 
Warm start
Optimizing 63 data and 16080 samples. Theta=34.866576 
CHI2 before optimization:   7.3211 
Execution time: 0.13 seconds
Minimization using L-BFGS-B successful (iterations:15)
CHI2 after optimization:   3.0482 
Fraction of effective frames:   0.2428 
Warm start
Optimizing 63 data and 16080 samples. Theta=51.858876 
CHI2 before optimization:   7.3211 
Execution time: 0.14 seconds
Minimization using L-BFGS-B successful (iterations:15)
CHI2 after optimization:   3.8006 
Fraction of effective frames:   0.4249 
Warm start
Optimizing 63 data and 16080 samples. Theta=77.132408 
CHI2 before optimization:   7.3211 
Execution time: 0.13 seconds
Minimization using L-BFGS-B successful (iterations:16)
CHI2 after optimization:   4.5509 
Fraction of effective frames:   0.6196 
Warm start
Optimizing 63 data and 16080 samples. Theta=114.723050 
CHI2 before optimization:   7.3211 
Execution time: 0.14 seconds
Minimization using L-BFGS-B successful (iterations:16)
CHI2 after optimization:   5.2089 
Fraction of effective frames:   0.7745 
Warm start
Optimizing 63 data and 16080 samples. Theta=170.633570 
CHI2 before optimization:   7.3211 
Execution time: 0.17 seconds
Minimization using L-BFGS-B successful (iterations:18)
CHI2 after optimization:   5.7497 
Fraction of effective frames:   0.8762 
Warm start
Optimizing 63 data and 16080 samples. Theta=253.792201 
CHI2 before optimization:   7.3211 
Execution time: 0.14 seconds
Minimization using L-BFGS-B successful (iterations:18)
CHI2 after optimization:   6.1780 
Fraction of effective frames:   0.9358 
Warm start
Optimizing 63 data and 16080 samples. Theta=377.478364 
CHI2 before optimization:   7.3211 
Execution time: 0.15 seconds
Minimization using L-BFGS-B successful (iterations:18)
CHI2 after optimization:   6.5057 
Fraction of effective frames:   0.9681 
Warm start
Optimizing 63 data and 16080 samples. Theta=561.443241 
CHI2 before optimization:   7.3211 
Execution time: 0.13 seconds
Minimization using L-BFGS-B successful (iterations:16)
CHI2 after optimization:   6.7486 
Fraction of effective frames:   0.9846 
Warm start
Optimizing 63 data and 16080 samples. Theta=835.063787 
CHI2 before optimization:   7.3211 
Execution time: 0.13 seconds
Minimization using L-BFGS-B successful (iterations:15)
CHI2 after optimization:   6.9241 
Fraction of effective frames:   0.9927 
Warm start
Optimizing 63 data and 16080 samples. Theta=1242.033884 
CHI2 before optimization:   7.3211 
Execution time: 0.13 seconds
Minimization using L-BFGS-B successful (iterations:15)
CHI2 after optimization:   7.0482 
Fraction of effective frames:   0.9966 
Warm start
Optimizing 63 data and 16080 samples. Theta=1847.341714 
CHI2 before optimization:   7.3211 
Execution time: 0.12 seconds
Minimization using L-BFGS-B successful (iterations:14)
CHI2 after optimization:   7.1348 
Fraction of effective frames:   0.9984 
Warm start
Optimizing 63 data and 16080 samples. Theta=2747.647592 
CHI2 before optimization:   7.3211 
Execution time: 0.12 seconds
Minimization using L-BFGS-B successful (iterations:13)
CHI2 after optimization:   7.1945 
Fraction of effective frames:   0.9993 
Warm start
Optimizing 63 data and 16080 samples. Theta=4086.719436 
CHI2 before optimization:   7.3211 
Execution time: 0.09 seconds
Minimization using L-BFGS-B successful (iterations:12)
CHI2 after optimization:   7.2352 
Fraction of effective frames:   0.9997 
Warm start
Optimizing 63 data and 16080 samples. Theta=6078.390765 
CHI2 before optimization:   7.3211 
Execution time: 0.10 seconds
Minimization using L-BFGS-B successful (iterations:11)
CHI2 after optimization:   7.2630 
Fraction of effective frames:   0.9998 
Warm start
Optimizing 63 data and 16080 samples. Theta=9040.707313 
CHI2 before optimization:   7.3211 
Execution time: 0.08 seconds
Minimization using L-BFGS-B successful (iterations:10)
CHI2 after optimization:   7.2819 
Fraction of effective frames:   0.9999 
Warm start
Optimizing 63 data and 16080 samples. Theta=13446.715073 
CHI2 before optimization:   7.3211 
Execution time: 0.06 seconds
Minimization using L-BFGS-B successful (iterations:8)
CHI2 after optimization:   7.2938 
Fraction of effective frames:   1.0000 
Warm start
Optimizing 63 data and 16080 samples. Theta=20000.000000 
CHI2 before optimization:   7.3211 
Execution time: 0.07 seconds
Minimization using L-BFGS-B successful (iterations:8)
CHI2 after optimization:   7.3027 
Fraction of effective frames:   1.0000 
