Lagrange multipliers initialized from zero
Optimizing 30 data and 16080 samples. Theta=0.200000 
CHI2 before optimization:   8.1812 
Execution time: 0.38 seconds
Minimization using L-BFGS-B successful (iterations:87)
CHI2 after optimization:   0.2232 
Fraction of effective frames:   0.0013 
Warm start
Optimizing 30 data and 16080 samples. Theta=0.297470 
CHI2 before optimization:   8.1812 
Execution time: 0.23 seconds
Minimization using L-BFGS-B successful (iterations:53)
CHI2 after optimization:   0.2245 
Fraction of effective frames:   0.0014 
Warm start
Optimizing 30 data and 16080 samples. Theta=0.442443 
CHI2 before optimization:   8.1812 
Execution time: 0.20 seconds
Minimization using L-BFGS-B successful (iterations:44)
CHI2 after optimization:   0.2276 
Fraction of effective frames:   0.0016 
Warm start
Optimizing 30 data and 16080 samples. Theta=0.658069 
CHI2 before optimization:   8.1812 
Execution time: 0.14 seconds
Minimization using L-BFGS-B successful (iterations:31)
CHI2 after optimization:   0.2348 
Fraction of effective frames:   0.0019 
Warm start
Optimizing 30 data and 16080 samples. Theta=0.978780 
CHI2 before optimization:   8.1812 
Execution time: 0.14 seconds
Minimization using L-BFGS-B successful (iterations:23)
CHI2 after optimization:   0.2511 
Fraction of effective frames:   0.0026 
Warm start
Optimizing 30 data and 16080 samples. Theta=1.455791 
CHI2 before optimization:   8.1812 
Execution time: 0.12 seconds
Minimization using L-BFGS-B successful (iterations:22)
CHI2 after optimization:   0.2873 
Fraction of effective frames:   0.0040 
Warm start
Optimizing 30 data and 16080 samples. Theta=2.165273 
CHI2 before optimization:   8.1812 
Execution time: 0.10 seconds
Minimization using L-BFGS-B successful (iterations:20)
CHI2 after optimization:   0.3573 
Fraction of effective frames:   0.0072 
Warm start
Optimizing 30 data and 16080 samples. Theta=3.220524 
CHI2 before optimization:   8.1812 
Execution time: 0.08 seconds
Minimization using L-BFGS-B successful (iterations:15)
CHI2 after optimization:   0.4747 
Fraction of effective frames:   0.0139 
Warm start
Optimizing 30 data and 16080 samples. Theta=4.790053 
CHI2 before optimization:   8.1812 
Execution time: 0.07 seconds
Minimization using L-BFGS-B successful (iterations:13)
CHI2 after optimization:   0.6533 
Fraction of effective frames:   0.0274 
Warm start
Optimizing 30 data and 16080 samples. Theta=7.124496 
CHI2 before optimization:   8.1812 
Execution time: 0.05 seconds
Minimization using L-BFGS-B successful (iterations:12)
CHI2 after optimization:   0.9115 
Fraction of effective frames:   0.0531 
Warm start
Optimizing 30 data and 16080 samples. Theta=10.596634 
CHI2 before optimization:   8.1812 
Execution time: 0.05 seconds
Minimization using L-BFGS-B successful (iterations:10)
CHI2 after optimization:   1.2797 
Fraction of effective frames:   0.0999 
Warm start
Optimizing 30 data and 16080 samples. Theta=15.760926 
CHI2 before optimization:   8.1812 
Execution time: 0.06 seconds
Minimization using L-BFGS-B successful (iterations:9)
CHI2 after optimization:   1.7898 
Fraction of effective frames:   0.1802 
Warm start
Optimizing 30 data and 16080 samples. Theta=23.442046 
CHI2 before optimization:   8.1812 
Execution time: 0.05 seconds
Minimization using L-BFGS-B successful (iterations:8)
CHI2 after optimization:   2.4565 
Fraction of effective frames:   0.3030 
Warm start
Optimizing 30 data and 16080 samples. Theta=34.866576 
CHI2 before optimization:   8.1812 
Execution time: 0.05 seconds
Minimization using L-BFGS-B successful (iterations:8)
CHI2 after optimization:   3.2599 
Fraction of effective frames:   0.4623 
Warm start
Optimizing 30 data and 16080 samples. Theta=51.858876 
CHI2 before optimization:   8.1812 
Execution time: 0.05 seconds
Minimization using L-BFGS-B successful (iterations:8)
CHI2 after optimization:   4.1351 
Fraction of effective frames:   0.6306 
Warm start
Optimizing 30 data and 16080 samples. Theta=77.132408 
CHI2 before optimization:   8.1812 
Execution time: 0.05 seconds
Minimization using L-BFGS-B successful (iterations:8)
CHI2 after optimization:   4.9820 
Fraction of effective frames:   0.7724 
Warm start
Optimizing 30 data and 16080 samples. Theta=114.723050 
CHI2 before optimization:   8.1812 
Execution time: 0.05 seconds
Minimization using L-BFGS-B successful (iterations:9)
CHI2 after optimization:   5.7231 
Fraction of effective frames:   0.8705 
Warm start
Optimizing 30 data and 16080 samples. Theta=170.633570 
CHI2 before optimization:   8.1812 
Execution time: 0.04 seconds
Minimization using L-BFGS-B successful (iterations:9)
CHI2 after optimization:   6.3336 
Fraction of effective frames:   0.9302 
Warm start
Optimizing 30 data and 16080 samples. Theta=253.792201 
CHI2 before optimization:   8.1812 
Execution time: 0.03 seconds
Minimization using L-BFGS-B successful (iterations:9)
CHI2 after optimization:   6.8189 
Fraction of effective frames:   0.9638 
Warm start
Optimizing 30 data and 16080 samples. Theta=377.478364 
CHI2 before optimization:   8.1812 
Execution time: 0.05 seconds
Minimization using L-BFGS-B successful (iterations:9)
CHI2 after optimization:   7.1946 
Fraction of effective frames:   0.9818 
Warm start
Optimizing 30 data and 16080 samples. Theta=561.443241 
CHI2 before optimization:   8.1812 
Execution time: 0.05 seconds
Minimization using L-BFGS-B successful (iterations:9)
CHI2 after optimization:   7.4785 
Fraction of effective frames:   0.9911 
Warm start
Optimizing 30 data and 16080 samples. Theta=835.063787 
CHI2 before optimization:   8.1812 
Execution time: 0.03 seconds
Minimization using L-BFGS-B successful (iterations:9)
CHI2 after optimization:   7.6879 
Fraction of effective frames:   0.9957 
Warm start
Optimizing 30 data and 16080 samples. Theta=1242.033884 
CHI2 before optimization:   8.1812 
Execution time: 0.04 seconds
Minimization using L-BFGS-B successful (iterations:9)
CHI2 after optimization:   7.8390 
Fraction of effective frames:   0.9980 
Warm start
Optimizing 30 data and 16080 samples. Theta=1847.341714 
CHI2 before optimization:   8.1812 
Execution time: 0.03 seconds
Minimization using L-BFGS-B successful (iterations:8)
CHI2 after optimization:   7.9458 
Fraction of effective frames:   0.9991 
Warm start
Optimizing 30 data and 16080 samples. Theta=2747.647592 
CHI2 before optimization:   8.1812 
Execution time: 0.03 seconds
Minimization using L-BFGS-B successful (iterations:8)
CHI2 after optimization:   8.0205 
Fraction of effective frames:   0.9996 
Warm start
Optimizing 30 data and 16080 samples. Theta=4086.719436 
CHI2 before optimization:   8.1812 
Execution time: 0.03 seconds
Minimization using L-BFGS-B successful (iterations:7)
CHI2 after optimization:   8.0718 
Fraction of effective frames:   0.9998 
Warm start
Optimizing 30 data and 16080 samples. Theta=6078.390765 
CHI2 before optimization:   8.1812 
Execution time: 0.04 seconds
Minimization using L-BFGS-B successful (iterations:7)
CHI2 after optimization:   8.1071 
Fraction of effective frames:   0.9999 
Warm start
Optimizing 30 data and 16080 samples. Theta=9040.707313 
CHI2 before optimization:   8.1812 
Execution time: 0.03 seconds
Minimization using L-BFGS-B successful (iterations:6)
CHI2 after optimization:   8.1312 
Fraction of effective frames:   1.0000 
Warm start
Optimizing 30 data and 16080 samples. Theta=13446.715073 
CHI2 before optimization:   8.1812 
Execution time: 0.03 seconds
Minimization using L-BFGS-B successful (iterations:5)
CHI2 after optimization:   8.1470 
Fraction of effective frames:   1.0000 
Warm start
Optimizing 30 data and 16080 samples. Theta=20000.000000 
CHI2 before optimization:   8.1812 
Execution time: 0.01 seconds
Minimization using L-BFGS-B successful (iterations:4)
CHI2 after optimization:   8.1570 
Fraction of effective frames:   1.0000 
