Lagrange multipliers initialized from zero
Optimizing 61 data and 16080 samples. Theta=0.200000 
CHI2 before optimization:   6.1024 
Execution time: 1.43 seconds
Minimization using L-BFGS-B successful (iterations:167)
CHI2 after optimization:   1.1030 
Fraction of effective frames:   0.0013 
Warm start
Optimizing 61 data and 16080 samples. Theta=0.297470 
CHI2 before optimization:   6.1024 
Execution time: 0.91 seconds
Minimization using L-BFGS-B successful (iterations:112)
CHI2 after optimization:   1.1032 
Fraction of effective frames:   0.0013 
Warm start
Optimizing 61 data and 16080 samples. Theta=0.442443 
CHI2 before optimization:   6.1024 
Execution time: 0.73 seconds
Minimization using L-BFGS-B successful (iterations:90)
CHI2 after optimization:   1.1037 
Fraction of effective frames:   0.0014 
Warm start
Optimizing 61 data and 16080 samples. Theta=0.658069 
CHI2 before optimization:   6.1024 
Execution time: 0.57 seconds
Minimization using L-BFGS-B successful (iterations:71)
CHI2 after optimization:   1.1048 
Fraction of effective frames:   0.0015 
Warm start
Optimizing 61 data and 16080 samples. Theta=0.978780 
CHI2 before optimization:   6.1024 
Execution time: 0.38 seconds
Minimization using L-BFGS-B successful (iterations:57)
CHI2 after optimization:   1.1073 
Fraction of effective frames:   0.0016 
Warm start
Optimizing 61 data and 16080 samples. Theta=1.455791 
CHI2 before optimization:   6.1024 
Execution time: 0.33 seconds
Minimization using L-BFGS-B successful (iterations:44)
CHI2 after optimization:   1.1132 
Fraction of effective frames:   0.0019 
Warm start
Optimizing 61 data and 16080 samples. Theta=2.165273 
CHI2 before optimization:   6.1024 
Execution time: 0.26 seconds
Minimization using L-BFGS-B successful (iterations:35)
CHI2 after optimization:   1.1283 
Fraction of effective frames:   0.0024 
Warm start
Optimizing 61 data and 16080 samples. Theta=3.220524 
CHI2 before optimization:   6.1024 
Execution time: 0.22 seconds
Minimization using L-BFGS-B successful (iterations:28)
CHI2 after optimization:   1.1682 
Fraction of effective frames:   0.0038 
Warm start
Optimizing 61 data and 16080 samples. Theta=4.790053 
CHI2 before optimization:   6.1024 
Execution time: 0.18 seconds
Minimization using L-BFGS-B successful (iterations:25)
CHI2 after optimization:   1.2625 
Fraction of effective frames:   0.0078 
Warm start
Optimizing 61 data and 16080 samples. Theta=7.124496 
CHI2 before optimization:   6.1024 
Execution time: 0.15 seconds
Minimization using L-BFGS-B successful (iterations:19)
CHI2 after optimization:   1.4415 
Fraction of effective frames:   0.0196 
Warm start
Optimizing 61 data and 16080 samples. Theta=10.596634 
CHI2 before optimization:   6.1024 
Execution time: 0.13 seconds
Minimization using L-BFGS-B successful (iterations:17)
CHI2 after optimization:   1.7129 
Fraction of effective frames:   0.0506 
Warm start
Optimizing 61 data and 16080 samples. Theta=15.760926 
CHI2 before optimization:   6.1024 
Execution time: 0.12 seconds
Minimization using L-BFGS-B successful (iterations:15)
CHI2 after optimization:   2.0655 
Fraction of effective frames:   0.1163 
Warm start
Optimizing 61 data and 16080 samples. Theta=23.442046 
CHI2 before optimization:   6.1024 
Execution time: 0.12 seconds
Minimization using L-BFGS-B successful (iterations:14)
CHI2 after optimization:   2.4896 
Fraction of effective frames:   0.2282 
Warm start
Optimizing 61 data and 16080 samples. Theta=34.866576 
CHI2 before optimization:   6.1024 
Execution time: 0.11 seconds
Minimization using L-BFGS-B successful (iterations:15)
CHI2 after optimization:   2.9737 
Fraction of effective frames:   0.3831 
Warm start
Optimizing 61 data and 16080 samples. Theta=51.858876 
CHI2 before optimization:   6.1024 
Execution time: 0.13 seconds
Minimization using L-BFGS-B successful (iterations:17)
CHI2 after optimization:   3.4929 
Fraction of effective frames:   0.5572 
Warm start
Optimizing 61 data and 16080 samples. Theta=77.132408 
CHI2 before optimization:   6.1024 
Execution time: 0.13 seconds
Minimization using L-BFGS-B successful (iterations:15)
CHI2 after optimization:   4.0022 
Fraction of effective frames:   0.7139 
Warm start
Optimizing 61 data and 16080 samples. Theta=114.723050 
CHI2 before optimization:   6.1024 
Execution time: 0.15 seconds
Minimization using L-BFGS-B successful (iterations:17)
CHI2 after optimization:   4.4651 
Fraction of effective frames:   0.8309 
Warm start
Optimizing 61 data and 16080 samples. Theta=170.633570 
CHI2 before optimization:   6.1024 
Execution time: 0.15 seconds
Minimization using L-BFGS-B successful (iterations:17)
CHI2 after optimization:   4.8585 
Fraction of effective frames:   0.9063 
Warm start
Optimizing 61 data and 16080 samples. Theta=253.792201 
CHI2 before optimization:   6.1024 
Execution time: 0.16 seconds
Minimization using L-BFGS-B successful (iterations:18)
CHI2 after optimization:   5.1794 
Fraction of effective frames:   0.9506 
Warm start
Optimizing 61 data and 16080 samples. Theta=377.478364 
CHI2 before optimization:   6.1024 
Execution time: 0.15 seconds
Minimization using L-BFGS-B successful (iterations:19)
CHI2 after optimization:   5.4324 
Fraction of effective frames:   0.9749 
Warm start
Optimizing 61 data and 16080 samples. Theta=561.443241 
CHI2 before optimization:   6.1024 
Execution time: 0.15 seconds
Minimization using L-BFGS-B successful (iterations:17)
CHI2 after optimization:   5.6260 
Fraction of effective frames:   0.9877 
Warm start
Optimizing 61 data and 16080 samples. Theta=835.063787 
CHI2 before optimization:   6.1024 
Execution time: 0.15 seconds
Minimization using L-BFGS-B successful (iterations:18)
CHI2 after optimization:   5.7688 
Fraction of effective frames:   0.9941 
Warm start
Optimizing 61 data and 16080 samples. Theta=1242.033884 
CHI2 before optimization:   6.1024 
Execution time: 0.13 seconds
Minimization using L-BFGS-B successful (iterations:17)
CHI2 after optimization:   5.8717 
Fraction of effective frames:   0.9972 
Warm start
Optimizing 61 data and 16080 samples. Theta=1847.341714 
CHI2 before optimization:   6.1024 
Execution time: 0.14 seconds
Minimization using L-BFGS-B successful (iterations:16)
CHI2 after optimization:   5.9443 
Fraction of effective frames:   0.9987 
Warm start
Optimizing 61 data and 16080 samples. Theta=2747.647592 
CHI2 before optimization:   6.1024 
Execution time: 0.12 seconds
Minimization using L-BFGS-B successful (iterations:15)
CHI2 after optimization:   5.9946 
Fraction of effective frames:   0.9994 
Warm start
Optimizing 61 data and 16080 samples. Theta=4086.719436 
CHI2 before optimization:   6.1024 
Execution time: 0.09 seconds
Minimization using L-BFGS-B successful (iterations:13)
CHI2 after optimization:   6.0289 
Fraction of effective frames:   0.9997 
Warm start
Optimizing 61 data and 16080 samples. Theta=6078.390765 
CHI2 before optimization:   6.1024 
Execution time: 0.10 seconds
Minimization using L-BFGS-B successful (iterations:12)
CHI2 after optimization:   6.0526 
Fraction of effective frames:   0.9999 
Warm start
Optimizing 61 data and 16080 samples. Theta=9040.707313 
CHI2 before optimization:   6.1024 
Execution time: 0.08 seconds
Minimization using L-BFGS-B successful (iterations:10)
CHI2 after optimization:   6.0688 
Fraction of effective frames:   0.9999 
Warm start
Optimizing 61 data and 16080 samples. Theta=13446.715073 
CHI2 before optimization:   6.1024 
Execution time: 0.08 seconds
Minimization using L-BFGS-B successful (iterations:10)
CHI2 after optimization:   6.0798 
Fraction of effective frames:   1.0000 
Warm start
Optimizing 61 data and 16080 samples. Theta=20000.000000 
CHI2 before optimization:   6.1024 
Execution time: 0.05 seconds
Minimization using L-BFGS-B successful (iterations:5)
CHI2 after optimization:   6.0851 
Fraction of effective frames:   1.0000 
