Lagrange multipliers initialized from zero
Optimizing 113 data and 16080 samples. Theta=0.200000 
CHI2 before optimization:   1.8912 
Execution time: 1.53 seconds
Minimization using L-BFGS-B successful (iterations:122)
CHI2 after optimization:   0.3640 
Fraction of effective frames:   0.0016 
Warm start
Optimizing 113 data and 16080 samples. Theta=0.297470 
CHI2 before optimization:   1.8912 
Execution time: 1.03 seconds
Minimization using L-BFGS-B successful (iterations:79)
CHI2 after optimization:   0.3642 
Fraction of effective frames:   0.0017 
Warm start
Optimizing 113 data and 16080 samples. Theta=0.442443 
CHI2 before optimization:   1.8912 
Execution time: 0.88 seconds
Minimization using L-BFGS-B successful (iterations:64)
CHI2 after optimization:   0.3648 
Fraction of effective frames:   0.0018 
Warm start
Optimizing 113 data and 16080 samples. Theta=0.658069 
CHI2 before optimization:   1.8912 
Execution time: 0.64 seconds
Minimization using L-BFGS-B successful (iterations:49)
CHI2 after optimization:   0.3660 
Fraction of effective frames:   0.0021 
Warm start
Optimizing 113 data and 16080 samples. Theta=0.978780 
CHI2 before optimization:   1.8912 
Execution time: 0.51 seconds
Minimization using L-BFGS-B successful (iterations:40)
CHI2 after optimization:   0.3689 
Fraction of effective frames:   0.0025 
Warm start
Optimizing 113 data and 16080 samples. Theta=1.455791 
CHI2 before optimization:   1.8912 
Execution time: 0.40 seconds
Minimization using L-BFGS-B successful (iterations:32)
CHI2 after optimization:   0.3762 
Fraction of effective frames:   0.0035 
Warm start
Optimizing 113 data and 16080 samples. Theta=2.165273 
CHI2 before optimization:   1.8912 
Execution time: 0.35 seconds
Minimization using L-BFGS-B successful (iterations:26)
CHI2 after optimization:   0.3941 
Fraction of effective frames:   0.0062 
Warm start
Optimizing 113 data and 16080 samples. Theta=3.220524 
CHI2 before optimization:   1.8912 
Execution time: 0.25 seconds
Minimization using L-BFGS-B successful (iterations:21)
CHI2 after optimization:   0.4307 
Fraction of effective frames:   0.0134 
Warm start
Optimizing 113 data and 16080 samples. Theta=4.790053 
CHI2 before optimization:   1.8912 
Execution time: 0.25 seconds
Minimization using L-BFGS-B successful (iterations:19)
CHI2 after optimization:   0.4909 
Fraction of effective frames:   0.0316 
Warm start
Optimizing 113 data and 16080 samples. Theta=7.124496 
CHI2 before optimization:   1.8912 
Execution time: 0.23 seconds
Minimization using L-BFGS-B successful (iterations:17)
CHI2 after optimization:   0.5770 
Fraction of effective frames:   0.0725 
Warm start
Optimizing 113 data and 16080 samples. Theta=10.596634 
CHI2 before optimization:   1.8912 
Execution time: 0.23 seconds
Minimization using L-BFGS-B successful (iterations:18)
CHI2 after optimization:   0.6898 
Fraction of effective frames:   0.1508 
Warm start
Optimizing 113 data and 16080 samples. Theta=15.760926 
CHI2 before optimization:   1.8912 
Execution time: 0.23 seconds
Minimization using L-BFGS-B successful (iterations:18)
CHI2 after optimization:   0.8281 
Fraction of effective frames:   0.2763 
Warm start
Optimizing 113 data and 16080 samples. Theta=23.442046 
CHI2 before optimization:   1.8912 
Execution time: 0.25 seconds
Minimization using L-BFGS-B successful (iterations:19)
CHI2 after optimization:   0.9878 
Fraction of effective frames:   0.4423 
Warm start
Optimizing 113 data and 16080 samples. Theta=34.866576 
CHI2 before optimization:   1.8912 
Execution time: 0.25 seconds
Minimization using L-BFGS-B successful (iterations:19)
CHI2 after optimization:   1.1574 
Fraction of effective frames:   0.6198 
Warm start
Optimizing 113 data and 16080 samples. Theta=51.858876 
CHI2 before optimization:   1.8912 
Execution time: 0.30 seconds
Minimization using L-BFGS-B successful (iterations:22)
CHI2 after optimization:   1.3172 
Fraction of effective frames:   0.7682 
Warm start
Optimizing 113 data and 16080 samples. Theta=77.132408 
CHI2 before optimization:   1.8912 
Execution time: 0.32 seconds
Minimization using L-BFGS-B successful (iterations:22)
CHI2 after optimization:   1.4536 
Fraction of effective frames:   0.8692 
Warm start
Optimizing 113 data and 16080 samples. Theta=114.723050 
CHI2 before optimization:   1.8912 
Execution time: 0.28 seconds
Minimization using L-BFGS-B successful (iterations:22)
CHI2 after optimization:   1.5647 
Fraction of effective frames:   0.9300 
Warm start
Optimizing 113 data and 16080 samples. Theta=170.633570 
CHI2 before optimization:   1.8912 
Execution time: 0.32 seconds
Minimization using L-BFGS-B successful (iterations:23)
CHI2 after optimization:   1.6524 
Fraction of effective frames:   0.9640 
Warm start
Optimizing 113 data and 16080 samples. Theta=253.792201 
CHI2 before optimization:   1.8912 
Execution time: 0.30 seconds
Minimization using L-BFGS-B successful (iterations:23)
CHI2 after optimization:   1.7197 
Fraction of effective frames:   0.9821 
Warm start
Optimizing 113 data and 16080 samples. Theta=377.478364 
CHI2 before optimization:   1.8912 
Execution time: 0.28 seconds
Minimization using L-BFGS-B successful (iterations:21)
CHI2 after optimization:   1.7701 
Fraction of effective frames:   0.9913 
Warm start
Optimizing 113 data and 16080 samples. Theta=561.443241 
CHI2 before optimization:   1.8912 
Execution time: 0.25 seconds
Minimization using L-BFGS-B successful (iterations:18)
CHI2 after optimization:   1.8068 
Fraction of effective frames:   0.9959 
Warm start
Optimizing 113 data and 16080 samples. Theta=835.063787 
CHI2 before optimization:   1.8912 
Execution time: 0.23 seconds
Minimization using L-BFGS-B successful (iterations:18)
CHI2 after optimization:   1.8330 
Fraction of effective frames:   0.9981 
Warm start
Optimizing 113 data and 16080 samples. Theta=1242.033884 
CHI2 before optimization:   1.8912 
Execution time: 0.23 seconds
Minimization using L-BFGS-B successful (iterations:17)
CHI2 after optimization:   1.8513 
Fraction of effective frames:   0.9991 
Warm start
Optimizing 113 data and 16080 samples. Theta=1847.341714 
CHI2 before optimization:   1.8912 
Execution time: 0.20 seconds
Minimization using L-BFGS-B successful (iterations:15)
CHI2 after optimization:   1.8640 
Fraction of effective frames:   0.9996 
Warm start
Optimizing 113 data and 16080 samples. Theta=2747.647592 
CHI2 before optimization:   1.8912 
Execution time: 0.22 seconds
Minimization using L-BFGS-B successful (iterations:15)
CHI2 after optimization:   1.8728 
Fraction of effective frames:   0.9998 
Warm start
Optimizing 113 data and 16080 samples. Theta=4086.719436 
CHI2 before optimization:   1.8912 
Execution time: 0.18 seconds
Minimization using L-BFGS-B successful (iterations:13)
CHI2 after optimization:   1.8788 
Fraction of effective frames:   0.9999 
Warm start
Optimizing 113 data and 16080 samples. Theta=6078.390765 
CHI2 before optimization:   1.8912 
Execution time: 0.17 seconds
Minimization using L-BFGS-B successful (iterations:12)
CHI2 after optimization:   1.8828 
Fraction of effective frames:   1.0000 
Warm start
Optimizing 113 data and 16080 samples. Theta=9040.707313 
CHI2 before optimization:   1.8912 
Execution time: 0.14 seconds
Minimization using L-BFGS-B successful (iterations:11)
CHI2 after optimization:   1.8855 
Fraction of effective frames:   1.0000 
Warm start
Optimizing 113 data and 16080 samples. Theta=13446.715073 
CHI2 before optimization:   1.8912 
Execution time: 0.12 seconds
Minimization using L-BFGS-B successful (iterations:6)
CHI2 after optimization:   1.8870 
Fraction of effective frames:   1.0000 
Warm start
Optimizing 113 data and 16080 samples. Theta=20000.000000 
CHI2 before optimization:   1.8912 
Execution time: 0.10 seconds
Minimization using L-BFGS-B successful (iterations:6)
CHI2 after optimization:   1.8883 
Fraction of effective frames:   1.0000 
