Lagrange multipliers initialized from zero
Optimizing 61 data and 16080 samples. Theta=0.200000 
CHI2 before optimization:   4.8717 
Execution time: 1.48 seconds
Minimization using L-BFGS-B successful (iterations:143)
CHI2 after optimization:   0.7064 
Fraction of effective frames:   0.0014 
Warm start
Optimizing 61 data and 16080 samples. Theta=0.297470 
CHI2 before optimization:   4.8717 
Execution time: 1.02 seconds
Minimization using L-BFGS-B successful (iterations:98)
CHI2 after optimization:   0.7067 
Fraction of effective frames:   0.0015 
Warm start
Optimizing 61 data and 16080 samples. Theta=0.442443 
CHI2 before optimization:   4.8717 
Execution time: 0.67 seconds
Minimization using L-BFGS-B successful (iterations:87)
CHI2 after optimization:   0.7075 
Fraction of effective frames:   0.0016 
Warm start
Optimizing 61 data and 16080 samples. Theta=0.658069 
CHI2 before optimization:   4.8717 
Execution time: 0.47 seconds
Minimization using L-BFGS-B successful (iterations:63)
CHI2 after optimization:   0.7096 
Fraction of effective frames:   0.0018 
Warm start
Optimizing 61 data and 16080 samples. Theta=0.978780 
CHI2 before optimization:   4.8717 
Execution time: 0.38 seconds
Minimization using L-BFGS-B successful (iterations:52)
CHI2 after optimization:   0.7143 
Fraction of effective frames:   0.0021 
Warm start
Optimizing 61 data and 16080 samples. Theta=1.455791 
CHI2 before optimization:   4.8717 
Execution time: 0.32 seconds
Minimization using L-BFGS-B successful (iterations:42)
CHI2 after optimization:   0.7254 
Fraction of effective frames:   0.0028 
Warm start
Optimizing 61 data and 16080 samples. Theta=2.165273 
CHI2 before optimization:   4.8717 
Execution time: 0.25 seconds
Minimization using L-BFGS-B successful (iterations:33)
CHI2 after optimization:   0.7524 
Fraction of effective frames:   0.0044 
Warm start
Optimizing 61 data and 16080 samples. Theta=3.220524 
CHI2 before optimization:   4.8717 
Execution time: 0.20 seconds
Minimization using L-BFGS-B successful (iterations:26)
CHI2 after optimization:   0.8101 
Fraction of effective frames:   0.0084 
Warm start
Optimizing 61 data and 16080 samples. Theta=4.790053 
CHI2 before optimization:   4.8717 
Execution time: 0.16 seconds
Minimization using L-BFGS-B successful (iterations:20)
CHI2 after optimization:   0.9093 
Fraction of effective frames:   0.0180 
Warm start
Optimizing 61 data and 16080 samples. Theta=7.124496 
CHI2 before optimization:   4.8717 
Execution time: 0.17 seconds
Minimization using L-BFGS-B successful (iterations:20)
CHI2 after optimization:   1.0594 
Fraction of effective frames:   0.0392 
Warm start
Optimizing 61 data and 16080 samples. Theta=10.596634 
CHI2 before optimization:   4.8717 
Execution time: 0.13 seconds
Minimization using L-BFGS-B successful (iterations:17)
CHI2 after optimization:   1.2739 
Fraction of effective frames:   0.0830 
Warm start
Optimizing 61 data and 16080 samples. Theta=15.760926 
CHI2 before optimization:   4.8717 
Execution time: 0.11 seconds
Minimization using L-BFGS-B successful (iterations:14)
CHI2 after optimization:   1.5665 
Fraction of effective frames:   0.1653 
Warm start
Optimizing 61 data and 16080 samples. Theta=23.442046 
CHI2 before optimization:   4.8717 
Execution time: 0.12 seconds
Minimization using L-BFGS-B successful (iterations:15)
CHI2 after optimization:   1.9403 
Fraction of effective frames:   0.2994 
Warm start
Optimizing 61 data and 16080 samples. Theta=34.866576 
CHI2 before optimization:   4.8717 
Execution time: 0.12 seconds
Minimization using L-BFGS-B successful (iterations:15)
CHI2 after optimization:   2.3584 
Fraction of effective frames:   0.4688 
Warm start
Optimizing 61 data and 16080 samples. Theta=51.858876 
CHI2 before optimization:   4.8717 
Execution time: 0.15 seconds
Minimization using L-BFGS-B successful (iterations:17)
CHI2 after optimization:   2.7732 
Fraction of effective frames:   0.6327 
Warm start
Optimizing 61 data and 16080 samples. Theta=77.132408 
CHI2 before optimization:   4.8717 
Execution time: 0.16 seconds
Minimization using L-BFGS-B successful (iterations:17)
CHI2 after optimization:   3.1642 
Fraction of effective frames:   0.7654 
Warm start
Optimizing 61 data and 16080 samples. Theta=114.723050 
CHI2 before optimization:   4.8717 
Execution time: 0.13 seconds
Minimization using L-BFGS-B successful (iterations:17)
CHI2 after optimization:   3.5222 
Fraction of effective frames:   0.8607 
Warm start
Optimizing 61 data and 16080 samples. Theta=170.633570 
CHI2 before optimization:   4.8717 
Execution time: 0.15 seconds
Minimization using L-BFGS-B successful (iterations:18)
CHI2 after optimization:   3.8345 
Fraction of effective frames:   0.9221 
Warm start
Optimizing 61 data and 16080 samples. Theta=253.792201 
CHI2 before optimization:   4.8717 
Execution time: 0.16 seconds
Minimization using L-BFGS-B successful (iterations:19)
CHI2 after optimization:   4.0949 
Fraction of effective frames:   0.9585 
Warm start
Optimizing 61 data and 16080 samples. Theta=377.478364 
CHI2 before optimization:   4.8717 
Execution time: 0.20 seconds
Minimization using L-BFGS-B successful (iterations:19)
CHI2 after optimization:   4.3043 
Fraction of effective frames:   0.9788 
Warm start
Optimizing 61 data and 16080 samples. Theta=561.443241 
CHI2 before optimization:   4.8717 
Execution time: 0.22 seconds
Minimization using L-BFGS-B successful (iterations:20)
CHI2 after optimization:   4.4664 
Fraction of effective frames:   0.9895 
Warm start
Optimizing 61 data and 16080 samples. Theta=835.063787 
CHI2 before optimization:   4.8717 
Execution time: 0.22 seconds
Minimization using L-BFGS-B successful (iterations:19)
CHI2 after optimization:   4.5875 
Fraction of effective frames:   0.9950 
Warm start
Optimizing 61 data and 16080 samples. Theta=1242.033884 
CHI2 before optimization:   4.8717 
Execution time: 0.24 seconds
Minimization using L-BFGS-B successful (iterations:18)
CHI2 after optimization:   4.6751 
Fraction of effective frames:   0.9976 
Warm start
Optimizing 61 data and 16080 samples. Theta=1847.341714 
CHI2 before optimization:   4.8717 
Execution time: 0.20 seconds
Minimization using L-BFGS-B successful (iterations:17)
CHI2 after optimization:   4.7369 
Fraction of effective frames:   0.9989 
Warm start
Optimizing 61 data and 16080 samples. Theta=2747.647592 
CHI2 before optimization:   4.8717 
Execution time: 0.20 seconds
Minimization using L-BFGS-B successful (iterations:16)
CHI2 after optimization:   4.7797 
Fraction of effective frames:   0.9995 
Warm start
Optimizing 61 data and 16080 samples. Theta=4086.719436 
CHI2 before optimization:   4.8717 
Execution time: 0.15 seconds
Minimization using L-BFGS-B successful (iterations:15)
CHI2 after optimization:   4.8091 
Fraction of effective frames:   0.9998 
Warm start
Optimizing 61 data and 16080 samples. Theta=6078.390765 
CHI2 before optimization:   4.8717 
Execution time: 0.13 seconds
Minimization using L-BFGS-B successful (iterations:12)
CHI2 after optimization:   4.8290 
Fraction of effective frames:   0.9999 
Warm start
Optimizing 61 data and 16080 samples. Theta=9040.707313 
CHI2 before optimization:   4.8717 
Execution time: 0.12 seconds
Minimization using L-BFGS-B successful (iterations:11)
CHI2 after optimization:   4.8429 
Fraction of effective frames:   1.0000 
Warm start
Optimizing 61 data and 16080 samples. Theta=13446.715073 
CHI2 before optimization:   4.8717 
Execution time: 0.07 seconds
Minimization using L-BFGS-B successful (iterations:6)
CHI2 after optimization:   4.8486 
Fraction of effective frames:   1.0000 
Warm start
Optimizing 61 data and 16080 samples. Theta=20000.000000 
CHI2 before optimization:   4.8717 
Execution time: 0.11 seconds
Minimization using L-BFGS-B successful (iterations:10)
CHI2 after optimization:   4.8585 
Fraction of effective frames:   1.0000 
