Lagrange multipliers initialized from zero
Optimizing 34 data and 16080 samples. Theta=0.200000 
CHI2 before optimization:   8.3355 
Execution time: 0.57 seconds
Minimization using L-BFGS-B successful (iterations:108)
CHI2 after optimization:   0.2144 
Fraction of effective frames:   0.0010 
Warm start
Optimizing 34 data and 16080 samples. Theta=0.297470 
CHI2 before optimization:   8.3355 
Execution time: 0.39 seconds
Minimization using L-BFGS-B successful (iterations:72)
CHI2 after optimization:   0.2151 
Fraction of effective frames:   0.0010 
Warm start
Optimizing 34 data and 16080 samples. Theta=0.442443 
CHI2 before optimization:   8.3355 
Execution time: 0.29 seconds
Minimization using L-BFGS-B successful (iterations:60)
CHI2 after optimization:   0.2169 
Fraction of effective frames:   0.0011 
Warm start
Optimizing 34 data and 16080 samples. Theta=0.658069 
CHI2 before optimization:   8.3355 
Execution time: 0.24 seconds
Minimization using L-BFGS-B successful (iterations:42)
CHI2 after optimization:   0.2223 
Fraction of effective frames:   0.0013 
Warm start
Optimizing 34 data and 16080 samples. Theta=0.978780 
CHI2 before optimization:   8.3355 
Execution time: 0.23 seconds
Minimization using L-BFGS-B successful (iterations:37)
CHI2 after optimization:   0.2367 
Fraction of effective frames:   0.0018 
Warm start
Optimizing 34 data and 16080 samples. Theta=1.455791 
CHI2 before optimization:   8.3355 
Execution time: 0.13 seconds
Minimization using L-BFGS-B successful (iterations:28)
CHI2 after optimization:   0.2689 
Fraction of effective frames:   0.0028 
Warm start
Optimizing 34 data and 16080 samples. Theta=2.165273 
CHI2 before optimization:   8.3355 
Execution time: 0.12 seconds
Minimization using L-BFGS-B successful (iterations:24)
CHI2 after optimization:   0.3302 
Fraction of effective frames:   0.0050 
Warm start
Optimizing 34 data and 16080 samples. Theta=3.220524 
CHI2 before optimization:   8.3355 
Execution time: 0.10 seconds
Minimization using L-BFGS-B successful (iterations:20)
CHI2 after optimization:   0.4360 
Fraction of effective frames:   0.0098 
Warm start
Optimizing 34 data and 16080 samples. Theta=4.790053 
CHI2 before optimization:   8.3355 
Execution time: 0.07 seconds
Minimization using L-BFGS-B successful (iterations:16)
CHI2 after optimization:   0.6039 
Fraction of effective frames:   0.0201 
Warm start
Optimizing 34 data and 16080 samples. Theta=7.124496 
CHI2 before optimization:   8.3355 
Execution time: 0.07 seconds
Minimization using L-BFGS-B successful (iterations:14)
CHI2 after optimization:   0.8526 
Fraction of effective frames:   0.0412 
Warm start
Optimizing 34 data and 16080 samples. Theta=10.596634 
CHI2 before optimization:   8.3355 
Execution time: 0.07 seconds
Minimization using L-BFGS-B successful (iterations:13)
CHI2 after optimization:   1.2007 
Fraction of effective frames:   0.0813 
Warm start
Optimizing 34 data and 16080 samples. Theta=15.760926 
CHI2 before optimization:   8.3355 
Execution time: 0.05 seconds
Minimization using L-BFGS-B successful (iterations:13)
CHI2 after optimization:   1.6713 
Fraction of effective frames:   0.1506 
Warm start
Optimizing 34 data and 16080 samples. Theta=23.442046 
CHI2 before optimization:   8.3355 
Execution time: 0.07 seconds
Minimization using L-BFGS-B successful (iterations:12)
CHI2 after optimization:   2.2837 
Fraction of effective frames:   0.2586 
Warm start
Optimizing 34 data and 16080 samples. Theta=34.866576 
CHI2 before optimization:   8.3355 
Execution time: 0.07 seconds
Minimization using L-BFGS-B successful (iterations:13)
CHI2 after optimization:   3.0452 
Fraction of effective frames:   0.4069 
Warm start
Optimizing 34 data and 16080 samples. Theta=51.858876 
CHI2 before optimization:   8.3355 
Execution time: 0.06 seconds
Minimization using L-BFGS-B successful (iterations:11)
CHI2 after optimization:   3.9049 
Fraction of effective frames:   0.5747 
Warm start
Optimizing 34 data and 16080 samples. Theta=77.132408 
CHI2 before optimization:   8.3355 
Execution time: 0.07 seconds
Minimization using L-BFGS-B successful (iterations:11)
CHI2 after optimization:   4.7654 
Fraction of effective frames:   0.7256 
Warm start
Optimizing 34 data and 16080 samples. Theta=114.723050 
CHI2 before optimization:   8.3355 
Execution time: 0.05 seconds
Minimization using L-BFGS-B successful (iterations:12)
CHI2 after optimization:   5.5537 
Fraction of effective frames:   0.8380 
Warm start
Optimizing 34 data and 16080 samples. Theta=170.633570 
CHI2 before optimization:   8.3355 
Execution time: 0.07 seconds
Minimization using L-BFGS-B successful (iterations:12)
CHI2 after optimization:   6.2294 
Fraction of effective frames:   0.9106 
Warm start
Optimizing 34 data and 16080 samples. Theta=253.792201 
CHI2 before optimization:   8.3355 
Execution time: 0.07 seconds
Minimization using L-BFGS-B successful (iterations:12)
CHI2 after optimization:   6.7802 
Fraction of effective frames:   0.9531 
Warm start
Optimizing 34 data and 16080 samples. Theta=377.478364 
CHI2 before optimization:   8.3355 
Execution time: 0.07 seconds
Minimization using L-BFGS-B successful (iterations:12)
CHI2 after optimization:   7.2130 
Fraction of effective frames:   0.9764 
Warm start
Optimizing 34 data and 16080 samples. Theta=561.443241 
CHI2 before optimization:   8.3355 
Execution time: 0.08 seconds
Minimization using L-BFGS-B successful (iterations:12)
CHI2 after optimization:   7.5409 
Fraction of effective frames:   0.9885 
Warm start
Optimizing 34 data and 16080 samples. Theta=835.063787 
CHI2 before optimization:   8.3355 
Execution time: 0.06 seconds
Minimization using L-BFGS-B successful (iterations:12)
CHI2 after optimization:   7.7816 
Fraction of effective frames:   0.9945 
Warm start
Optimizing 34 data and 16080 samples. Theta=1242.033884 
CHI2 before optimization:   8.3355 
Execution time: 0.07 seconds
Minimization using L-BFGS-B successful (iterations:12)
CHI2 after optimization:   7.9538 
Fraction of effective frames:   0.9974 
Warm start
Optimizing 34 data and 16080 samples. Theta=1847.341714 
CHI2 before optimization:   8.3355 
Execution time: 0.07 seconds
Minimization using L-BFGS-B successful (iterations:12)
CHI2 after optimization:   8.0745 
Fraction of effective frames:   0.9988 
Warm start
Optimizing 34 data and 16080 samples. Theta=2747.647592 
CHI2 before optimization:   8.3355 
Execution time: 0.06 seconds
Minimization using L-BFGS-B successful (iterations:12)
CHI2 after optimization:   8.1580 
Fraction of effective frames:   0.9995 
Warm start
Optimizing 34 data and 16080 samples. Theta=4086.719436 
CHI2 before optimization:   8.3355 
Execution time: 0.05 seconds
Minimization using L-BFGS-B successful (iterations:11)
CHI2 after optimization:   8.2150 
Fraction of effective frames:   0.9998 
Warm start
Optimizing 34 data and 16080 samples. Theta=6078.390765 
CHI2 before optimization:   8.3355 
Execution time: 0.05 seconds
Minimization using L-BFGS-B successful (iterations:9)
CHI2 after optimization:   8.2532 
Fraction of effective frames:   0.9999 
Warm start
Optimizing 34 data and 16080 samples. Theta=9040.707313 
CHI2 before optimization:   8.3355 
Execution time: 0.06 seconds
Minimization using L-BFGS-B successful (iterations:8)
CHI2 after optimization:   8.2801 
Fraction of effective frames:   0.9999 
Warm start
Optimizing 34 data and 16080 samples. Theta=13446.715073 
CHI2 before optimization:   8.3355 
Execution time: 0.04 seconds
Minimization using L-BFGS-B successful (iterations:7)
CHI2 after optimization:   8.2981 
Fraction of effective frames:   1.0000 
Warm start
Optimizing 34 data and 16080 samples. Theta=20000.000000 
CHI2 before optimization:   8.3355 
Execution time: 0.05 seconds
Minimization using L-BFGS-B successful (iterations:8)
CHI2 after optimization:   8.3113 
Fraction of effective frames:   1.0000 
