Lagrange multipliers initialized from zero
Optimizing 86 data and 16080 samples. Theta=0.200000 
CHI2 before optimization:   3.0483 
Execution time: 1.01 seconds
Minimization using L-BFGS-B successful (iterations:90)
CHI2 after optimization:   0.1120 
Fraction of effective frames:   0.0014 
Warm start
Optimizing 86 data and 16080 samples. Theta=0.297470 
CHI2 before optimization:   3.0483 
Execution time: 0.71 seconds
Minimization using L-BFGS-B successful (iterations:65)
CHI2 after optimization:   0.1124 
Fraction of effective frames:   0.0015 
Warm start
Optimizing 86 data and 16080 samples. Theta=0.442443 
CHI2 before optimization:   3.0483 
Execution time: 0.54 seconds
Minimization using L-BFGS-B successful (iterations:52)
CHI2 after optimization:   0.1134 
Fraction of effective frames:   0.0017 
Warm start
Optimizing 86 data and 16080 samples. Theta=0.658069 
CHI2 before optimization:   3.0483 
Execution time: 0.37 seconds
Minimization using L-BFGS-B successful (iterations:38)
CHI2 after optimization:   0.1157 
Fraction of effective frames:   0.0020 
Warm start
Optimizing 86 data and 16080 samples. Theta=0.978780 
CHI2 before optimization:   3.0483 
Execution time: 0.38 seconds
Minimization using L-BFGS-B successful (iterations:35)
CHI2 after optimization:   0.1205 
Fraction of effective frames:   0.0026 
Warm start
Optimizing 86 data and 16080 samples. Theta=1.455791 
CHI2 before optimization:   3.0483 
Execution time: 0.23 seconds
Minimization using L-BFGS-B successful (iterations:24)
CHI2 after optimization:   0.1310 
Fraction of effective frames:   0.0038 
Warm start
Optimizing 86 data and 16080 samples. Theta=2.165273 
CHI2 before optimization:   3.0483 
Execution time: 0.23 seconds
Minimization using L-BFGS-B successful (iterations:22)
CHI2 after optimization:   0.1512 
Fraction of effective frames:   0.0061 
Warm start
Optimizing 86 data and 16080 samples. Theta=3.220524 
CHI2 before optimization:   3.0483 
Execution time: 0.20 seconds
Minimization using L-BFGS-B successful (iterations:18)
CHI2 after optimization:   0.1858 
Fraction of effective frames:   0.0107 
Warm start
Optimizing 86 data and 16080 samples. Theta=4.790053 
CHI2 before optimization:   3.0483 
Execution time: 0.18 seconds
Minimization using L-BFGS-B successful (iterations:17)
CHI2 after optimization:   0.2410 
Fraction of effective frames:   0.0195 
Warm start
Optimizing 86 data and 16080 samples. Theta=7.124496 
CHI2 before optimization:   3.0483 
Execution time: 0.19 seconds
Minimization using L-BFGS-B successful (iterations:17)
CHI2 after optimization:   0.3265 
Fraction of effective frames:   0.0363 
Warm start
Optimizing 86 data and 16080 samples. Theta=10.596634 
CHI2 before optimization:   3.0483 
Execution time: 0.18 seconds
Minimization using L-BFGS-B successful (iterations:17)
CHI2 after optimization:   0.4574 
Fraction of effective frames:   0.0691 
Warm start
Optimizing 86 data and 16080 samples. Theta=15.760926 
CHI2 before optimization:   3.0483 
Execution time: 0.18 seconds
Minimization using L-BFGS-B successful (iterations:17)
CHI2 after optimization:   0.6516 
Fraction of effective frames:   0.1315 
Warm start
Optimizing 86 data and 16080 samples. Theta=23.442046 
CHI2 before optimization:   3.0483 
Execution time: 0.21 seconds
Minimization using L-BFGS-B successful (iterations:20)
CHI2 after optimization:   0.9252 
Fraction of effective frames:   0.2419 
Warm start
Optimizing 86 data and 16080 samples. Theta=34.866576 
CHI2 before optimization:   3.0483 
Execution time: 0.20 seconds
Minimization using L-BFGS-B successful (iterations:20)
CHI2 after optimization:   1.2759 
Fraction of effective frames:   0.4100 
Warm start
Optimizing 86 data and 16080 samples. Theta=51.858876 
CHI2 before optimization:   3.0483 
Execution time: 0.22 seconds
Minimization using L-BFGS-B successful (iterations:21)
CHI2 after optimization:   1.6603 
Fraction of effective frames:   0.6065 
Warm start
Optimizing 86 data and 16080 samples. Theta=77.132408 
CHI2 before optimization:   3.0483 
Execution time: 0.23 seconds
Minimization using L-BFGS-B successful (iterations:21)
CHI2 after optimization:   2.0081 
Fraction of effective frames:   0.7706 
Warm start
Optimizing 86 data and 16080 samples. Theta=114.723050 
CHI2 before optimization:   3.0483 
Execution time: 0.25 seconds
Minimization using L-BFGS-B successful (iterations:22)
CHI2 after optimization:   2.2867 
Fraction of effective frames:   0.8769 
Warm start
Optimizing 86 data and 16080 samples. Theta=170.633570 
CHI2 before optimization:   3.0483 
Execution time: 0.23 seconds
Minimization using L-BFGS-B successful (iterations:21)
CHI2 after optimization:   2.4998 
Fraction of effective frames:   0.9372 
Warm start
Optimizing 86 data and 16080 samples. Theta=253.792201 
CHI2 before optimization:   3.0483 
Execution time: 0.23 seconds
Minimization using L-BFGS-B successful (iterations:22)
CHI2 after optimization:   2.6589 
Fraction of effective frames:   0.9690 
Warm start
Optimizing 86 data and 16080 samples. Theta=377.478364 
CHI2 before optimization:   3.0483 
Execution time: 0.22 seconds
Minimization using L-BFGS-B successful (iterations:22)
CHI2 after optimization:   2.7753 
Fraction of effective frames:   0.9851 
Warm start
Optimizing 86 data and 16080 samples. Theta=561.443241 
CHI2 before optimization:   3.0483 
Execution time: 0.18 seconds
Minimization using L-BFGS-B successful (iterations:19)
CHI2 after optimization:   2.8587 
Fraction of effective frames:   0.9929 
Warm start
Optimizing 86 data and 16080 samples. Theta=835.063787 
CHI2 before optimization:   3.0483 
Execution time: 0.20 seconds
Minimization using L-BFGS-B successful (iterations:19)
CHI2 after optimization:   2.9179 
Fraction of effective frames:   0.9967 
Warm start
Optimizing 86 data and 16080 samples. Theta=1242.033884 
CHI2 before optimization:   3.0483 
Execution time: 0.18 seconds
Minimization using L-BFGS-B successful (iterations:17)
CHI2 after optimization:   2.9591 
Fraction of effective frames:   0.9985 
Warm start
Optimizing 86 data and 16080 samples. Theta=1847.341714 
CHI2 before optimization:   3.0483 
Execution time: 0.18 seconds
Minimization using L-BFGS-B successful (iterations:16)
CHI2 after optimization:   2.9876 
Fraction of effective frames:   0.9993 
Warm start
Optimizing 86 data and 16080 samples. Theta=2747.647592 
CHI2 before optimization:   3.0483 
Execution time: 0.15 seconds
Minimization using L-BFGS-B successful (iterations:15)
CHI2 after optimization:   3.0072 
Fraction of effective frames:   0.9997 
Warm start
Optimizing 86 data and 16080 samples. Theta=4086.719436 
CHI2 before optimization:   3.0483 
Execution time: 0.13 seconds
Minimization using L-BFGS-B successful (iterations:12)
CHI2 after optimization:   3.0205 
Fraction of effective frames:   0.9999 
Warm start
Optimizing 86 data and 16080 samples. Theta=6078.390765 
CHI2 before optimization:   3.0483 
Execution time: 0.13 seconds
Minimization using L-BFGS-B successful (iterations:11)
CHI2 after optimization:   3.0296 
Fraction of effective frames:   0.9999 
Warm start
Optimizing 86 data and 16080 samples. Theta=9040.707313 
CHI2 before optimization:   3.0483 
Execution time: 0.08 seconds
Minimization using L-BFGS-B successful (iterations:8)
CHI2 after optimization:   3.0356 
Fraction of effective frames:   1.0000 
Warm start
Optimizing 86 data and 16080 samples. Theta=13446.715073 
CHI2 before optimization:   3.0483 
Execution time: 0.06 seconds
Minimization using L-BFGS-B successful (iterations:6)
CHI2 after optimization:   3.0394 
Fraction of effective frames:   1.0000 
Warm start
Optimizing 86 data and 16080 samples. Theta=20000.000000 
CHI2 before optimization:   3.0483 
Execution time: 0.05 seconds
Minimization using L-BFGS-B successful (iterations:5)
CHI2 after optimization:   3.0424 
Fraction of effective frames:   1.0000 
