Lagrange multipliers initialized from zero
Optimizing 36 data and 16080 samples. Theta=0.200000 
CHI2 before optimization:   7.8507 
Execution time: 0.58 seconds
Minimization using L-BFGS-B successful (iterations:105)
CHI2 after optimization:   0.3251 
Fraction of effective frames:   0.0012 
Warm start
Optimizing 36 data and 16080 samples. Theta=0.297470 
CHI2 before optimization:   7.8507 
Execution time: 0.34 seconds
Minimization using L-BFGS-B successful (iterations:72)
CHI2 after optimization:   0.3259 
Fraction of effective frames:   0.0013 
Warm start
Optimizing 36 data and 16080 samples. Theta=0.442443 
CHI2 before optimization:   7.8507 
Execution time: 0.32 seconds
Minimization using L-BFGS-B successful (iterations:58)
CHI2 after optimization:   0.3281 
Fraction of effective frames:   0.0014 
Warm start
Optimizing 36 data and 16080 samples. Theta=0.658069 
CHI2 before optimization:   7.8507 
Execution time: 0.20 seconds
Minimization using L-BFGS-B successful (iterations:42)
CHI2 after optimization:   0.3327 
Fraction of effective frames:   0.0016 
Warm start
Optimizing 36 data and 16080 samples. Theta=0.978780 
CHI2 before optimization:   7.8507 
Execution time: 0.17 seconds
Minimization using L-BFGS-B successful (iterations:36)
CHI2 after optimization:   0.3436 
Fraction of effective frames:   0.0021 
Warm start
Optimizing 36 data and 16080 samples. Theta=1.455791 
CHI2 before optimization:   7.8507 
Execution time: 0.15 seconds
Minimization using L-BFGS-B successful (iterations:27)
CHI2 after optimization:   0.3680 
Fraction of effective frames:   0.0030 
Warm start
Optimizing 36 data and 16080 samples. Theta=2.165273 
CHI2 before optimization:   7.8507 
Execution time: 0.12 seconds
Minimization using L-BFGS-B successful (iterations:21)
CHI2 after optimization:   0.4187 
Fraction of effective frames:   0.0050 
Warm start
Optimizing 36 data and 16080 samples. Theta=3.220524 
CHI2 before optimization:   7.8507 
Execution time: 0.09 seconds
Minimization using L-BFGS-B successful (iterations:15)
CHI2 after optimization:   0.5130 
Fraction of effective frames:   0.0094 
Warm start
Optimizing 36 data and 16080 samples. Theta=4.790053 
CHI2 before optimization:   7.8507 
Execution time: 0.07 seconds
Minimization using L-BFGS-B successful (iterations:14)
CHI2 after optimization:   0.6688 
Fraction of effective frames:   0.0190 
Warm start
Optimizing 36 data and 16080 samples. Theta=7.124496 
CHI2 before optimization:   7.8507 
Execution time: 0.08 seconds
Minimization using L-BFGS-B successful (iterations:14)
CHI2 after optimization:   0.9081 
Fraction of effective frames:   0.0396 
Warm start
Optimizing 36 data and 16080 samples. Theta=10.596634 
CHI2 before optimization:   7.8507 
Execution time: 0.07 seconds
Minimization using L-BFGS-B successful (iterations:12)
CHI2 after optimization:   1.2561 
Fraction of effective frames:   0.0812 
Warm start
Optimizing 36 data and 16080 samples. Theta=15.760926 
CHI2 before optimization:   7.8507 
Execution time: 0.05 seconds
Minimization using L-BFGS-B successful (iterations:11)
CHI2 after optimization:   1.7353 
Fraction of effective frames:   0.1579 
Warm start
Optimizing 36 data and 16080 samples. Theta=23.442046 
CHI2 before optimization:   7.8507 
Execution time: 0.07 seconds
Minimization using L-BFGS-B successful (iterations:11)
CHI2 after optimization:   2.3466 
Fraction of effective frames:   0.2799 
Warm start
Optimizing 36 data and 16080 samples. Theta=34.866576 
CHI2 before optimization:   7.8507 
Execution time: 0.05 seconds
Minimization using L-BFGS-B successful (iterations:9)
CHI2 after optimization:   3.0480 
Fraction of effective frames:   0.4361 
Warm start
Optimizing 36 data and 16080 samples. Theta=51.858876 
CHI2 before optimization:   7.8507 
Execution time: 0.05 seconds
Minimization using L-BFGS-B successful (iterations:10)
CHI2 after optimization:   3.7825 
Fraction of effective frames:   0.5962 
Warm start
Optimizing 36 data and 16080 samples. Theta=77.132408 
CHI2 before optimization:   7.8507 
Execution time: 0.05 seconds
Minimization using L-BFGS-B successful (iterations:9)
CHI2 after optimization:   4.5071 
Fraction of effective frames:   0.7339 
Warm start
Optimizing 36 data and 16080 samples. Theta=114.723050 
CHI2 before optimization:   7.8507 
Execution time: 0.05 seconds
Minimization using L-BFGS-B successful (iterations:10)
CHI2 after optimization:   5.1949 
Fraction of effective frames:   0.8382 
Warm start
Optimizing 36 data and 16080 samples. Theta=170.633570 
CHI2 before optimization:   7.8507 
Execution time: 0.05 seconds
Minimization using L-BFGS-B successful (iterations:9)
CHI2 after optimization:   5.8162 
Fraction of effective frames:   0.9088 
Warm start
Optimizing 36 data and 16080 samples. Theta=253.792201 
CHI2 before optimization:   7.8507 
Execution time: 0.05 seconds
Minimization using L-BFGS-B successful (iterations:9)
CHI2 after optimization:   6.3441 
Fraction of effective frames:   0.9518 
Warm start
Optimizing 36 data and 16080 samples. Theta=377.478364 
CHI2 before optimization:   7.8507 
Execution time: 0.07 seconds
Minimization using L-BFGS-B successful (iterations:9)
CHI2 after optimization:   6.7655 
Fraction of effective frames:   0.9758 
Warm start
Optimizing 36 data and 16080 samples. Theta=561.443241 
CHI2 before optimization:   7.8507 
Execution time: 0.05 seconds
Minimization using L-BFGS-B successful (iterations:9)
CHI2 after optimization:   7.0851 
Fraction of effective frames:   0.9882 
Warm start
Optimizing 36 data and 16080 samples. Theta=835.063787 
CHI2 before optimization:   7.8507 
Execution time: 0.05 seconds
Minimization using L-BFGS-B successful (iterations:9)
CHI2 after optimization:   7.3185 
Fraction of effective frames:   0.9944 
Warm start
Optimizing 36 data and 16080 samples. Theta=1242.033884 
CHI2 before optimization:   7.8507 
Execution time: 0.05 seconds
Minimization using L-BFGS-B successful (iterations:7)
CHI2 after optimization:   7.4842 
Fraction of effective frames:   0.9974 
Warm start
Optimizing 36 data and 16080 samples. Theta=1847.341714 
CHI2 before optimization:   7.8507 
Execution time: 0.03 seconds
Minimization using L-BFGS-B successful (iterations:7)
CHI2 after optimization:   7.6004 
Fraction of effective frames:   0.9988 
Warm start
Optimizing 36 data and 16080 samples. Theta=2747.647592 
CHI2 before optimization:   7.8507 
Execution time: 0.05 seconds
Minimization using L-BFGS-B successful (iterations:7)
CHI2 after optimization:   7.6806 
Fraction of effective frames:   0.9994 
Warm start
Optimizing 36 data and 16080 samples. Theta=4086.719436 
CHI2 before optimization:   7.8507 
Execution time: 0.03 seconds
Minimization using L-BFGS-B successful (iterations:6)
CHI2 after optimization:   7.7356 
Fraction of effective frames:   0.9997 
Warm start
Optimizing 36 data and 16080 samples. Theta=6078.390765 
CHI2 before optimization:   7.8507 
Execution time: 0.05 seconds
Minimization using L-BFGS-B successful (iterations:6)
CHI2 after optimization:   7.7730 
Fraction of effective frames:   0.9999 
Warm start
Optimizing 36 data and 16080 samples. Theta=9040.707313 
CHI2 before optimization:   7.8507 
Execution time: 0.05 seconds
Minimization using L-BFGS-B successful (iterations:5)
CHI2 after optimization:   7.7984 
Fraction of effective frames:   0.9999 
Warm start
Optimizing 36 data and 16080 samples. Theta=13446.715073 
CHI2 before optimization:   7.8507 
Execution time: 0.04 seconds
Minimization using L-BFGS-B successful (iterations:5)
CHI2 after optimization:   7.8155 
Fraction of effective frames:   1.0000 
Warm start
Optimizing 36 data and 16080 samples. Theta=20000.000000 
CHI2 before optimization:   7.8507 
Execution time: 0.02 seconds
Minimization using L-BFGS-B successful (iterations:4)
CHI2 after optimization:   7.8268 
Fraction of effective frames:   1.0000 
