Lagrange multipliers initialized from zero
Optimizing 36 data and 16080 samples. Theta=0.200000 
CHI2 before optimization:   6.0172 
Execution time: 0.51 seconds
Minimization using L-BFGS-B successful (iterations:102)
CHI2 after optimization:   0.5964 
Fraction of effective frames:   0.0012 
Warm start
Optimizing 36 data and 16080 samples. Theta=0.297470 
CHI2 before optimization:   6.0172 
Execution time: 0.31 seconds
Minimization using L-BFGS-B successful (iterations:63)
CHI2 after optimization:   0.5973 
Fraction of effective frames:   0.0013 
Warm start
Optimizing 36 data and 16080 samples. Theta=0.442443 
CHI2 before optimization:   6.0172 
Execution time: 0.27 seconds
Minimization using L-BFGS-B successful (iterations:48)
CHI2 after optimization:   0.6000 
Fraction of effective frames:   0.0014 
Warm start
Optimizing 36 data and 16080 samples. Theta=0.658069 
CHI2 before optimization:   6.0172 
Execution time: 0.19 seconds
Minimization using L-BFGS-B successful (iterations:40)
CHI2 after optimization:   0.6080 
Fraction of effective frames:   0.0019 
Warm start
Optimizing 36 data and 16080 samples. Theta=0.978780 
CHI2 before optimization:   6.0172 
Execution time: 0.16 seconds
Minimization using L-BFGS-B successful (iterations:33)
CHI2 after optimization:   0.6302 
Fraction of effective frames:   0.0030 
Warm start
Optimizing 36 data and 16080 samples. Theta=1.455791 
CHI2 before optimization:   6.0172 
Execution time: 0.12 seconds
Minimization using L-BFGS-B successful (iterations:27)
CHI2 after optimization:   0.6784 
Fraction of effective frames:   0.0062 
Warm start
Optimizing 36 data and 16080 samples. Theta=2.165273 
CHI2 before optimization:   6.0172 
Execution time: 0.11 seconds
Minimization using L-BFGS-B successful (iterations:22)
CHI2 after optimization:   0.7587 
Fraction of effective frames:   0.0140 
Warm start
Optimizing 36 data and 16080 samples. Theta=3.220524 
CHI2 before optimization:   6.0172 
Execution time: 0.11 seconds
Minimization using L-BFGS-B successful (iterations:20)
CHI2 after optimization:   0.8746 
Fraction of effective frames:   0.0307 
Warm start
Optimizing 36 data and 16080 samples. Theta=4.790053 
CHI2 before optimization:   6.0172 
Execution time: 0.10 seconds
Minimization using L-BFGS-B successful (iterations:16)
CHI2 after optimization:   1.0315 
Fraction of effective frames:   0.0630 
Warm start
Optimizing 36 data and 16080 samples. Theta=7.124496 
CHI2 before optimization:   6.0172 
Execution time: 0.08 seconds
Minimization using L-BFGS-B successful (iterations:15)
CHI2 after optimization:   1.2366 
Fraction of effective frames:   0.1184 
Warm start
Optimizing 36 data and 16080 samples. Theta=10.596634 
CHI2 before optimization:   6.0172 
Execution time: 0.08 seconds
Minimization using L-BFGS-B successful (iterations:14)
CHI2 after optimization:   1.4920 
Fraction of effective frames:   0.2010 
Warm start
Optimizing 36 data and 16080 samples. Theta=15.760926 
CHI2 before optimization:   6.0172 
Execution time: 0.08 seconds
Minimization using L-BFGS-B successful (iterations:14)
CHI2 after optimization:   1.8051 
Fraction of effective frames:   0.3110 
Warm start
Optimizing 36 data and 16080 samples. Theta=23.442046 
CHI2 before optimization:   6.0172 
Execution time: 0.07 seconds
Minimization using L-BFGS-B successful (iterations:16)
CHI2 after optimization:   2.1763 
Fraction of effective frames:   0.4405 
Warm start
Optimizing 36 data and 16080 samples. Theta=34.866576 
CHI2 before optimization:   6.0172 
Execution time: 0.09 seconds
Minimization using L-BFGS-B successful (iterations:15)
CHI2 after optimization:   2.5930 
Fraction of effective frames:   0.5732 
Warm start
Optimizing 36 data and 16080 samples. Theta=51.858876 
CHI2 before optimization:   6.0172 
Execution time: 0.09 seconds
Minimization using L-BFGS-B successful (iterations:16)
CHI2 after optimization:   3.0427 
Fraction of effective frames:   0.6939 
Warm start
Optimizing 36 data and 16080 samples. Theta=77.132408 
CHI2 before optimization:   6.0172 
Execution time: 0.08 seconds
Minimization using L-BFGS-B successful (iterations:15)
CHI2 after optimization:   3.5216 
Fraction of effective frames:   0.7957 
Warm start
Optimizing 36 data and 16080 samples. Theta=114.723050 
CHI2 before optimization:   6.0172 
Execution time: 0.08 seconds
Minimization using L-BFGS-B successful (iterations:16)
CHI2 after optimization:   4.0127 
Fraction of effective frames:   0.8747 
Warm start
Optimizing 36 data and 16080 samples. Theta=170.633570 
CHI2 before optimization:   6.0172 
Execution time: 0.11 seconds
Minimization using L-BFGS-B successful (iterations:17)
CHI2 after optimization:   4.4813 
Fraction of effective frames:   0.9295 
Warm start
Optimizing 36 data and 16080 samples. Theta=253.792201 
CHI2 before optimization:   6.0172 
Execution time: 0.13 seconds
Minimization using L-BFGS-B successful (iterations:16)
CHI2 after optimization:   4.8870 
Fraction of effective frames:   0.9632 
Warm start
Optimizing 36 data and 16080 samples. Theta=377.478364 
CHI2 before optimization:   6.0172 
Execution time: 0.09 seconds
Minimization using L-BFGS-B successful (iterations:16)
CHI2 after optimization:   5.2106 
Fraction of effective frames:   0.9817 
Warm start
Optimizing 36 data and 16080 samples. Theta=561.443241 
CHI2 before optimization:   6.0172 
Execution time: 0.08 seconds
Minimization using L-BFGS-B successful (iterations:15)
CHI2 after optimization:   5.4531 
Fraction of effective frames:   0.9912 
Warm start
Optimizing 36 data and 16080 samples. Theta=835.063787 
CHI2 before optimization:   6.0172 
Execution time: 0.08 seconds
Minimization using L-BFGS-B successful (iterations:15)
CHI2 after optimization:   5.6279 
Fraction of effective frames:   0.9959 
Warm start
Optimizing 36 data and 16080 samples. Theta=1242.033884 
CHI2 before optimization:   6.0172 
Execution time: 0.09 seconds
Minimization using L-BFGS-B successful (iterations:15)
CHI2 after optimization:   5.7508 
Fraction of effective frames:   0.9981 
Warm start
Optimizing 36 data and 16080 samples. Theta=1847.341714 
CHI2 before optimization:   6.0172 
Execution time: 0.09 seconds
Minimization using L-BFGS-B successful (iterations:14)
CHI2 after optimization:   5.8361 
Fraction of effective frames:   0.9991 
Warm start
Optimizing 36 data and 16080 samples. Theta=2747.647592 
CHI2 before optimization:   6.0172 
Execution time: 0.07 seconds
Minimization using L-BFGS-B successful (iterations:13)
CHI2 after optimization:   5.8945 
Fraction of effective frames:   0.9996 
Warm start
Optimizing 36 data and 16080 samples. Theta=4086.719436 
CHI2 before optimization:   6.0172 
Execution time: 0.07 seconds
Minimization using L-BFGS-B successful (iterations:12)
CHI2 after optimization:   5.9342 
Fraction of effective frames:   0.9998 
Warm start
Optimizing 36 data and 16080 samples. Theta=6078.390765 
CHI2 before optimization:   6.0172 
Execution time: 0.06 seconds
Minimization using L-BFGS-B successful (iterations:11)
CHI2 after optimization:   5.9611 
Fraction of effective frames:   0.9999 
Warm start
Optimizing 36 data and 16080 samples. Theta=9040.707313 
CHI2 before optimization:   6.0172 
Execution time: 0.07 seconds
Minimization using L-BFGS-B successful (iterations:9)
CHI2 after optimization:   5.9786 
Fraction of effective frames:   1.0000 
Warm start
Optimizing 36 data and 16080 samples. Theta=13446.715073 
CHI2 before optimization:   6.0172 
Execution time: 0.05 seconds
Minimization using L-BFGS-B successful (iterations:9)
CHI2 after optimization:   5.9912 
Fraction of effective frames:   1.0000 
Warm start
Optimizing 36 data and 16080 samples. Theta=20000.000000 
CHI2 before optimization:   6.0172 
Execution time: 0.04 seconds
Minimization using L-BFGS-B successful (iterations:6)
CHI2 after optimization:   5.9985 
Fraction of effective frames:   1.0000 
