Lagrange multipliers initialized from zero
Optimizing 85 data and 16080 samples. Theta=0.200000 
CHI2 before optimization:   1.0808 
Execution time: 0.87 seconds
Minimization using L-BFGS-B successful (iterations:94)
CHI2 after optimization:   0.2938 
Fraction of effective frames:   0.0013 
Warm start
Optimizing 85 data and 16080 samples. Theta=0.297470 
CHI2 before optimization:   1.0808 
Execution time: 0.63 seconds
Minimization using L-BFGS-B successful (iterations:64)
CHI2 after optimization:   0.2946 
Fraction of effective frames:   0.0015 
Warm start
Optimizing 85 data and 16080 samples. Theta=0.442443 
CHI2 before optimization:   1.0808 
Execution time: 0.52 seconds
Minimization using L-BFGS-B successful (iterations:51)
CHI2 after optimization:   0.2966 
Fraction of effective frames:   0.0019 
Warm start
Optimizing 85 data and 16080 samples. Theta=0.658069 
CHI2 before optimization:   1.0808 
Execution time: 0.43 seconds
Minimization using L-BFGS-B successful (iterations:43)
CHI2 after optimization:   0.3023 
Fraction of effective frames:   0.0029 
Warm start
Optimizing 85 data and 16080 samples. Theta=0.978780 
CHI2 before optimization:   1.0808 
Execution time: 0.33 seconds
Minimization using L-BFGS-B successful (iterations:34)
CHI2 after optimization:   0.3168 
Fraction of effective frames:   0.0062 
Warm start
Optimizing 85 data and 16080 samples. Theta=1.455791 
CHI2 before optimization:   1.0808 
Execution time: 0.28 seconds
Minimization using L-BFGS-B successful (iterations:27)
CHI2 after optimization:   0.3449 
Fraction of effective frames:   0.0167 
Warm start
Optimizing 85 data and 16080 samples. Theta=2.165273 
CHI2 before optimization:   1.0808 
Execution time: 0.23 seconds
Minimization using L-BFGS-B successful (iterations:23)
CHI2 after optimization:   0.3857 
Fraction of effective frames:   0.0442 
Warm start
Optimizing 85 data and 16080 samples. Theta=3.220524 
CHI2 before optimization:   1.0808 
Execution time: 0.18 seconds
Minimization using L-BFGS-B successful (iterations:19)
CHI2 after optimization:   0.4375 
Fraction of effective frames:   0.1018 
Warm start
Optimizing 85 data and 16080 samples. Theta=4.790053 
CHI2 before optimization:   1.0808 
Execution time: 0.18 seconds
Minimization using L-BFGS-B successful (iterations:17)
CHI2 after optimization:   0.5007 
Fraction of effective frames:   0.2019 
Warm start
Optimizing 85 data and 16080 samples. Theta=7.124496 
CHI2 before optimization:   1.0808 
Execution time: 0.17 seconds
Minimization using L-BFGS-B successful (iterations:16)
CHI2 after optimization:   0.5746 
Fraction of effective frames:   0.3461 
Warm start
Optimizing 85 data and 16080 samples. Theta=10.596634 
CHI2 before optimization:   1.0808 
Execution time: 0.18 seconds
Minimization using L-BFGS-B successful (iterations:16)
CHI2 after optimization:   0.6565 
Fraction of effective frames:   0.5176 
Warm start
Optimizing 85 data and 16080 samples. Theta=15.760926 
CHI2 before optimization:   1.0808 
Execution time: 0.18 seconds
Minimization using L-BFGS-B successful (iterations:17)
CHI2 after optimization:   0.7418 
Fraction of effective frames:   0.6864 
Warm start
Optimizing 85 data and 16080 samples. Theta=23.442046 
CHI2 before optimization:   1.0808 
Execution time: 0.17 seconds
Minimization using L-BFGS-B successful (iterations:16)
CHI2 after optimization:   0.8205 
Fraction of effective frames:   0.8186 
Warm start
Optimizing 85 data and 16080 samples. Theta=34.866576 
CHI2 before optimization:   1.0808 
Execution time: 0.18 seconds
Minimization using L-BFGS-B successful (iterations:17)
CHI2 after optimization:   0.8850 
Fraction of effective frames:   0.9021 
Warm start
Optimizing 85 data and 16080 samples. Theta=51.858876 
CHI2 before optimization:   1.0808 
Execution time: 0.18 seconds
Minimization using L-BFGS-B successful (iterations:16)
CHI2 after optimization:   0.9346 
Fraction of effective frames:   0.9488 
Warm start
Optimizing 85 data and 16080 samples. Theta=77.132408 
CHI2 before optimization:   1.0808 
Execution time: 0.21 seconds
Minimization using L-BFGS-B successful (iterations:17)
CHI2 after optimization:   0.9725 
Fraction of effective frames:   0.9736 
Warm start
Optimizing 85 data and 16080 samples. Theta=114.723050 
CHI2 before optimization:   1.0808 
Execution time: 0.17 seconds
Minimization using L-BFGS-B successful (iterations:16)
CHI2 after optimization:   1.0014 
Fraction of effective frames:   0.9866 
Warm start
Optimizing 85 data and 16080 samples. Theta=170.633570 
CHI2 before optimization:   1.0808 
Execution time: 0.17 seconds
Minimization using L-BFGS-B successful (iterations:15)
CHI2 after optimization:   1.0235 
Fraction of effective frames:   0.9933 
Warm start
Optimizing 85 data and 16080 samples. Theta=253.792201 
CHI2 before optimization:   1.0808 
Execution time: 0.17 seconds
Minimization using L-BFGS-B successful (iterations:14)
CHI2 after optimization:   1.0401 
Fraction of effective frames:   0.9968 
Warm start
Optimizing 85 data and 16080 samples. Theta=377.478364 
CHI2 before optimization:   1.0808 
Execution time: 0.16 seconds
Minimization using L-BFGS-B successful (iterations:13)
CHI2 after optimization:   1.0523 
Fraction of effective frames:   0.9985 
Warm start
Optimizing 85 data and 16080 samples. Theta=561.443241 
CHI2 before optimization:   1.0808 
Execution time: 0.14 seconds
Minimization using L-BFGS-B successful (iterations:11)
CHI2 after optimization:   1.0611 
Fraction of effective frames:   0.9993 
Warm start
Optimizing 85 data and 16080 samples. Theta=835.063787 
CHI2 before optimization:   1.0808 
Execution time: 0.13 seconds
Minimization using L-BFGS-B successful (iterations:10)
CHI2 after optimization:   1.0672 
Fraction of effective frames:   0.9997 
Warm start
Optimizing 85 data and 16080 samples. Theta=1242.033884 
CHI2 before optimization:   1.0808 
Execution time: 0.12 seconds
Minimization using L-BFGS-B successful (iterations:10)
CHI2 after optimization:   1.0715 
Fraction of effective frames:   0.9998 
Warm start
Optimizing 85 data and 16080 samples. Theta=1847.341714 
CHI2 before optimization:   1.0808 
Execution time: 0.12 seconds
Minimization using L-BFGS-B successful (iterations:10)
CHI2 after optimization:   1.0745 
Fraction of effective frames:   0.9999 
Warm start
Optimizing 85 data and 16080 samples. Theta=2747.647592 
CHI2 before optimization:   1.0808 
Execution time: 0.10 seconds
Minimization using L-BFGS-B successful (iterations:8)
CHI2 after optimization:   1.0765 
Fraction of effective frames:   1.0000 
Warm start
Optimizing 85 data and 16080 samples. Theta=4086.719436 
CHI2 before optimization:   1.0808 
Execution time: 0.10 seconds
Minimization using L-BFGS-B successful (iterations:8)
CHI2 after optimization:   1.0779 
Fraction of effective frames:   1.0000 
Warm start
Optimizing 85 data and 16080 samples. Theta=6078.390765 
CHI2 before optimization:   1.0808 
Execution time: 0.08 seconds
Minimization using L-BFGS-B successful (iterations:6)
CHI2 after optimization:   1.0789 
Fraction of effective frames:   1.0000 
Warm start
Optimizing 85 data and 16080 samples. Theta=9040.707313 
CHI2 before optimization:   1.0808 
Execution time: 0.09 seconds
Minimization using L-BFGS-B successful (iterations:6)
CHI2 after optimization:   1.0795 
Fraction of effective frames:   1.0000 
Warm start
Optimizing 85 data and 16080 samples. Theta=13446.715073 
CHI2 before optimization:   1.0808 
Execution time: 0.06 seconds
Minimization using L-BFGS-B successful (iterations:5)
CHI2 after optimization:   1.0799 
Fraction of effective frames:   1.0000 
Warm start
Optimizing 85 data and 16080 samples. Theta=20000.000000 
CHI2 before optimization:   1.0808 
Execution time: 0.05 seconds
Minimization using L-BFGS-B successful (iterations:4)
CHI2 after optimization:   1.0802 
Fraction of effective frames:   1.0000 
