# Reading JCOUPLINGS data 
# Reading 9 experimental data from bme_reweight/exp_ccr_HCCH_loop_bme.dat 
# Reading 20100 calculated samples from bme_reweight/calc_ccr_HCCH_loop_bme.dat 
# Using linear averaging 
Initialized uniform weights 20100
# Using no scaling 
CHI2: 7.36179 
RMSD: 4.02014 
VIOLATIONS: 6 
# Reading JCOUPLINGS data 
# Reading 36 experimental data from bme_reweight/exp_j3_bme.dat 
# Reading 20100 calculated samples from bme_reweight/calc_j3_bme.dat 
# Using linear averaging 
# Using no scaling 
CHI2: 2.89795 
RMSD: 2.55351 
VIOLATIONS: 18 
Lagrange multipliers initialized from zero
Optimizing 45 data and 20100 samples. Theta=0.200000 
CHI2 before optimization:   3.7907 
Execution time: 0.75 seconds
Minimization using L-BFGS-B successful (iterations:121)
CHI2 after optimization:   0.6646 
Fraction of effective frames:   0.0011 
Lagrange multipliers initialized from zero
Optimizing 45 data and 20100 samples. Theta=0.297470 
CHI2 before optimization:   3.7907 
Execution time: 0.62 seconds
Minimization using L-BFGS-B successful (iterations:96)
CHI2 after optimization:   0.6659 
Fraction of effective frames:   0.0012 
Lagrange multipliers initialized from zero
Optimizing 45 data and 20100 samples. Theta=0.442443 
CHI2 before optimization:   3.7907 
Execution time: 0.50 seconds
Minimization using L-BFGS-B successful (iterations:79)
CHI2 after optimization:   0.6694 
Fraction of effective frames:   0.0015 
Lagrange multipliers initialized from zero
Optimizing 45 data and 20100 samples. Theta=0.658069 
CHI2 before optimization:   3.7907 
Execution time: 0.45 seconds
Minimization using L-BFGS-B successful (iterations:66)
CHI2 after optimization:   0.6778 
Fraction of effective frames:   0.0022 
Lagrange multipliers initialized from zero
Optimizing 45 data and 20100 samples. Theta=0.978780 
CHI2 before optimization:   3.7907 
Execution time: 0.31 seconds
Minimization using L-BFGS-B successful (iterations:46)
CHI2 after optimization:   0.6979 
Fraction of effective frames:   0.0037 
Lagrange multipliers initialized from zero
Optimizing 45 data and 20100 samples. Theta=1.455791 
CHI2 before optimization:   3.7907 
Execution time: 0.26 seconds
Minimization using L-BFGS-B successful (iterations:40)
CHI2 after optimization:   0.7418 
Fraction of effective frames:   0.0084 
Lagrange multipliers initialized from zero
Optimizing 45 data and 20100 samples. Theta=2.165273 
CHI2 before optimization:   3.7907 
Execution time: 0.22 seconds
Minimization using L-BFGS-B successful (iterations:33)
CHI2 after optimization:   0.8199 
Fraction of effective frames:   0.0225 
Lagrange multipliers initialized from zero
Optimizing 45 data and 20100 samples. Theta=3.220524 
CHI2 before optimization:   3.7907 
Execution time: 0.18 seconds
Minimization using L-BFGS-B successful (iterations:26)
CHI2 after optimization:   0.9307 
Fraction of effective frames:   0.0578 
Lagrange multipliers initialized from zero
Optimizing 45 data and 20100 samples. Theta=4.790053 
CHI2 before optimization:   3.7907 
Execution time: 0.16 seconds
Minimization using L-BFGS-B successful (iterations:24)
CHI2 after optimization:   1.0662 
Fraction of effective frames:   0.1257 
Lagrange multipliers initialized from zero
Optimizing 45 data and 20100 samples. Theta=7.124496 
CHI2 before optimization:   3.7907 
Execution time: 0.14 seconds
Minimization using L-BFGS-B successful (iterations:20)
CHI2 after optimization:   1.2202 
Fraction of effective frames:   0.2279 
Lagrange multipliers initialized from zero
Optimizing 45 data and 20100 samples. Theta=10.596634 
CHI2 before optimization:   3.7907 
Execution time: 0.11 seconds
Minimization using L-BFGS-B successful (iterations:16)
CHI2 after optimization:   1.3885 
Fraction of effective frames:   0.3530 
Lagrange multipliers initialized from zero
Optimizing 45 data and 20100 samples. Theta=15.760926 
CHI2 before optimization:   3.7907 
Execution time: 0.12 seconds
Minimization using L-BFGS-B successful (iterations:15)
CHI2 after optimization:   1.5674 
Fraction of effective frames:   0.4828 
Lagrange multipliers initialized from zero
Optimizing 45 data and 20100 samples. Theta=23.442046 
CHI2 before optimization:   3.7907 
Execution time: 0.10 seconds
Minimization using L-BFGS-B successful (iterations:15)
CHI2 after optimization:   1.7557 
Fraction of effective frames:   0.6025 
Lagrange multipliers initialized from zero
Optimizing 45 data and 20100 samples. Theta=34.866576 
CHI2 before optimization:   3.7907 
Execution time: 0.10 seconds
Minimization using L-BFGS-B successful (iterations:15)
CHI2 after optimization:   1.9582 
Fraction of effective frames:   0.7070 
Lagrange multipliers initialized from zero
Optimizing 45 data and 20100 samples. Theta=51.858876 
CHI2 before optimization:   3.7907 
Execution time: 0.12 seconds
Minimization using L-BFGS-B successful (iterations:16)
CHI2 after optimization:   2.1805 
Fraction of effective frames:   0.7955 
Lagrange multipliers initialized from zero
Optimizing 45 data and 20100 samples. Theta=77.132408 
CHI2 before optimization:   3.7907 
Execution time: 0.12 seconds
Minimization using L-BFGS-B successful (iterations:17)
CHI2 after optimization:   2.4190 
Fraction of effective frames:   0.8664 
Lagrange multipliers initialized from zero
Optimizing 45 data and 20100 samples. Theta=114.723050 
CHI2 before optimization:   3.7907 
Execution time: 0.13 seconds
Minimization using L-BFGS-B successful (iterations:17)
CHI2 after optimization:   2.6577 
Fraction of effective frames:   0.9177 
Lagrange multipliers initialized from zero
Optimizing 45 data and 20100 samples. Theta=170.633570 
CHI2 before optimization:   3.7907 
Execution time: 0.14 seconds
Minimization using L-BFGS-B successful (iterations:18)
CHI2 after optimization:   2.8814 
Fraction of effective frames:   0.9516 
Lagrange multipliers initialized from zero
Optimizing 45 data and 20100 samples. Theta=253.792201 
CHI2 before optimization:   3.7907 
Execution time: 0.14 seconds
Minimization using L-BFGS-B successful (iterations:18)
CHI2 after optimization:   3.0842 
Fraction of effective frames:   0.9730 
Lagrange multipliers initialized from zero
Optimizing 45 data and 20100 samples. Theta=377.478364 
CHI2 before optimization:   3.7907 
Execution time: 0.13 seconds
Minimization using L-BFGS-B successful (iterations:19)
CHI2 after optimization:   3.2605 
Fraction of effective frames:   0.9857 
Lagrange multipliers initialized from zero
Optimizing 45 data and 20100 samples. Theta=561.443241 
CHI2 before optimization:   3.7907 
Execution time: 0.15 seconds
Minimization using L-BFGS-B successful (iterations:19)
CHI2 after optimization:   3.4048 
Fraction of effective frames:   0.9927 
Lagrange multipliers initialized from zero
Optimizing 45 data and 20100 samples. Theta=835.063787 
CHI2 before optimization:   3.7907 
Execution time: 0.15 seconds
Minimization using L-BFGS-B successful (iterations:18)
CHI2 after optimization:   3.5166 
Fraction of effective frames:   0.9965 
Lagrange multipliers initialized from zero
Optimizing 45 data and 20100 samples. Theta=1242.033884 
CHI2 before optimization:   3.7907 
Execution time: 0.13 seconds
Minimization using L-BFGS-B successful (iterations:18)
CHI2 after optimization:   3.5998 
Fraction of effective frames:   0.9983 
Lagrange multipliers initialized from zero
Optimizing 45 data and 20100 samples. Theta=1847.341714 
CHI2 before optimization:   3.7907 
Execution time: 0.10 seconds
Minimization using L-BFGS-B successful (iterations:16)
CHI2 after optimization:   3.6589 
Fraction of effective frames:   0.9992 
Lagrange multipliers initialized from zero
Optimizing 45 data and 20100 samples. Theta=2747.647592 
CHI2 before optimization:   3.7907 
Execution time: 0.12 seconds
Minimization using L-BFGS-B successful (iterations:16)
CHI2 after optimization:   3.7006 
Fraction of effective frames:   0.9996 
Lagrange multipliers initialized from zero
Optimizing 45 data and 20100 samples. Theta=4086.719436 
CHI2 before optimization:   3.7907 
Execution time: 0.11 seconds
Minimization using L-BFGS-B successful (iterations:15)
CHI2 after optimization:   3.7295 
Fraction of effective frames:   0.9998 
Lagrange multipliers initialized from zero
Optimizing 45 data and 20100 samples. Theta=6078.390765 
CHI2 before optimization:   3.7907 
Execution time: 0.10 seconds
Minimization using L-BFGS-B successful (iterations:14)
CHI2 after optimization:   3.7493 
Fraction of effective frames:   0.9999 
Lagrange multipliers initialized from zero
Optimizing 45 data and 20100 samples. Theta=9040.707313 
CHI2 before optimization:   3.7907 
Execution time: 0.09 seconds
Minimization using L-BFGS-B successful (iterations:12)
CHI2 after optimization:   3.7635 
Fraction of effective frames:   1.0000 
Lagrange multipliers initialized from zero
Optimizing 45 data and 20100 samples. Theta=13446.715073 
CHI2 before optimization:   3.7907 
Execution time: 0.08 seconds
Minimization using L-BFGS-B successful (iterations:11)
CHI2 after optimization:   3.7724 
Fraction of effective frames:   1.0000 
Lagrange multipliers initialized from zero
Optimizing 45 data and 20100 samples. Theta=20000.000000 
CHI2 before optimization:   3.7907 
Execution time: 0.08 seconds
Minimization using L-BFGS-B successful (iterations:11)
CHI2 after optimization:   3.7783 
Fraction of effective frames:   1.0000 
