# Reading JCOUPLINGS data 
# Reading 9 experimental data from bme_reweight/exp_ccr_HCCH_loop_bme.dat 
# Reading 20100 calculated samples from bme_reweight/calc_ccr_HCCH_loop_bme.dat 
# Using linear averaging 
Initialized uniform weights 20100
# Using no scaling 
CHI2: 7.36179 
RMSD: 4.02014 
VIOLATIONS: 6 
# Reading RDC data 
# Reading 37 experimental data from bme_reweight/exp_rdc_bme.dat 
# Reading 20100 calculated samples from bme_reweight/calc_rdc_bme.dat 
# Using linear averaging 
# Slope=  0.5969; Offset=  0.0000; r2=  0.6765 
CHI2: 7.19782 
RMSD: 4.02431 
VIOLATIONS: 8 
Lagrange multipliers initialized from zero
Optimizing 46 data and 20100 samples. Theta=0.200000 
CHI2 before optimization:   7.2299 
Execution time: 0.92 seconds
Minimization using L-BFGS-B successful (iterations:136)
CHI2 after optimization:   0.4928 
Fraction of effective frames:   0.0011 
Lagrange multipliers initialized from zero
Optimizing 46 data and 20100 samples. Theta=0.297470 
CHI2 before optimization:   7.2299 
Execution time: 0.75 seconds
Minimization using L-BFGS-B successful (iterations:107)
CHI2 after optimization:   0.4933 
Fraction of effective frames:   0.0011 
Lagrange multipliers initialized from zero
Optimizing 46 data and 20100 samples. Theta=0.442443 
CHI2 before optimization:   7.2299 
Execution time: 0.57 seconds
Minimization using L-BFGS-B successful (iterations:85)
CHI2 after optimization:   0.4946 
Fraction of effective frames:   0.0012 
Lagrange multipliers initialized from zero
Optimizing 46 data and 20100 samples. Theta=0.658069 
CHI2 before optimization:   7.2299 
Execution time: 0.43 seconds
Minimization using L-BFGS-B successful (iterations:64)
CHI2 after optimization:   0.4974 
Fraction of effective frames:   0.0014 
Lagrange multipliers initialized from zero
Optimizing 46 data and 20100 samples. Theta=0.978780 
CHI2 before optimization:   7.2299 
Execution time: 0.32 seconds
Minimization using L-BFGS-B successful (iterations:51)
CHI2 after optimization:   0.5031 
Fraction of effective frames:   0.0016 
Lagrange multipliers initialized from zero
Optimizing 46 data and 20100 samples. Theta=1.455791 
CHI2 before optimization:   7.2299 
Execution time: 0.28 seconds
Minimization using L-BFGS-B successful (iterations:43)
CHI2 after optimization:   0.5166 
Fraction of effective frames:   0.0020 
Lagrange multipliers initialized from zero
Optimizing 46 data and 20100 samples. Theta=2.165273 
CHI2 before optimization:   7.2299 
Execution time: 0.23 seconds
Minimization using L-BFGS-B successful (iterations:34)
CHI2 after optimization:   0.5484 
Fraction of effective frames:   0.0031 
Lagrange multipliers initialized from zero
Optimizing 46 data and 20100 samples. Theta=3.220524 
CHI2 before optimization:   7.2299 
Execution time: 0.18 seconds
Minimization using L-BFGS-B successful (iterations:28)
CHI2 after optimization:   0.6171 
Fraction of effective frames:   0.0055 
Lagrange multipliers initialized from zero
Optimizing 46 data and 20100 samples. Theta=4.790053 
CHI2 before optimization:   7.2299 
Execution time: 0.15 seconds
Minimization using L-BFGS-B successful (iterations:23)
CHI2 after optimization:   0.7472 
Fraction of effective frames:   0.0117 
Lagrange multipliers initialized from zero
Optimizing 46 data and 20100 samples. Theta=7.124496 
CHI2 before optimization:   7.2299 
Execution time: 0.13 seconds
Minimization using L-BFGS-B successful (iterations:21)
CHI2 after optimization:   0.9575 
Fraction of effective frames:   0.0267 
Lagrange multipliers initialized from zero
Optimizing 46 data and 20100 samples. Theta=10.596634 
CHI2 before optimization:   7.2299 
Execution time: 0.13 seconds
Minimization using L-BFGS-B successful (iterations:20)
CHI2 after optimization:   1.2604 
Fraction of effective frames:   0.0593 
Lagrange multipliers initialized from zero
Optimizing 46 data and 20100 samples. Theta=15.760926 
CHI2 before optimization:   7.2299 
Execution time: 0.12 seconds
Minimization using L-BFGS-B successful (iterations:16)
CHI2 after optimization:   1.6666 
Fraction of effective frames:   0.1220 
Lagrange multipliers initialized from zero
Optimizing 46 data and 20100 samples. Theta=23.442046 
CHI2 before optimization:   7.2299 
Execution time: 0.10 seconds
Minimization using L-BFGS-B successful (iterations:14)
CHI2 after optimization:   2.1791 
Fraction of effective frames:   0.2252 
Lagrange multipliers initialized from zero
Optimizing 46 data and 20100 samples. Theta=34.866576 
CHI2 before optimization:   7.2299 
Execution time: 0.11 seconds
Minimization using L-BFGS-B successful (iterations:15)
CHI2 after optimization:   2.7915 
Fraction of effective frames:   0.3689 
Lagrange multipliers initialized from zero
Optimizing 46 data and 20100 samples. Theta=51.858876 
CHI2 before optimization:   7.2299 
Execution time: 0.10 seconds
Minimization using L-BFGS-B successful (iterations:14)
CHI2 after optimization:   3.4715 
Fraction of effective frames:   0.5337 
Lagrange multipliers initialized from zero
Optimizing 46 data and 20100 samples. Theta=77.132408 
CHI2 before optimization:   7.2299 
Execution time: 0.12 seconds
Minimization using L-BFGS-B successful (iterations:15)
CHI2 after optimization:   4.1722 
Fraction of effective frames:   0.6898 
Lagrange multipliers initialized from zero
Optimizing 46 data and 20100 samples. Theta=114.723050 
CHI2 before optimization:   7.2299 
Execution time: 0.12 seconds
Minimization using L-BFGS-B successful (iterations:15)
CHI2 after optimization:   4.8394 
Fraction of effective frames:   0.8133 
Lagrange multipliers initialized from zero
Optimizing 46 data and 20100 samples. Theta=170.633570 
CHI2 before optimization:   7.2299 
Execution time: 0.13 seconds
Minimization using L-BFGS-B successful (iterations:15)
CHI2 after optimization:   5.4243 
Fraction of effective frames:   0.8964 
Lagrange multipliers initialized from zero
Optimizing 46 data and 20100 samples. Theta=253.792201 
CHI2 before optimization:   7.2299 
Execution time: 0.12 seconds
Minimization using L-BFGS-B successful (iterations:15)
CHI2 after optimization:   5.9032 
Fraction of effective frames:   0.9458 
Lagrange multipliers initialized from zero
Optimizing 46 data and 20100 samples. Theta=377.478364 
CHI2 before optimization:   7.2299 
Execution time: 0.12 seconds
Minimization using L-BFGS-B successful (iterations:15)
CHI2 after optimization:   6.2769 
Fraction of effective frames:   0.9728 
Lagrange multipliers initialized from zero
Optimizing 46 data and 20100 samples. Theta=561.443241 
CHI2 before optimization:   7.2299 
Execution time: 0.13 seconds
Minimization using L-BFGS-B successful (iterations:15)
CHI2 after optimization:   6.5577 
Fraction of effective frames:   0.9868 
Lagrange multipliers initialized from zero
Optimizing 46 data and 20100 samples. Theta=835.063787 
CHI2 before optimization:   7.2299 
Execution time: 0.12 seconds
Minimization using L-BFGS-B successful (iterations:15)
CHI2 after optimization:   6.7625 
Fraction of effective frames:   0.9937 
Lagrange multipliers initialized from zero
Optimizing 46 data and 20100 samples. Theta=1242.033884 
CHI2 before optimization:   7.2299 
Execution time: 0.12 seconds
Minimization using L-BFGS-B successful (iterations:15)
CHI2 after optimization:   6.9083 
Fraction of effective frames:   0.9971 
Lagrange multipliers initialized from zero
Optimizing 46 data and 20100 samples. Theta=1847.341714 
CHI2 before optimization:   7.2299 
Execution time: 0.11 seconds
Minimization using L-BFGS-B successful (iterations:15)
CHI2 after optimization:   7.0102 
Fraction of effective frames:   0.9986 
Lagrange multipliers initialized from zero
Optimizing 46 data and 20100 samples. Theta=2747.647592 
CHI2 before optimization:   7.2299 
Execution time: 0.10 seconds
Minimization using L-BFGS-B successful (iterations:14)
CHI2 after optimization:   7.0806 
Fraction of effective frames:   0.9994 
Lagrange multipliers initialized from zero
Optimizing 46 data and 20100 samples. Theta=4086.719436 
CHI2 before optimization:   7.2299 
Execution time: 0.10 seconds
Minimization using L-BFGS-B successful (iterations:13)
CHI2 after optimization:   7.1287 
Fraction of effective frames:   0.9997 
Lagrange multipliers initialized from zero
Optimizing 46 data and 20100 samples. Theta=6078.390765 
CHI2 before optimization:   7.2299 
Execution time: 0.12 seconds
Minimization using L-BFGS-B successful (iterations:13)
CHI2 after optimization:   7.1615 
Fraction of effective frames:   0.9999 
Lagrange multipliers initialized from zero
Optimizing 46 data and 20100 samples. Theta=9040.707313 
CHI2 before optimization:   7.2299 
Execution time: 0.09 seconds
Minimization using L-BFGS-B successful (iterations:11)
CHI2 after optimization:   7.1835 
Fraction of effective frames:   0.9999 
Lagrange multipliers initialized from zero
Optimizing 46 data and 20100 samples. Theta=13446.715073 
CHI2 before optimization:   7.2299 
Execution time: 0.10 seconds
Minimization using L-BFGS-B successful (iterations:11)
CHI2 after optimization:   7.1986 
Fraction of effective frames:   1.0000 
Lagrange multipliers initialized from zero
Optimizing 46 data and 20100 samples. Theta=20000.000000 
CHI2 before optimization:   7.2299 
Execution time: 0.09 seconds
Minimization using L-BFGS-B successful (iterations:9)
CHI2 after optimization:   7.2095 
Fraction of effective frames:   1.0000 
