# Reading JCOUPLINGS data 
# Reading 3 experimental data from bme_reweight/exp_ccr_HCN_loop_bme.dat 
# Reading 20100 calculated samples from bme_reweight/calc_ccr_HCN_loop_bme.dat 
# Using linear averaging 
Initialized uniform weights 20100
# Using no scaling 
CHI2: 6.87026 
RMSD: 1.03240 
VIOLATIONS: 1 
# Reading RDC data 
# Reading 37 experimental data from bme_reweight/exp_rdc_bme.dat 
# Reading 20100 calculated samples from bme_reweight/calc_rdc_bme.dat 
# Using linear averaging 
# Slope=  0.5969; Offset=  0.0000; r2=  0.6765 
CHI2: 7.19782 
RMSD: 4.02431 
VIOLATIONS: 8 
Lagrange multipliers initialized from zero
Optimizing 40 data and 20100 samples. Theta=0.200000 
CHI2 before optimization:   7.1732 
Execution time: 0.73 seconds
Minimization using L-BFGS-B successful (iterations:111)
CHI2 after optimization:   0.2403 
Fraction of effective frames:   0.0010 
Lagrange multipliers initialized from zero
Optimizing 40 data and 20100 samples. Theta=0.297470 
CHI2 before optimization:   7.1732 
Execution time: 0.61 seconds
Minimization using L-BFGS-B successful (iterations:86)
CHI2 after optimization:   0.2413 
Fraction of effective frames:   0.0011 
Lagrange multipliers initialized from zero
Optimizing 40 data and 20100 samples. Theta=0.442443 
CHI2 before optimization:   7.1732 
Execution time: 0.46 seconds
Minimization using L-BFGS-B successful (iterations:66)
CHI2 after optimization:   0.2438 
Fraction of effective frames:   0.0013 
Lagrange multipliers initialized from zero
Optimizing 40 data and 20100 samples. Theta=0.658069 
CHI2 before optimization:   7.1732 
Execution time: 0.32 seconds
Minimization using L-BFGS-B successful (iterations:47)
CHI2 after optimization:   0.2493 
Fraction of effective frames:   0.0015 
Lagrange multipliers initialized from zero
Optimizing 40 data and 20100 samples. Theta=0.978780 
CHI2 before optimization:   7.1732 
Execution time: 0.28 seconds
Minimization using L-BFGS-B successful (iterations:40)
CHI2 after optimization:   0.2600 
Fraction of effective frames:   0.0020 
Lagrange multipliers initialized from zero
Optimizing 40 data and 20100 samples. Theta=1.455791 
CHI2 before optimization:   7.1732 
Execution time: 0.22 seconds
Minimization using L-BFGS-B successful (iterations:30)
CHI2 after optimization:   0.2822 
Fraction of effective frames:   0.0029 
Lagrange multipliers initialized from zero
Optimizing 40 data and 20100 samples. Theta=2.165273 
CHI2 before optimization:   7.1732 
Execution time: 0.18 seconds
Minimization using L-BFGS-B successful (iterations:26)
CHI2 after optimization:   0.3280 
Fraction of effective frames:   0.0048 
Lagrange multipliers initialized from zero
Optimizing 40 data and 20100 samples. Theta=3.220524 
CHI2 before optimization:   7.1732 
Execution time: 0.17 seconds
Minimization using L-BFGS-B successful (iterations:21)
CHI2 after optimization:   0.4129 
Fraction of effective frames:   0.0090 
Lagrange multipliers initialized from zero
Optimizing 40 data and 20100 samples. Theta=4.790053 
CHI2 before optimization:   7.1732 
Execution time: 0.13 seconds
Minimization using L-BFGS-B successful (iterations:17)
CHI2 after optimization:   0.5528 
Fraction of effective frames:   0.0182 
Lagrange multipliers initialized from zero
Optimizing 40 data and 20100 samples. Theta=7.124496 
CHI2 before optimization:   7.1732 
Execution time: 0.12 seconds
Minimization using L-BFGS-B successful (iterations:16)
CHI2 after optimization:   0.7653 
Fraction of effective frames:   0.0376 
Lagrange multipliers initialized from zero
Optimizing 40 data and 20100 samples. Theta=10.596634 
CHI2 before optimization:   7.1732 
Execution time: 0.10 seconds
Minimization using L-BFGS-B successful (iterations:14)
CHI2 after optimization:   1.0706 
Fraction of effective frames:   0.0757 
Lagrange multipliers initialized from zero
Optimizing 40 data and 20100 samples. Theta=15.760926 
CHI2 before optimization:   7.1732 
Execution time: 0.10 seconds
Minimization using L-BFGS-B successful (iterations:12)
CHI2 after optimization:   1.4880 
Fraction of effective frames:   0.1441 
Lagrange multipliers initialized from zero
Optimizing 40 data and 20100 samples. Theta=23.442046 
CHI2 before optimization:   7.1732 
Execution time: 0.07 seconds
Minimization using L-BFGS-B successful (iterations:12)
CHI2 after optimization:   2.0295 
Fraction of effective frames:   0.2530 
Lagrange multipliers initialized from zero
Optimizing 40 data and 20100 samples. Theta=34.866576 
CHI2 before optimization:   7.1732 
Execution time: 0.08 seconds
Minimization using L-BFGS-B successful (iterations:10)
CHI2 after optimization:   2.6913 
Fraction of effective frames:   0.4022 
Lagrange multipliers initialized from zero
Optimizing 40 data and 20100 samples. Theta=51.858876 
CHI2 before optimization:   7.1732 
Execution time: 0.08 seconds
Minimization using L-BFGS-B successful (iterations:9)
CHI2 after optimization:   3.4356 
Fraction of effective frames:   0.5716 
Lagrange multipliers initialized from zero
Optimizing 40 data and 20100 samples. Theta=77.132408 
CHI2 before optimization:   7.1732 
Execution time: 0.08 seconds
Minimization using L-BFGS-B successful (iterations:10)
CHI2 after optimization:   4.1876 
Fraction of effective frames:   0.7265 
Lagrange multipliers initialized from zero
Optimizing 40 data and 20100 samples. Theta=114.723050 
CHI2 before optimization:   7.1732 
Execution time: 0.10 seconds
Minimization using L-BFGS-B successful (iterations:11)
CHI2 after optimization:   4.8683 
Fraction of effective frames:   0.8410 
Lagrange multipliers initialized from zero
Optimizing 40 data and 20100 samples. Theta=170.633570 
CHI2 before optimization:   7.1732 
Execution time: 0.10 seconds
Minimization using L-BFGS-B successful (iterations:11)
CHI2 after optimization:   5.4382 
Fraction of effective frames:   0.9134 
Lagrange multipliers initialized from zero
Optimizing 40 data and 20100 samples. Theta=253.792201 
CHI2 before optimization:   7.1732 
Execution time: 0.10 seconds
Minimization using L-BFGS-B successful (iterations:11)
CHI2 after optimization:   5.8936 
Fraction of effective frames:   0.9549 
Lagrange multipliers initialized from zero
Optimizing 40 data and 20100 samples. Theta=377.478364 
CHI2 before optimization:   7.1732 
Execution time: 0.10 seconds
Minimization using L-BFGS-B successful (iterations:11)
CHI2 after optimization:   6.2466 
Fraction of effective frames:   0.9773 
Lagrange multipliers initialized from zero
Optimizing 40 data and 20100 samples. Theta=561.443241 
CHI2 before optimization:   7.1732 
Execution time: 0.08 seconds
Minimization using L-BFGS-B successful (iterations:11)
CHI2 after optimization:   6.5132 
Fraction of effective frames:   0.9889 
Lagrange multipliers initialized from zero
Optimizing 40 data and 20100 samples. Theta=835.063787 
CHI2 before optimization:   7.1732 
Execution time: 0.06 seconds
Minimization using L-BFGS-B successful (iterations:11)
CHI2 after optimization:   6.7098 
Fraction of effective frames:   0.9947 
Lagrange multipliers initialized from zero
Optimizing 40 data and 20100 samples. Theta=1242.033884 
CHI2 before optimization:   7.1732 
Execution time: 0.07 seconds
Minimization using L-BFGS-B successful (iterations:10)
CHI2 after optimization:   6.8519 
Fraction of effective frames:   0.9975 
Lagrange multipliers initialized from zero
Optimizing 40 data and 20100 samples. Theta=1847.341714 
CHI2 before optimization:   7.1732 
Execution time: 0.06 seconds
Minimization using L-BFGS-B successful (iterations:9)
CHI2 after optimization:   6.9523 
Fraction of effective frames:   0.9988 
Lagrange multipliers initialized from zero
Optimizing 40 data and 20100 samples. Theta=2747.647592 
CHI2 before optimization:   7.1732 
Execution time: 0.06 seconds
Minimization using L-BFGS-B successful (iterations:9)
CHI2 after optimization:   7.0223 
Fraction of effective frames:   0.9995 
Lagrange multipliers initialized from zero
Optimizing 40 data and 20100 samples. Theta=4086.719436 
CHI2 before optimization:   7.1732 
Execution time: 0.05 seconds
Minimization using L-BFGS-B successful (iterations:8)
CHI2 after optimization:   7.0706 
Fraction of effective frames:   0.9998 
Lagrange multipliers initialized from zero
Optimizing 40 data and 20100 samples. Theta=6078.390765 
CHI2 before optimization:   7.1732 
Execution time: 0.06 seconds
Minimization using L-BFGS-B successful (iterations:8)
CHI2 after optimization:   7.1037 
Fraction of effective frames:   0.9999 
Lagrange multipliers initialized from zero
Optimizing 40 data and 20100 samples. Theta=9040.707313 
CHI2 before optimization:   7.1732 
Execution time: 0.05 seconds
Minimization using L-BFGS-B successful (iterations:7)
CHI2 after optimization:   7.1266 
Fraction of effective frames:   0.9999 
Lagrange multipliers initialized from zero
Optimizing 40 data and 20100 samples. Theta=13446.715073 
CHI2 before optimization:   7.1732 
Execution time: 0.03 seconds
Minimization using L-BFGS-B successful (iterations:6)
CHI2 after optimization:   7.1421 
Fraction of effective frames:   1.0000 
Lagrange multipliers initialized from zero
Optimizing 40 data and 20100 samples. Theta=20000.000000 
CHI2 before optimization:   7.1732 
Execution time: 0.03 seconds
Minimization using L-BFGS-B successful (iterations:5)
CHI2 after optimization:   7.1526 
Fraction of effective frames:   1.0000 
