# Reading JCOUPLINGS data 
# Reading 12 experimental data from bme_reweight/exp_ccr_HCP_loop_bme.dat 
# Reading 20100 calculated samples from bme_reweight/calc_ccr_HCP_loop_bme.dat 
# Using linear averaging 
Initialized uniform weights 20100
# Using no scaling 
CHI2: 14.36839 
RMSD: 5.68585 
VIOLATIONS: 3 
# Reading RDC data 
# Reading 37 experimental data from bme_reweight/exp_rdc_bme.dat 
# Reading 20100 calculated samples from bme_reweight/calc_rdc_bme.dat 
# Using linear averaging 
# Slope=  0.5969; Offset=  0.0000; r2=  0.6765 
CHI2: 7.19782 
RMSD: 4.02431 
VIOLATIONS: 8 
# Reading JCOUPLINGS data 
# Reading 36 experimental data from bme_reweight/exp_j3_bme.dat 
# Reading 20100 calculated samples from bme_reweight/calc_j3_bme.dat 
# Using linear averaging 
# Using no scaling 
CHI2: 2.89795 
RMSD: 2.55351 
VIOLATIONS: 18 
Lagrange multipliers initialized from zero
Optimizing 85 data and 20100 samples. Theta=0.200000 
CHI2 before optimization:   6.3890 
Execution time: 3.00 seconds
Minimization using L-BFGS-B successful (iterations:216)
CHI2 after optimization:   1.4235 
Fraction of effective frames:   0.0013 
Lagrange multipliers initialized from zero
Optimizing 85 data and 20100 samples. Theta=0.297470 
CHI2 before optimization:   6.3890 
Execution time: 2.05 seconds
Minimization using L-BFGS-B successful (iterations:177)
CHI2 after optimization:   1.4236 
Fraction of effective frames:   0.0014 
Lagrange multipliers initialized from zero
Optimizing 85 data and 20100 samples. Theta=0.442443 
CHI2 before optimization:   6.3890 
Execution time: 1.72 seconds
Minimization using L-BFGS-B successful (iterations:142)
CHI2 after optimization:   1.4240 
Fraction of effective frames:   0.0014 
Lagrange multipliers initialized from zero
Optimizing 85 data and 20100 samples. Theta=0.658069 
CHI2 before optimization:   6.3890 
Execution time: 1.29 seconds
Minimization using L-BFGS-B successful (iterations:114)
CHI2 after optimization:   1.4247 
Fraction of effective frames:   0.0015 
Lagrange multipliers initialized from zero
Optimizing 85 data and 20100 samples. Theta=0.978780 
CHI2 before optimization:   6.3890 
Execution time: 1.08 seconds
Minimization using L-BFGS-B successful (iterations:92)
CHI2 after optimization:   1.4263 
Fraction of effective frames:   0.0016 
Lagrange multipliers initialized from zero
Optimizing 85 data and 20100 samples. Theta=1.455791 
CHI2 before optimization:   6.3890 
Execution time: 0.80 seconds
Minimization using L-BFGS-B successful (iterations:69)
CHI2 after optimization:   1.4296 
Fraction of effective frames:   0.0018 
Lagrange multipliers initialized from zero
Optimizing 85 data and 20100 samples. Theta=2.165273 
CHI2 before optimization:   6.3890 
Execution time: 0.63 seconds
Minimization using L-BFGS-B successful (iterations:55)
CHI2 after optimization:   1.4367 
Fraction of effective frames:   0.0022 
Lagrange multipliers initialized from zero
Optimizing 85 data and 20100 samples. Theta=3.220524 
CHI2 before optimization:   6.3890 
Execution time: 0.47 seconds
Minimization using L-BFGS-B successful (iterations:41)
CHI2 after optimization:   1.4535 
Fraction of effective frames:   0.0028 
Lagrange multipliers initialized from zero
Optimizing 85 data and 20100 samples. Theta=4.790053 
CHI2 before optimization:   6.3890 
Execution time: 0.41 seconds
Minimization using L-BFGS-B successful (iterations:35)
CHI2 after optimization:   1.4939 
Fraction of effective frames:   0.0044 
Lagrange multipliers initialized from zero
Optimizing 85 data and 20100 samples. Theta=7.124496 
CHI2 before optimization:   6.3890 
Execution time: 0.33 seconds
Minimization using L-BFGS-B successful (iterations:27)
CHI2 after optimization:   1.5868 
Fraction of effective frames:   0.0084 
Lagrange multipliers initialized from zero
Optimizing 85 data and 20100 samples. Theta=10.596634 
CHI2 before optimization:   6.3890 
Execution time: 0.25 seconds
Minimization using L-BFGS-B successful (iterations:22)
CHI2 after optimization:   1.7676 
Fraction of effective frames:   0.0202 
Lagrange multipliers initialized from zero
Optimizing 85 data and 20100 samples. Theta=15.760926 
CHI2 before optimization:   6.3890 
Execution time: 0.27 seconds
Minimization using L-BFGS-B successful (iterations:22)
CHI2 after optimization:   2.0533 
Fraction of effective frames:   0.0515 
Lagrange multipliers initialized from zero
Optimizing 85 data and 20100 samples. Theta=23.442046 
CHI2 before optimization:   6.3890 
Execution time: 0.24 seconds
Minimization using L-BFGS-B successful (iterations:21)
CHI2 after optimization:   2.4397 
Fraction of effective frames:   0.1208 
Lagrange multipliers initialized from zero
Optimizing 85 data and 20100 samples. Theta=34.866576 
CHI2 before optimization:   6.3890 
Execution time: 0.23 seconds
Minimization using L-BFGS-B successful (iterations:19)
CHI2 after optimization:   2.9108 
Fraction of effective frames:   0.2436 
Lagrange multipliers initialized from zero
Optimizing 85 data and 20100 samples. Theta=51.858876 
CHI2 before optimization:   6.3890 
Execution time: 0.22 seconds
Minimization using L-BFGS-B successful (iterations:18)
CHI2 after optimization:   3.4349 
Fraction of effective frames:   0.4124 
Lagrange multipliers initialized from zero
Optimizing 85 data and 20100 samples. Theta=77.132408 
CHI2 before optimization:   6.3890 
Execution time: 0.23 seconds
Minimization using L-BFGS-B successful (iterations:19)
CHI2 after optimization:   3.9680 
Fraction of effective frames:   0.5917 
Lagrange multipliers initialized from zero
Optimizing 85 data and 20100 samples. Theta=114.723050 
CHI2 before optimization:   6.3890 
Execution time: 0.25 seconds
Minimization using L-BFGS-B successful (iterations:20)
CHI2 after optimization:   4.4668 
Fraction of effective frames:   0.7429 
Lagrange multipliers initialized from zero
Optimizing 85 data and 20100 samples. Theta=170.633570 
CHI2 before optimization:   6.3890 
Execution time: 0.27 seconds
Minimization using L-BFGS-B successful (iterations:21)
CHI2 after optimization:   4.9078 
Fraction of effective frames:   0.8507 
Lagrange multipliers initialized from zero
Optimizing 85 data and 20100 samples. Theta=253.792201 
CHI2 before optimization:   6.3890 
Execution time: 0.25 seconds
Minimization using L-BFGS-B successful (iterations:20)
CHI2 after optimization:   5.2802 
Fraction of effective frames:   0.9188 
Lagrange multipliers initialized from zero
Optimizing 85 data and 20100 samples. Theta=377.478364 
CHI2 before optimization:   6.3890 
Execution time: 0.23 seconds
Minimization using L-BFGS-B successful (iterations:20)
CHI2 after optimization:   5.5813 
Fraction of effective frames:   0.9582 
Lagrange multipliers initialized from zero
Optimizing 85 data and 20100 samples. Theta=561.443241 
CHI2 before optimization:   6.3890 
Execution time: 0.26 seconds
Minimization using L-BFGS-B successful (iterations:20)
CHI2 after optimization:   5.8137 
Fraction of effective frames:   0.9794 
Lagrange multipliers initialized from zero
Optimizing 85 data and 20100 samples. Theta=835.063787 
CHI2 before optimization:   6.3890 
Execution time: 0.27 seconds
Minimization using L-BFGS-B successful (iterations:20)
CHI2 after optimization:   5.9864 
Fraction of effective frames:   0.9901 
Lagrange multipliers initialized from zero
Optimizing 85 data and 20100 samples. Theta=1242.033884 
CHI2 before optimization:   6.3890 
Execution time: 0.25 seconds
Minimization using L-BFGS-B successful (iterations:19)
CHI2 after optimization:   6.1108 
Fraction of effective frames:   0.9953 
Lagrange multipliers initialized from zero
Optimizing 85 data and 20100 samples. Theta=1847.341714 
CHI2 before optimization:   6.3890 
Execution time: 0.22 seconds
Minimization using L-BFGS-B successful (iterations:17)
CHI2 after optimization:   6.1988 
Fraction of effective frames:   0.9978 
Lagrange multipliers initialized from zero
Optimizing 85 data and 20100 samples. Theta=2747.647592 
CHI2 before optimization:   6.3890 
Execution time: 0.19 seconds
Minimization using L-BFGS-B successful (iterations:15)
CHI2 after optimization:   6.2596 
Fraction of effective frames:   0.9990 
Lagrange multipliers initialized from zero
Optimizing 85 data and 20100 samples. Theta=4086.719436 
CHI2 before optimization:   6.3890 
Execution time: 0.21 seconds
Minimization using L-BFGS-B successful (iterations:15)
CHI2 after optimization:   6.3013 
Fraction of effective frames:   0.9995 
Lagrange multipliers initialized from zero
Optimizing 85 data and 20100 samples. Theta=6078.390765 
CHI2 before optimization:   6.3890 
Execution time: 0.18 seconds
Minimization using L-BFGS-B successful (iterations:13)
CHI2 after optimization:   6.3298 
Fraction of effective frames:   0.9998 
Lagrange multipliers initialized from zero
Optimizing 85 data and 20100 samples. Theta=9040.707313 
CHI2 before optimization:   6.3890 
Execution time: 0.20 seconds
Minimization using L-BFGS-B successful (iterations:13)
CHI2 after optimization:   6.3490 
Fraction of effective frames:   0.9999 
Lagrange multipliers initialized from zero
Optimizing 85 data and 20100 samples. Theta=13446.715073 
CHI2 before optimization:   6.3890 
Execution time: 0.15 seconds
Minimization using L-BFGS-B successful (iterations:11)
CHI2 after optimization:   6.3624 
Fraction of effective frames:   1.0000 
Lagrange multipliers initialized from zero
Optimizing 85 data and 20100 samples. Theta=20000.000000 
CHI2 before optimization:   6.3890 
Execution time: 0.15 seconds
Minimization using L-BFGS-B successful (iterations:10)
CHI2 after optimization:   6.3713 
Fraction of effective frames:   1.0000 
