# Reading JCOUPLINGS data 
# Reading 12 experimental data from bme_reweight/exp_ccr_HCP_loop_bme.dat 
# Reading 20100 calculated samples from bme_reweight/calc_ccr_HCP_loop_bme.dat 
# Using linear averaging 
Initialized uniform weights 20100
# Using no scaling 
CHI2: 14.36839 
RMSD: 5.68585 
VIOLATIONS: 3 
# Reading NOE data 
# Reading 78 experimental data from bme_reweight/exp_noe_loop_bme.dat 
# Reading 20100 calculated samples from bme_reweight/calc_noe_loop_bme.dat 
# Using power_6 averaging 
# Using no scaling 
CHI2: 0.21984 
RMSD: 0.00615 
VIOLATIONS: 0 
Lagrange multipliers initialized from zero
Optimizing 90 data and 20100 samples. Theta=0.200000 
CHI2 before optimization:   2.1063 
Execution time: 0.54 seconds
Minimization using L-BFGS-B successful (iterations:42)
CHI2 after optimization:   0.0421 
Fraction of effective frames:   0.0036 
Lagrange multipliers initialized from zero
Optimizing 90 data and 20100 samples. Theta=0.297470 
CHI2 before optimization:   2.1063 
Execution time: 0.43 seconds
Minimization using L-BFGS-B successful (iterations:35)
CHI2 after optimization:   0.0446 
Fraction of effective frames:   0.0058 
Lagrange multipliers initialized from zero
Optimizing 90 data and 20100 samples. Theta=0.442443 
CHI2 before optimization:   2.1063 
Execution time: 0.43 seconds
Minimization using L-BFGS-B successful (iterations:31)
CHI2 after optimization:   0.0486 
Fraction of effective frames:   0.0095 
Lagrange multipliers initialized from zero
Optimizing 90 data and 20100 samples. Theta=0.658069 
CHI2 before optimization:   2.1063 
Execution time: 0.38 seconds
Minimization using L-BFGS-B successful (iterations:28)
CHI2 after optimization:   0.0543 
Fraction of effective frames:   0.0152 
Lagrange multipliers initialized from zero
Optimizing 90 data and 20100 samples. Theta=0.978780 
CHI2 before optimization:   2.1063 
Execution time: 0.32 seconds
Minimization using L-BFGS-B successful (iterations:25)
CHI2 after optimization:   0.0623 
Fraction of effective frames:   0.0237 
Lagrange multipliers initialized from zero
Optimizing 90 data and 20100 samples. Theta=1.455791 
CHI2 before optimization:   2.1063 
Execution time: 0.25 seconds
Minimization using L-BFGS-B successful (iterations:21)
CHI2 after optimization:   0.0738 
Fraction of effective frames:   0.0365 
Lagrange multipliers initialized from zero
Optimizing 90 data and 20100 samples. Theta=2.165273 
CHI2 before optimization:   2.1063 
Execution time: 0.27 seconds
Minimization using L-BFGS-B successful (iterations:20)
CHI2 after optimization:   0.0909 
Fraction of effective frames:   0.0561 
Lagrange multipliers initialized from zero
Optimizing 90 data and 20100 samples. Theta=3.220524 
CHI2 before optimization:   2.1063 
Execution time: 0.22 seconds
Minimization using L-BFGS-B successful (iterations:16)
CHI2 after optimization:   0.1162 
Fraction of effective frames:   0.0861 
Lagrange multipliers initialized from zero
Optimizing 90 data and 20100 samples. Theta=4.790053 
CHI2 before optimization:   2.1063 
Execution time: 0.23 seconds
Minimization using L-BFGS-B successful (iterations:17)
CHI2 after optimization:   0.1525 
Fraction of effective frames:   0.1303 
Lagrange multipliers initialized from zero
Optimizing 90 data and 20100 samples. Theta=7.124496 
CHI2 before optimization:   2.1063 
Execution time: 0.26 seconds
Minimization using L-BFGS-B successful (iterations:18)
CHI2 after optimization:   0.2016 
Fraction of effective frames:   0.1901 
Lagrange multipliers initialized from zero
Optimizing 90 data and 20100 samples. Theta=10.596634 
CHI2 before optimization:   2.1063 
Execution time: 0.28 seconds
Minimization using L-BFGS-B successful (iterations:20)
CHI2 after optimization:   0.2656 
Fraction of effective frames:   0.2646 
Lagrange multipliers initialized from zero
Optimizing 90 data and 20100 samples. Theta=15.760926 
CHI2 before optimization:   2.1063 
Execution time: 0.28 seconds
Minimization using L-BFGS-B successful (iterations:21)
CHI2 after optimization:   0.3484 
Fraction of effective frames:   0.3528 
Lagrange multipliers initialized from zero
Optimizing 90 data and 20100 samples. Theta=23.442046 
CHI2 before optimization:   2.1063 
Execution time: 0.28 seconds
Minimization using L-BFGS-B successful (iterations:22)
CHI2 after optimization:   0.4577 
Fraction of effective frames:   0.4553 
Lagrange multipliers initialized from zero
Optimizing 90 data and 20100 samples. Theta=34.866576 
CHI2 before optimization:   2.1063 
Execution time: 0.33 seconds
Minimization using L-BFGS-B successful (iterations:24)
CHI2 after optimization:   0.6000 
Fraction of effective frames:   0.5694 
Lagrange multipliers initialized from zero
Optimizing 90 data and 20100 samples. Theta=51.858876 
CHI2 before optimization:   2.1063 
Execution time: 0.35 seconds
Minimization using L-BFGS-B successful (iterations:26)
CHI2 after optimization:   0.7721 
Fraction of effective frames:   0.6834 
Lagrange multipliers initialized from zero
Optimizing 90 data and 20100 samples. Theta=77.132408 
CHI2 before optimization:   2.1063 
Execution time: 0.34 seconds
Minimization using L-BFGS-B successful (iterations:25)
CHI2 after optimization:   0.9637 
Fraction of effective frames:   0.7836 
Lagrange multipliers initialized from zero
Optimizing 90 data and 20100 samples. Theta=114.723050 
CHI2 before optimization:   2.1063 
Execution time: 0.33 seconds
Minimization using L-BFGS-B successful (iterations:25)
CHI2 after optimization:   1.1617 
Fraction of effective frames:   0.8619 
Lagrange multipliers initialized from zero
Optimizing 90 data and 20100 samples. Theta=170.633570 
CHI2 before optimization:   2.1063 
Execution time: 0.35 seconds
Minimization using L-BFGS-B successful (iterations:26)
CHI2 after optimization:   1.3571 
Fraction of effective frames:   0.9183 
Lagrange multipliers initialized from zero
Optimizing 90 data and 20100 samples. Theta=253.792201 
CHI2 before optimization:   2.1063 
Execution time: 0.35 seconds
Minimization using L-BFGS-B successful (iterations:27)
CHI2 after optimization:   1.5374 
Fraction of effective frames:   0.9552 
Lagrange multipliers initialized from zero
Optimizing 90 data and 20100 samples. Theta=377.478364 
CHI2 before optimization:   2.1063 
Execution time: 0.37 seconds
Minimization using L-BFGS-B successful (iterations:27)
CHI2 after optimization:   1.6899 
Fraction of effective frames:   0.9769 
Lagrange multipliers initialized from zero
Optimizing 90 data and 20100 samples. Theta=561.443241 
CHI2 before optimization:   2.1063 
Execution time: 0.37 seconds
Minimization using L-BFGS-B successful (iterations:27)
CHI2 after optimization:   1.8099 
Fraction of effective frames:   0.9887 
Lagrange multipliers initialized from zero
Optimizing 90 data and 20100 samples. Theta=835.063787 
CHI2 before optimization:   2.1063 
Execution time: 0.34 seconds
Minimization using L-BFGS-B successful (iterations:25)
CHI2 after optimization:   1.8995 
Fraction of effective frames:   0.9946 
Lagrange multipliers initialized from zero
Optimizing 90 data and 20100 samples. Theta=1242.033884 
CHI2 before optimization:   2.1063 
Execution time: 0.30 seconds
Minimization using L-BFGS-B successful (iterations:23)
CHI2 after optimization:   1.9638 
Fraction of effective frames:   0.9975 
Lagrange multipliers initialized from zero
Optimizing 90 data and 20100 samples. Theta=1847.341714 
CHI2 before optimization:   2.1063 
Execution time: 0.31 seconds
Minimization using L-BFGS-B successful (iterations:22)
CHI2 after optimization:   2.0089 
Fraction of effective frames:   0.9988 
Lagrange multipliers initialized from zero
Optimizing 90 data and 20100 samples. Theta=2747.647592 
CHI2 before optimization:   2.1063 
Execution time: 0.26 seconds
Minimization using L-BFGS-B successful (iterations:18)
CHI2 after optimization:   2.0403 
Fraction of effective frames:   0.9995 
Lagrange multipliers initialized from zero
Optimizing 90 data and 20100 samples. Theta=4086.719436 
CHI2 before optimization:   2.1063 
Execution time: 0.24 seconds
Minimization using L-BFGS-B successful (iterations:18)
CHI2 after optimization:   2.0616 
Fraction of effective frames:   0.9998 
Lagrange multipliers initialized from zero
Optimizing 90 data and 20100 samples. Theta=6078.390765 
CHI2 before optimization:   2.1063 
Execution time: 0.24 seconds
Minimization using L-BFGS-B successful (iterations:16)
CHI2 after optimization:   2.0761 
Fraction of effective frames:   0.9999 
Lagrange multipliers initialized from zero
Optimizing 90 data and 20100 samples. Theta=9040.707313 
CHI2 before optimization:   2.1063 
Execution time: 0.20 seconds
Minimization using L-BFGS-B successful (iterations:14)
CHI2 after optimization:   2.0862 
Fraction of effective frames:   1.0000 
Lagrange multipliers initialized from zero
Optimizing 90 data and 20100 samples. Theta=13446.715073 
CHI2 before optimization:   2.1063 
Execution time: 0.17 seconds
Minimization using L-BFGS-B successful (iterations:12)
CHI2 after optimization:   2.0930 
Fraction of effective frames:   1.0000 
Lagrange multipliers initialized from zero
Optimizing 90 data and 20100 samples. Theta=20000.000000 
CHI2 before optimization:   2.1063 
Execution time: 0.15 seconds
Minimization using L-BFGS-B successful (iterations:11)
CHI2 after optimization:   2.0974 
Fraction of effective frames:   1.0000 
