# Reading NOE data 
# Reading 78 experimental data from bme_reweight/exp_noe_loop_bme.dat 
# Reading 20100 calculated samples from bme_reweight/calc_noe_loop_bme.dat 
# Using power_6 averaging 
Initialized uniform weights 20100
# Using no scaling 
CHI2: 0.21984 
RMSD: 0.00615 
VIOLATIONS: 0 
# Reading JCOUPLINGS data 
# Reading 36 experimental data from bme_reweight/exp_j3_bme.dat 
# Reading 20100 calculated samples from bme_reweight/calc_j3_bme.dat 
# Using linear averaging 
# Using no scaling 
CHI2: 2.89795 
RMSD: 2.55351 
VIOLATIONS: 18 
Lagrange multipliers initialized from zero
Optimizing 114 data and 20100 samples. Theta=0.200000 
CHI2 before optimization:   1.0656 
Execution time: 1.51 seconds
Minimization using L-BFGS-B successful (iterations:100)
CHI2 after optimization:   0.2948 
Fraction of effective frames:   0.0013 
Lagrange multipliers initialized from zero
Optimizing 114 data and 20100 samples. Theta=0.297470 
CHI2 before optimization:   1.0656 
Execution time: 1.33 seconds
Minimization using L-BFGS-B successful (iterations:79)
CHI2 after optimization:   0.2953 
Fraction of effective frames:   0.0015 
Lagrange multipliers initialized from zero
Optimizing 114 data and 20100 samples. Theta=0.442443 
CHI2 before optimization:   1.0656 
Execution time: 1.07 seconds
Minimization using L-BFGS-B successful (iterations:65)
CHI2 after optimization:   0.2966 
Fraction of effective frames:   0.0018 
Lagrange multipliers initialized from zero
Optimizing 114 data and 20100 samples. Theta=0.658069 
CHI2 before optimization:   1.0656 
Execution time: 1.02 seconds
Minimization using L-BFGS-B successful (iterations:48)
CHI2 after optimization:   0.2998 
Fraction of effective frames:   0.0025 
Lagrange multipliers initialized from zero
Optimizing 114 data and 20100 samples. Theta=0.978780 
CHI2 before optimization:   1.0656 
Execution time: 0.73 seconds
Minimization using L-BFGS-B successful (iterations:39)
CHI2 after optimization:   0.3073 
Fraction of effective frames:   0.0043 
Lagrange multipliers initialized from zero
Optimizing 114 data and 20100 samples. Theta=1.455791 
CHI2 before optimization:   1.0656 
Execution time: 0.51 seconds
Minimization using L-BFGS-B successful (iterations:31)
CHI2 after optimization:   0.3236 
Fraction of effective frames:   0.0091 
Lagrange multipliers initialized from zero
Optimizing 114 data and 20100 samples. Theta=2.165273 
CHI2 before optimization:   1.0656 
Execution time: 0.44 seconds
Minimization using L-BFGS-B successful (iterations:27)
CHI2 after optimization:   0.3530 
Fraction of effective frames:   0.0232 
Lagrange multipliers initialized from zero
Optimizing 114 data and 20100 samples. Theta=3.220524 
CHI2 before optimization:   1.0656 
Execution time: 0.34 seconds
Minimization using L-BFGS-B successful (iterations:22)
CHI2 after optimization:   0.3964 
Fraction of effective frames:   0.0591 
Lagrange multipliers initialized from zero
Optimizing 114 data and 20100 samples. Theta=4.790053 
CHI2 before optimization:   1.0656 
Execution time: 0.31 seconds
Minimization using L-BFGS-B successful (iterations:19)
CHI2 after optimization:   0.4521 
Fraction of effective frames:   0.1327 
Lagrange multipliers initialized from zero
Optimizing 114 data and 20100 samples. Theta=7.124496 
CHI2 before optimization:   1.0656 
Execution time: 0.33 seconds
Minimization using L-BFGS-B successful (iterations:20)
CHI2 after optimization:   0.5177 
Fraction of effective frames:   0.2520 
Lagrange multipliers initialized from zero
Optimizing 114 data and 20100 samples. Theta=10.596634 
CHI2 before optimization:   1.0656 
Execution time: 0.30 seconds
Minimization using L-BFGS-B successful (iterations:19)
CHI2 after optimization:   0.5919 
Fraction of effective frames:   0.4105 
Lagrange multipliers initialized from zero
Optimizing 114 data and 20100 samples. Theta=15.760926 
CHI2 before optimization:   1.0656 
Execution time: 0.32 seconds
Minimization using L-BFGS-B successful (iterations:20)
CHI2 after optimization:   0.6721 
Fraction of effective frames:   0.5859 
Lagrange multipliers initialized from zero
Optimizing 114 data and 20100 samples. Theta=23.442046 
CHI2 before optimization:   1.0656 
Execution time: 0.30 seconds
Minimization using L-BFGS-B successful (iterations:18)
CHI2 after optimization:   0.7509 
Fraction of effective frames:   0.7418 
Lagrange multipliers initialized from zero
Optimizing 114 data and 20100 samples. Theta=34.866576 
CHI2 before optimization:   1.0656 
Execution time: 0.32 seconds
Minimization using L-BFGS-B successful (iterations:19)
CHI2 after optimization:   0.8193 
Fraction of effective frames:   0.8516 
Lagrange multipliers initialized from zero
Optimizing 114 data and 20100 samples. Theta=51.858876 
CHI2 before optimization:   1.0656 
Execution time: 0.32 seconds
Minimization using L-BFGS-B successful (iterations:19)
CHI2 after optimization:   0.8742 
Fraction of effective frames:   0.9176 
Lagrange multipliers initialized from zero
Optimizing 114 data and 20100 samples. Theta=77.132408 
CHI2 before optimization:   1.0656 
Execution time: 0.33 seconds
Minimization using L-BFGS-B successful (iterations:19)
CHI2 after optimization:   0.9178 
Fraction of effective frames:   0.9549 
Lagrange multipliers initialized from zero
Optimizing 114 data and 20100 samples. Theta=114.723050 
CHI2 before optimization:   1.0656 
Execution time: 0.32 seconds
Minimization using L-BFGS-B successful (iterations:19)
CHI2 after optimization:   0.9529 
Fraction of effective frames:   0.9758 
Lagrange multipliers initialized from zero
Optimizing 114 data and 20100 samples. Theta=170.633570 
CHI2 before optimization:   1.0656 
Execution time: 0.32 seconds
Minimization using L-BFGS-B successful (iterations:19)
CHI2 after optimization:   0.9813 
Fraction of effective frames:   0.9873 
Lagrange multipliers initialized from zero
Optimizing 114 data and 20100 samples. Theta=253.792201 
CHI2 before optimization:   1.0656 
Execution time: 0.29 seconds
Minimization using L-BFGS-B successful (iterations:17)
CHI2 after optimization:   1.0039 
Fraction of effective frames:   0.9936 
Lagrange multipliers initialized from zero
Optimizing 114 data and 20100 samples. Theta=377.478364 
CHI2 before optimization:   1.0656 
Execution time: 0.31 seconds
Minimization using L-BFGS-B successful (iterations:15)
CHI2 after optimization:   1.0214 
Fraction of effective frames:   0.9968 
Lagrange multipliers initialized from zero
Optimizing 114 data and 20100 samples. Theta=561.443241 
CHI2 before optimization:   1.0656 
Execution time: 0.38 seconds
Minimization using L-BFGS-B successful (iterations:15)
CHI2 after optimization:   1.0345 
Fraction of effective frames:   0.9985 
Lagrange multipliers initialized from zero
Optimizing 114 data and 20100 samples. Theta=835.063787 
CHI2 before optimization:   1.0656 
Execution time: 0.37 seconds
Minimization using L-BFGS-B successful (iterations:15)
CHI2 after optimization:   1.0440 
Fraction of effective frames:   0.9993 
Lagrange multipliers initialized from zero
Optimizing 114 data and 20100 samples. Theta=1242.033884 
CHI2 before optimization:   1.0656 
Execution time: 0.42 seconds
Minimization using L-BFGS-B successful (iterations:14)
CHI2 after optimization:   1.0507 
Fraction of effective frames:   0.9997 
Lagrange multipliers initialized from zero
Optimizing 114 data and 20100 samples. Theta=1847.341714 
CHI2 before optimization:   1.0656 
Execution time: 0.38 seconds
Minimization using L-BFGS-B successful (iterations:13)
CHI2 after optimization:   1.0554 
Fraction of effective frames:   0.9998 
Lagrange multipliers initialized from zero
Optimizing 114 data and 20100 samples. Theta=2747.647592 
CHI2 before optimization:   1.0656 
Execution time: 0.37 seconds
Minimization using L-BFGS-B successful (iterations:12)
CHI2 after optimization:   1.0586 
Fraction of effective frames:   0.9999 
Lagrange multipliers initialized from zero
Optimizing 114 data and 20100 samples. Theta=4086.719436 
CHI2 before optimization:   1.0656 
Execution time: 0.33 seconds
Minimization using L-BFGS-B successful (iterations:10)
CHI2 after optimization:   1.0610 
Fraction of effective frames:   1.0000 
Lagrange multipliers initialized from zero
Optimizing 114 data and 20100 samples. Theta=6078.390765 
CHI2 before optimization:   1.0656 
Execution time: 0.25 seconds
Minimization using L-BFGS-B successful (iterations:10)
CHI2 after optimization:   1.0624 
Fraction of effective frames:   1.0000 
Lagrange multipliers initialized from zero
Optimizing 114 data and 20100 samples. Theta=9040.707313 
CHI2 before optimization:   1.0656 
Execution time: 0.20 seconds
Minimization using L-BFGS-B successful (iterations:8)
CHI2 after optimization:   1.0635 
Fraction of effective frames:   1.0000 
Lagrange multipliers initialized from zero
Optimizing 114 data and 20100 samples. Theta=13446.715073 
CHI2 before optimization:   1.0656 
Execution time: 0.18 seconds
Minimization using L-BFGS-B successful (iterations:7)
CHI2 after optimization:   1.0642 
Fraction of effective frames:   1.0000 
Lagrange multipliers initialized from zero
Optimizing 114 data and 20100 samples. Theta=20000.000000 
CHI2 before optimization:   1.0656 
Execution time: 0.16 seconds
Minimization using L-BFGS-B successful (iterations:6)
CHI2 after optimization:   1.0646 
Fraction of effective frames:   1.0000 
