# Reading RDC data 
# Reading 37 experimental data from bme_reweight/exp_rdc_bme.dat 
# Reading 20100 calculated samples from bme_reweight/calc_rdc_bme.dat 
# Using linear averaging 
Initialized uniform weights 20100
# Slope=  0.5969; Offset=  0.0000; r2=  0.6765 
CHI2: 7.19782 
RMSD: 4.02431 
VIOLATIONS: 8 
# Reading JCOUPLINGS data 
# Reading 36 experimental data from bme_reweight/exp_j3_bme.dat 
# Reading 20100 calculated samples from bme_reweight/calc_j3_bme.dat 
# Using linear averaging 
# Using no scaling 
CHI2: 2.89795 
RMSD: 2.55351 
VIOLATIONS: 18 
Lagrange multipliers initialized from zero
Optimizing 73 data and 20100 samples. Theta=0.200000 
CHI2 before optimization:   5.0773 
Execution time: 1.97 seconds
Minimization using L-BFGS-B successful (iterations:162)
CHI2 after optimization:   0.9302 
Fraction of effective frames:   0.0011 
Lagrange multipliers initialized from zero
Optimizing 73 data and 20100 samples. Theta=0.297470 
CHI2 before optimization:   5.0773 
Execution time: 1.40 seconds
Minimization using L-BFGS-B successful (iterations:132)
CHI2 after optimization:   0.9303 
Fraction of effective frames:   0.0011 
Lagrange multipliers initialized from zero
Optimizing 73 data and 20100 samples. Theta=0.442443 
CHI2 before optimization:   5.0773 
Execution time: 1.13 seconds
Minimization using L-BFGS-B successful (iterations:105)
CHI2 after optimization:   0.9306 
Fraction of effective frames:   0.0012 
Lagrange multipliers initialized from zero
Optimizing 73 data and 20100 samples. Theta=0.658069 
CHI2 before optimization:   5.0773 
Execution time: 0.95 seconds
Minimization using L-BFGS-B successful (iterations:82)
CHI2 after optimization:   0.9314 
Fraction of effective frames:   0.0013 
Lagrange multipliers initialized from zero
Optimizing 73 data and 20100 samples. Theta=0.978780 
CHI2 before optimization:   5.0773 
Execution time: 0.70 seconds
Minimization using L-BFGS-B successful (iterations:64)
CHI2 after optimization:   0.9336 
Fraction of effective frames:   0.0014 
Lagrange multipliers initialized from zero
Optimizing 73 data and 20100 samples. Theta=1.455791 
CHI2 before optimization:   5.0773 
Execution time: 0.58 seconds
Minimization using L-BFGS-B successful (iterations:52)
CHI2 after optimization:   0.9392 
Fraction of effective frames:   0.0016 
Lagrange multipliers initialized from zero
Optimizing 73 data and 20100 samples. Theta=2.165273 
CHI2 before optimization:   5.0773 
Execution time: 0.41 seconds
Minimization using L-BFGS-B successful (iterations:39)
CHI2 after optimization:   0.9536 
Fraction of effective frames:   0.0022 
Lagrange multipliers initialized from zero
Optimizing 73 data and 20100 samples. Theta=3.220524 
CHI2 before optimization:   5.0773 
Execution time: 0.32 seconds
Minimization using L-BFGS-B successful (iterations:32)
CHI2 after optimization:   0.9896 
Fraction of effective frames:   0.0035 
Lagrange multipliers initialized from zero
Optimizing 73 data and 20100 samples. Theta=4.790053 
CHI2 before optimization:   5.0773 
Execution time: 0.30 seconds
Minimization using L-BFGS-B successful (iterations:26)
CHI2 after optimization:   1.0702 
Fraction of effective frames:   0.0074 
Lagrange multipliers initialized from zero
Optimizing 73 data and 20100 samples. Theta=7.124496 
CHI2 before optimization:   5.0773 
Execution time: 0.25 seconds
Minimization using L-BFGS-B successful (iterations:21)
CHI2 after optimization:   1.2198 
Fraction of effective frames:   0.0186 
Lagrange multipliers initialized from zero
Optimizing 73 data and 20100 samples. Theta=10.596634 
CHI2 before optimization:   5.0773 
Execution time: 0.23 seconds
Minimization using L-BFGS-B successful (iterations:20)
CHI2 after optimization:   1.4473 
Fraction of effective frames:   0.0481 
Lagrange multipliers initialized from zero
Optimizing 73 data and 20100 samples. Theta=15.760926 
CHI2 before optimization:   5.0773 
Execution time: 0.20 seconds
Minimization using L-BFGS-B successful (iterations:17)
CHI2 after optimization:   1.7456 
Fraction of effective frames:   0.1117 
Lagrange multipliers initialized from zero
Optimizing 73 data and 20100 samples. Theta=23.442046 
CHI2 before optimization:   5.0773 
Execution time: 0.20 seconds
Minimization using L-BFGS-B successful (iterations:17)
CHI2 after optimization:   2.1017 
Fraction of effective frames:   0.2199 
Lagrange multipliers initialized from zero
Optimizing 73 data and 20100 samples. Theta=34.866576 
CHI2 before optimization:   5.0773 
Execution time: 0.20 seconds
Minimization using L-BFGS-B successful (iterations:18)
CHI2 after optimization:   2.5107 
Fraction of effective frames:   0.3711 
Lagrange multipliers initialized from zero
Optimizing 73 data and 20100 samples. Theta=51.858876 
CHI2 before optimization:   5.0773 
Execution time: 0.18 seconds
Minimization using L-BFGS-B successful (iterations:17)
CHI2 after optimization:   2.9615 
Fraction of effective frames:   0.5474 
Lagrange multipliers initialized from zero
Optimizing 73 data and 20100 samples. Theta=77.132408 
CHI2 before optimization:   5.0773 
Execution time: 0.16 seconds
Minimization using L-BFGS-B successful (iterations:16)
CHI2 after optimization:   3.4146 
Fraction of effective frames:   0.7124 
Lagrange multipliers initialized from zero
Optimizing 73 data and 20100 samples. Theta=114.723050 
CHI2 before optimization:   5.0773 
Execution time: 0.20 seconds
Minimization using L-BFGS-B successful (iterations:17)
CHI2 after optimization:   3.8208 
Fraction of effective frames:   0.8355 
Lagrange multipliers initialized from zero
Optimizing 73 data and 20100 samples. Theta=170.633570 
CHI2 before optimization:   5.0773 
Execution time: 0.22 seconds
Minimization using L-BFGS-B successful (iterations:19)
CHI2 after optimization:   4.1548 
Fraction of effective frames:   0.9127 
Lagrange multipliers initialized from zero
Optimizing 73 data and 20100 samples. Theta=253.792201 
CHI2 before optimization:   5.0773 
Execution time: 0.20 seconds
Minimization using L-BFGS-B successful (iterations:19)
CHI2 after optimization:   4.4141 
Fraction of effective frames:   0.9559 
Lagrange multipliers initialized from zero
Optimizing 73 data and 20100 samples. Theta=377.478364 
CHI2 before optimization:   5.0773 
Execution time: 0.25 seconds
Minimization using L-BFGS-B successful (iterations:19)
CHI2 after optimization:   4.6083 
Fraction of effective frames:   0.9785 
Lagrange multipliers initialized from zero
Optimizing 73 data and 20100 samples. Theta=561.443241 
CHI2 before optimization:   5.0773 
Execution time: 0.20 seconds
Minimization using L-BFGS-B successful (iterations:18)
CHI2 after optimization:   4.7500 
Fraction of effective frames:   0.9897 
Lagrange multipliers initialized from zero
Optimizing 73 data and 20100 samples. Theta=835.063787 
CHI2 before optimization:   5.0773 
Execution time: 0.17 seconds
Minimization using L-BFGS-B successful (iterations:16)
CHI2 after optimization:   4.8514 
Fraction of effective frames:   0.9952 
Lagrange multipliers initialized from zero
Optimizing 73 data and 20100 samples. Theta=1242.033884 
CHI2 before optimization:   5.0773 
Execution time: 0.18 seconds
Minimization using L-BFGS-B successful (iterations:16)
CHI2 after optimization:   4.9225 
Fraction of effective frames:   0.9978 
Lagrange multipliers initialized from zero
Optimizing 73 data and 20100 samples. Theta=1847.341714 
CHI2 before optimization:   5.0773 
Execution time: 0.15 seconds
Minimization using L-BFGS-B successful (iterations:15)
CHI2 after optimization:   4.9718 
Fraction of effective frames:   0.9990 
Lagrange multipliers initialized from zero
Optimizing 73 data and 20100 samples. Theta=2747.647592 
CHI2 before optimization:   5.0773 
Execution time: 0.15 seconds
Minimization using L-BFGS-B successful (iterations:13)
CHI2 after optimization:   5.0058 
Fraction of effective frames:   0.9995 
Lagrange multipliers initialized from zero
Optimizing 73 data and 20100 samples. Theta=4086.719436 
CHI2 before optimization:   5.0773 
Execution time: 0.13 seconds
Minimization using L-BFGS-B successful (iterations:13)
CHI2 after optimization:   5.0289 
Fraction of effective frames:   0.9998 
Lagrange multipliers initialized from zero
Optimizing 73 data and 20100 samples. Theta=6078.390765 
CHI2 before optimization:   5.0773 
Execution time: 0.15 seconds
Minimization using L-BFGS-B successful (iterations:13)
CHI2 after optimization:   5.0446 
Fraction of effective frames:   0.9999 
Lagrange multipliers initialized from zero
Optimizing 73 data and 20100 samples. Theta=9040.707313 
CHI2 before optimization:   5.0773 
Execution time: 0.12 seconds
Minimization using L-BFGS-B successful (iterations:10)
CHI2 after optimization:   5.0554 
Fraction of effective frames:   1.0000 
Lagrange multipliers initialized from zero
Optimizing 73 data and 20100 samples. Theta=13446.715073 
CHI2 before optimization:   5.0773 
Execution time: 0.10 seconds
Minimization using L-BFGS-B successful (iterations:10)
CHI2 after optimization:   5.0625 
Fraction of effective frames:   1.0000 
Lagrange multipliers initialized from zero
Optimizing 73 data and 20100 samples. Theta=20000.000000 
CHI2 before optimization:   5.0773 
Execution time: 0.10 seconds
Minimization using L-BFGS-B successful (iterations:8)
CHI2 after optimization:   5.0675 
Fraction of effective frames:   1.0000 
